Allwmake /home/openfoam/applications/solvers/pamFoam
Making dependency list for source file pamFoam.C
g++ -std=c++11 -m64 -Dlinux64 -DWM_ARCH_OPTION=64 -DWM_DP -DWM_LABEL_SIZE=32 -Wall -Wextra -Wold-style-cast -Wnon-virtual-dtor -Wno-unused-parameter -Wno-invalid-offsetof -O3  -DNoRepository -ftemplate-depth-100 -I./processModels -I/opt/openfoam5/applications/solvers/multiphase/multiphaseEulerFoam -I/opt/openfoam5/applications/solvers/multiphase/multiphaseEulerFoam/multiphaseSystem/lnInclude -I/opt/openfoam5/applications/solvers/multiphase/multuphaseEulerFoam/multiphaseFixedFluxPressure -I/opt/openfoam5/applications/solvers/multiphase/multiphaseEulerFoam/interfacialModels/lnInclude -I/opt/openfoam5/src/transportModels -I/opt/openfoam5/src/transportModels/incompressible/lnInclude -I/opt/openfoam5/src/transportModels/interfaceProperties/lnInclude -I/opt/openfoam5/src/transportModels/incompressible/singlePhaseTransportModel -I/opt/openfoam5/src/TurbulenceModels/turbulenceModels/lnInclude -I/opt/openfoam5/src/TurbulenceModels/incompressible/lnInclude -I/opt/openfoam5/src/turbulenceModels/LES/LESdeltas/lnInclude -I/opt/openfoam5/src/finiteVolume/lnInclude -I/opt/openfoam5/src/meshTools/lnInclude -I/home/openfoam/src/photoBio/lnInclude -IlnInclude -I. -I/opt/openfoam5/src/OpenFOAM/lnInclude -I/opt/openfoam5/src/OSspecific/POSIX/lnInclude   -fPIC -c pamFoam.C -o Make/linux64GccDPInt32Opt/pamFoam.o
In file included from pamFoam.C:138:0:
./processModels/SACEqn.H: In function 'int main(int, char**)':
./processModels/SACEqn.H:9:5: error: no match for 'operator+' (operand type is 'const volScalarField {aka const Foam::GeometricField<double, Foam::fvPatchField, Foam::volMesh>}')
     + alphaLiquid*fSACXS*rhoHydrolysis
     ^
In file included from /opt/openfoam5/src/OpenFOAM/lnInclude/zero.H:101:0,
                 from /opt/openfoam5/src/OpenFOAM/lnInclude/UList.H:49,
                 from /opt/openfoam5/src/OpenFOAM/lnInclude/List.H:43,
                 from /opt/openfoam5/src/OpenFOAM/lnInclude/labelList.H:48,
                 from /opt/openfoam5/src/OpenFOAM/lnInclude/UPstream.H:42,
                 from /opt/openfoam5/src/OpenFOAM/lnInclude/Pstream.H:42,
                 from /opt/openfoam5/src/OpenFOAM/lnInclude/parRun.H:35,
                 from /opt/openfoam5/src/finiteVolume/lnInclude/fvCFD.H:4,
                 from pamFoam.C:36:
/opt/openfoam5/src/OpenFOAM/lnInclude/zeroI.H:35:13: note: candidate: Foam::zero Foam::operator+(const Foam::zero&, const Foam::zero&)
 inline zero operator+(const zero&, const zero&)
             ^
/opt/openfoam5/src/OpenFOAM/lnInclude/zeroI.H:35:13: note:   candidate expects 2 arguments, 1 provided
/opt/openfoam5/src/OpenFOAM/lnInclude/zeroI.H:41:20: note: candidate: template<class Type> const Type& Foam::operator+(const Type&, const Foam::zero&)
 inline const Type& operator+(const Type& t, const zero&)
                    ^
/opt/openfoam5/src/OpenFOAM/lnInclude/zeroI.H:41:20: note:   template argument deduction/substitution failed:
In file included from pamFoam.C:138:0:
./processModels/SACEqn.H:9:7: note:   candidate expects 2 arguments, 1 provided
     + alphaLiquid*fSACXS*rhoHydrolysis
       ^
In file included from /opt/openfoam5/src/OpenFOAM/lnInclude/zero.H:101:0,
                 from /opt/openfoam5/src/OpenFOAM/lnInclude/UList.H:49,
                 from /opt/openfoam5/src/OpenFOAM/lnInclude/List.H:43,
                 from /opt/openfoam5/src/OpenFOAM/lnInclude/labelList.H:48,
                 from /opt/openfoam5/src/OpenFOAM/lnInclude/UPstream.H:42,
                 from /opt/openfoam5/src/OpenFOAM/lnInclude/Pstream.H:42,
                 from /opt/openfoam5/src/OpenFOAM/lnInclude/parRun.H:35,
                 from /opt/openfoam5/src/finiteVolume/lnInclude/fvCFD.H:4,
                 from pamFoam.C:36:
/opt/openfoam5/src/OpenFOAM/lnInclude/zeroI.H:47:20: note: candidate: template<class Type> const Type& Foam::operator+(const Foam::zero&, const Type&)
 inline const Type& operator+(const zero&, const Type& t)
                    ^
/opt/openfoam5/src/OpenFOAM/lnInclude/zeroI.H:47:20: note:   template argument deduction/substitution failed:
In file included from pamFoam.C:138:0:
./processModels/SACEqn.H:9:7: note:   cannot convert 'alphaLiquid' (type 'const volScalarField {aka const Foam::GeometricField<double, Foam::fvPatchField, Foam::volMesh>}') to type 'const Foam::zero&'
     + alphaLiquid*fSACXS*rhoHydrolysis
       ^
In file included from /opt/openfoam5/src/OpenFOAM/lnInclude/UPtrList.H:393:0,
                 from /opt/openfoam5/src/OpenFOAM/lnInclude/PtrList.H:44,
                 from /opt/openfoam5/src/OpenFOAM/lnInclude/List.C:29,
                 from /opt/openfoam5/src/OpenFOAM/lnInclude/List.H:309,
                 from /opt/openfoam5/src/OpenFOAM/lnInclude/labelList.H:48,
                 from /opt/openfoam5/src/OpenFOAM/lnInclude/UPstream.H:42,
                 from /opt/openfoam5/src/OpenFOAM/lnInclude/Pstream.H:42,
                 from /opt/openfoam5/src/OpenFOAM/lnInclude/parRun.H:35,
                 from /opt/openfoam5/src/finiteVolume/lnInclude/fvCFD.H:4,
                 from pamFoam.C:36:
/opt/openfoam5/src/OpenFOAM/lnInclude/UPtrListI.H:217:1: note: candidate: template<class T> typename Foam::UPtrList<T>::iterator Foam::operator+(const typename Foam::UPtrList<T>::iterator&, Foam::label)
 Foam::operator+(const typename UPtrList<T>::iterator& iter, label n)
 ^
/opt/openfoam5/src/OpenFOAM/lnInclude/UPtrListI.H:217:1: note:   template argument deduction/substitution failed:
In file included from pamFoam.C:138:0:
./processModels/SACEqn.H:9:7: note:   candidate expects 2 arguments, 1 provided
     + alphaLiquid*fSACXS*rhoHydrolysis
       ^
In file included from /opt/openfoam5/src/OpenFOAM/lnInclude/UPtrList.H:393:0,
                 from /opt/openfoam5/src/OpenFOAM/lnInclude/PtrList.H:44,
                 from /opt/openfoam5/src/OpenFOAM/lnInclude/List.C:29,
                 from /opt/openfoam5/src/OpenFOAM/lnInclude/List.H:309,
                 from /opt/openfoam5/src/OpenFOAM/lnInclude/labelList.H:48,
                 from /opt/openfoam5/src/OpenFOAM/lnInclude/UPstream.H:42,
                 from /opt/openfoam5/src/OpenFOAM/lnInclude/Pstream.H:42,
                 from /opt/openfoam5/src/OpenFOAM/lnInclude/parRun.H:35,
                 from /opt/openfoam5/src/finiteVolume/lnInclude/fvCFD.H:4,
                 from pamFoam.C:36:
/opt/openfoam5/src/OpenFOAM/lnInclude/UPtrListI.H:225:1: note: candidate: template<class T> typename Foam::UPtrList<T>::iterator Foam::operator+(Foam::label, const typename Foam::UPtrList<T>::iterator&)
 Foam::operator+(label n, const typename UPtrList<T>::iterator& iter)
 ^
/opt/openfoam5/src/OpenFOAM/lnInclude/UPtrListI.H:225:1: note:   template argument deduction/substitution failed:
In file included from pamFoam.C:138:0:
./processModels/SACEqn.H:9:7: note:   cannot convert 'alphaLiquid' (type 'const volScalarField {aka const Foam::GeometricField<double, Foam::fvPatchField, Foam::volMesh>}') to type 'Foam::label {aka int}'
     + alphaLiquid*fSACXS*rhoHydrolysis
       ^
In file included from /opt/openfoam5/src/OpenFOAM/lnInclude/UPtrList.H:393:0,
                 from /opt/openfoam5/src/OpenFOAM/lnInclude/PtrList.H:44,
                 from /opt/openfoam5/src/OpenFOAM/lnInclude/List.C:29,
                 from /opt/openfoam5/src/OpenFOAM/lnInclude/List.H:309,
                 from /opt/openfoam5/src/OpenFOAM/lnInclude/labelList.H:48,
                 from /opt/openfoam5/src/OpenFOAM/lnInclude/UPstream.H:42,
                 from /opt/openfoam5/src/OpenFOAM/lnInclude/Pstream.H:42,
                 from /opt/openfoam5/src/OpenFOAM/lnInclude/parRun.H:35,
                 from /opt/openfoam5/src/finiteVolume/lnInclude/fvCFD.H:4,
                 from pamFoam.C:36:
/opt/openfoam5/src/OpenFOAM/lnInclude/UPtrListI.H:401:1: note: candidate: template<class T> typename Foam::UPtrList<T>::const_iterator Foam::operator+(const typename Foam::UPtrList<T>::const_iterator&, Foam::label)
 Foam::operator+(const typename UPtrList<T>::const_iterator& iter, label n)
 ^
/opt/openfoam5/src/OpenFOAM/lnInclude/UPtrListI.H:401:1: note:   template argument deduction/substitution failed:
In file included from pamFoam.C:138:0:
./processModels/SACEqn.H:9:7: note:   candidate expects 2 arguments, 1 provided
     + alphaLiquid*fSACXS*rhoHydrolysis
       ^
In file included from /opt/openfoam5/src/OpenFOAM/lnInclude/UPtrList.H:393:0,
                 from /opt/openfoam5/src/OpenFOAM/lnInclude/PtrList.H:44,
                 from /opt/openfoam5/src/OpenFOAM/lnInclude/List.C:29,
                 from /opt/openfoam5/src/OpenFOAM/lnInclude/List.H:309,
                 from /opt/openfoam5/src/OpenFOAM/lnInclude/labelList.H:48,
                 from /opt/openfoam5/src/OpenFOAM/lnInclude/UPstream.H:42,
                 from /opt/openfoam5/src/OpenFOAM/lnInclude/Pstream.H:42,
                 from /opt/openfoam5/src/OpenFOAM/lnInclude/parRun.H:35,
                 from /opt/openfoam5/src/finiteVolume/lnInclude/fvCFD.H:4,
                 from pamFoam.C:36:
/opt/openfoam5/src/OpenFOAM/lnInclude/UPtrListI.H:410:1: note: candidate: template<class T> typename Foam::UPtrList<T>::const_iterator Foam::operator+(Foam::label, const typename Foam::UPtrList<T>::const_iterator&)
 Foam::operator+(label n, const typename UPtrList<T>::const_iterator& iter)
 ^
/opt/openfoam5/src/OpenFOAM/lnInclude/UPtrListI.H:410:1: note:   template argument deduction/substitution failed:
In file included from pamFoam.C:138:0:
./processModels/SACEqn.H:9:7: note:   cannot convert 'alphaLiquid' (type 'const volScalarField {aka const Foam::GeometricField<double, Foam::fvPatchField, Foam::volMesh>}') to type 'Foam::label {aka int}'
     + alphaLiquid*fSACXS*rhoHydrolysis
       ^
In file included from /opt/openfoam5/src/OpenFOAM/lnInclude/baseIOdictionary.H:43:0,
                 from /opt/openfoam5/src/OpenFOAM/lnInclude/unwatchedIOdictionary.H:37,
                 from /opt/openfoam5/src/OpenFOAM/lnInclude/Time.H:43,
                 from /opt/openfoam5/src/finiteVolume/lnInclude/fvCFD.H:6,
                 from pamFoam.C:36:
/opt/openfoam5/src/OpenFOAM/lnInclude/dictionary.H:575:12: note: candidate: Foam::dictionary Foam::operator+(const Foam::dictionary&, const Foam::dictionary&)
 dictionary operator+(const dictionary& dict1, const dictionary& dict2);
            ^
/opt/openfoam5/src/OpenFOAM/lnInclude/dictionary.H:575:12: note:   candidate expects 2 arguments, 1 provided
In file included from /opt/openfoam5/src/OpenFOAM/lnInclude/VectorSpace.H:230:0,
                 from /opt/openfoam5/src/OpenFOAM/lnInclude/Field.H:46,
                 from /opt/openfoam5/src/OpenFOAM/lnInclude/scalarField.H:38,
                 from /opt/openfoam5/src/OpenFOAM/lnInclude/dimensionSet.H:46,
                 from /opt/openfoam5/src/OpenFOAM/lnInclude/dimensionedType.H:40,
                 from /opt/openfoam5/src/OpenFOAM/lnInclude/dimensionedScalar.H:38,
                 from /opt/openfoam5/src/OpenFOAM/lnInclude/TimeState.H:38,
                 from /opt/openfoam5/src/OpenFOAM/lnInclude/Time.H:47,
                 from /opt/openfoam5/src/finiteVolume/lnInclude/fvCFD.H:6,
                 from pamFoam.C:36:
/opt/openfoam5/src/OpenFOAM/lnInclude/VectorSpaceI.H:647:13: note: candidate: template<class Form, class Cmpt, unsigned char Ncmpts> Form Foam::operator+(const Foam::VectorSpace<Form, Cmpt, Ncmpts>&, const Foam::VectorSpace<Form, Cmpt, Ncmpts>&)
 inline Form operator+
             ^
/opt/openfoam5/src/OpenFOAM/lnInclude/VectorSpaceI.H:647:13: note:   template argument deduction/substitution failed:
In file included from pamFoam.C:138:0:
./processModels/SACEqn.H:9:7: note:   'const volScalarField {aka const Foam::GeometricField<double, Foam::fvPatchField, Foam::volMesh>}' is not derived from 'const Foam::VectorSpace<Form, Cmpt, Ncmpts>'
     + alphaLiquid*fSACXS*rhoHydrolysis
       ^
In file included from /opt/openfoam5/src/OpenFOAM/lnInclude/Field.C:877:0,
                 from /opt/openfoam5/src/OpenFOAM/lnInclude/Field.H:408,
                 from /opt/openfoam5/src/OpenFOAM/lnInclude/scalarField.H:38,
                 from /opt/openfoam5/src/OpenFOAM/lnInclude/dimensionSet.H:46,
                 from /opt/openfoam5/src/OpenFOAM/lnInclude/dimensionedType.H:40,
                 from /opt/openfoam5/src/OpenFOAM/lnInclude/dimensionedScalar.H:38,
                 from /opt/openfoam5/src/OpenFOAM/lnInclude/TimeState.H:38,
                 from /opt/openfoam5/src/OpenFOAM/lnInclude/Time.H:47,
                 from /opt/openfoam5/src/finiteVolume/lnInclude/fvCFD.H:6,
                 from pamFoam.C:36:
/opt/openfoam5/src/OpenFOAM/lnInclude/FieldFunctions.C:652:1: note: candidate: template<class Type1, class Type2> Foam::tmp<Foam::Field<typename Foam::typeOfSum<Type1, Type2>::type> > Foam::operator+(const Foam::UList<T>&, const Foam::UList<Key>&)
 operator Op(const UList<Type1>& f1, const UList<Type2>& f2)                    \
 ^
/opt/openfoam5/src/OpenFOAM/lnInclude/FieldFunctions.C:770:1: note: in expansion of macro 'PRODUCT_OPERATOR'
 PRODUCT_OPERATOR(typeOfSum, +, add)
 ^
/opt/openfoam5/src/OpenFOAM/lnInclude/FieldFunctions.C:652:1: note:   template argument deduction/substitution failed:
 operator Op(const UList<Type1>& f1, const UList<Type2>& f2)                    \
 ^
/opt/openfoam5/src/OpenFOAM/lnInclude/FieldFunctions.C:770:1: note: in expansion of macro 'PRODUCT_OPERATOR'
 PRODUCT_OPERATOR(typeOfSum, +, add)
 ^
In file included from pamFoam.C:138:0:
./processModels/SACEqn.H:9:7: note:   candidate expects 2 arguments, 1 provided
     + alphaLiquid*fSACXS*rhoHydrolysis
       ^
In file included from /opt/openfoam5/src/OpenFOAM/lnInclude/Field.C:877:0,
                 from /opt/openfoam5/src/OpenFOAM/lnInclude/Field.H:408,
                 from /opt/openfoam5/src/OpenFOAM/lnInclude/scalarField.H:38,
                 from /opt/openfoam5/src/OpenFOAM/lnInclude/dimensionSet.H:46,
                 from /opt/openfoam5/src/OpenFOAM/lnInclude/dimensionedType.H:40,
                 from /opt/openfoam5/src/OpenFOAM/lnInclude/dimensionedScalar.H:38,
                 from /opt/openfoam5/src/OpenFOAM/lnInclude/TimeState.H:38,
                 from /opt/openfoam5/src/OpenFOAM/lnInclude/Time.H:47,
                 from /opt/openfoam5/src/finiteVolume/lnInclude/fvCFD.H:6,
                 from pamFoam.C:36:
/opt/openfoam5/src/OpenFOAM/lnInclude/FieldFunctions.C:662:1: note: candidate: template<class Type1, class Type2> Foam::tmp<Foam::Field<typename Foam::typeOfSum<Type1, Type2>::type> > Foam::operator+(const Foam::UList<T>&, const Foam::tmp<Foam::Field<Type2> >&)
 operator Op(const UList<Type1>& f1, const tmp<Field<Type2>>& tf2)              \
 ^
/opt/openfoam5/src/OpenFOAM/lnInclude/FieldFunctions.C:770:1: note: in expansion of macro 'PRODUCT_OPERATOR'
 PRODUCT_OPERATOR(typeOfSum, +, add)
 ^
/opt/openfoam5/src/OpenFOAM/lnInclude/FieldFunctions.C:662:1: note:   template argument deduction/substitution failed:
 operator Op(const UList<Type1>& f1, const tmp<Field<Type2>>& tf2)              \
 ^
/opt/openfoam5/src/OpenFOAM/lnInclude/FieldFunctions.C:770:1: note: in expansion of macro 'PRODUCT_OPERATOR'
 PRODUCT_OPERATOR(typeOfSum, +, add)
 ^
In file included from pamFoam.C:138:0:
./processModels/SACEqn.H:9:7: note:   candidate expects 2 arguments, 1 provided
     + alphaLiquid*fSACXS*rhoHydrolysis
       ^
In file included from /opt/openfoam5/src/OpenFOAM/lnInclude/Field.C:877:0,
                 from /opt/openfoam5/src/OpenFOAM/lnInclude/Field.H:408,
                 from /opt/openfoam5/src/OpenFOAM/lnInclude/scalarField.H:38,
                 from /opt/openfoam5/src/OpenFOAM/lnInclude/dimensionSet.H:46,
                 from /opt/openfoam5/src/OpenFOAM/lnInclude/dimensionedType.H:40,
                 from /opt/openfoam5/src/OpenFOAM/lnInclude/dimensionedScalar.H:38,
                 from /opt/openfoam5/src/OpenFOAM/lnInclude/TimeState.H:38,
                 from /opt/openfoam5/src/OpenFOAM/lnInclude/Time.H:47,
                 from /opt/openfoam5/src/finiteVolume/lnInclude/fvCFD.H:6,
                 from pamFoam.C:36:
/opt/openfoam5/src/OpenFOAM/lnInclude/FieldFunctions.C:673:1: note: candidate: template<class Type1, class Type2> Foam::tmp<Foam::Field<typename Foam::typeOfSum<Type1, Type2>::type> > Foam::operator+(const Foam::tmp<Foam::Field<Type> >&, const Foam::UList<Key>&)
 operator Op(const tmp<Field<Type1>>& tf1, const UList<Type2>& f2)              \
 ^
/opt/openfoam5/src/OpenFOAM/lnInclude/FieldFunctions.C:770:1: note: in expansion of macro 'PRODUCT_OPERATOR'
 PRODUCT_OPERATOR(typeOfSum, +, add)
 ^
/opt/openfoam5/src/OpenFOAM/lnInclude/FieldFunctions.C:673:1: note:   template argument deduction/substitution failed:
 operator Op(const tmp<Field<Type1>>& tf1, const UList<Type2>& f2)              \
 ^
/opt/openfoam5/src/OpenFOAM/lnInclude/FieldFunctions.C:770:1: note: in expansion of macro 'PRODUCT_OPERATOR'
 PRODUCT_OPERATOR(typeOfSum, +, add)
 ^
In file included from pamFoam.C:138:0:
./processModels/SACEqn.H:9:7: note:   'const volScalarField {aka const Foam::GeometricField<double, Foam::fvPatchField, Foam::volMesh>}' is not derived from 'const Foam::tmp<Foam::Field<Type> >'
     + alphaLiquid*fSACXS*rhoHydrolysis
       ^
In file included from /opt/openfoam5/src/OpenFOAM/lnInclude/Field.C:877:0,
                 from /opt/openfoam5/src/OpenFOAM/lnInclude/Field.H:408,
                 from /opt/openfoam5/src/OpenFOAM/lnInclude/scalarField.H:38,
                 from /opt/openfoam5/src/OpenFOAM/lnInclude/dimensionSet.H:46,
                 from /opt/openfoam5/src/OpenFOAM/lnInclude/dimensionedType.H:40,
                 from /opt/openfoam5/src/OpenFOAM/lnInclude/dimensionedScalar.H:38,
                 from /opt/openfoam5/src/OpenFOAM/lnInclude/TimeState.H:38,
                 from /opt/openfoam5/src/OpenFOAM/lnInclude/Time.H:47,
                 from /opt/openfoam5/src/finiteVolume/lnInclude/fvCFD.H:6,
                 from pamFoam.C:36:
/opt/openfoam5/src/OpenFOAM/lnInclude/FieldFunctions.C:684:1: note: candidate: template<class Type1, class Type2> Foam::tmp<Foam::Field<typename Foam::typeOfSum<Type1, Type2>::type> > Foam::operator+(const Foam::tmp<Foam::Field<Type> >&, const Foam::tmp<Foam::Field<Type2> >&)
 operator Op(const tmp<Field<Type1>>& tf1, const tmp<Field<Type2>>& tf2)        \
 ^
/opt/openfoam5/src/OpenFOAM/lnInclude/FieldFunctions.C:770:1: note: in expansion of macro 'PRODUCT_OPERATOR'
 PRODUCT_OPERATOR(typeOfSum, +, add)
 ^
/opt/openfoam5/src/OpenFOAM/lnInclude/FieldFunctions.C:684:1: note:   template argument deduction/substitution failed:
 operator Op(const tmp<Field<Type1>>& tf1, const tmp<Field<Type2>>& tf2)        \
 ^
/opt/openfoam5/src/OpenFOAM/lnInclude/FieldFunctions.C:770:1: note: in expansion of macro 'PRODUCT_OPERATOR'
 PRODUCT_OPERATOR(typeOfSum, +, add)
 ^
In file included from pamFoam.C:138:0:
./processModels/SACEqn.H:9:7: note:   'const volScalarField {aka const Foam::GeometricField<double, Foam::fvPatchField, Foam::volMesh>}' is not derived from 'const Foam::tmp<Foam::Field<Type> >'
     + alphaLiquid*fSACXS*rhoHydrolysis
       ^
In file included from /opt/openfoam5/src/OpenFOAM/lnInclude/Field.C:877:0,
                 from /opt/openfoam5/src/OpenFOAM/lnInclude/Field.H:408,
                 from /opt/openfoam5/src/OpenFOAM/lnInclude/scalarField.H:38,
                 from /opt/openfoam5/src/OpenFOAM/lnInclude/dimensionSet.H:46,
                 from /opt/openfoam5/src/OpenFOAM/lnInclude/dimensionedType.H:40,
                 from /opt/openfoam5/src/OpenFOAM/lnInclude/dimensionedScalar.H:38,
                 from /opt/openfoam5/src/OpenFOAM/lnInclude/TimeState.H:38,
                 from /opt/openfoam5/src/OpenFOAM/lnInclude/Time.H:47,
                 from /opt/openfoam5/src/finiteVolume/lnInclude/fvCFD.H:6,
                 from pamFoam.C:36:
/opt/openfoam5/src/OpenFOAM/lnInclude/FieldFunctions.C:710:1: note: candidate: template<class Type, class Form, class Cmpt, unsigned char nCmpt> Foam::tmp<Foam::Field<typename Foam::typeOfSum<Type1, Type2>::type> > Foam::operator+(const Foam::UList<T>&, const Foam::VectorSpace<Form, Cmpt, nCmpt>&)
 operator Op(const UList<Type>& f1, const VectorSpace<Form,Cmpt,nCmpt>& vs)     \
 ^
/opt/openfoam5/src/OpenFOAM/lnInclude/FieldFunctions.C:770:1: note: in expansion of macro 'PRODUCT_OPERATOR'
 PRODUCT_OPERATOR(typeOfSum, +, add)
 ^
/opt/openfoam5/src/OpenFOAM/lnInclude/FieldFunctions.C:710:1: note:   template argument deduction/substitution failed:
 operator Op(const UList<Type>& f1, const VectorSpace<Form,Cmpt,nCmpt>& vs)     \
 ^
/opt/openfoam5/src/OpenFOAM/lnInclude/FieldFunctions.C:770:1: note: in expansion of macro 'PRODUCT_OPERATOR'
 PRODUCT_OPERATOR(typeOfSum, +, add)
 ^
In file included from pamFoam.C:138:0:
./processModels/SACEqn.H:9:7: note:   candidate expects 2 arguments, 1 provided
     + alphaLiquid*fSACXS*rhoHydrolysis
       ^
In file included from /opt/openfoam5/src/OpenFOAM/lnInclude/Field.C:877:0,
                 from /opt/openfoam5/src/OpenFOAM/lnInclude/Field.H:408,
                 from /opt/openfoam5/src/OpenFOAM/lnInclude/scalarField.H:38,
                 from /opt/openfoam5/src/OpenFOAM/lnInclude/dimensionSet.H:46,
                 from /opt/openfoam5/src/OpenFOAM/lnInclude/dimensionedType.H:40,
                 from /opt/openfoam5/src/OpenFOAM/lnInclude/dimensionedScalar.H:38,
                 from /opt/openfoam5/src/OpenFOAM/lnInclude/TimeState.H:38,
                 from /opt/openfoam5/src/OpenFOAM/lnInclude/Time.H:47,
                 from /opt/openfoam5/src/finiteVolume/lnInclude/fvCFD.H:6,
                 from pamFoam.C:36:
/opt/openfoam5/src/OpenFOAM/lnInclude/FieldFunctions.C:720:1: note: candidate: template<class Type, class Form, class Cmpt, unsigned char nCmpt> Foam::tmp<Foam::Field<typename Foam::typeOfSum<Type1, Type2>::type> > Foam::operator+(const Foam::tmp<Foam::Field<Type> >&, const Foam::VectorSpace<Form, Cmpt, nCmpt>&)
 operator Op                                                                    \
 ^
/opt/openfoam5/src/OpenFOAM/lnInclude/FieldFunctions.C:770:1: note: in expansion of macro 'PRODUCT_OPERATOR'
 PRODUCT_OPERATOR(typeOfSum, +, add)
 ^
/opt/openfoam5/src/OpenFOAM/lnInclude/FieldFunctions.C:720:1: note:   template argument deduction/substitution failed:
 operator Op                                                                    \
 ^
/opt/openfoam5/src/OpenFOAM/lnInclude/FieldFunctions.C:770:1: note: in expansion of macro 'PRODUCT_OPERATOR'
 PRODUCT_OPERATOR(typeOfSum, +, add)
 ^
In file included from pamFoam.C:138:0:
./processModels/SACEqn.H:9:7: note:   'const volScalarField {aka const Foam::GeometricField<double, Foam::fvPatchField, Foam::volMesh>}' is not derived from 'const Foam::tmp<Foam::Field<Type> >'
     + alphaLiquid*fSACXS*rhoHydrolysis
       ^
In file included from /opt/openfoam5/src/OpenFOAM/lnInclude/Field.C:877:0,
                 from /opt/openfoam5/src/OpenFOAM/lnInclude/Field.H:408,
                 from /opt/openfoam5/src/OpenFOAM/lnInclude/scalarField.H:38,
                 from /opt/openfoam5/src/OpenFOAM/lnInclude/dimensionSet.H:46,
                 from /opt/openfoam5/src/OpenFOAM/lnInclude/dimensionedType.H:40,
                 from /opt/openfoam5/src/OpenFOAM/lnInclude/dimensionedScalar.H:38,
                 from /opt/openfoam5/src/OpenFOAM/lnInclude/TimeState.H:38,
                 from /opt/openfoam5/src/OpenFOAM/lnInclude/Time.H:47,
                 from /opt/openfoam5/src/finiteVolume/lnInclude/fvCFD.H:6,
                 from pamFoam.C:36:
/opt/openfoam5/src/OpenFOAM/lnInclude/FieldFunctions.C:748:1: note: candidate: template<class Form, class Cmpt, unsigned char nCmpt, class Type> Foam::tmp<Foam::Field<typename Foam::typeOfSum<Form, Type>::type> > Foam::operator+(const Foam::VectorSpace<Form, Cmpt, Ncmpts>&, const Foam::UList<Type>&)
 operator Op(const VectorSpace<Form,Cmpt,nCmpt>& vs, const UList<Type>& f1)     \
 ^
/opt/openfoam5/src/OpenFOAM/lnInclude/FieldFunctions.C:770:1: note: in expansion of macro 'PRODUCT_OPERATOR'
 PRODUCT_OPERATOR(typeOfSum, +, add)
 ^
/opt/openfoam5/src/OpenFOAM/lnInclude/FieldFunctions.C:748:1: note:   template argument deduction/substitution failed:
 operator Op(const VectorSpace<Form,Cmpt,nCmpt>& vs, const UList<Type>& f1)     \
 ^
/opt/openfoam5/src/OpenFOAM/lnInclude/FieldFunctions.C:770:1: note: in expansion of macro 'PRODUCT_OPERATOR'
 PRODUCT_OPERATOR(typeOfSum, +, add)
 ^
In file included from pamFoam.C:138:0:
./processModels/SACEqn.H:9:7: note:   'const volScalarField {aka const Foam::GeometricField<double, Foam::fvPatchField, Foam::volMesh>}' is not derived from 'const Foam::VectorSpace<Form, Cmpt, Ncmpts>'
     + alphaLiquid*fSACXS*rhoHydrolysis
       ^
In file included from /opt/openfoam5/src/OpenFOAM/lnInclude/Field.C:877:0,
                 from /opt/openfoam5/src/OpenFOAM/lnInclude/Field.H:408,
                 from /opt/openfoam5/src/OpenFOAM/lnInclude/scalarField.H:38,
                 from /opt/openfoam5/src/OpenFOAM/lnInclude/dimensionSet.H:46,
                 from /opt/openfoam5/src/OpenFOAM/lnInclude/dimensionedType.H:40,
                 from /opt/openfoam5/src/OpenFOAM/lnInclude/dimensionedScalar.H:38,
                 from /opt/openfoam5/src/OpenFOAM/lnInclude/TimeState.H:38,
                 from /opt/openfoam5/src/OpenFOAM/lnInclude/Time.H:47,
                 from /opt/openfoam5/src/finiteVolume/lnInclude/fvCFD.H:6,
                 from pamFoam.C:36:
/opt/openfoam5/src/OpenFOAM/lnInclude/FieldFunctions.C:758:1: note: candidate: template<class Form, class Cmpt, unsigned char nCmpt, class Type> Foam::tmp<Foam::Field<typename Foam::typeOfSum<Form, Type>::type> > Foam::operator+(const Foam::VectorSpace<Form, Cmpt, Ncmpts>&, const Foam::tmp<Foam::Field<Type> >&)
 operator Op                                                                    \
 ^
/opt/openfoam5/src/OpenFOAM/lnInclude/FieldFunctions.C:770:1: note: in expansion of macro 'PRODUCT_OPERATOR'
 PRODUCT_OPERATOR(typeOfSum, +, add)
 ^
/opt/openfoam5/src/OpenFOAM/lnInclude/FieldFunctions.C:758:1: note:   template argument deduction/substitution failed:
 operator Op                                                                    \
 ^
/opt/openfoam5/src/OpenFOAM/lnInclude/FieldFunctions.C:770:1: note: in expansion of macro 'PRODUCT_OPERATOR'
 PRODUCT_OPERATOR(typeOfSum, +, add)
 ^
In file included from pamFoam.C:138:0:
./processModels/SACEqn.H:9:7: note:   'const volScalarField {aka const Foam::GeometricField<double, Foam::fvPatchField, Foam::volMesh>}' is not derived from 'const Foam::VectorSpace<Form, Cmpt, Ncmpts>'
     + alphaLiquid*fSACXS*rhoHydrolysis
       ^
In file included from /opt/openfoam5/src/OpenFOAM/lnInclude/Tensor.H:231:0,
                 from /opt/openfoam5/src/OpenFOAM/lnInclude/SymmTensorI.H:27,
                 from /opt/openfoam5/src/OpenFOAM/lnInclude/SymmTensor.H:155,
                 from /opt/openfoam5/src/OpenFOAM/lnInclude/symmTensor.H:38,
                 from /opt/openfoam5/src/OpenFOAM/lnInclude/fieldTypes.H:37,
                 from /opt/openfoam5/src/OpenFOAM/lnInclude/flipOp.H:40,
                 from /opt/openfoam5/src/OpenFOAM/lnInclude/mapDistributeBaseTemplates.C:29,
                 from /opt/openfoam5/src/OpenFOAM/lnInclude/mapDistributeBase.H:489,
                 from /opt/openfoam5/src/OpenFOAM/lnInclude/FieldMapper.H:35,
                 from /opt/openfoam5/src/OpenFOAM/lnInclude/Field.C:26,
                 from /opt/openfoam5/src/OpenFOAM/lnInclude/Field.H:408,
                 from /opt/openfoam5/src/OpenFOAM/lnInclude/scalarField.H:38,
                 from /opt/openfoam5/src/OpenFOAM/lnInclude/dimensionSet.H:46,
                 from /opt/openfoam5/src/OpenFOAM/lnInclude/dimensionedType.H:40,
                 from /opt/openfoam5/src/OpenFOAM/lnInclude/dimensionedScalar.H:38,
                 from /opt/openfoam5/src/OpenFOAM/lnInclude/TimeState.H:38,
                 from /opt/openfoam5/src/OpenFOAM/lnInclude/Time.H:47,
                 from /opt/openfoam5/src/finiteVolume/lnInclude/fvCFD.H:6,
                 from pamFoam.C:36:
/opt/openfoam5/src/OpenFOAM/lnInclude/TensorI.H:680:1: note: candidate: template<class Cmpt> Foam::Tensor<Cmpt> Foam::operator+(const Foam::SphericalTensor<Cmpt>&, const Foam::Tensor<Cmpt>&)
 operator+(const SphericalTensor<Cmpt>& st1, const Tensor<Cmpt>& t2)
 ^
/opt/openfoam5/src/OpenFOAM/lnInclude/TensorI.H:680:1: note:   template argument deduction/substitution failed:
In file included from pamFoam.C:138:0:
./processModels/SACEqn.H:9:7: note:   'const volScalarField {aka const Foam::GeometricField<double, Foam::fvPatchField, Foam::volMesh>}' is not derived from 'const Foam::SphericalTensor<Cmpt>'
     + alphaLiquid*fSACXS*rhoHydrolysis
       ^
In file included from /opt/openfoam5/src/OpenFOAM/lnInclude/Tensor.H:231:0,
                 from /opt/openfoam5/src/OpenFOAM/lnInclude/SymmTensorI.H:27,
                 from /opt/openfoam5/src/OpenFOAM/lnInclude/SymmTensor.H:155,
                 from /opt/openfoam5/src/OpenFOAM/lnInclude/symmTensor.H:38,
                 from /opt/openfoam5/src/OpenFOAM/lnInclude/fieldTypes.H:37,
                 from /opt/openfoam5/src/OpenFOAM/lnInclude/flipOp.H:40,
                 from /opt/openfoam5/src/OpenFOAM/lnInclude/mapDistributeBaseTemplates.C:29,
                 from /opt/openfoam5/src/OpenFOAM/lnInclude/mapDistributeBase.H:489,
                 from /opt/openfoam5/src/OpenFOAM/lnInclude/FieldMapper.H:35,
                 from /opt/openfoam5/src/OpenFOAM/lnInclude/Field.C:26,
                 from /opt/openfoam5/src/OpenFOAM/lnInclude/Field.H:408,
                 from /opt/openfoam5/src/OpenFOAM/lnInclude/scalarField.H:38,
                 from /opt/openfoam5/src/OpenFOAM/lnInclude/dimensionSet.H:46,
                 from /opt/openfoam5/src/OpenFOAM/lnInclude/dimensionedType.H:40,
                 from /opt/openfoam5/src/OpenFOAM/lnInclude/dimensionedScalar.H:38,
                 from /opt/openfoam5/src/OpenFOAM/lnInclude/TimeState.H:38,
                 from /opt/openfoam5/src/OpenFOAM/lnInclude/Time.H:47,
                 from /opt/openfoam5/src/finiteVolume/lnInclude/fvCFD.H:6,
                 from pamFoam.C:36:
/opt/openfoam5/src/OpenFOAM/lnInclude/TensorI.H:693:1: note: candidate: template<class Cmpt> Foam::Tensor<Cmpt> Foam::operator+(const Foam::Tensor<Cmpt>&, const Foam::SphericalTensor<Cmpt>&)
 operator+(const Tensor<Cmpt>& t1, const SphericalTensor<Cmpt>& st2)
 ^
/opt/openfoam5/src/OpenFOAM/lnInclude/TensorI.H:693:1: note:   template argument deduction/substitution failed:
In file included from pamFoam.C:138:0:
./processModels/SACEqn.H:9:7: note:   'const volScalarField {aka const Foam::GeometricField<double, Foam::fvPatchField, Foam::volMesh>}' is not derived from 'const Foam::Tensor<Cmpt>'
     + alphaLiquid*fSACXS*rhoHydrolysis
       ^
In file included from /opt/openfoam5/src/OpenFOAM/lnInclude/Tensor.H:231:0,
                 from /opt/openfoam5/src/OpenFOAM/lnInclude/SymmTensorI.H:27,
                 from /opt/openfoam5/src/OpenFOAM/lnInclude/SymmTensor.H:155,
                 from /opt/openfoam5/src/OpenFOAM/lnInclude/symmTensor.H:38,
                 from /opt/openfoam5/src/OpenFOAM/lnInclude/fieldTypes.H:37,
                 from /opt/openfoam5/src/OpenFOAM/lnInclude/flipOp.H:40,
                 from /opt/openfoam5/src/OpenFOAM/lnInclude/mapDistributeBaseTemplates.C:29,
                 from /opt/openfoam5/src/OpenFOAM/lnInclude/mapDistributeBase.H:489,
                 from /opt/openfoam5/src/OpenFOAM/lnInclude/FieldMapper.H:35,
                 from /opt/openfoam5/src/OpenFOAM/lnInclude/Field.C:26,
                 from /opt/openfoam5/src/OpenFOAM/lnInclude/Field.H:408,
                 from /opt/openfoam5/src/OpenFOAM/lnInclude/scalarField.H:38,
                 from /opt/openfoam5/src/OpenFOAM/lnInclude/dimensionSet.H:46,
                 from /opt/openfoam5/src/OpenFOAM/lnInclude/dimensionedType.H:40,
                 from /opt/openfoam5/src/OpenFOAM/lnInclude/dimensionedScalar.H:38,
                 from /opt/openfoam5/src/OpenFOAM/lnInclude/TimeState.H:38,
                 from /opt/openfoam5/src/OpenFOAM/lnInclude/Time.H:47,
                 from /opt/openfoam5/src/finiteVolume/lnInclude/fvCFD.H:6,
                 from pamFoam.C:36:
/opt/openfoam5/src/OpenFOAM/lnInclude/TensorI.H:816:1: note: candidate: template<class Cmpt> Foam::Tensor<Cmpt> Foam::operator+(const Foam::SymmTensor<Cmpt>&, const Foam::Tensor<Cmpt>&)
 operator+(const SymmTensor<Cmpt>& st1, const Tensor<Cmpt>& t2)
 ^
/opt/openfoam5/src/OpenFOAM/lnInclude/TensorI.H:816:1: note:   template argument deduction/substitution failed:
In file included from pamFoam.C:138:0:
./processModels/SACEqn.H:9:7: note:   'const volScalarField {aka const Foam::GeometricField<double, Foam::fvPatchField, Foam::volMesh>}' is not derived from 'const Foam::SymmTensor<Cmpt>'
     + alphaLiquid*fSACXS*rhoHydrolysis
       ^
In file included from /opt/openfoam5/src/OpenFOAM/lnInclude/Tensor.H:231:0,
                 from /opt/openfoam5/src/OpenFOAM/lnInclude/SymmTensorI.H:27,
                 from /opt/openfoam5/src/OpenFOAM/lnInclude/SymmTensor.H:155,
                 from /opt/openfoam5/src/OpenFOAM/lnInclude/symmTensor.H:38,
                 from /opt/openfoam5/src/OpenFOAM/lnInclude/fieldTypes.H:37,
                 from /opt/openfoam5/src/OpenFOAM/lnInclude/flipOp.H:40,
                 from /opt/openfoam5/src/OpenFOAM/lnInclude/mapDistributeBaseTemplates.C:29,
                 from /opt/openfoam5/src/OpenFOAM/lnInclude/mapDistributeBase.H:489,
                 from /opt/openfoam5/src/OpenFOAM/lnInclude/FieldMapper.H:35,
                 from /opt/openfoam5/src/OpenFOAM/lnInclude/Field.C:26,
                 from /opt/openfoam5/src/OpenFOAM/lnInclude/Field.H:408,
                 from /opt/openfoam5/src/OpenFOAM/lnInclude/scalarField.H:38,
                 from /opt/openfoam5/src/OpenFOAM/lnInclude/dimensionSet.H:46,
                 from /opt/openfoam5/src/OpenFOAM/lnInclude/dimensionedType.H:40,
                 from /opt/openfoam5/src/OpenFOAM/lnInclude/dimensionedScalar.H:38,
                 from /opt/openfoam5/src/OpenFOAM/lnInclude/TimeState.H:38,
                 from /opt/openfoam5/src/OpenFOAM/lnInclude/Time.H:47,
                 from /opt/openfoam5/src/finiteVolume/lnInclude/fvCFD.H:6,
                 from pamFoam.C:36:
/opt/openfoam5/src/OpenFOAM/lnInclude/TensorI.H:829:1: note: candidate: template<class Cmpt> Foam::Tensor<Cmpt> Foam::operator+(const Foam::Tensor<Cmpt>&, const Foam::SymmTensor<Cmpt>&)
 operator+(const Tensor<Cmpt>& t1, const SymmTensor<Cmpt>& st2)
 ^
/opt/openfoam5/src/OpenFOAM/lnInclude/TensorI.H:829:1: note:   template argument deduction/substitution failed:
In file included from pamFoam.C:138:0:
./processModels/SACEqn.H:9:7: note:   'const volScalarField {aka const Foam::GeometricField<double, Foam::fvPatchField, Foam::volMesh>}' is not derived from 'const Foam::Tensor<Cmpt>'
     + alphaLiquid*fSACXS*rhoHydrolysis
       ^
In file included from /opt/openfoam5/src/OpenFOAM/lnInclude/SymmTensor.H:155:0,
                 from /opt/openfoam5/src/OpenFOAM/lnInclude/symmTensor.H:38,
                 from /opt/openfoam5/src/OpenFOAM/lnInclude/fieldTypes.H:37,
                 from /opt/openfoam5/src/OpenFOAM/lnInclude/flipOp.H:40,
                 from /opt/openfoam5/src/OpenFOAM/lnInclude/mapDistributeBaseTemplates.C:29,
                 from /opt/openfoam5/src/OpenFOAM/lnInclude/mapDistributeBase.H:489,
                 from /opt/openfoam5/src/OpenFOAM/lnInclude/FieldMapper.H:35,
                 from /opt/openfoam5/src/OpenFOAM/lnInclude/Field.C:26,
                 from /opt/openfoam5/src/OpenFOAM/lnInclude/Field.H:408,
                 from /opt/openfoam5/src/OpenFOAM/lnInclude/scalarField.H:38,
                 from /opt/openfoam5/src/OpenFOAM/lnInclude/dimensionSet.H:46,
                 from /opt/openfoam5/src/OpenFOAM/lnInclude/dimensionedType.H:40,
                 from /opt/openfoam5/src/OpenFOAM/lnInclude/dimensionedScalar.H:38,
                 from /opt/openfoam5/src/OpenFOAM/lnInclude/TimeState.H:38,
                 from /opt/openfoam5/src/OpenFOAM/lnInclude/Time.H:47,
                 from /opt/openfoam5/src/finiteVolume/lnInclude/fvCFD.H:6,
                 from pamFoam.C:36:
/opt/openfoam5/src/OpenFOAM/lnInclude/SymmTensorI.H:423:1: note: candidate: template<class Cmpt> Foam::SymmTensor<Cmpt> Foam::operator+(const Foam::SphericalTensor<Cmpt>&, const Foam::SymmTensor<Cmpt>&)
 operator+(const SphericalTensor<Cmpt>& spt1, const SymmTensor<Cmpt>& st2)
 ^
/opt/openfoam5/src/OpenFOAM/lnInclude/SymmTensorI.H:423:1: note:   template argument deduction/substitution failed:
In file included from pamFoam.C:138:0:
./processModels/SACEqn.H:9:7: note:   'const volScalarField {aka const Foam::GeometricField<double, Foam::fvPatchField, Foam::volMesh>}' is not derived from 'const Foam::SphericalTensor<Cmpt>'
     + alphaLiquid*fSACXS*rhoHydrolysis
       ^
In file included from /opt/openfoam5/src/OpenFOAM/lnInclude/SymmTensor.H:155:0,
                 from /opt/openfoam5/src/OpenFOAM/lnInclude/symmTensor.H:38,
                 from /opt/openfoam5/src/OpenFOAM/lnInclude/fieldTypes.H:37,
                 from /opt/openfoam5/src/OpenFOAM/lnInclude/flipOp.H:40,
                 from /opt/openfoam5/src/OpenFOAM/lnInclude/mapDistributeBaseTemplates.C:29,
                 from /opt/openfoam5/src/OpenFOAM/lnInclude/mapDistributeBase.H:489,
                 from /opt/openfoam5/src/OpenFOAM/lnInclude/FieldMapper.H:35,
                 from /opt/openfoam5/src/OpenFOAM/lnInclude/Field.C:26,
                 from /opt/openfoam5/src/OpenFOAM/lnInclude/Field.H:408,
                 from /opt/openfoam5/src/OpenFOAM/lnInclude/scalarField.H:38,
                 from /opt/openfoam5/src/OpenFOAM/lnInclude/dimensionSet.H:46,
                 from /opt/openfoam5/src/OpenFOAM/lnInclude/dimensionedType.H:40,
                 from /opt/openfoam5/src/OpenFOAM/lnInclude/dimensionedScalar.H:38,
                 from /opt/openfoam5/src/OpenFOAM/lnInclude/TimeState.H:38,
                 from /opt/openfoam5/src/OpenFOAM/lnInclude/Time.H:47,
                 from /opt/openfoam5/src/finiteVolume/lnInclude/fvCFD.H:6,
                 from pamFoam.C:36:
/opt/openfoam5/src/OpenFOAM/lnInclude/SymmTensorI.H:436:1: note: candidate: template<class Cmpt> Foam::SymmTensor<Cmpt> Foam::operator+(const Foam::SymmTensor<Cmpt>&, const Foam::SphericalTensor<Cmpt>&)
 operator+(const SymmTensor<Cmpt>& st1, const SphericalTensor<Cmpt>& spt2)
 ^
/opt/openfoam5/src/OpenFOAM/lnInclude/SymmTensorI.H:436:1: note:   template argument deduction/substitution failed:
In file included from pamFoam.C:138:0:
./processModels/SACEqn.H:9:7: note:   'const volScalarField {aka const Foam::GeometricField<double, Foam::fvPatchField, Foam::volMesh>}' is not derived from 'const Foam::SymmTensor<Cmpt>'
     + alphaLiquid*fSACXS*rhoHydrolysis
       ^
In file included from /opt/openfoam5/src/OpenFOAM/lnInclude/scalarField.H:42:0,
                 from /opt/openfoam5/src/OpenFOAM/lnInclude/dimensionSet.H:46,
                 from /opt/openfoam5/src/OpenFOAM/lnInclude/dimensionedType.H:40,
                 from /opt/openfoam5/src/OpenFOAM/lnInclude/dimensionedScalar.H:38,
                 from /opt/openfoam5/src/OpenFOAM/lnInclude/TimeState.H:38,
                 from /opt/openfoam5/src/OpenFOAM/lnInclude/Time.H:47,
                 from /opt/openfoam5/src/finiteVolume/lnInclude/fvCFD.H:6,
                 from pamFoam.C:36:
/opt/openfoam5/src/OpenFOAM/lnInclude/FieldFunctionsM.H:207:24: note: candidate: Foam::tmp<Foam::Field<double> > Foam::operator+(const scalar&, const Foam::UList<double>&)
 tmp<Field<ReturnType>> operator Op                                             \
                        ^
/opt/openfoam5/src/OpenFOAM/lnInclude/FieldFunctionsM.H:247:5: note: in expansion of macro 'BINARY_TYPE_OPERATOR_SF'
     BINARY_TYPE_OPERATOR_SF(ReturnType, Type1, Type2, Op, OpFunc)              \
     ^
/opt/openfoam5/src/OpenFOAM/lnInclude/scalarField.H:83:1: note: in expansion of macro 'BINARY_TYPE_OPERATOR'
 BINARY_TYPE_OPERATOR(scalar, scalar, scalar, +, add)
 ^
/opt/openfoam5/src/OpenFOAM/lnInclude/FieldFunctionsM.H:207:24: note:   candidate expects 2 arguments, 1 provided
 tmp<Field<ReturnType>> operator Op                                             \
                        ^
/opt/openfoam5/src/OpenFOAM/lnInclude/FieldFunctionsM.H:247:5: note: in expansion of macro 'BINARY_TYPE_OPERATOR_SF'
     BINARY_TYPE_OPERATOR_SF(ReturnType, Type1, Type2, Op, OpFunc)              \
     ^
/opt/openfoam5/src/OpenFOAM/lnInclude/scalarField.H:83:1: note: in expansion of macro 'BINARY_TYPE_OPERATOR'
 BINARY_TYPE_OPERATOR(scalar, scalar, scalar, +, add)
 ^
/opt/openfoam5/src/OpenFOAM/lnInclude/FieldFunctionsM.H:214:24: note: candidate: Foam::tmp<Foam::Field<double> > Foam::operator+(const scalar&, const Foam::tmp<Foam::Field<double> >&)
 tmp<Field<ReturnType>> operator Op                                             \
                        ^
/opt/openfoam5/src/OpenFOAM/lnInclude/FieldFunctionsM.H:247:5: note: in expansion of macro 'BINARY_TYPE_OPERATOR_SF'
     BINARY_TYPE_OPERATOR_SF(ReturnType, Type1, Type2, Op, OpFunc)              \
     ^
/opt/openfoam5/src/OpenFOAM/lnInclude/scalarField.H:83:1: note: in expansion of macro 'BINARY_TYPE_OPERATOR'
 BINARY_TYPE_OPERATOR(scalar, scalar, scalar, +, add)
 ^
/opt/openfoam5/src/OpenFOAM/lnInclude/FieldFunctionsM.H:214:24: note:   candidate expects 2 arguments, 1 provided
 tmp<Field<ReturnType>> operator Op                                             \
                        ^
/opt/openfoam5/src/OpenFOAM/lnInclude/FieldFunctionsM.H:247:5: note: in expansion of macro 'BINARY_TYPE_OPERATOR_SF'
     BINARY_TYPE_OPERATOR_SF(ReturnType, Type1, Type2, Op, OpFunc)              \
     ^
/opt/openfoam5/src/OpenFOAM/lnInclude/scalarField.H:83:1: note: in expansion of macro 'BINARY_TYPE_OPERATOR'
 BINARY_TYPE_OPERATOR(scalar, scalar, scalar, +, add)
 ^
/opt/openfoam5/src/OpenFOAM/lnInclude/FieldFunctionsM.H:232:24: note: candidate: Foam::tmp<Foam::Field<double> > Foam::operator+(const Foam::UList<double>&, const scalar&)
 tmp<Field<ReturnType>> operator Op                                             \
                        ^
/opt/openfoam5/src/OpenFOAM/lnInclude/FieldFunctionsM.H:248:5: note: in expansion of macro 'BINARY_TYPE_OPERATOR_FS'
     BINARY_TYPE_OPERATOR_FS(ReturnType, Type1, Type2, Op, OpFunc)
     ^
/opt/openfoam5/src/OpenFOAM/lnInclude/scalarField.H:83:1: note: in expansion of macro 'BINARY_TYPE_OPERATOR'
 BINARY_TYPE_OPERATOR(scalar, scalar, scalar, +, add)
 ^
/opt/openfoam5/src/OpenFOAM/lnInclude/FieldFunctionsM.H:232:24: note:   candidate expects 2 arguments, 1 provided
 tmp<Field<ReturnType>> operator Op                                             \
                        ^
/opt/openfoam5/src/OpenFOAM/lnInclude/FieldFunctionsM.H:248:5: note: in expansion of macro 'BINARY_TYPE_OPERATOR_FS'
     BINARY_TYPE_OPERATOR_FS(ReturnType, Type1, Type2, Op, OpFunc)
     ^
/opt/openfoam5/src/OpenFOAM/lnInclude/scalarField.H:83:1: note: in expansion of macro 'BINARY_TYPE_OPERATOR'
 BINARY_TYPE_OPERATOR(scalar, scalar, scalar, +, add)
 ^
/opt/openfoam5/src/OpenFOAM/lnInclude/FieldFunctionsM.H:239:24: note: candidate: Foam::tmp<Foam::Field<double> > Foam::operator+(const Foam::tmp<Foam::Field<double> >&, const scalar&)
 tmp<Field<ReturnType>> operator Op                                             \
                        ^
/opt/openfoam5/src/OpenFOAM/lnInclude/FieldFunctionsM.H:248:5: note: in expansion of macro 'BINARY_TYPE_OPERATOR_FS'
     BINARY_TYPE_OPERATOR_FS(ReturnType, Type1, Type2, Op, OpFunc)
     ^
/opt/openfoam5/src/OpenFOAM/lnInclude/scalarField.H:83:1: note: in expansion of macro 'BINARY_TYPE_OPERATOR'
 BINARY_TYPE_OPERATOR(scalar, scalar, scalar, +, add)
 ^
/opt/openfoam5/src/OpenFOAM/lnInclude/FieldFunctionsM.H:239:24: note:   candidate expects 2 arguments, 1 provided
 tmp<Field<ReturnType>> operator Op                                             \
                        ^
/opt/openfoam5/src/OpenFOAM/lnInclude/FieldFunctionsM.H:248:5: note: in expansion of macro 'BINARY_TYPE_OPERATOR_FS'
     BINARY_TYPE_OPERATOR_FS(ReturnType, Type1, Type2, Op, OpFunc)
     ^
/opt/openfoam5/src/OpenFOAM/lnInclude/scalarField.H:83:1: note: in expansion of macro 'BINARY_TYPE_OPERATOR'
 BINARY_TYPE_OPERATOR(scalar, scalar, scalar, +, add)
 ^
In file included from /opt/openfoam5/src/OpenFOAM/lnInclude/dimensionedType.H:40:0,
                 from /opt/openfoam5/src/OpenFOAM/lnInclude/dimensionedScalar.H:38,
                 from /opt/openfoam5/src/OpenFOAM/lnInclude/TimeState.H:38,
                 from /opt/openfoam5/src/OpenFOAM/lnInclude/Time.H:47,
                 from /opt/openfoam5/src/finiteVolume/lnInclude/fvCFD.H:6,
                 from pamFoam.C:36:
/opt/openfoam5/src/OpenFOAM/lnInclude/dimensionSet.H:383:29: note: candidate: Foam::dimensionSet Foam::operator+(const Foam::dimensionSet&, const Foam::dimensionSet&)
         friend dimensionSet operator+
                             ^
/opt/openfoam5/src/OpenFOAM/lnInclude/dimensionSet.H:383:29: note:   candidate expects 2 arguments, 1 provided
In file included from /opt/openfoam5/src/OpenFOAM/lnInclude/Matrix.H:383:0,
                 from /opt/openfoam5/src/OpenFOAM/lnInclude/RectangularMatrix.H:41,
                 from /opt/openfoam5/src/OpenFOAM/lnInclude/scalarMatrices.H:43,
                 from /opt/openfoam5/src/OpenFOAM/lnInclude/dimensionSets.H:39,
                 from /opt/openfoam5/src/OpenFOAM/lnInclude/dimensionSet.H:439,
                 from /opt/openfoam5/src/OpenFOAM/lnInclude/dimensionedType.H:40,
                 from /opt/openfoam5/src/OpenFOAM/lnInclude/dimensionedScalar.H:38,
                 from /opt/openfoam5/src/OpenFOAM/lnInclude/TimeState.H:38,
                 from /opt/openfoam5/src/OpenFOAM/lnInclude/Time.H:47,
                 from /opt/openfoam5/src/finiteVolume/lnInclude/fvCFD.H:6,
                 from pamFoam.C:36:
/opt/openfoam5/src/OpenFOAM/lnInclude/Matrix.C:464:6: note: candidate: template<class Form, class Type> Form Foam::operator+(const Foam::Matrix<Form, Type>&, const Foam::Matrix<Form, Type>&)
 Form Foam::operator+(const Matrix<Form, Type>& A, const Matrix<Form, Type>& B)
      ^
/opt/openfoam5/src/OpenFOAM/lnInclude/Matrix.C:464:6: note:   template argument deduction/substitution failed:
In file included from pamFoam.C:138:0:
./processModels/SACEqn.H:9:7: note:   'const volScalarField {aka const Foam::GeometricField<double, Foam::fvPatchField, Foam::volMesh>}' is not derived from 'const Foam::Matrix<Form, Type>'
     + alphaLiquid*fSACXS*rhoHydrolysis
       ^
In file included from /opt/openfoam5/src/OpenFOAM/lnInclude/dimensionedType.H:340:0,
                 from /opt/openfoam5/src/OpenFOAM/lnInclude/dimensionedScalar.H:38,
                 from /opt/openfoam5/src/OpenFOAM/lnInclude/TimeState.H:38,
                 from /opt/openfoam5/src/OpenFOAM/lnInclude/Time.H:47,
                 from /opt/openfoam5/src/finiteVolume/lnInclude/fvCFD.H:6,
                 from pamFoam.C:36:
/opt/openfoam5/src/OpenFOAM/lnInclude/dimensionedType.C:657:25: note: candidate: template<class Type> Foam::dimensioned<Type> Foam::operator+(const Foam::dimensioned<Type>&, const Foam::dimensioned<Type>&)
 Foam::dimensioned<Type> Foam::operator+
                         ^
/opt/openfoam5/src/OpenFOAM/lnInclude/dimensionedType.C:657:25: note:   template argument deduction/substitution failed:
In file included from pamFoam.C:138:0:
./processModels/SACEqn.H:9:7: note:   'const volScalarField {aka const Foam::GeometricField<double, Foam::fvPatchField, Foam::volMesh>}' is not derived from 'const Foam::dimensioned<Type>'
     + alphaLiquid*fSACXS*rhoHydrolysis
       ^
In file included from /opt/openfoam5/src/OpenFOAM/lnInclude/TimeState.H:38:0,
                 from /opt/openfoam5/src/OpenFOAM/lnInclude/Time.H:47,
                 from /opt/openfoam5/src/finiteVolume/lnInclude/fvCFD.H:6,
                 from pamFoam.C:36:
/opt/openfoam5/src/OpenFOAM/lnInclude/dimensionedScalar.H:49:19: note: candidate: Foam::dimensionedScalar Foam::operator+(const dimensionedScalar&, Foam::scalar)
 dimensionedScalar operator+(const dimensionedScalar&, const scalar);
                   ^
/opt/openfoam5/src/OpenFOAM/lnInclude/dimensionedScalar.H:49:19: note:   candidate expects 2 arguments, 1 provided
/opt/openfoam5/src/OpenFOAM/lnInclude/dimensionedScalar.H:50:19: note: candidate: Foam::dimensionedScalar Foam::operator+(Foam::scalar, const dimensionedScalar&)
 dimensionedScalar operator+(const scalar, const dimensionedScalar&);
                   ^
/opt/openfoam5/src/OpenFOAM/lnInclude/dimensionedScalar.H:50:19: note:   candidate expects 2 arguments, 1 provided
In file included from /opt/openfoam5/src/OpenFOAM/lnInclude/labelField.H:42:0,
                 from /opt/openfoam5/src/OpenFOAM/lnInclude/primitiveFields.H:37,
                 from /opt/openfoam5/src/OpenFOAM/lnInclude/pointField.H:36,
                 from /opt/openfoam5/src/OpenFOAM/lnInclude/edge.H:40,
                 from /opt/openfoam5/src/OpenFOAM/lnInclude/edgeList.H:32,
                 from /opt/openfoam5/src/OpenFOAM/lnInclude/primitiveMesh.H:54,
                 from /opt/openfoam5/src/OpenFOAM/lnInclude/polyMesh.H:45,
                 from /opt/openfoam5/src/finiteVolume/lnInclude/fvMesh.H:50,
                 from /opt/openfoam5/src/finiteVolume/lnInclude/fvCFD.H:7,
                 from pamFoam.C:36:
/opt/openfoam5/src/OpenFOAM/lnInclude/FieldFunctionsM.H:207:24: note: candidate: Foam::tmp<Foam::Field<int> > Foam::operator+(const label&, const Foam::UList<int>&)
 tmp<Field<ReturnType>> operator Op                                             \
                        ^
/opt/openfoam5/src/OpenFOAM/lnInclude/FieldFunctionsM.H:247:5: note: in expansion of macro 'BINARY_TYPE_OPERATOR_SF'
     BINARY_TYPE_OPERATOR_SF(ReturnType, Type1, Type2, Op, OpFunc)              \
     ^
/opt/openfoam5/src/OpenFOAM/lnInclude/labelField.H:53:1: note: in expansion of macro 'BINARY_TYPE_OPERATOR'
 BINARY_TYPE_OPERATOR(label, label, label, +, add)
 ^
/opt/openfoam5/src/OpenFOAM/lnInclude/FieldFunctionsM.H:207:24: note:   candidate expects 2 arguments, 1 provided
 tmp<Field<ReturnType>> operator Op                                             \
                        ^
/opt/openfoam5/src/OpenFOAM/lnInclude/FieldFunctionsM.H:247:5: note: in expansion of macro 'BINARY_TYPE_OPERATOR_SF'
     BINARY_TYPE_OPERATOR_SF(ReturnType, Type1, Type2, Op, OpFunc)              \
     ^
/opt/openfoam5/src/OpenFOAM/lnInclude/labelField.H:53:1: note: in expansion of macro 'BINARY_TYPE_OPERATOR'
 BINARY_TYPE_OPERATOR(label, label, label, +, add)
 ^
/opt/openfoam5/src/OpenFOAM/lnInclude/FieldFunctionsM.H:214:24: note: candidate: Foam::tmp<Foam::Field<int> > Foam::operator+(const label&, const Foam::tmp<Foam::Field<int> >&)
 tmp<Field<ReturnType>> operator Op                                             \
                        ^
/opt/openfoam5/src/OpenFOAM/lnInclude/FieldFunctionsM.H:247:5: note: in expansion of macro 'BINARY_TYPE_OPERATOR_SF'
     BINARY_TYPE_OPERATOR_SF(ReturnType, Type1, Type2, Op, OpFunc)              \
     ^
/opt/openfoam5/src/OpenFOAM/lnInclude/labelField.H:53:1: note: in expansion of macro 'BINARY_TYPE_OPERATOR'
 BINARY_TYPE_OPERATOR(label, label, label, +, add)
 ^
/opt/openfoam5/src/OpenFOAM/lnInclude/FieldFunctionsM.H:214:24: note:   candidate expects 2 arguments, 1 provided
 tmp<Field<ReturnType>> operator Op                                             \
                        ^
/opt/openfoam5/src/OpenFOAM/lnInclude/FieldFunctionsM.H:247:5: note: in expansion of macro 'BINARY_TYPE_OPERATOR_SF'
     BINARY_TYPE_OPERATOR_SF(ReturnType, Type1, Type2, Op, OpFunc)              \
     ^
/opt/openfoam5/src/OpenFOAM/lnInclude/labelField.H:53:1: note: in expansion of macro 'BINARY_TYPE_OPERATOR'
 BINARY_TYPE_OPERATOR(label, label, label, +, add)
 ^
/opt/openfoam5/src/OpenFOAM/lnInclude/FieldFunctionsM.H:232:24: note: candidate: Foam::tmp<Foam::Field<int> > Foam::operator+(const Foam::UList<int>&, const label&)
 tmp<Field<ReturnType>> operator Op                                             \
                        ^
/opt/openfoam5/src/OpenFOAM/lnInclude/FieldFunctionsM.H:248:5: note: in expansion of macro 'BINARY_TYPE_OPERATOR_FS'
     BINARY_TYPE_OPERATOR_FS(ReturnType, Type1, Type2, Op, OpFunc)
     ^
/opt/openfoam5/src/OpenFOAM/lnInclude/labelField.H:53:1: note: in expansion of macro 'BINARY_TYPE_OPERATOR'
 BINARY_TYPE_OPERATOR(label, label, label, +, add)
 ^
/opt/openfoam5/src/OpenFOAM/lnInclude/FieldFunctionsM.H:232:24: note:   candidate expects 2 arguments, 1 provided
 tmp<Field<ReturnType>> operator Op                                             \
                        ^
/opt/openfoam5/src/OpenFOAM/lnInclude/FieldFunctionsM.H:248:5: note: in expansion of macro 'BINARY_TYPE_OPERATOR_FS'
     BINARY_TYPE_OPERATOR_FS(ReturnType, Type1, Type2, Op, OpFunc)
     ^
/opt/openfoam5/src/OpenFOAM/lnInclude/labelField.H:53:1: note: in expansion of macro 'BINARY_TYPE_OPERATOR'
 BINARY_TYPE_OPERATOR(label, label, label, +, add)
 ^
/opt/openfoam5/src/OpenFOAM/lnInclude/FieldFunctionsM.H:239:24: note: candidate: Foam::tmp<Foam::Field<int> > Foam::operator+(const Foam::tmp<Foam::Field<int> >&, const label&)
 tmp<Field<ReturnType>> operator Op                                             \
                        ^
/opt/openfoam5/src/OpenFOAM/lnInclude/FieldFunctionsM.H:248:5: note: in expansion of macro 'BINARY_TYPE_OPERATOR_FS'
     BINARY_TYPE_OPERATOR_FS(ReturnType, Type1, Type2, Op, OpFunc)
     ^
/opt/openfoam5/src/OpenFOAM/lnInclude/labelField.H:53:1: note: in expansion of macro 'BINARY_TYPE_OPERATOR'
 BINARY_TYPE_OPERATOR(label, label, label, +, add)
 ^
/opt/openfoam5/src/OpenFOAM/lnInclude/FieldFunctionsM.H:239:24: note:   candidate expects 2 arguments, 1 provided
 tmp<Field<ReturnType>> operator Op                                             \
                        ^
/opt/openfoam5/src/OpenFOAM/lnInclude/FieldFunctionsM.H:248:5: note: in expansion of macro 'BINARY_TYPE_OPERATOR_FS'
     BINARY_TYPE_OPERATOR_FS(ReturnType, Type1, Type2, Op, OpFunc)
     ^
/opt/openfoam5/src/OpenFOAM/lnInclude/labelField.H:53:1: note: in expansion of macro 'BINARY_TYPE_OPERATOR'
 BINARY_TYPE_OPERATOR(label, label, label, +, add)
 ^
In file included from /opt/openfoam5/src/OpenFOAM/lnInclude/DimensionedScalarField.C:29:0,
                 from /opt/openfoam5/src/OpenFOAM/lnInclude/DimensionedScalarField.H:157,
                 from /opt/openfoam5/src/OpenFOAM/lnInclude/DimensionedFieldFunctions.H:26,
                 from /opt/openfoam5/src/OpenFOAM/lnInclude/DimensionedField.H:363,
                 from /opt/openfoam5/src/finiteVolume/lnInclude/fvMesh.H:58,
                 from /opt/openfoam5/src/finiteVolume/lnInclude/fvCFD.H:7,
                 from pamFoam.C:36:
/opt/openfoam5/src/OpenFOAM/lnInclude/DimensionedFieldFunctionsM.C:534:44: note: candidate: template<class GeoMesh> Foam::tmp<Foam::DimensionedField<double, GeoMesh> > Foam::operator+(const Foam::dimensioned<double>&, const Foam::DimensionedField<double, GeoMesh>&)
 tmp<DimensionedField<ReturnType, GeoMesh>> operator Op                         \
                                            ^
/opt/openfoam5/src/OpenFOAM/lnInclude/DimensionedFieldFunctionsM.C:685:5: note: in expansion of macro 'BINARY_TYPE_OPERATOR_SF'
     BINARY_TYPE_OPERATOR_SF(ReturnType, Type1, Type2, Op, OpName, OpFunc)      \
     ^
/opt/openfoam5/src/OpenFOAM/lnInclude/DimensionedScalarField.C:92:1: note: in expansion of macro 'BINARY_TYPE_OPERATOR'
 BINARY_TYPE_OPERATOR(scalar, scalar, scalar, +, '+', add)
 ^
/opt/openfoam5/src/OpenFOAM/lnInclude/DimensionedFieldFunctionsM.C:534:44: note:   template argument deduction/substitution failed:
 tmp<DimensionedField<ReturnType, GeoMesh>> operator Op                         \
                                            ^
/opt/openfoam5/src/OpenFOAM/lnInclude/DimensionedFieldFunctionsM.C:685:5: note: in expansion of macro 'BINARY_TYPE_OPERATOR_SF'
     BINARY_TYPE_OPERATOR_SF(ReturnType, Type1, Type2, Op, OpName, OpFunc)      \
     ^
/opt/openfoam5/src/OpenFOAM/lnInclude/DimensionedScalarField.C:92:1: note: in expansion of macro 'BINARY_TYPE_OPERATOR'
 BINARY_TYPE_OPERATOR(scalar, scalar, scalar, +, '+', add)
 ^
In file included from pamFoam.C:138:0:
./processModels/SACEqn.H:9:7: note:   cannot convert 'alphaLiquid' (type 'const volScalarField {aka const Foam::GeometricField<double, Foam::fvPatchField, Foam::volMesh>}') to type 'const Foam::dimensioned<double>&'
     + alphaLiquid*fSACXS*rhoHydrolysis
       ^
In file included from /opt/openfoam5/src/OpenFOAM/lnInclude/DimensionedScalarField.C:29:0,
                 from /opt/openfoam5/src/OpenFOAM/lnInclude/DimensionedScalarField.H:157,
                 from /opt/openfoam5/src/OpenFOAM/lnInclude/DimensionedFieldFunctions.H:26,
                 from /opt/openfoam5/src/OpenFOAM/lnInclude/DimensionedField.H:363,
                 from /opt/openfoam5/src/finiteVolume/lnInclude/fvMesh.H:58,
                 from /opt/openfoam5/src/finiteVolume/lnInclude/fvCFD.H:7,
                 from pamFoam.C:36:
/opt/openfoam5/src/OpenFOAM/lnInclude/DimensionedFieldFunctionsM.C:561:44: note: candidate: template<class GeoMesh> Foam::tmp<Foam::DimensionedField<double, GeoMesh> > Foam::operator+(const scalar&, const Foam::DimensionedField<double, GeoMesh>&)
 tmp<DimensionedField<ReturnType, GeoMesh>> operator Op                         \
                                            ^
/opt/openfoam5/src/OpenFOAM/lnInclude/DimensionedFieldFunctionsM.C:685:5: note: in expansion of macro 'BINARY_TYPE_OPERATOR_SF'
     BINARY_TYPE_OPERATOR_SF(ReturnType, Type1, Type2, Op, OpName, OpFunc)      \
     ^
/opt/openfoam5/src/OpenFOAM/lnInclude/DimensionedScalarField.C:92:1: note: in expansion of macro 'BINARY_TYPE_OPERATOR'
 BINARY_TYPE_OPERATOR(scalar, scalar, scalar, +, '+', add)
 ^
/opt/openfoam5/src/OpenFOAM/lnInclude/DimensionedFieldFunctionsM.C:561:44: note:   template argument deduction/substitution failed:
 tmp<DimensionedField<ReturnType, GeoMesh>> operator Op                         \
                                            ^
/opt/openfoam5/src/OpenFOAM/lnInclude/DimensionedFieldFunctionsM.C:685:5: note: in expansion of macro 'BINARY_TYPE_OPERATOR_SF'
     BINARY_TYPE_OPERATOR_SF(ReturnType, Type1, Type2, Op, OpName, OpFunc)      \
     ^
/opt/openfoam5/src/OpenFOAM/lnInclude/DimensionedScalarField.C:92:1: note: in expansion of macro 'BINARY_TYPE_OPERATOR'
 BINARY_TYPE_OPERATOR(scalar, scalar, scalar, +, '+', add)
 ^
In file included from pamFoam.C:138:0:
./processModels/SACEqn.H:9:7: note:   cannot convert 'alphaLiquid' (type 'const volScalarField {aka const Foam::GeometricField<double, Foam::fvPatchField, Foam::volMesh>}') to type 'const scalar& {aka const double&}'
     + alphaLiquid*fSACXS*rhoHydrolysis
       ^
In file included from /opt/openfoam5/src/OpenFOAM/lnInclude/DimensionedScalarField.C:29:0,
                 from /opt/openfoam5/src/OpenFOAM/lnInclude/DimensionedScalarField.H:157,
                 from /opt/openfoam5/src/OpenFOAM/lnInclude/DimensionedFieldFunctions.H:26,
                 from /opt/openfoam5/src/OpenFOAM/lnInclude/DimensionedField.H:363,
                 from /opt/openfoam5/src/finiteVolume/lnInclude/fvMesh.H:58,
                 from /opt/openfoam5/src/finiteVolume/lnInclude/fvCFD.H:7,
                 from pamFoam.C:36:
/opt/openfoam5/src/OpenFOAM/lnInclude/DimensionedFieldFunctionsM.C:572:44: note: candidate: template<class GeoMesh> Foam::tmp<Foam::DimensionedField<double, GeoMesh> > Foam::operator+(const Foam::dimensioned<double>&, const Foam::tmp<Foam::DimensionedField<double, GeoMesh> >&)
 tmp<DimensionedField<ReturnType, GeoMesh>> operator Op                         \
                                            ^
/opt/openfoam5/src/OpenFOAM/lnInclude/DimensionedFieldFunctionsM.C:685:5: note: in expansion of macro 'BINARY_TYPE_OPERATOR_SF'
     BINARY_TYPE_OPERATOR_SF(ReturnType, Type1, Type2, Op, OpName, OpFunc)      \
     ^
/opt/openfoam5/src/OpenFOAM/lnInclude/DimensionedScalarField.C:92:1: note: in expansion of macro 'BINARY_TYPE_OPERATOR'
 BINARY_TYPE_OPERATOR(scalar, scalar, scalar, +, '+', add)
 ^
/opt/openfoam5/src/OpenFOAM/lnInclude/DimensionedFieldFunctionsM.C:572:44: note:   template argument deduction/substitution failed:
 tmp<DimensionedField<ReturnType, GeoMesh>> operator Op                         \
                                            ^
/opt/openfoam5/src/OpenFOAM/lnInclude/DimensionedFieldFunctionsM.C:685:5: note: in expansion of macro 'BINARY_TYPE_OPERATOR_SF'
     BINARY_TYPE_OPERATOR_SF(ReturnType, Type1, Type2, Op, OpName, OpFunc)      \
     ^
/opt/openfoam5/src/OpenFOAM/lnInclude/DimensionedScalarField.C:92:1: note: in expansion of macro 'BINARY_TYPE_OPERATOR'
 BINARY_TYPE_OPERATOR(scalar, scalar, scalar, +, '+', add)
 ^
In file included from pamFoam.C:138:0:
./processModels/SACEqn.H:9:7: note:   cannot convert 'alphaLiquid' (type 'const volScalarField {aka const Foam::GeometricField<double, Foam::fvPatchField, Foam::volMesh>}') to type 'const Foam::dimensioned<double>&'
     + alphaLiquid*fSACXS*rhoHydrolysis
       ^
In file included from /opt/openfoam5/src/OpenFOAM/lnInclude/DimensionedScalarField.C:29:0,
                 from /opt/openfoam5/src/OpenFOAM/lnInclude/DimensionedScalarField.H:157,
                 from /opt/openfoam5/src/OpenFOAM/lnInclude/DimensionedFieldFunctions.H:26,
                 from /opt/openfoam5/src/OpenFOAM/lnInclude/DimensionedField.H:363,
                 from /opt/openfoam5/src/finiteVolume/lnInclude/fvMesh.H:58,
                 from /opt/openfoam5/src/finiteVolume/lnInclude/fvCFD.H:7,
                 from pamFoam.C:36:
/opt/openfoam5/src/OpenFOAM/lnInclude/DimensionedFieldFunctionsM.C:598:44: note: candidate: template<class GeoMesh> Foam::tmp<Foam::DimensionedField<double, GeoMesh> > Foam::operator+(const scalar&, const Foam::tmp<Foam::DimensionedField<double, GeoMesh> >&)
 tmp<DimensionedField<ReturnType, GeoMesh>> operator Op                         \
                                            ^
/opt/openfoam5/src/OpenFOAM/lnInclude/DimensionedFieldFunctionsM.C:685:5: note: in expansion of macro 'BINARY_TYPE_OPERATOR_SF'
     BINARY_TYPE_OPERATOR_SF(ReturnType, Type1, Type2, Op, OpName, OpFunc)      \
     ^
/opt/openfoam5/src/OpenFOAM/lnInclude/DimensionedScalarField.C:92:1: note: in expansion of macro 'BINARY_TYPE_OPERATOR'
 BINARY_TYPE_OPERATOR(scalar, scalar, scalar, +, '+', add)
 ^
/opt/openfoam5/src/OpenFOAM/lnInclude/DimensionedFieldFunctionsM.C:598:44: note:   template argument deduction/substitution failed:
 tmp<DimensionedField<ReturnType, GeoMesh>> operator Op                         \
                                            ^
/opt/openfoam5/src/OpenFOAM/lnInclude/DimensionedFieldFunctionsM.C:685:5: note: in expansion of macro 'BINARY_TYPE_OPERATOR_SF'
     BINARY_TYPE_OPERATOR_SF(ReturnType, Type1, Type2, Op, OpName, OpFunc)      \
     ^
/opt/openfoam5/src/OpenFOAM/lnInclude/DimensionedScalarField.C:92:1: note: in expansion of macro 'BINARY_TYPE_OPERATOR'
 BINARY_TYPE_OPERATOR(scalar, scalar, scalar, +, '+', add)
 ^
In file included from pamFoam.C:138:0:
./processModels/SACEqn.H:9:7: note:   cannot convert 'alphaLiquid' (type 'const volScalarField {aka const Foam::GeometricField<double, Foam::fvPatchField, Foam::volMesh>}') to type 'const scalar& {aka const double&}'
     + alphaLiquid*fSACXS*rhoHydrolysis
       ^
In file included from /opt/openfoam5/src/OpenFOAM/lnInclude/DimensionedScalarField.C:29:0,
                 from /opt/openfoam5/src/OpenFOAM/lnInclude/DimensionedScalarField.H:157,
                 from /opt/openfoam5/src/OpenFOAM/lnInclude/DimensionedFieldFunctions.H:26,
                 from /opt/openfoam5/src/OpenFOAM/lnInclude/DimensionedField.H:363,
                 from /opt/openfoam5/src/finiteVolume/lnInclude/fvMesh.H:58,
                 from /opt/openfoam5/src/finiteVolume/lnInclude/fvCFD.H:7,
                 from pamFoam.C:36:
/opt/openfoam5/src/OpenFOAM/lnInclude/DimensionedFieldFunctionsM.C:611:44: note: candidate: template<class GeoMesh> Foam::tmp<Foam::DimensionedField<double, GeoMesh> > Foam::operator+(const Foam::DimensionedField<double, GeoMesh>&, const Foam::dimensioned<double>&)
 tmp<DimensionedField<ReturnType, GeoMesh>> operator Op                         \
                                            ^
/opt/openfoam5/src/OpenFOAM/lnInclude/DimensionedFieldFunctionsM.C:686:5: note: in expansion of macro 'BINARY_TYPE_OPERATOR_FS'
     BINARY_TYPE_OPERATOR_FS(ReturnType, Type1, Type2, Op, OpName, OpFunc)
     ^
/opt/openfoam5/src/OpenFOAM/lnInclude/DimensionedScalarField.C:92:1: note: in expansion of macro 'BINARY_TYPE_OPERATOR'
 BINARY_TYPE_OPERATOR(scalar, scalar, scalar, +, '+', add)
 ^
/opt/openfoam5/src/OpenFOAM/lnInclude/DimensionedFieldFunctionsM.C:611:44: note:   template argument deduction/substitution failed:
 tmp<DimensionedField<ReturnType, GeoMesh>> operator Op                         \
                                            ^
/opt/openfoam5/src/OpenFOAM/lnInclude/DimensionedFieldFunctionsM.C:686:5: note: in expansion of macro 'BINARY_TYPE_OPERATOR_FS'
     BINARY_TYPE_OPERATOR_FS(ReturnType, Type1, Type2, Op, OpName, OpFunc)
     ^
/opt/openfoam5/src/OpenFOAM/lnInclude/DimensionedScalarField.C:92:1: note: in expansion of macro 'BINARY_TYPE_OPERATOR'
 BINARY_TYPE_OPERATOR(scalar, scalar, scalar, +, '+', add)
 ^
In file included from pamFoam.C:138:0:
./processModels/SACEqn.H:9:7: note:   candidate expects 2 arguments, 1 provided
     + alphaLiquid*fSACXS*rhoHydrolysis
       ^
In file included from /opt/openfoam5/src/OpenFOAM/lnInclude/DimensionedScalarField.C:29:0,
                 from /opt/openfoam5/src/OpenFOAM/lnInclude/DimensionedScalarField.H:157,
                 from /opt/openfoam5/src/OpenFOAM/lnInclude/DimensionedFieldFunctions.H:26,
                 from /opt/openfoam5/src/OpenFOAM/lnInclude/DimensionedField.H:363,
                 from /opt/openfoam5/src/finiteVolume/lnInclude/fvMesh.H:58,
                 from /opt/openfoam5/src/finiteVolume/lnInclude/fvCFD.H:7,
                 from pamFoam.C:36:
/opt/openfoam5/src/OpenFOAM/lnInclude/DimensionedFieldFunctionsM.C:638:44: note: candidate: template<class GeoMesh> Foam::tmp<Foam::DimensionedField<double, GeoMesh> > Foam::operator+(const Foam::DimensionedField<double, GeoMesh>&, const scalar&)
 tmp<DimensionedField<ReturnType, GeoMesh>> operator Op                         \
                                            ^
/opt/openfoam5/src/OpenFOAM/lnInclude/DimensionedFieldFunctionsM.C:686:5: note: in expansion of macro 'BINARY_TYPE_OPERATOR_FS'
     BINARY_TYPE_OPERATOR_FS(ReturnType, Type1, Type2, Op, OpName, OpFunc)
     ^
/opt/openfoam5/src/OpenFOAM/lnInclude/DimensionedScalarField.C:92:1: note: in expansion of macro 'BINARY_TYPE_OPERATOR'
 BINARY_TYPE_OPERATOR(scalar, scalar, scalar, +, '+', add)
 ^
/opt/openfoam5/src/OpenFOAM/lnInclude/DimensionedFieldFunctionsM.C:638:44: note:   template argument deduction/substitution failed:
 tmp<DimensionedField<ReturnType, GeoMesh>> operator Op                         \
                                            ^
/opt/openfoam5/src/OpenFOAM/lnInclude/DimensionedFieldFunctionsM.C:686:5: note: in expansion of macro 'BINARY_TYPE_OPERATOR_FS'
     BINARY_TYPE_OPERATOR_FS(ReturnType, Type1, Type2, Op, OpName, OpFunc)
     ^
/opt/openfoam5/src/OpenFOAM/lnInclude/DimensionedScalarField.C:92:1: note: in expansion of macro 'BINARY_TYPE_OPERATOR'
 BINARY_TYPE_OPERATOR(scalar, scalar, scalar, +, '+', add)
 ^
In file included from pamFoam.C:138:0:
./processModels/SACEqn.H:9:7: note:   candidate expects 2 arguments, 1 provided
     + alphaLiquid*fSACXS*rhoHydrolysis
       ^
In file included from /opt/openfoam5/src/OpenFOAM/lnInclude/DimensionedScalarField.C:29:0,
                 from /opt/openfoam5/src/OpenFOAM/lnInclude/DimensionedScalarField.H:157,
                 from /opt/openfoam5/src/OpenFOAM/lnInclude/DimensionedFieldFunctions.H:26,
                 from /opt/openfoam5/src/OpenFOAM/lnInclude/DimensionedField.H:363,
                 from /opt/openfoam5/src/finiteVolume/lnInclude/fvMesh.H:58,
                 from /opt/openfoam5/src/finiteVolume/lnInclude/fvCFD.H:7,
                 from pamFoam.C:36:
/opt/openfoam5/src/OpenFOAM/lnInclude/DimensionedFieldFunctionsM.C:649:44: note: candidate: template<class GeoMesh> Foam::tmp<Foam::DimensionedField<double, GeoMesh> > Foam::operator+(const Foam::tmp<Foam::DimensionedField<double, GeoMesh> >&, const Foam::dimensioned<double>&)
 tmp<DimensionedField<ReturnType, GeoMesh>> operator Op                         \
                                            ^
/opt/openfoam5/src/OpenFOAM/lnInclude/DimensionedFieldFunctionsM.C:686:5: note: in expansion of macro 'BINARY_TYPE_OPERATOR_FS'
     BINARY_TYPE_OPERATOR_FS(ReturnType, Type1, Type2, Op, OpName, OpFunc)
     ^
/opt/openfoam5/src/OpenFOAM/lnInclude/DimensionedScalarField.C:92:1: note: in expansion of macro 'BINARY_TYPE_OPERATOR'
 BINARY_TYPE_OPERATOR(scalar, scalar, scalar, +, '+', add)
 ^
/opt/openfoam5/src/OpenFOAM/lnInclude/DimensionedFieldFunctionsM.C:649:44: note:   template argument deduction/substitution failed:
 tmp<DimensionedField<ReturnType, GeoMesh>> operator Op                         \
                                            ^
/opt/openfoam5/src/OpenFOAM/lnInclude/DimensionedFieldFunctionsM.C:686:5: note: in expansion of macro 'BINARY_TYPE_OPERATOR_FS'
     BINARY_TYPE_OPERATOR_FS(ReturnType, Type1, Type2, Op, OpName, OpFunc)
     ^
/opt/openfoam5/src/OpenFOAM/lnInclude/DimensionedScalarField.C:92:1: note: in expansion of macro 'BINARY_TYPE_OPERATOR'
 BINARY_TYPE_OPERATOR(scalar, scalar, scalar, +, '+', add)
 ^
In file included from pamFoam.C:138:0:
./processModels/SACEqn.H:9:7: note:   'const volScalarField {aka const Foam::GeometricField<double, Foam::fvPatchField, Foam::volMesh>}' is not derived from 'const Foam::tmp<Foam::DimensionedField<double, GeoMesh> >'
     + alphaLiquid*fSACXS*rhoHydrolysis
       ^
In file included from /opt/openfoam5/src/OpenFOAM/lnInclude/DimensionedScalarField.C:29:0,
                 from /opt/openfoam5/src/OpenFOAM/lnInclude/DimensionedScalarField.H:157,
                 from /opt/openfoam5/src/OpenFOAM/lnInclude/DimensionedFieldFunctions.H:26,
                 from /opt/openfoam5/src/OpenFOAM/lnInclude/DimensionedField.H:363,
                 from /opt/openfoam5/src/finiteVolume/lnInclude/fvMesh.H:58,
                 from /opt/openfoam5/src/finiteVolume/lnInclude/fvCFD.H:7,
                 from pamFoam.C:36:
/opt/openfoam5/src/OpenFOAM/lnInclude/DimensionedFieldFunctionsM.C:675:44: note: candidate: template<class GeoMesh> Foam::tmp<Foam::DimensionedField<double, GeoMesh> > Foam::operator+(const Foam::tmp<Foam::DimensionedField<double, GeoMesh> >&, const scalar&)
 tmp<DimensionedField<ReturnType, GeoMesh>> operator Op                         \
                                            ^
/opt/openfoam5/src/OpenFOAM/lnInclude/DimensionedFieldFunctionsM.C:686:5: note: in expansion of macro 'BINARY_TYPE_OPERATOR_FS'
     BINARY_TYPE_OPERATOR_FS(ReturnType, Type1, Type2, Op, OpName, OpFunc)
     ^
/opt/openfoam5/src/OpenFOAM/lnInclude/DimensionedScalarField.C:92:1: note: in expansion of macro 'BINARY_TYPE_OPERATOR'
 BINARY_TYPE_OPERATOR(scalar, scalar, scalar, +, '+', add)
 ^
/opt/openfoam5/src/OpenFOAM/lnInclude/DimensionedFieldFunctionsM.C:675:44: note:   template argument deduction/substitution failed:
 tmp<DimensionedField<ReturnType, GeoMesh>> operator Op                         \
                                            ^
/opt/openfoam5/src/OpenFOAM/lnInclude/DimensionedFieldFunctionsM.C:686:5: note: in expansion of macro 'BINARY_TYPE_OPERATOR_FS'
     BINARY_TYPE_OPERATOR_FS(ReturnType, Type1, Type2, Op, OpName, OpFunc)
     ^
/opt/openfoam5/src/OpenFOAM/lnInclude/DimensionedScalarField.C:92:1: note: in expansion of macro 'BINARY_TYPE_OPERATOR'
 BINARY_TYPE_OPERATOR(scalar, scalar, scalar, +, '+', add)
 ^
In file included from pamFoam.C:138:0:
./processModels/SACEqn.H:9:7: note:   'const volScalarField {aka const Foam::GeometricField<double, Foam::fvPatchField, Foam::volMesh>}' is not derived from 'const Foam::tmp<Foam::DimensionedField<double, GeoMesh> >'
     + alphaLiquid*fSACXS*rhoHydrolysis
       ^
In file included from /opt/openfoam5/src/OpenFOAM/lnInclude/DimensionedField.C:532:0,
                 from /opt/openfoam5/src/OpenFOAM/lnInclude/DimensionedField.H:366,
                 from /opt/openfoam5/src/finiteVolume/lnInclude/fvMesh.H:58,
                 from /opt/openfoam5/src/finiteVolume/lnInclude/fvCFD.H:7,
                 from pamFoam.C:36:
/opt/openfoam5/src/OpenFOAM/lnInclude/DimensionedFieldFunctions.C:371:1: note: candidate: template<class Type1, class Type2, class GeoMesh> Foam::tmp<Foam::DimensionedField<typename Foam::typeOfSum<arg1, arg2>::type, GeoMesh> > Foam::operator+(const Foam::DimensionedField<TypeR, GeoMesh>&, const Foam::DimensionedField<Type1, GeoMesh>&)
 operator op                                                                    \
 ^
/opt/openfoam5/src/OpenFOAM/lnInclude/DimensionedFieldFunctions.C:642:1: note: in expansion of macro 'PRODUCT_OPERATOR'
 PRODUCT_OPERATOR(typeOfSum, +, add)
 ^
/opt/openfoam5/src/OpenFOAM/lnInclude/DimensionedFieldFunctions.C:371:1: note:   template argument deduction/substitution failed:
 operator op                                                                    \
 ^
/opt/openfoam5/src/OpenFOAM/lnInclude/DimensionedFieldFunctions.C:642:1: note: in expansion of macro 'PRODUCT_OPERATOR'
 PRODUCT_OPERATOR(typeOfSum, +, add)
 ^
In file included from pamFoam.C:138:0:
./processModels/SACEqn.H:9:7: note:   candidate expects 2 arguments, 1 provided
     + alphaLiquid*fSACXS*rhoHydrolysis
       ^
In file included from /opt/openfoam5/src/OpenFOAM/lnInclude/DimensionedField.C:532:0,
                 from /opt/openfoam5/src/OpenFOAM/lnInclude/DimensionedField.H:366,
                 from /opt/openfoam5/src/finiteVolume/lnInclude/fvMesh.H:58,
                 from /opt/openfoam5/src/finiteVolume/lnInclude/fvCFD.H:7,
                 from pamFoam.C:36:
/opt/openfoam5/src/OpenFOAM/lnInclude/DimensionedFieldFunctions.C:400:1: note: candidate: template<class Type1, class Type2, class GeoMesh> Foam::tmp<Foam::DimensionedField<typename Foam::typeOfSum<arg1, arg2>::type, GeoMesh> > Foam::operator+(const Foam::DimensionedField<TypeR, GeoMesh>&, const Foam::tmp<Foam::DimensionedField<Type1, GeoMesh> >&)
 operator op                                                                    \
 ^
/opt/openfoam5/src/OpenFOAM/lnInclude/DimensionedFieldFunctions.C:642:1: note: in expansion of macro 'PRODUCT_OPERATOR'
 PRODUCT_OPERATOR(typeOfSum, +, add)
 ^
/opt/openfoam5/src/OpenFOAM/lnInclude/DimensionedFieldFunctions.C:400:1: note:   template argument deduction/substitution failed:
 operator op                                                                    \
 ^
/opt/openfoam5/src/OpenFOAM/lnInclude/DimensionedFieldFunctions.C:642:1: note: in expansion of macro 'PRODUCT_OPERATOR'
 PRODUCT_OPERATOR(typeOfSum, +, add)
 ^
In file included from pamFoam.C:138:0:
./processModels/SACEqn.H:9:7: note:   candidate expects 2 arguments, 1 provided
     + alphaLiquid*fSACXS*rhoHydrolysis
       ^
In file included from /opt/openfoam5/src/OpenFOAM/lnInclude/DimensionedField.C:532:0,
                 from /opt/openfoam5/src/OpenFOAM/lnInclude/DimensionedField.H:366,
                 from /opt/openfoam5/src/finiteVolume/lnInclude/fvMesh.H:58,
                 from /opt/openfoam5/src/finiteVolume/lnInclude/fvCFD.H:7,
                 from pamFoam.C:36:
/opt/openfoam5/src/OpenFOAM/lnInclude/DimensionedFieldFunctions.C:427:1: note: candidate: template<class Type1, class Type2, class GeoMesh> Foam::tmp<Foam::DimensionedField<typename Foam::typeOfSum<arg1, arg2>::type, GeoMesh> > Foam::operator+(const Foam::tmp<Foam::DimensionedField<TypeR, GeoMesh> >&, const Foam::DimensionedField<Type1, GeoMesh>&)
 operator op                                                                    \
 ^
/opt/openfoam5/src/OpenFOAM/lnInclude/DimensionedFieldFunctions.C:642:1: note: in expansion of macro 'PRODUCT_OPERATOR'
 PRODUCT_OPERATOR(typeOfSum, +, add)
 ^
/opt/openfoam5/src/OpenFOAM/lnInclude/DimensionedFieldFunctions.C:427:1: note:   template argument deduction/substitution failed:
 operator op                                                                    \
 ^
/opt/openfoam5/src/OpenFOAM/lnInclude/DimensionedFieldFunctions.C:642:1: note: in expansion of macro 'PRODUCT_OPERATOR'
 PRODUCT_OPERATOR(typeOfSum, +, add)
 ^
In file included from pamFoam.C:138:0:
./processModels/SACEqn.H:9:7: note:   'const volScalarField {aka const Foam::GeometricField<double, Foam::fvPatchField, Foam::volMesh>}' is not derived from 'const Foam::tmp<Foam::DimensionedField<TypeR, GeoMesh> >'
     + alphaLiquid*fSACXS*rhoHydrolysis
       ^
In file included from /opt/openfoam5/src/OpenFOAM/lnInclude/DimensionedField.C:532:0,
                 from /opt/openfoam5/src/OpenFOAM/lnInclude/DimensionedField.H:366,
                 from /opt/openfoam5/src/finiteVolume/lnInclude/fvMesh.H:58,
                 from /opt/openfoam5/src/finiteVolume/lnInclude/fvCFD.H:7,
                 from pamFoam.C:36:
/opt/openfoam5/src/OpenFOAM/lnInclude/DimensionedFieldFunctions.C:454:1: note: candidate: template<class Type1, class Type2, class GeoMesh> Foam::tmp<Foam::DimensionedField<typename Foam::typeOfSum<arg1, arg2>::type, GeoMesh> > Foam::operator+(const Foam::tmp<Foam::DimensionedField<TypeR, GeoMesh> >&, const Foam::tmp<Foam::DimensionedField<Type1, GeoMesh> >&)
 operator op                                                                    \
 ^
/opt/openfoam5/src/OpenFOAM/lnInclude/DimensionedFieldFunctions.C:642:1: note: in expansion of macro 'PRODUCT_OPERATOR'
 PRODUCT_OPERATOR(typeOfSum, +, add)
 ^
/opt/openfoam5/src/OpenFOAM/lnInclude/DimensionedFieldFunctions.C:454:1: note:   template argument deduction/substitution failed:
 operator op                                                                    \
 ^
/opt/openfoam5/src/OpenFOAM/lnInclude/DimensionedFieldFunctions.C:642:1: note: in expansion of macro 'PRODUCT_OPERATOR'
 PRODUCT_OPERATOR(typeOfSum, +, add)
 ^
In file included from pamFoam.C:138:0:
./processModels/SACEqn.H:9:7: note:   'const volScalarField {aka const Foam::GeometricField<double, Foam::fvPatchField, Foam::volMesh>}' is not derived from 'const Foam::tmp<Foam::DimensionedField<TypeR, GeoMesh> >'
     + alphaLiquid*fSACXS*rhoHydrolysis
       ^
In file included from /opt/openfoam5/src/OpenFOAM/lnInclude/DimensionedField.C:532:0,
                 from /opt/openfoam5/src/OpenFOAM/lnInclude/DimensionedField.H:366,
                 from /opt/openfoam5/src/finiteVolume/lnInclude/fvMesh.H:58,
                 from /opt/openfoam5/src/finiteVolume/lnInclude/fvCFD.H:7,
                 from pamFoam.C:36:
/opt/openfoam5/src/OpenFOAM/lnInclude/DimensionedFieldFunctions.C:485:1: note: candidate: template<class Form, class Type, class GeoMesh> Foam::tmp<Foam::DimensionedField<typename Foam::typeOfSum<Type, Form>::type, GeoMesh> > Foam::operator+(const Foam::DimensionedField<Type1, GeoMesh>&, const Foam::dimensioned<Type>&)
 operator op                                                                    \
 ^
/opt/openfoam5/src/OpenFOAM/lnInclude/DimensionedFieldFunctions.C:642:1: note: in expansion of macro 'PRODUCT_OPERATOR'
 PRODUCT_OPERATOR(typeOfSum, +, add)
 ^
/opt/openfoam5/src/OpenFOAM/lnInclude/DimensionedFieldFunctions.C:485:1: note:   template argument deduction/substitution failed:
 operator op                                                                    \
 ^
/opt/openfoam5/src/OpenFOAM/lnInclude/DimensionedFieldFunctions.C:642:1: note: in expansion of macro 'PRODUCT_OPERATOR'
 PRODUCT_OPERATOR(typeOfSum, +, add)
 ^
In file included from pamFoam.C:138:0:
./processModels/SACEqn.H:9:7: note:   candidate expects 2 arguments, 1 provided
     + alphaLiquid*fSACXS*rhoHydrolysis
       ^
In file included from /opt/openfoam5/src/OpenFOAM/lnInclude/DimensionedField.C:532:0,
                 from /opt/openfoam5/src/OpenFOAM/lnInclude/DimensionedField.H:366,
                 from /opt/openfoam5/src/finiteVolume/lnInclude/fvMesh.H:58,
                 from /opt/openfoam5/src/finiteVolume/lnInclude/fvCFD.H:7,
                 from pamFoam.C:36:
/opt/openfoam5/src/OpenFOAM/lnInclude/DimensionedFieldFunctions.C:515:1: note: candidate: template<class Form, class Cmpt, unsigned char nCmpt, class Type, class GeoMesh> Foam::tmp<Foam::DimensionedField<typename Foam::typeOfSum<Form, Type>::type, GeoMesh> > Foam::operator+(const Foam::DimensionedField<Type2, GeoMesh>&, const Foam::VectorSpace<Form, Cmpt, Ncmpts>&)
 operator op                                                                    \
 ^
/opt/openfoam5/src/OpenFOAM/lnInclude/DimensionedFieldFunctions.C:642:1: note: in expansion of macro 'PRODUCT_OPERATOR'
 PRODUCT_OPERATOR(typeOfSum, +, add)
 ^
/opt/openfoam5/src/OpenFOAM/lnInclude/DimensionedFieldFunctions.C:515:1: note:   template argument deduction/substitution failed:
 operator op                                                                    \
 ^
/opt/openfoam5/src/OpenFOAM/lnInclude/DimensionedFieldFunctions.C:642:1: note: in expansion of macro 'PRODUCT_OPERATOR'
 PRODUCT_OPERATOR(typeOfSum, +, add)
 ^
In file included from pamFoam.C:138:0:
./processModels/SACEqn.H:9:7: note:   candidate expects 2 arguments, 1 provided
     + alphaLiquid*fSACXS*rhoHydrolysis
       ^
In file included from /opt/openfoam5/src/OpenFOAM/lnInclude/DimensionedField.C:532:0,
                 from /opt/openfoam5/src/OpenFOAM/lnInclude/DimensionedField.H:366,
                 from /opt/openfoam5/src/finiteVolume/lnInclude/fvMesh.H:58,
                 from /opt/openfoam5/src/finiteVolume/lnInclude/fvCFD.H:7,
                 from pamFoam.C:36:
/opt/openfoam5/src/OpenFOAM/lnInclude/DimensionedFieldFunctions.C:527:1: note: candidate: template<class Form, class Type, class GeoMesh> Foam::tmp<Foam::DimensionedField<typename Foam::typeOfSum<Type, Form>::type, GeoMesh> > Foam::operator+(const Foam::tmp<Foam::DimensionedField<Type1, GeoMesh> >&, const Foam::dimensioned<Type>&)
 operator op                                                                    \
 ^
/opt/openfoam5/src/OpenFOAM/lnInclude/DimensionedFieldFunctions.C:642:1: note: in expansion of macro 'PRODUCT_OPERATOR'
 PRODUCT_OPERATOR(typeOfSum, +, add)
 ^
/opt/openfoam5/src/OpenFOAM/lnInclude/DimensionedFieldFunctions.C:527:1: note:   template argument deduction/substitution failed:
 operator op                                                                    \
 ^
/opt/openfoam5/src/OpenFOAM/lnInclude/DimensionedFieldFunctions.C:642:1: note: in expansion of macro 'PRODUCT_OPERATOR'
 PRODUCT_OPERATOR(typeOfSum, +, add)
 ^
In file included from pamFoam.C:138:0:
./processModels/SACEqn.H:9:7: note:   'const volScalarField {aka const Foam::GeometricField<double, Foam::fvPatchField, Foam::volMesh>}' is not derived from 'const Foam::tmp<Foam::DimensionedField<Type1, GeoMesh> >'
     + alphaLiquid*fSACXS*rhoHydrolysis
       ^
In file included from /opt/openfoam5/src/OpenFOAM/lnInclude/DimensionedField.C:532:0,
                 from /opt/openfoam5/src/OpenFOAM/lnInclude/DimensionedField.H:366,
                 from /opt/openfoam5/src/finiteVolume/lnInclude/fvMesh.H:58,
                 from /opt/openfoam5/src/finiteVolume/lnInclude/fvCFD.H:7,
                 from pamFoam.C:36:
/opt/openfoam5/src/OpenFOAM/lnInclude/DimensionedFieldFunctions.C:554:1: note: candidate: template<class Form, class Cmpt, unsigned char nCmpt, class Type, class GeoMesh> Foam::tmp<Foam::DimensionedField<typename Foam::typeOfSum<Form, Type>::type, GeoMesh> > Foam::operator+(const Foam::tmp<Foam::DimensionedField<Type2, GeoMesh> >&, const Foam::VectorSpace<Form, Cmpt, Ncmpts>&)
 operator op                                                                    \
 ^
/opt/openfoam5/src/OpenFOAM/lnInclude/DimensionedFieldFunctions.C:642:1: note: in expansion of macro 'PRODUCT_OPERATOR'
 PRODUCT_OPERATOR(typeOfSum, +, add)
 ^
/opt/openfoam5/src/OpenFOAM/lnInclude/DimensionedFieldFunctions.C:554:1: note:   template argument deduction/substitution failed:
 operator op                                                                    \
 ^
/opt/openfoam5/src/OpenFOAM/lnInclude/DimensionedFieldFunctions.C:642:1: note: in expansion of macro 'PRODUCT_OPERATOR'
 PRODUCT_OPERATOR(typeOfSum, +, add)
 ^
In file included from pamFoam.C:138:0:
./processModels/SACEqn.H:9:7: note:   'const volScalarField {aka const Foam::GeometricField<double, Foam::fvPatchField, Foam::volMesh>}' is not derived from 'const Foam::tmp<Foam::DimensionedField<Type2, GeoMesh> >'
     + alphaLiquid*fSACXS*rhoHydrolysis
       ^
In file included from /opt/openfoam5/src/OpenFOAM/lnInclude/DimensionedField.C:532:0,
                 from /opt/openfoam5/src/OpenFOAM/lnInclude/DimensionedField.H:366,
                 from /opt/openfoam5/src/finiteVolume/lnInclude/fvMesh.H:58,
                 from /opt/openfoam5/src/finiteVolume/lnInclude/fvCFD.H:7,
                 from pamFoam.C:36:
/opt/openfoam5/src/OpenFOAM/lnInclude/DimensionedFieldFunctions.C:566:1: note: candidate: template<class Form, class Type, class GeoMesh> Foam::tmp<Foam::DimensionedField<typename Foam::typeOfSum<arg1, arg2>::type, GeoMesh> > Foam::operator+(const Foam::dimensioned<Type>&, const Foam::DimensionedField<Type1, GeoMesh>&)
 operator op                                                                    \
 ^
/opt/openfoam5/src/OpenFOAM/lnInclude/DimensionedFieldFunctions.C:642:1: note: in expansion of macro 'PRODUCT_OPERATOR'
 PRODUCT_OPERATOR(typeOfSum, +, add)
 ^
/opt/openfoam5/src/OpenFOAM/lnInclude/DimensionedFieldFunctions.C:566:1: note:   template argument deduction/substitution failed:
 operator op                                                                    \
 ^
/opt/openfoam5/src/OpenFOAM/lnInclude/DimensionedFieldFunctions.C:642:1: note: in expansion of macro 'PRODUCT_OPERATOR'
 PRODUCT_OPERATOR(typeOfSum, +, add)
 ^
In file included from pamFoam.C:138:0:
./processModels/SACEqn.H:9:7: note:   'const volScalarField {aka const Foam::GeometricField<double, Foam::fvPatchField, Foam::volMesh>}' is not derived from 'const Foam::dimensioned<Type>'
     + alphaLiquid*fSACXS*rhoHydrolysis
       ^
In file included from /opt/openfoam5/src/OpenFOAM/lnInclude/DimensionedField.C:532:0,
                 from /opt/openfoam5/src/OpenFOAM/lnInclude/DimensionedField.H:366,
                 from /opt/openfoam5/src/finiteVolume/lnInclude/fvMesh.H:58,
                 from /opt/openfoam5/src/finiteVolume/lnInclude/fvCFD.H:7,
                 from pamFoam.C:36:
/opt/openfoam5/src/OpenFOAM/lnInclude/DimensionedFieldFunctions.C:595:1: note: candidate: template<class Form, class Cmpt, unsigned char nCmpt, class Type, class GeoMesh> Foam::tmp<Foam::DimensionedField<typename Foam::typeOfSum<Form, Type>::type, GeoMesh> > Foam::operator+(const Foam::VectorSpace<Form, Cmpt, Ncmpts>&, const Foam::DimensionedField<Type2, GeoMesh>&)
 operator op                                                                    \
 ^
/opt/openfoam5/src/OpenFOAM/lnInclude/DimensionedFieldFunctions.C:642:1: note: in expansion of macro 'PRODUCT_OPERATOR'
 PRODUCT_OPERATOR(typeOfSum, +, add)
 ^
/opt/openfoam5/src/OpenFOAM/lnInclude/DimensionedFieldFunctions.C:595:1: note:   template argument deduction/substitution failed:
 operator op                                                                    \
 ^
/opt/openfoam5/src/OpenFOAM/lnInclude/DimensionedFieldFunctions.C:642:1: note: in expansion of macro 'PRODUCT_OPERATOR'
 PRODUCT_OPERATOR(typeOfSum, +, add)
 ^
In file included from pamFoam.C:138:0:
./processModels/SACEqn.H:9:7: note:   'const volScalarField {aka const Foam::GeometricField<double, Foam::fvPatchField, Foam::volMesh>}' is not derived from 'const Foam::VectorSpace<Form, Cmpt, Ncmpts>'
     + alphaLiquid*fSACXS*rhoHydrolysis
       ^
In file included from /opt/openfoam5/src/OpenFOAM/lnInclude/DimensionedField.C:532:0,
                 from /opt/openfoam5/src/OpenFOAM/lnInclude/DimensionedField.H:366,
                 from /opt/openfoam5/src/finiteVolume/lnInclude/fvMesh.H:58,
                 from /opt/openfoam5/src/finiteVolume/lnInclude/fvCFD.H:7,
                 from pamFoam.C:36:
/opt/openfoam5/src/OpenFOAM/lnInclude/DimensionedFieldFunctions.C:606:1: note: candidate: template<class Form, class Type, class GeoMesh> Foam::tmp<Foam::DimensionedField<typename Foam::typeOfSum<arg1, arg2>::type, GeoMesh> > Foam::operator+(const Foam::dimensioned<Type>&, const Foam::tmp<Foam::DimensionedField<Type1, GeoMesh> >&)
 operator op                                                                    \
 ^
/opt/openfoam5/src/OpenFOAM/lnInclude/DimensionedFieldFunctions.C:642:1: note: in expansion of macro 'PRODUCT_OPERATOR'
 PRODUCT_OPERATOR(typeOfSum, +, add)
 ^
/opt/openfoam5/src/OpenFOAM/lnInclude/DimensionedFieldFunctions.C:606:1: note:   template argument deduction/substitution failed:
 operator op                                                                    \
 ^
/opt/openfoam5/src/OpenFOAM/lnInclude/DimensionedFieldFunctions.C:642:1: note: in expansion of macro 'PRODUCT_OPERATOR'
 PRODUCT_OPERATOR(typeOfSum, +, add)
 ^
In file included from pamFoam.C:138:0:
./processModels/SACEqn.H:9:7: note:   'const volScalarField {aka const Foam::GeometricField<double, Foam::fvPatchField, Foam::volMesh>}' is not derived from 'const Foam::dimensioned<Type>'
     + alphaLiquid*fSACXS*rhoHydrolysis
       ^
In file included from /opt/openfoam5/src/OpenFOAM/lnInclude/DimensionedField.C:532:0,
                 from /opt/openfoam5/src/OpenFOAM/lnInclude/DimensionedField.H:366,
                 from /opt/openfoam5/src/finiteVolume/lnInclude/fvMesh.H:58,
                 from /opt/openfoam5/src/finiteVolume/lnInclude/fvCFD.H:7,
                 from pamFoam.C:36:
/opt/openfoam5/src/OpenFOAM/lnInclude/DimensionedFieldFunctions.C:633:1: note: candidate: template<class Form, class Cmpt, unsigned char nCmpt, class Type, class GeoMesh> Foam::tmp<Foam::DimensionedField<typename Foam::typeOfSum<Form, Type>::type, GeoMesh> > Foam::operator+(const Foam::VectorSpace<Form, Cmpt, Ncmpts>&, const Foam::tmp<Foam::DimensionedField<Type2, GeoMesh> >&)
 operator op                                                                    \
 ^
/opt/openfoam5/src/OpenFOAM/lnInclude/DimensionedFieldFunctions.C:642:1: note: in expansion of macro 'PRODUCT_OPERATOR'
 PRODUCT_OPERATOR(typeOfSum, +, add)
 ^
/opt/openfoam5/src/OpenFOAM/lnInclude/DimensionedFieldFunctions.C:633:1: note:   template argument deduction/substitution failed:
 operator op                                                                    \
 ^
/opt/openfoam5/src/OpenFOAM/lnInclude/DimensionedFieldFunctions.C:642:1: note: in expansion of macro 'PRODUCT_OPERATOR'
 PRODUCT_OPERATOR(typeOfSum, +, add)
 ^
In file included from pamFoam.C:138:0:
./processModels/SACEqn.H:9:7: note:   'const volScalarField {aka const Foam::GeometricField<double, Foam::fvPatchField, Foam::volMesh>}' is not derived from 'const Foam::VectorSpace<Form, Cmpt, Ncmpts>'
     + alphaLiquid*fSACXS*rhoHydrolysis
       ^
In file included from /opt/openfoam5/src/OpenFOAM/lnInclude/scalarFieldField.C:32:0,
                 from /opt/openfoam5/src/OpenFOAM/lnInclude/scalarFieldField.H:158,
                 from /opt/openfoam5/src/OpenFOAM/lnInclude/FieldFieldFunctions.H:26,
                 from /opt/openfoam5/src/OpenFOAM/lnInclude/FieldField.H:195,
                 from /opt/openfoam5/src/OpenFOAM/lnInclude/GeometricField.H:45,
                 from /opt/openfoam5/src/OpenFOAM/lnInclude/GeometricScalarField.H:38,
                 from /opt/openfoam5/src/OpenFOAM/lnInclude/GeometricFields.H:34,
                 from /opt/openfoam5/src/finiteVolume/lnInclude/volFields.H:37,
                 from /opt/openfoam5/src/finiteVolume/lnInclude/surfaceInterpolationScheme.C:27,
                 from /opt/openfoam5/src/finiteVolume/lnInclude/surfaceInterpolationScheme.H:307,
                 from /opt/openfoam5/src/finiteVolume/lnInclude/surfaceInterpolate.H:41,
                 from /opt/openfoam5/src/finiteVolume/lnInclude/fvc.H:39,
                 from /opt/openfoam5/src/finiteVolume/lnInclude/fvCFD.H:8,
                 from pamFoam.C:36:
/opt/openfoam5/src/OpenFOAM/lnInclude/FieldFieldFunctionsM.C:407:36: note: candidate: template<template<class> class Field> Foam::tmp<Foam::FieldField<Field, double> > Foam::operator+(const scalar&, const Foam::FieldField<Field, double>&)
 tmp<FieldField<Field, ReturnType>> operator Op                                 \
                                    ^
/opt/openfoam5/src/OpenFOAM/lnInclude/FieldFieldFunctionsM.C:487:5: note: in expansion of macro 'BINARY_TYPE_OPERATOR_SF'
     BINARY_TYPE_OPERATOR_SF(ReturnType, Type1, Type2, Op, OpFunc)              \
     ^
/opt/openfoam5/src/OpenFOAM/lnInclude/scalarFieldField.C:85:1: note: in expansion of macro 'BINARY_TYPE_OPERATOR'
 BINARY_TYPE_OPERATOR(scalar, scalar, scalar, +, add)
 ^
/opt/openfoam5/src/OpenFOAM/lnInclude/FieldFieldFunctionsM.C:407:36: note:   template argument deduction/substitution failed:
 tmp<FieldField<Field, ReturnType>> operator Op                                 \
                                    ^
/opt/openfoam5/src/OpenFOAM/lnInclude/FieldFieldFunctionsM.C:487:5: note: in expansion of macro 'BINARY_TYPE_OPERATOR_SF'
     BINARY_TYPE_OPERATOR_SF(ReturnType, Type1, Type2, Op, OpFunc)              \
     ^
/opt/openfoam5/src/OpenFOAM/lnInclude/scalarFieldField.C:85:1: note: in expansion of macro 'BINARY_TYPE_OPERATOR'
 BINARY_TYPE_OPERATOR(scalar, scalar, scalar, +, add)
 ^
In file included from pamFoam.C:138:0:
./processModels/SACEqn.H:9:7: note:   cannot convert 'alphaLiquid' (type 'const volScalarField {aka const Foam::GeometricField<double, Foam::fvPatchField, Foam::volMesh>}') to type 'const scalar& {aka const double&}'
     + alphaLiquid*fSACXS*rhoHydrolysis
       ^
In file included from /opt/openfoam5/src/OpenFOAM/lnInclude/scalarFieldField.C:32:0,
                 from /opt/openfoam5/src/OpenFOAM/lnInclude/scalarFieldField.H:158,
                 from /opt/openfoam5/src/OpenFOAM/lnInclude/FieldFieldFunctions.H:26,
                 from /opt/openfoam5/src/OpenFOAM/lnInclude/FieldField.H:195,
                 from /opt/openfoam5/src/OpenFOAM/lnInclude/GeometricField.H:45,
                 from /opt/openfoam5/src/OpenFOAM/lnInclude/GeometricScalarField.H:38,
                 from /opt/openfoam5/src/OpenFOAM/lnInclude/GeometricFields.H:34,
                 from /opt/openfoam5/src/finiteVolume/lnInclude/volFields.H:37,
                 from /opt/openfoam5/src/finiteVolume/lnInclude/surfaceInterpolationScheme.C:27,
                 from /opt/openfoam5/src/finiteVolume/lnInclude/surfaceInterpolationScheme.H:307,
                 from /opt/openfoam5/src/finiteVolume/lnInclude/surfaceInterpolate.H:41,
                 from /opt/openfoam5/src/finiteVolume/lnInclude/fvc.H:39,
                 from /opt/openfoam5/src/finiteVolume/lnInclude/fvCFD.H:8,
                 from pamFoam.C:36:
/opt/openfoam5/src/OpenFOAM/lnInclude/FieldFieldFunctionsM.C:422:36: note: candidate: template<template<class> class Field> Foam::tmp<Foam::FieldField<Field, double> > Foam::operator+(const scalar&, const Foam::tmp<Foam::FieldField<Field, double> >&)
 tmp<FieldField<Field, ReturnType>> operator Op                                 \
                                    ^
/opt/openfoam5/src/OpenFOAM/lnInclude/FieldFieldFunctionsM.C:487:5: note: in expansion of macro 'BINARY_TYPE_OPERATOR_SF'
     BINARY_TYPE_OPERATOR_SF(ReturnType, Type1, Type2, Op, OpFunc)              \
     ^
/opt/openfoam5/src/OpenFOAM/lnInclude/scalarFieldField.C:85:1: note: in expansion of macro 'BINARY_TYPE_OPERATOR'
 BINARY_TYPE_OPERATOR(scalar, scalar, scalar, +, add)
 ^
/opt/openfoam5/src/OpenFOAM/lnInclude/FieldFieldFunctionsM.C:422:36: note:   template argument deduction/substitution failed:
 tmp<FieldField<Field, ReturnType>> operator Op                                 \
                                    ^
/opt/openfoam5/src/OpenFOAM/lnInclude/FieldFieldFunctionsM.C:487:5: note: in expansion of macro 'BINARY_TYPE_OPERATOR_SF'
     BINARY_TYPE_OPERATOR_SF(ReturnType, Type1, Type2, Op, OpFunc)              \
     ^
/opt/openfoam5/src/OpenFOAM/lnInclude/scalarFieldField.C:85:1: note: in expansion of macro 'BINARY_TYPE_OPERATOR'
 BINARY_TYPE_OPERATOR(scalar, scalar, scalar, +, add)
 ^
In file included from pamFoam.C:138:0:
./processModels/SACEqn.H:9:7: note:   cannot convert 'alphaLiquid' (type 'const volScalarField {aka const Foam::GeometricField<double, Foam::fvPatchField, Foam::volMesh>}') to type 'const scalar& {aka const double&}'
     + alphaLiquid*fSACXS*rhoHydrolysis
       ^
In file included from /opt/openfoam5/src/OpenFOAM/lnInclude/scalarFieldField.C:32:0,
                 from /opt/openfoam5/src/OpenFOAM/lnInclude/scalarFieldField.H:158,
                 from /opt/openfoam5/src/OpenFOAM/lnInclude/FieldFieldFunctions.H:26,
                 from /opt/openfoam5/src/OpenFOAM/lnInclude/FieldField.H:195,
                 from /opt/openfoam5/src/OpenFOAM/lnInclude/GeometricField.H:45,
                 from /opt/openfoam5/src/OpenFOAM/lnInclude/GeometricScalarField.H:38,
                 from /opt/openfoam5/src/OpenFOAM/lnInclude/GeometricFields.H:34,
                 from /opt/openfoam5/src/finiteVolume/lnInclude/volFields.H:37,
                 from /opt/openfoam5/src/finiteVolume/lnInclude/surfaceInterpolationScheme.C:27,
                 from /opt/openfoam5/src/finiteVolume/lnInclude/surfaceInterpolationScheme.H:307,
                 from /opt/openfoam5/src/finiteVolume/lnInclude/surfaceInterpolate.H:41,
                 from /opt/openfoam5/src/finiteVolume/lnInclude/fvc.H:39,
                 from /opt/openfoam5/src/finiteVolume/lnInclude/fvCFD.H:8,
                 from pamFoam.C:36:
/opt/openfoam5/src/OpenFOAM/lnInclude/FieldFieldFunctionsM.C:455:36: note: candidate: template<template<class> class Field> Foam::tmp<Foam::FieldField<Field, double> > Foam::operator+(const Foam::FieldField<Field, double>&, const scalar&)
 tmp<FieldField<Field, ReturnType>> operator Op                                 \
                                    ^
/opt/openfoam5/src/OpenFOAM/lnInclude/FieldFieldFunctionsM.C:488:5: note: in expansion of macro 'BINARY_TYPE_OPERATOR_FS'
     BINARY_TYPE_OPERATOR_FS(ReturnType, Type1, Type2, Op, OpFunc)
     ^
/opt/openfoam5/src/OpenFOAM/lnInclude/scalarFieldField.C:85:1: note: in expansion of macro 'BINARY_TYPE_OPERATOR'
 BINARY_TYPE_OPERATOR(scalar, scalar, scalar, +, add)
 ^
/opt/openfoam5/src/OpenFOAM/lnInclude/FieldFieldFunctionsM.C:455:36: note:   template argument deduction/substitution failed:
 tmp<FieldField<Field, ReturnType>> operator Op                                 \
                                    ^
/opt/openfoam5/src/OpenFOAM/lnInclude/FieldFieldFunctionsM.C:488:5: note: in expansion of macro 'BINARY_TYPE_OPERATOR_FS'
     BINARY_TYPE_OPERATOR_FS(ReturnType, Type1, Type2, Op, OpFunc)
     ^
/opt/openfoam5/src/OpenFOAM/lnInclude/scalarFieldField.C:85:1: note: in expansion of macro 'BINARY_TYPE_OPERATOR'
 BINARY_TYPE_OPERATOR(scalar, scalar, scalar, +, add)
 ^
In file included from pamFoam.C:138:0:
./processModels/SACEqn.H:9:7: note:   'const volScalarField {aka const Foam::GeometricField<double, Foam::fvPatchField, Foam::volMesh>}' is not derived from 'const Foam::FieldField<Field, double>'
     + alphaLiquid*fSACXS*rhoHydrolysis
       ^
In file included from /opt/openfoam5/src/OpenFOAM/lnInclude/scalarFieldField.C:32:0,
                 from /opt/openfoam5/src/OpenFOAM/lnInclude/scalarFieldField.H:158,
                 from /opt/openfoam5/src/OpenFOAM/lnInclude/FieldFieldFunctions.H:26,
                 from /opt/openfoam5/src/OpenFOAM/lnInclude/FieldField.H:195,
                 from /opt/openfoam5/src/OpenFOAM/lnInclude/GeometricField.H:45,
                 from /opt/openfoam5/src/OpenFOAM/lnInclude/GeometricScalarField.H:38,
                 from /opt/openfoam5/src/OpenFOAM/lnInclude/GeometricFields.H:34,
                 from /opt/openfoam5/src/finiteVolume/lnInclude/volFields.H:37,
                 from /opt/openfoam5/src/finiteVolume/lnInclude/surfaceInterpolationScheme.C:27,
                 from /opt/openfoam5/src/finiteVolume/lnInclude/surfaceInterpolationScheme.H:307,
                 from /opt/openfoam5/src/finiteVolume/lnInclude/surfaceInterpolate.H:41,
                 from /opt/openfoam5/src/finiteVolume/lnInclude/fvc.H:39,
                 from /opt/openfoam5/src/finiteVolume/lnInclude/fvCFD.H:8,
                 from pamFoam.C:36:
/opt/openfoam5/src/OpenFOAM/lnInclude/FieldFieldFunctionsM.C:470:36: note: candidate: template<template<class> class Field> Foam::tmp<Foam::FieldField<Field, double> > Foam::operator+(const Foam::tmp<Foam::FieldField<Field, double> >&, const scalar&)
 tmp<FieldField<Field, ReturnType>> operator Op                                 \
                                    ^
/opt/openfoam5/src/OpenFOAM/lnInclude/FieldFieldFunctionsM.C:488:5: note: in expansion of macro 'BINARY_TYPE_OPERATOR_FS'
     BINARY_TYPE_OPERATOR_FS(ReturnType, Type1, Type2, Op, OpFunc)
     ^
/opt/openfoam5/src/OpenFOAM/lnInclude/scalarFieldField.C:85:1: note: in expansion of macro 'BINARY_TYPE_OPERATOR'
 BINARY_TYPE_OPERATOR(scalar, scalar, scalar, +, add)
 ^
/opt/openfoam5/src/OpenFOAM/lnInclude/FieldFieldFunctionsM.C:470:36: note:   template argument deduction/substitution failed:
 tmp<FieldField<Field, ReturnType>> operator Op                                 \
                                    ^
/opt/openfoam5/src/OpenFOAM/lnInclude/FieldFieldFunctionsM.C:488:5: note: in expansion of macro 'BINARY_TYPE_OPERATOR_FS'
     BINARY_TYPE_OPERATOR_FS(ReturnType, Type1, Type2, Op, OpFunc)
     ^
/opt/openfoam5/src/OpenFOAM/lnInclude/scalarFieldField.C:85:1: note: in expansion of macro 'BINARY_TYPE_OPERATOR'
 BINARY_TYPE_OPERATOR(scalar, scalar, scalar, +, add)
 ^
In file included from pamFoam.C:138:0:
./processModels/SACEqn.H:9:7: note:   'const volScalarField {aka const Foam::GeometricField<double, Foam::fvPatchField, Foam::volMesh>}' is not derived from 'const Foam::tmp<Foam::FieldField<Field, double> >'
     + alphaLiquid*fSACXS*rhoHydrolysis
       ^
In file included from /opt/openfoam5/src/OpenFOAM/lnInclude/FieldField.C:390:0,
                 from /opt/openfoam5/src/OpenFOAM/lnInclude/FieldField.H:198,
                 from /opt/openfoam5/src/OpenFOAM/lnInclude/GeometricField.H:45,
                 from /opt/openfoam5/src/OpenFOAM/lnInclude/GeometricScalarField.H:38,
                 from /opt/openfoam5/src/OpenFOAM/lnInclude/GeometricFields.H:34,
                 from /opt/openfoam5/src/finiteVolume/lnInclude/volFields.H:37,
                 from /opt/openfoam5/src/finiteVolume/lnInclude/surfaceInterpolationScheme.C:27,
                 from /opt/openfoam5/src/finiteVolume/lnInclude/surfaceInterpolationScheme.H:307,
                 from /opt/openfoam5/src/finiteVolume/lnInclude/surfaceInterpolate.H:41,
                 from /opt/openfoam5/src/finiteVolume/lnInclude/fvc.H:39,
                 from /opt/openfoam5/src/finiteVolume/lnInclude/fvCFD.H:8,
                 from pamFoam.C:36:
/opt/openfoam5/src/OpenFOAM/lnInclude/FieldFieldFunctions.C:654:1: note: candidate: template<template<class> class Field1, template<class> class Field2, class Type1, class Type2> Foam::tmp<Foam::FieldField<Field1, typename Foam::typeOfSum<Type1, Type2>::type> > Foam::operator+(const Foam::FieldField<Field, Type1>&, const Foam::FieldField<Field2, Type2>&)
 operator op                                                                    \
 ^
/opt/openfoam5/src/OpenFOAM/lnInclude/FieldFieldFunctions.C:901:1: note: in expansion of macro 'PRODUCT_OPERATOR'
 PRODUCT_OPERATOR(typeOfSum, +, add)
 ^
/opt/openfoam5/src/OpenFOAM/lnInclude/FieldFieldFunctions.C:654:1: note:   template argument deduction/substitution failed:
 operator op                                                                    \
 ^
/opt/openfoam5/src/OpenFOAM/lnInclude/FieldFieldFunctions.C:901:1: note: in expansion of macro 'PRODUCT_OPERATOR'
 PRODUCT_OPERATOR(typeOfSum, +, add)
 ^
In file included from pamFoam.C:138:0:
./processModels/SACEqn.H:9:7: note:   'const volScalarField {aka const Foam::GeometricField<double, Foam::fvPatchField, Foam::volMesh>}' is not derived from 'const Foam::FieldField<Field, Type1>'
     + alphaLiquid*fSACXS*rhoHydrolysis
       ^
In file included from /opt/openfoam5/src/OpenFOAM/lnInclude/FieldField.C:390:0,
                 from /opt/openfoam5/src/OpenFOAM/lnInclude/FieldField.H:198,
                 from /opt/openfoam5/src/OpenFOAM/lnInclude/GeometricField.H:45,
                 from /opt/openfoam5/src/OpenFOAM/lnInclude/GeometricScalarField.H:38,
                 from /opt/openfoam5/src/OpenFOAM/lnInclude/GeometricFields.H:34,
                 from /opt/openfoam5/src/finiteVolume/lnInclude/volFields.H:37,
                 from /opt/openfoam5/src/finiteVolume/lnInclude/surfaceInterpolationScheme.C:27,
                 from /opt/openfoam5/src/finiteVolume/lnInclude/surfaceInterpolationScheme.H:307,
                 from /opt/openfoam5/src/finiteVolume/lnInclude/surfaceInterpolate.H:41,
                 from /opt/openfoam5/src/finiteVolume/lnInclude/fvc.H:39,
                 from /opt/openfoam5/src/finiteVolume/lnInclude/fvCFD.H:8,
                 from pamFoam.C:36:
/opt/openfoam5/src/OpenFOAM/lnInclude/FieldFieldFunctions.C:671:1: note: candidate: template<template<class> class Field, class Type1, class Type2> Foam::tmp<Foam::FieldField<Field, typename Foam::typeOfSum<Type1, Type2>::type> > Foam::operator+(const Foam::FieldField<Field, Type>&, const Foam::tmp<Foam::FieldField<Field, Type1> >&)
 operator op                                                                    \
 ^
/opt/openfoam5/src/OpenFOAM/lnInclude/FieldFieldFunctions.C:901:1: note: in expansion of macro 'PRODUCT_OPERATOR'
 PRODUCT_OPERATOR(typeOfSum, +, add)
 ^
/opt/openfoam5/src/OpenFOAM/lnInclude/FieldFieldFunctions.C:671:1: note:   template argument deduction/substitution failed:
 operator op                                                                    \
 ^
/opt/openfoam5/src/OpenFOAM/lnInclude/FieldFieldFunctions.C:901:1: note: in expansion of macro 'PRODUCT_OPERATOR'
 PRODUCT_OPERATOR(typeOfSum, +, add)
 ^
In file included from pamFoam.C:138:0:
./processModels/SACEqn.H:9:7: note:   'const volScalarField {aka const Foam::GeometricField<double, Foam::fvPatchField, Foam::volMesh>}' is not derived from 'const Foam::FieldField<Field, Type>'
     + alphaLiquid*fSACXS*rhoHydrolysis
       ^
In file included from /opt/openfoam5/src/OpenFOAM/lnInclude/FieldField.H:195:0,
                 from /opt/openfoam5/src/OpenFOAM/lnInclude/GeometricField.H:45,
                 from /opt/openfoam5/src/OpenFOAM/lnInclude/GeometricScalarField.H:38,
                 from /opt/openfoam5/src/OpenFOAM/lnInclude/GeometricFields.H:34,
                 from /opt/openfoam5/src/finiteVolume/lnInclude/volFields.H:37,
                 from /opt/openfoam5/src/finiteVolume/lnInclude/surfaceInterpolationScheme.C:27,
                 from /opt/openfoam5/src/finiteVolume/lnInclude/surfaceInterpolationScheme.H:307,
                 from /opt/openfoam5/src/finiteVolume/lnInclude/surfaceInterpolate.H:41,
                 from /opt/openfoam5/src/finiteVolume/lnInclude/fvc.H:39,
                 from /opt/openfoam5/src/finiteVolume/lnInclude/fvCFD.H:8,
                 from pamFoam.C:36:
/opt/openfoam5/src/OpenFOAM/lnInclude/FieldFieldFunctions.H:314:1: note: candidate: template<template<class> class Field1, template<class> class Field2, class Type1, class Type2> Foam::tmp<Foam::FieldField<Field1, typename Foam::typeOfSum<Type1, Type2>::type> > Foam::operator+(const Foam::FieldField<Field, Type1>&, const Foam::tmp<Foam::FieldField<Field2, Type2> >&)
 operator op                                                                    \
 ^
/opt/openfoam5/src/OpenFOAM/lnInclude/FieldFieldFunctions.H:438:1: note: in expansion of macro 'PRODUCT_OPERATOR'
 PRODUCT_OPERATOR(typeOfSum, +, add)
 ^
/opt/openfoam5/src/OpenFOAM/lnInclude/FieldFieldFunctions.H:314:1: note:   template argument deduction/substitution failed:
 operator op                                                                    \
 ^
/opt/openfoam5/src/OpenFOAM/lnInclude/FieldFieldFunctions.H:438:1: note: in expansion of macro 'PRODUCT_OPERATOR'
 PRODUCT_OPERATOR(typeOfSum, +, add)
 ^
In file included from pamFoam.C:138:0:
./processModels/SACEqn.H:9:7: note:   'const volScalarField {aka const Foam::GeometricField<double, Foam::fvPatchField, Foam::volMesh>}' is not derived from 'const Foam::FieldField<Field, Type1>'
     + alphaLiquid*fSACXS*rhoHydrolysis
       ^
In file included from /opt/openfoam5/src/OpenFOAM/lnInclude/FieldField.C:390:0,
                 from /opt/openfoam5/src/OpenFOAM/lnInclude/FieldField.H:198,
                 from /opt/openfoam5/src/OpenFOAM/lnInclude/GeometricField.H:45,
                 from /opt/openfoam5/src/OpenFOAM/lnInclude/GeometricScalarField.H:38,
                 from /opt/openfoam5/src/OpenFOAM/lnInclude/GeometricFields.H:34,
                 from /opt/openfoam5/src/finiteVolume/lnInclude/volFields.H:37,
                 from /opt/openfoam5/src/finiteVolume/lnInclude/surfaceInterpolationScheme.C:27,
                 from /opt/openfoam5/src/finiteVolume/lnInclude/surfaceInterpolationScheme.H:307,
                 from /opt/openfoam5/src/finiteVolume/lnInclude/surfaceInterpolate.H:41,
                 from /opt/openfoam5/src/finiteVolume/lnInclude/fvc.H:39,
                 from /opt/openfoam5/src/finiteVolume/lnInclude/fvCFD.H:8,
                 from pamFoam.C:36:
/opt/openfoam5/src/OpenFOAM/lnInclude/FieldFieldFunctions.C:719:1: note: candidate: template<template<class> class Field1, template<class> class Field2, class Type1, class Type2> Foam::tmp<Foam::FieldField<Field1, typename Foam::typeOfSum<Type1, Type2>::type> > Foam::operator+(const Foam::tmp<Foam::FieldField<Field, Type1> >&, const Foam::FieldField<Field2, Type2>&)
 operator op                                                                    \
 ^
/opt/openfoam5/src/OpenFOAM/lnInclude/FieldFieldFunctions.C:901:1: note: in expansion of macro 'PRODUCT_OPERATOR'
 PRODUCT_OPERATOR(typeOfSum, +, add)
 ^
/opt/openfoam5/src/OpenFOAM/lnInclude/FieldFieldFunctions.C:719:1: note:   template argument deduction/substitution failed:
 operator op                                                                    \
 ^
/opt/openfoam5/src/OpenFOAM/lnInclude/FieldFieldFunctions.C:901:1: note: in expansion of macro 'PRODUCT_OPERATOR'
 PRODUCT_OPERATOR(typeOfSum, +, add)
 ^
In file included from pamFoam.C:138:0:
./processModels/SACEqn.H:9:7: note:   'const volScalarField {aka const Foam::GeometricField<double, Foam::fvPatchField, Foam::volMesh>}' is not derived from 'const Foam::tmp<Foam::FieldField<Field, Type1> >'
     + alphaLiquid*fSACXS*rhoHydrolysis
       ^
In file included from /opt/openfoam5/src/OpenFOAM/lnInclude/FieldField.C:390:0,
                 from /opt/openfoam5/src/OpenFOAM/lnInclude/FieldField.H:198,
                 from /opt/openfoam5/src/OpenFOAM/lnInclude/GeometricField.H:45,
                 from /opt/openfoam5/src/OpenFOAM/lnInclude/GeometricScalarField.H:38,
                 from /opt/openfoam5/src/OpenFOAM/lnInclude/GeometricFields.H:34,
                 from /opt/openfoam5/src/finiteVolume/lnInclude/volFields.H:37,
                 from /opt/openfoam5/src/finiteVolume/lnInclude/surfaceInterpolationScheme.C:27,
                 from /opt/openfoam5/src/finiteVolume/lnInclude/surfaceInterpolationScheme.H:307,
                 from /opt/openfoam5/src/finiteVolume/lnInclude/surfaceInterpolate.H:41,
                 from /opt/openfoam5/src/finiteVolume/lnInclude/fvc.H:39,
                 from /opt/openfoam5/src/finiteVolume/lnInclude/fvCFD.H:8,
                 from pamFoam.C:36:
/opt/openfoam5/src/OpenFOAM/lnInclude/FieldFieldFunctions.C:743:1: note: candidate: template<template<class> class Field1, template<class> class Field2, class Type1, class Type2> Foam::tmp<Foam::FieldField<Field1, typename Foam::typeOfSum<Type1, Type2>::type> > Foam::operator+(const Foam::tmp<Foam::FieldField<Field, Type1> >&, const Foam::tmp<Foam::FieldField<Field2, Type2> >&)
 operator op                                                                    \
 ^
/opt/openfoam5/src/OpenFOAM/lnInclude/FieldFieldFunctions.C:901:1: note: in expansion of macro 'PRODUCT_OPERATOR'
 PRODUCT_OPERATOR(typeOfSum, +, add)
 ^
/opt/openfoam5/src/OpenFOAM/lnInclude/FieldFieldFunctions.C:743:1: note:   template argument deduction/substitution failed:
 operator op                                                                    \
 ^
/opt/openfoam5/src/OpenFOAM/lnInclude/FieldFieldFunctions.C:901:1: note: in expansion of macro 'PRODUCT_OPERATOR'
 PRODUCT_OPERATOR(typeOfSum, +, add)
 ^
In file included from pamFoam.C:138:0:
./processModels/SACEqn.H:9:7: note:   'const volScalarField {aka const Foam::GeometricField<double, Foam::fvPatchField, Foam::volMesh>}' is not derived from 'const Foam::tmp<Foam::FieldField<Field, Type1> >'
     + alphaLiquid*fSACXS*rhoHydrolysis
       ^
In file included from /opt/openfoam5/src/OpenFOAM/lnInclude/FieldField.C:390:0,
                 from /opt/openfoam5/src/OpenFOAM/lnInclude/FieldField.H:198,
                 from /opt/openfoam5/src/OpenFOAM/lnInclude/GeometricField.H:45,
                 from /opt/openfoam5/src/OpenFOAM/lnInclude/GeometricScalarField.H:38,
                 from /opt/openfoam5/src/OpenFOAM/lnInclude/GeometricFields.H:34,
                 from /opt/openfoam5/src/finiteVolume/lnInclude/volFields.H:37,
                 from /opt/openfoam5/src/finiteVolume/lnInclude/surfaceInterpolationScheme.C:27,
                 from /opt/openfoam5/src/finiteVolume/lnInclude/surfaceInterpolationScheme.H:307,
                 from /opt/openfoam5/src/finiteVolume/lnInclude/surfaceInterpolate.H:41,
                 from /opt/openfoam5/src/finiteVolume/lnInclude/fvc.H:39,
                 from /opt/openfoam5/src/finiteVolume/lnInclude/fvCFD.H:8,
                 from pamFoam.C:36:
/opt/openfoam5/src/OpenFOAM/lnInclude/FieldFieldFunctions.C:791:1: note: candidate: template<template<class> class Field, class Type, class Form, class Cmpt, unsigned char nCmpt> Foam::tmp<Foam::FieldField<Field, typename Foam::typeOfSum<Type1, Type2>::type> > Foam::operator+(const Foam::FieldField<Field, Type>&, const Foam::VectorSpace<Form, Cmpt, nCmpt>&)
 operator op                                                                    \
 ^
/opt/openfoam5/src/OpenFOAM/lnInclude/FieldFieldFunctions.C:901:1: note: in expansion of macro 'PRODUCT_OPERATOR'
 PRODUCT_OPERATOR(typeOfSum, +, add)
 ^
/opt/openfoam5/src/OpenFOAM/lnInclude/FieldFieldFunctions.C:791:1: note:   template argument deduction/substitution failed:
 operator op                                                                    \
 ^
/opt/openfoam5/src/OpenFOAM/lnInclude/FieldFieldFunctions.C:901:1: note: in expansion of macro 'PRODUCT_OPERATOR'
 PRODUCT_OPERATOR(typeOfSum, +, add)
 ^
In file included from pamFoam.C:138:0:
./processModels/SACEqn.H:9:7: note:   'const volScalarField {aka const Foam::GeometricField<double, Foam::fvPatchField, Foam::volMesh>}' is not derived from 'const Foam::FieldField<Field, Type>'
     + alphaLiquid*fSACXS*rhoHydrolysis
       ^
In file included from /opt/openfoam5/src/OpenFOAM/lnInclude/FieldField.C:390:0,
                 from /opt/openfoam5/src/OpenFOAM/lnInclude/FieldField.H:198,
                 from /opt/openfoam5/src/OpenFOAM/lnInclude/GeometricField.H:45,
                 from /opt/openfoam5/src/OpenFOAM/lnInclude/GeometricScalarField.H:38,
                 from /opt/openfoam5/src/OpenFOAM/lnInclude/GeometricFields.H:34,
                 from /opt/openfoam5/src/finiteVolume/lnInclude/volFields.H:37,
                 from /opt/openfoam5/src/finiteVolume/lnInclude/surfaceInterpolationScheme.C:27,
                 from /opt/openfoam5/src/finiteVolume/lnInclude/surfaceInterpolationScheme.H:307,
                 from /opt/openfoam5/src/finiteVolume/lnInclude/surfaceInterpolate.H:41,
                 from /opt/openfoam5/src/finiteVolume/lnInclude/fvc.H:39,
                 from /opt/openfoam5/src/finiteVolume/lnInclude/fvCFD.H:8,
                 from pamFoam.C:36:
/opt/openfoam5/src/OpenFOAM/lnInclude/FieldFieldFunctions.C:815:1: note: candidate: template<template<class> class Field, class Type, class Form, class Cmpt, unsigned char nCmpt> Foam::tmp<Foam::FieldField<Field, typename Foam::typeOfSum<Type1, Type2>::type> > Foam::operator+(const Foam::tmp<Foam::FieldField<Field, Type> >&, const Foam::VectorSpace<Form, Cmpt, nCmpt>&)
 operator op                                                                    \
 ^
/opt/openfoam5/src/OpenFOAM/lnInclude/FieldFieldFunctions.C:901:1: note: in expansion of macro 'PRODUCT_OPERATOR'
 PRODUCT_OPERATOR(typeOfSum, +, add)
 ^
/opt/openfoam5/src/OpenFOAM/lnInclude/FieldFieldFunctions.C:815:1: note:   template argument deduction/substitution failed:
 operator op                                                                    \
 ^
/opt/openfoam5/src/OpenFOAM/lnInclude/FieldFieldFunctions.C:901:1: note: in expansion of macro 'PRODUCT_OPERATOR'
 PRODUCT_OPERATOR(typeOfSum, +, add)
 ^
In file included from pamFoam.C:138:0:
./processModels/SACEqn.H:9:7: note:   'const volScalarField {aka const Foam::GeometricField<double, Foam::fvPatchField, Foam::volMesh>}' is not derived from 'const Foam::tmp<Foam::FieldField<Field, Type> >'
     + alphaLiquid*fSACXS*rhoHydrolysis
       ^
In file included from /opt/openfoam5/src/OpenFOAM/lnInclude/FieldField.C:390:0,
                 from /opt/openfoam5/src/OpenFOAM/lnInclude/FieldField.H:198,
                 from /opt/openfoam5/src/OpenFOAM/lnInclude/GeometricField.H:45,
                 from /opt/openfoam5/src/OpenFOAM/lnInclude/GeometricScalarField.H:38,
                 from /opt/openfoam5/src/OpenFOAM/lnInclude/GeometricFields.H:34,
                 from /opt/openfoam5/src/finiteVolume/lnInclude/volFields.H:37,
                 from /opt/openfoam5/src/finiteVolume/lnInclude/surfaceInterpolationScheme.C:27,
                 from /opt/openfoam5/src/finiteVolume/lnInclude/surfaceInterpolationScheme.H:307,
                 from /opt/openfoam5/src/finiteVolume/lnInclude/surfaceInterpolate.H:41,
                 from /opt/openfoam5/src/finiteVolume/lnInclude/fvc.H:39,
                 from /opt/openfoam5/src/finiteVolume/lnInclude/fvCFD.H:8,
                 from pamFoam.C:36:
/opt/openfoam5/src/OpenFOAM/lnInclude/FieldFieldFunctions.C:861:1: note: candidate: template<template<class> class Field, class Type, class Form, class Cmpt, unsigned char nCmpt> Foam::tmp<Foam::FieldField<Field, typename Foam::typeOfSum<Form, Type>::type> > Foam::operator+(const Foam::VectorSpace<Form, Cmpt, nCmpt>&, const Foam::FieldField<Field, Type>&)
 operator op                                                                    \
 ^
/opt/openfoam5/src/OpenFOAM/lnInclude/FieldFieldFunctions.C:901:1: note: in expansion of macro 'PRODUCT_OPERATOR'
 PRODUCT_OPERATOR(typeOfSum, +, add)
 ^
/opt/openfoam5/src/OpenFOAM/lnInclude/FieldFieldFunctions.C:861:1: note:   template argument deduction/substitution failed:
 operator op                                                                    \
 ^
/opt/openfoam5/src/OpenFOAM/lnInclude/FieldFieldFunctions.C:901:1: note: in expansion of macro 'PRODUCT_OPERATOR'
 PRODUCT_OPERATOR(typeOfSum, +, add)
 ^
In file included from pamFoam.C:138:0:
./processModels/SACEqn.H:9:7: note:   'const volScalarField {aka const Foam::GeometricField<double, Foam::fvPatchField, Foam::volMesh>}' is not derived from 'const Foam::VectorSpace<Form, Cmpt, nCmpt>'
     + alphaLiquid*fSACXS*rhoHydrolysis
       ^
In file included from /opt/openfoam5/src/OpenFOAM/lnInclude/FieldField.C:390:0,
                 from /opt/openfoam5/src/OpenFOAM/lnInclude/FieldField.H:198,
                 from /opt/openfoam5/src/OpenFOAM/lnInclude/GeometricField.H:45,
                 from /opt/openfoam5/src/OpenFOAM/lnInclude/GeometricScalarField.H:38,
                 from /opt/openfoam5/src/OpenFOAM/lnInclude/GeometricFields.H:34,
                 from /opt/openfoam5/src/finiteVolume/lnInclude/volFields.H:37,
                 from /opt/openfoam5/src/finiteVolume/lnInclude/surfaceInterpolationScheme.C:27,
                 from /opt/openfoam5/src/finiteVolume/lnInclude/surfaceInterpolationScheme.H:307,
                 from /opt/openfoam5/src/finiteVolume/lnInclude/surfaceInterpolate.H:41,
                 from /opt/openfoam5/src/finiteVolume/lnInclude/fvc.H:39,
                 from /opt/openfoam5/src/finiteVolume/lnInclude/fvCFD.H:8,
                 from pamFoam.C:36:
/opt/openfoam5/src/OpenFOAM/lnInclude/FieldFieldFunctions.C:885:1: note: candidate: template<template<class> class Field, class Type, class Form, class Cmpt, unsigned char nCmpt> Foam::tmp<Foam::FieldField<Field, typename Foam::typeOfSum<Form, Type>::type> > Foam::operator+(const Foam::VectorSpace<Form, Cmpt, nCmpt>&, const Foam::tmp<Foam::FieldField<Field, Type> >&)
 operator op                                                                    \
 ^
/opt/openfoam5/src/OpenFOAM/lnInclude/FieldFieldFunctions.C:901:1: note: in expansion of macro 'PRODUCT_OPERATOR'
 PRODUCT_OPERATOR(typeOfSum, +, add)
 ^
/opt/openfoam5/src/OpenFOAM/lnInclude/FieldFieldFunctions.C:885:1: note:   template argument deduction/substitution failed:
 operator op                                                                    \
 ^
/opt/openfoam5/src/OpenFOAM/lnInclude/FieldFieldFunctions.C:901:1: note: in expansion of macro 'PRODUCT_OPERATOR'
 PRODUCT_OPERATOR(typeOfSum, +, add)
 ^
In file included from pamFoam.C:138:0:
./processModels/SACEqn.H:9:7: note:   'const volScalarField {aka const Foam::GeometricField<double, Foam::fvPatchField, Foam::volMesh>}' is not derived from 'const Foam::VectorSpace<Form, Cmpt, nCmpt>'
     + alphaLiquid*fSACXS*rhoHydrolysis
       ^
In file included from /opt/openfoam5/src/OpenFOAM/lnInclude/FieldField.C:390:0,
                 from /opt/openfoam5/src/OpenFOAM/lnInclude/FieldField.H:198,
                 from /opt/openfoam5/src/OpenFOAM/lnInclude/GeometricField.H:45,
                 from /opt/openfoam5/src/OpenFOAM/lnInclude/GeometricScalarField.H:38,
                 from /opt/openfoam5/src/OpenFOAM/lnInclude/GeometricFields.H:34,
                 from /opt/openfoam5/src/finiteVolume/lnInclude/volFields.H:37,
                 from /opt/openfoam5/src/finiteVolume/lnInclude/surfaceInterpolationScheme.C:27,
                 from /opt/openfoam5/src/finiteVolume/lnInclude/surfaceInterpolationScheme.H:307,
                 from /opt/openfoam5/src/finiteVolume/lnInclude/surfaceInterpolate.H:41,
                 from /opt/openfoam5/src/finiteVolume/lnInclude/fvc.H:39,
                 from /opt/openfoam5/src/finiteVolume/lnInclude/fvCFD.H:8,
                 from pamFoam.C:36:
/opt/openfoam5/src/OpenFOAM/lnInclude/FieldFieldFunctions.C:695:1: note: candidate: template<template<class> class Field1, template<class> class Field2, class Type1, class Type2> Foam::tmp<Foam::FieldField<Foam::Field, typename Foam::typeOfSum<Type1, Type2>::type> > Foam::operator+(const Foam::FieldField<Field, Type1>&, const Foam::tmp<Foam::FieldField<Field2, Type2> >&)
 operator op                                                                    \
 ^
/opt/openfoam5/src/OpenFOAM/lnInclude/FieldFieldFunctions.C:901:1: note: in expansion of macro 'PRODUCT_OPERATOR'
 PRODUCT_OPERATOR(typeOfSum, +, add)
 ^
/opt/openfoam5/src/OpenFOAM/lnInclude/FieldFieldFunctions.C:695:1: note:   template argument deduction/substitution failed:
 operator op                                                                    \
 ^
/opt/openfoam5/src/OpenFOAM/lnInclude/FieldFieldFunctions.C:901:1: note: in expansion of macro 'PRODUCT_OPERATOR'
 PRODUCT_OPERATOR(typeOfSum, +, add)
 ^
In file included from pamFoam.C:138:0:
./processModels/SACEqn.H:9:7: note:   'const volScalarField {aka const Foam::GeometricField<double, Foam::fvPatchField, Foam::volMesh>}' is not derived from 'const Foam::FieldField<Field, Type1>'
     + alphaLiquid*fSACXS*rhoHydrolysis
       ^
In file included from /opt/openfoam5/src/OpenFOAM/lnInclude/DiagTensor.H:115:0,
                 from /opt/openfoam5/src/OpenFOAM/lnInclude/diagTensor.H:38,
                 from /opt/openfoam5/src/OpenFOAM/lnInclude/diagTensorField.H:39,
                 from /opt/openfoam5/src/OpenFOAM/lnInclude/coupledPolyPatch.H:41,
                 from /opt/openfoam5/src/OpenFOAM/lnInclude/processorPolyPatch.H:42,
                 from /opt/openfoam5/src/OpenFOAM/lnInclude/processorTopology.H:30,
                 from /opt/openfoam5/src/OpenFOAM/lnInclude/globalMeshData.H:84,
                 from /opt/openfoam5/src/OpenFOAM/lnInclude/GeometricBoundaryField.C:28,
                 from /opt/openfoam5/src/OpenFOAM/lnInclude/GeometricField.C:1352,
                 from /opt/openfoam5/src/OpenFOAM/lnInclude/GeometricField.H:660,
                 from /opt/openfoam5/src/OpenFOAM/lnInclude/GeometricScalarField.H:38,
                 from /opt/openfoam5/src/OpenFOAM/lnInclude/GeometricFields.H:34,
                 from /opt/openfoam5/src/finiteVolume/lnInclude/volFields.H:37,
                 from /opt/openfoam5/src/finiteVolume/lnInclude/surfaceInterpolationScheme.C:27,
                 from /opt/openfoam5/src/finiteVolume/lnInclude/surfaceInterpolationScheme.H:307,
                 from /opt/openfoam5/src/finiteVolume/lnInclude/surfaceInterpolate.H:41,
                 from /opt/openfoam5/src/finiteVolume/lnInclude/fvc.H:39,
                 from /opt/openfoam5/src/finiteVolume/lnInclude/fvCFD.H:8,
                 from pamFoam.C:36:
/opt/openfoam5/src/OpenFOAM/lnInclude/DiagTensorI.H:124:1: note: candidate: template<class Cmpt> Foam::Tensor<Cmpt> Foam::operator+(const Foam::DiagTensor<Cmpt>&, const Foam::Tensor<Cmpt>&)
 operator+(const DiagTensor<Cmpt>& dt1, const Tensor<Cmpt>& t2)
 ^
/opt/openfoam5/src/OpenFOAM/lnInclude/DiagTensorI.H:124:1: note:   template argument deduction/substitution failed:
In file included from pamFoam.C:138:0:
./processModels/SACEqn.H:9:7: note:   'const volScalarField {aka const Foam::GeometricField<double, Foam::fvPatchField, Foam::volMesh>}' is not derived from 'const Foam::DiagTensor<Cmpt>'
     + alphaLiquid*fSACXS*rhoHydrolysis
       ^
In file included from /opt/openfoam5/src/OpenFOAM/lnInclude/DiagTensor.H:115:0,
                 from /opt/openfoam5/src/OpenFOAM/lnInclude/diagTensor.H:38,
                 from /opt/openfoam5/src/OpenFOAM/lnInclude/diagTensorField.H:39,
                 from /opt/openfoam5/src/OpenFOAM/lnInclude/coupledPolyPatch.H:41,
                 from /opt/openfoam5/src/OpenFOAM/lnInclude/processorPolyPatch.H:42,
                 from /opt/openfoam5/src/OpenFOAM/lnInclude/processorTopology.H:30,
                 from /opt/openfoam5/src/OpenFOAM/lnInclude/globalMeshData.H:84,
                 from /opt/openfoam5/src/OpenFOAM/lnInclude/GeometricBoundaryField.C:28,
                 from /opt/openfoam5/src/OpenFOAM/lnInclude/GeometricField.C:1352,
                 from /opt/openfoam5/src/OpenFOAM/lnInclude/GeometricField.H:660,
                 from /opt/openfoam5/src/OpenFOAM/lnInclude/GeometricScalarField.H:38,
                 from /opt/openfoam5/src/OpenFOAM/lnInclude/GeometricFields.H:34,
                 from /opt/openfoam5/src/finiteVolume/lnInclude/volFields.H:37,
                 from /opt/openfoam5/src/finiteVolume/lnInclude/surfaceInterpolationScheme.C:27,
                 from /opt/openfoam5/src/finiteVolume/lnInclude/surfaceInterpolationScheme.H:307,
                 from /opt/openfoam5/src/finiteVolume/lnInclude/surfaceInterpolate.H:41,
                 from /opt/openfoam5/src/finiteVolume/lnInclude/fvc.H:39,
                 from /opt/openfoam5/src/finiteVolume/lnInclude/fvCFD.H:8,
                 from pamFoam.C:36:
/opt/openfoam5/src/OpenFOAM/lnInclude/DiagTensorI.H:137:1: note: candidate: template<class Cmpt> Foam::Tensor<Cmpt> Foam::operator+(const Foam::Tensor<Cmpt>&, const Foam::DiagTensor<Cmpt>&)
 operator+(const Tensor<Cmpt>& t1, const DiagTensor<Cmpt>& dt2)
 ^
/opt/openfoam5/src/OpenFOAM/lnInclude/DiagTensorI.H:137:1: note:   template argument deduction/substitution failed:
In file included from pamFoam.C:138:0:
./processModels/SACEqn.H:9:7: note:   'const volScalarField {aka const Foam::GeometricField<double, Foam::fvPatchField, Foam::volMesh>}' is not derived from 'const Foam::Tensor<Cmpt>'
     + alphaLiquid*fSACXS*rhoHydrolysis
       ^
In file included from /opt/openfoam5/src/OpenFOAM/lnInclude/diagTensorField.H:42:0,
                 from /opt/openfoam5/src/OpenFOAM/lnInclude/coupledPolyPatch.H:41,
                 from /opt/openfoam5/src/OpenFOAM/lnInclude/processorPolyPatch.H:42,
                 from /opt/openfoam5/src/OpenFOAM/lnInclude/processorTopology.H:30,
                 from /opt/openfoam5/src/OpenFOAM/lnInclude/globalMeshData.H:84,
                 from /opt/openfoam5/src/OpenFOAM/lnInclude/GeometricBoundaryField.C:28,
                 from /opt/openfoam5/src/OpenFOAM/lnInclude/GeometricField.C:1352,
                 from /opt/openfoam5/src/OpenFOAM/lnInclude/GeometricField.H:660,
                 from /opt/openfoam5/src/OpenFOAM/lnInclude/GeometricScalarField.H:38,
                 from /opt/openfoam5/src/OpenFOAM/lnInclude/GeometricFields.H:34,
                 from /opt/openfoam5/src/finiteVolume/lnInclude/volFields.H:37,
                 from /opt/openfoam5/src/finiteVolume/lnInclude/surfaceInterpolationScheme.C:27,
                 from /opt/openfoam5/src/finiteVolume/lnInclude/surfaceInterpolationScheme.H:307,
                 from /opt/openfoam5/src/finiteVolume/lnInclude/surfaceInterpolate.H:41,
                 from /opt/openfoam5/src/finiteVolume/lnInclude/fvc.H:39,
                 from /opt/openfoam5/src/finiteVolume/lnInclude/fvCFD.H:8,
                 from pamFoam.C:36:
/opt/openfoam5/src/OpenFOAM/lnInclude/FieldFunctionsM.H:166:24: note: candidate: Foam::tmp<Foam::Field<Foam::Tensor<double> > > Foam::operator+(const Foam::UList<Foam::DiagTensor<double> >&, const Foam::UList<Foam::Tensor<double> >&)
 tmp<Field<ReturnType>> operator Op                                             \
                        ^
/opt/openfoam5/src/OpenFOAM/lnInclude/diagTensorField.H:60:1: note: in expansion of macro 'BINARY_OPERATOR'
 BINARY_OPERATOR(tensor, diagTensor, tensor, +, add)
 ^
/opt/openfoam5/src/OpenFOAM/lnInclude/FieldFunctionsM.H:166:24: note:   candidate expects 2 arguments, 1 provided
 tmp<Field<ReturnType>> operator Op                                             \
                        ^
/opt/openfoam5/src/OpenFOAM/lnInclude/diagTensorField.H:60:1: note: in expansion of macro 'BINARY_OPERATOR'
 BINARY_OPERATOR(tensor, diagTensor, tensor, +, add)
 ^
/opt/openfoam5/src/OpenFOAM/lnInclude/FieldFunctionsM.H:173:24: note: candidate: Foam::tmp<Foam::Field<Foam::Tensor<double> > > Foam::operator+(const Foam::UList<Foam::DiagTensor<double> >&, const Foam::tmp<Foam::Field<Foam::Tensor<double> > >&)
 tmp<Field<ReturnType>> operator Op                                             \
                        ^
/opt/openfoam5/src/OpenFOAM/lnInclude/diagTensorField.H:60:1: note: in expansion of macro 'BINARY_OPERATOR'
 BINARY_OPERATOR(tensor, diagTensor, tensor, +, add)
 ^
/opt/openfoam5/src/OpenFOAM/lnInclude/FieldFunctionsM.H:173:24: note:   candidate expects 2 arguments, 1 provided
 tmp<Field<ReturnType>> operator Op                                             \
                        ^
/opt/openfoam5/src/OpenFOAM/lnInclude/diagTensorField.H:60:1: note: in expansion of macro 'BINARY_OPERATOR'
 BINARY_OPERATOR(tensor, diagTensor, tensor, +, add)
 ^
/opt/openfoam5/src/OpenFOAM/lnInclude/FieldFunctionsM.H:180:24: note: candidate: Foam::tmp<Foam::Field<Foam::Tensor<double> > > Foam::operator+(const Foam::tmp<Foam::Field<Foam::DiagTensor<double> > >&, const Foam::UList<Foam::Tensor<double> >&)
 tmp<Field<ReturnType>> operator Op                                             \
                        ^
/opt/openfoam5/src/OpenFOAM/lnInclude/diagTensorField.H:60:1: note: in expansion of macro 'BINARY_OPERATOR'
 BINARY_OPERATOR(tensor, diagTensor, tensor, +, add)
 ^
/opt/openfoam5/src/OpenFOAM/lnInclude/FieldFunctionsM.H:180:24: note:   candidate expects 2 arguments, 1 provided
 tmp<Field<ReturnType>> operator Op                                             \
                        ^
/opt/openfoam5/src/OpenFOAM/lnInclude/diagTensorField.H:60:1: note: in expansion of macro 'BINARY_OPERATOR'
 BINARY_OPERATOR(tensor, diagTensor, tensor, +, add)
 ^
/opt/openfoam5/src/OpenFOAM/lnInclude/FieldFunctionsM.H:187:24: note: candidate: Foam::tmp<Foam::Field<Foam::Tensor<double> > > Foam::operator+(const Foam::tmp<Foam::Field<Foam::DiagTensor<double> > >&, const Foam::tmp<Foam::Field<Foam::Tensor<double> > >&)
 tmp<Field<ReturnType>> operator Op                                             \
                        ^
/opt/openfoam5/src/OpenFOAM/lnInclude/diagTensorField.H:60:1: note: in expansion of macro 'BINARY_OPERATOR'
 BINARY_OPERATOR(tensor, diagTensor, tensor, +, add)
 ^
/opt/openfoam5/src/OpenFOAM/lnInclude/FieldFunctionsM.H:187:24: note:   candidate expects 2 arguments, 1 provided
 tmp<Field<ReturnType>> operator Op                                             \
                        ^
/opt/openfoam5/src/OpenFOAM/lnInclude/diagTensorField.H:60:1: note: in expansion of macro 'BINARY_OPERATOR'
 BINARY_OPERATOR(tensor, diagTensor, tensor, +, add)
 ^
/opt/openfoam5/src/OpenFOAM/lnInclude/FieldFunctionsM.H:207:24: note: candidate: Foam::tmp<Foam::Field<Foam::Tensor<double> > > Foam::operator+(const diagTensor&, const Foam::UList<Foam::Tensor<double> >&)
 tmp<Field<ReturnType>> operator Op                                             \
                        ^
/opt/openfoam5/src/OpenFOAM/lnInclude/FieldFunctionsM.H:247:5: note: in expansion of macro 'BINARY_TYPE_OPERATOR_SF'
     BINARY_TYPE_OPERATOR_SF(ReturnType, Type1, Type2, Op, OpFunc)              \
     ^
/opt/openfoam5/src/OpenFOAM/lnInclude/diagTensorField.H:63:1: note: in expansion of macro 'BINARY_TYPE_OPERATOR'
 BINARY_TYPE_OPERATOR(tensor, diagTensor, tensor, +, add)
 ^
/opt/openfoam5/src/OpenFOAM/lnInclude/FieldFunctionsM.H:207:24: note:   candidate expects 2 arguments, 1 provided
 tmp<Field<ReturnType>> operator Op                                             \
                        ^
/opt/openfoam5/src/OpenFOAM/lnInclude/FieldFunctionsM.H:247:5: note: in expansion of macro 'BINARY_TYPE_OPERATOR_SF'
     BINARY_TYPE_OPERATOR_SF(ReturnType, Type1, Type2, Op, OpFunc)              \
     ^
/opt/openfoam5/src/OpenFOAM/lnInclude/diagTensorField.H:63:1: note: in expansion of macro 'BINARY_TYPE_OPERATOR'
 BINARY_TYPE_OPERATOR(tensor, diagTensor, tensor, +, add)
 ^
/opt/openfoam5/src/OpenFOAM/lnInclude/FieldFunctionsM.H:214:24: note: candidate: Foam::tmp<Foam::Field<Foam::Tensor<double> > > Foam::operator+(const diagTensor&, const Foam::tmp<Foam::Field<Foam::Tensor<double> > >&)
 tmp<Field<ReturnType>> operator Op                                             \
                        ^
/opt/openfoam5/src/OpenFOAM/lnInclude/FieldFunctionsM.H:247:5: note: in expansion of macro 'BINARY_TYPE_OPERATOR_SF'
     BINARY_TYPE_OPERATOR_SF(ReturnType, Type1, Type2, Op, OpFunc)              \
     ^
/opt/openfoam5/src/OpenFOAM/lnInclude/diagTensorField.H:63:1: note: in expansion of macro 'BINARY_TYPE_OPERATOR'
 BINARY_TYPE_OPERATOR(tensor, diagTensor, tensor, +, add)
 ^
/opt/openfoam5/src/OpenFOAM/lnInclude/FieldFunctionsM.H:214:24: note:   candidate expects 2 arguments, 1 provided
 tmp<Field<ReturnType>> operator Op                                             \
                        ^
/opt/openfoam5/src/OpenFOAM/lnInclude/FieldFunctionsM.H:247:5: note: in expansion of macro 'BINARY_TYPE_OPERATOR_SF'
     BINARY_TYPE_OPERATOR_SF(ReturnType, Type1, Type2, Op, OpFunc)              \
     ^
/opt/openfoam5/src/OpenFOAM/lnInclude/diagTensorField.H:63:1: note: in expansion of macro 'BINARY_TYPE_OPERATOR'
 BINARY_TYPE_OPERATOR(tensor, diagTensor, tensor, +, add)
 ^
/opt/openfoam5/src/OpenFOAM/lnInclude/FieldFunctionsM.H:232:24: note: candidate: Foam::tmp<Foam::Field<Foam::Tensor<double> > > Foam::operator+(const Foam::UList<Foam::DiagTensor<double> >&, const tensor&)
 tmp<Field<ReturnType>> operator Op                                             \
                        ^
/opt/openfoam5/src/OpenFOAM/lnInclude/FieldFunctionsM.H:248:5: note: in expansion of macro 'BINARY_TYPE_OPERATOR_FS'
     BINARY_TYPE_OPERATOR_FS(ReturnType, Type1, Type2, Op, OpFunc)
     ^
/opt/openfoam5/src/OpenFOAM/lnInclude/diagTensorField.H:63:1: note: in expansion of macro 'BINARY_TYPE_OPERATOR'
 BINARY_TYPE_OPERATOR(tensor, diagTensor, tensor, +, add)
 ^
/opt/openfoam5/src/OpenFOAM/lnInclude/FieldFunctionsM.H:232:24: note:   candidate expects 2 arguments, 1 provided
 tmp<Field<ReturnType>> operator Op                                             \
                        ^
/opt/openfoam5/src/OpenFOAM/lnInclude/FieldFunctionsM.H:248:5: note: in expansion of macro 'BINARY_TYPE_OPERATOR_FS'
     BINARY_TYPE_OPERATOR_FS(ReturnType, Type1, Type2, Op, OpFunc)
     ^
/opt/openfoam5/src/OpenFOAM/lnInclude/diagTensorField.H:63:1: note: in expansion of macro 'BINARY_TYPE_OPERATOR'
 BINARY_TYPE_OPERATOR(tensor, diagTensor, tensor, +, add)
 ^
/opt/openfoam5/src/OpenFOAM/lnInclude/FieldFunctionsM.H:239:24: note: candidate: Foam::tmp<Foam::Field<Foam::Tensor<double> > > Foam::operator+(const Foam::tmp<Foam::Field<Foam::DiagTensor<double> > >&, const tensor&)
 tmp<Field<ReturnType>> operator Op                                             \
                        ^
/opt/openfoam5/src/OpenFOAM/lnInclude/FieldFunctionsM.H:248:5: note: in expansion of macro 'BINARY_TYPE_OPERATOR_FS'
     BINARY_TYPE_OPERATOR_FS(ReturnType, Type1, Type2, Op, OpFunc)
     ^
/opt/openfoam5/src/OpenFOAM/lnInclude/diagTensorField.H:63:1: note: in expansion of macro 'BINARY_TYPE_OPERATOR'
 BINARY_TYPE_OPERATOR(tensor, diagTensor, tensor, +, add)
 ^
/opt/openfoam5/src/OpenFOAM/lnInclude/FieldFunctionsM.H:239:24: note:   candidate expects 2 arguments, 1 provided
 tmp<Field<ReturnType>> operator Op                                             \
                        ^
/opt/openfoam5/src/OpenFOAM/lnInclude/FieldFunctionsM.H:248:5: note: in expansion of macro 'BINARY_TYPE_OPERATOR_FS'
     BINARY_TYPE_OPERATOR_FS(ReturnType, Type1, Type2, Op, OpFunc)
     ^
/opt/openfoam5/src/OpenFOAM/lnInclude/diagTensorField.H:63:1: note: in expansion of macro 'BINARY_TYPE_OPERATOR'
 BINARY_TYPE_OPERATOR(tensor, diagTensor, tensor, +, add)
 ^
In file included from /opt/openfoam5/src/OpenFOAM/lnInclude/vectorTensorTransform.H:248:0,
                 from /opt/openfoam5/src/OpenFOAM/lnInclude/mapDistribute.H:138,
                 from /opt/openfoam5/src/OpenFOAM/lnInclude/globalMeshDataTemplates.C:28,
                 from /opt/openfoam5/src/OpenFOAM/lnInclude/globalMeshData.H:627,
                 from /opt/openfoam5/src/OpenFOAM/lnInclude/GeometricBoundaryField.C:28,
                 from /opt/openfoam5/src/OpenFOAM/lnInclude/GeometricField.C:1352,
                 from /opt/openfoam5/src/OpenFOAM/lnInclude/GeometricField.H:660,
                 from /opt/openfoam5/src/OpenFOAM/lnInclude/GeometricScalarField.H:38,
                 from /opt/openfoam5/src/OpenFOAM/lnInclude/GeometricFields.H:34,
                 from /opt/openfoam5/src/finiteVolume/lnInclude/volFields.H:37,
                 from /opt/openfoam5/src/finiteVolume/lnInclude/surfaceInterpolationScheme.C:27,
                 from /opt/openfoam5/src/finiteVolume/lnInclude/surfaceInterpolationScheme.H:307,
                 from /opt/openfoam5/src/finiteVolume/lnInclude/surfaceInterpolate.H:41,
                 from /opt/openfoam5/src/finiteVolume/lnInclude/fvc.H:39,
                 from /opt/openfoam5/src/finiteVolume/lnInclude/fvCFD.H:8,
                 from pamFoam.C:36:
/opt/openfoam5/src/OpenFOAM/lnInclude/vectorTensorTransformI.H:263:36: note: candidate: Foam::vectorTensorTransform Foam::operator+(const Foam::vectorTensorTransform&, const vector&)
 inline Foam::vectorTensorTransform Foam::operator+
                                    ^
/opt/openfoam5/src/OpenFOAM/lnInclude/vectorTensorTransformI.H:263:36: note:   candidate expects 2 arguments, 1 provided
/opt/openfoam5/src/OpenFOAM/lnInclude/vectorTensorTransformI.H:273:36: note: candidate: Foam::vectorTensorTransform Foam::operator+(const vector&, const Foam::vectorTensorTransform&)
 inline Foam::vectorTensorTransform Foam::operator+
                                    ^
/opt/openfoam5/src/OpenFOAM/lnInclude/vectorTensorTransformI.H:273:36: note:   candidate expects 2 arguments, 1 provided
In file included from /opt/openfoam5/src/OpenFOAM/lnInclude/quaternion.H:304:0,
                 from /opt/openfoam5/src/OpenFOAM/lnInclude/transformField.H:39,
                 from /opt/openfoam5/src/OpenFOAM/lnInclude/mapDistributeTemplates.C:30,
                 from /opt/openfoam5/src/OpenFOAM/lnInclude/mapDistribute.H:655,
                 from /opt/openfoam5/src/OpenFOAM/lnInclude/globalMeshDataTemplates.C:28,
                 from /opt/openfoam5/src/OpenFOAM/lnInclude/globalMeshData.H:627,
                 from /opt/openfoam5/src/OpenFOAM/lnInclude/GeometricBoundaryField.C:28,
                 from /opt/openfoam5/src/OpenFOAM/lnInclude/GeometricField.C:1352,
                 from /opt/openfoam5/src/OpenFOAM/lnInclude/GeometricField.H:660,
                 from /opt/openfoam5/src/OpenFOAM/lnInclude/GeometricScalarField.H:38,
                 from /opt/openfoam5/src/OpenFOAM/lnInclude/GeometricFields.H:34,
                 from /opt/openfoam5/src/finiteVolume/lnInclude/volFields.H:37,
                 from /opt/openfoam5/src/finiteVolume/lnInclude/surfaceInterpolationScheme.C:27,
                 from /opt/openfoam5/src/finiteVolume/lnInclude/surfaceInterpolationScheme.H:307,
                 from /opt/openfoam5/src/finiteVolume/lnInclude/surfaceInterpolate.H:41,
                 from /opt/openfoam5/src/finiteVolume/lnInclude/fvc.H:39,
                 from /opt/openfoam5/src/finiteVolume/lnInclude/fvCFD.H:8,
                 from pamFoam.C:36:
/opt/openfoam5/src/OpenFOAM/lnInclude/quaternionI.H:629:25: note: candidate: Foam::quaternion Foam::operator+(const Foam::quaternion&, const Foam::quaternion&)
 inline Foam::quaternion Foam::operator+
                         ^
/opt/openfoam5/src/OpenFOAM/lnInclude/quaternionI.H:629:25: note:   candidate expects 2 arguments, 1 provided
In file included from /opt/openfoam5/src/OpenFOAM/lnInclude/septernion.H:206:0,
                 from /opt/openfoam5/src/OpenFOAM/lnInclude/transformField.H:40,
                 from /opt/openfoam5/src/OpenFOAM/lnInclude/mapDistributeTemplates.C:30,
                 from /opt/openfoam5/src/OpenFOAM/lnInclude/mapDistribute.H:655,
                 from /opt/openfoam5/src/OpenFOAM/lnInclude/globalMeshDataTemplates.C:28,
                 from /opt/openfoam5/src/OpenFOAM/lnInclude/globalMeshData.H:627,
                 from /opt/openfoam5/src/OpenFOAM/lnInclude/GeometricBoundaryField.C:28,
                 from /opt/openfoam5/src/OpenFOAM/lnInclude/GeometricField.C:1352,
                 from /opt/openfoam5/src/OpenFOAM/lnInclude/GeometricField.H:660,
                 from /opt/openfoam5/src/OpenFOAM/lnInclude/GeometricScalarField.H:38,
                 from /opt/openfoam5/src/OpenFOAM/lnInclude/GeometricFields.H:34,
                 from /opt/openfoam5/src/finiteVolume/lnInclude/volFields.H:37,
                 from /opt/openfoam5/src/finiteVolume/lnInclude/surfaceInterpolationScheme.C:27,
                 from /opt/openfoam5/src/finiteVolume/lnInclude/surfaceInterpolationScheme.H:307,
                 from /opt/openfoam5/src/finiteVolume/lnInclude/surfaceInterpolate.H:41,
                 from /opt/openfoam5/src/finiteVolume/lnInclude/fvc.H:39,
                 from /opt/openfoam5/src/finiteVolume/lnInclude/fvCFD.H:8,
                 from pamFoam.C:36:
/opt/openfoam5/src/OpenFOAM/lnInclude/septernionI.H:180:25: note: candidate: Foam::septernion Foam::operator+(const Foam::septernion&, const vector&)
 inline Foam::septernion Foam::operator+
                         ^
/opt/openfoam5/src/OpenFOAM/lnInclude/septernionI.H:180:25: note:   candidate expects 2 arguments, 1 provided
/opt/openfoam5/src/OpenFOAM/lnInclude/septernionI.H:190:25: note: candidate: Foam::septernion Foam::operator+(const vector&, const Foam::septernion&)
 inline Foam::septernion Foam::operator+
                         ^
/opt/openfoam5/src/OpenFOAM/lnInclude/septernionI.H:190:25: note:   candidate expects 2 arguments, 1 provided
In file included from /opt/openfoam5/src/OpenFOAM/lnInclude/GeometricField.C:1353:0,
                 from /opt/openfoam5/src/OpenFOAM/lnInclude/GeometricField.H:660,
                 from /opt/openfoam5/src/OpenFOAM/lnInclude/GeometricScalarField.H:38,
                 from /opt/openfoam5/src/OpenFOAM/lnInclude/GeometricFields.H:34,
                 from /opt/openfoam5/src/finiteVolume/lnInclude/volFields.H:37,
                 from /opt/openfoam5/src/finiteVolume/lnInclude/surfaceInterpolationScheme.C:27,
                 from /opt/openfoam5/src/finiteVolume/lnInclude/surfaceInterpolationScheme.H:307,
                 from /opt/openfoam5/src/finiteVolume/lnInclude/surfaceInterpolate.H:41,
                 from /opt/openfoam5/src/finiteVolume/lnInclude/fvc.H:39,
                 from /opt/openfoam5/src/finiteVolume/lnInclude/fvCFD.H:8,
                 from pamFoam.C:36:
/opt/openfoam5/src/OpenFOAM/lnInclude/GeometricFieldFunctions.C:622:1: note: candidate: template<class Type1, class Type2, template<class> class PatchField, class GeoMesh> Foam::tmp<Foam::GeometricField<typename Foam::typeOfSum<Type1, Type2>::type, PatchField, GeoMesh> > Foam::operator+(const Foam::GeometricField<TypeR, PatchField, GeoMesh>&, const Foam::GeometricField<Type1, PatchField, GeoMesh>&)
 operator op                                                                    \
 ^
/opt/openfoam5/src/OpenFOAM/lnInclude/GeometricFieldFunctions.C:971:1: note: in expansion of macro 'PRODUCT_OPERATOR'
 PRODUCT_OPERATOR(typeOfSum, +, add)
 ^
/opt/openfoam5/src/OpenFOAM/lnInclude/GeometricFieldFunctions.C:622:1: note:   template argument deduction/substitution failed:
 operator op                                                                    \
 ^
/opt/openfoam5/src/OpenFOAM/lnInclude/GeometricFieldFunctions.C:971:1: note: in expansion of macro 'PRODUCT_OPERATOR'
 PRODUCT_OPERATOR(typeOfSum, +, add)
 ^
In file included from pamFoam.C:138:0:
./processModels/SACEqn.H:9:7: note:   candidate expects 2 arguments, 1 provided
     + alphaLiquid*fSACXS*rhoHydrolysis
       ^
In file included from /opt/openfoam5/src/OpenFOAM/lnInclude/GeometricField.C:1353:0,
                 from /opt/openfoam5/src/OpenFOAM/lnInclude/GeometricField.H:660,
                 from /opt/openfoam5/src/OpenFOAM/lnInclude/GeometricScalarField.H:38,
                 from /opt/openfoam5/src/OpenFOAM/lnInclude/GeometricFields.H:34,
                 from /opt/openfoam5/src/finiteVolume/lnInclude/volFields.H:37,
                 from /opt/openfoam5/src/finiteVolume/lnInclude/surfaceInterpolationScheme.C:27,
                 from /opt/openfoam5/src/finiteVolume/lnInclude/surfaceInterpolationScheme.H:307,
                 from /opt/openfoam5/src/finiteVolume/lnInclude/surfaceInterpolate.H:41,
                 from /opt/openfoam5/src/finiteVolume/lnInclude/fvc.H:39,
                 from /opt/openfoam5/src/finiteVolume/lnInclude/fvCFD.H:8,
                 from pamFoam.C:36:
/opt/openfoam5/src/OpenFOAM/lnInclude/GeometricFieldFunctions.C:657:1: note: candidate: template<class Type1, class Type2, template<class> class PatchField, class GeoMesh> Foam::tmp<Foam::GeometricField<typename Foam::typeOfSum<Type1, Type2>::type, PatchField, GeoMesh> > Foam::operator+(const Foam::GeometricField<TypeR, PatchField, GeoMesh>&, const Foam::tmp<Foam::GeometricField<Type1, PatchField, GeoMesh> >&)
 operator op                                                                    \
 ^
/opt/openfoam5/src/OpenFOAM/lnInclude/GeometricFieldFunctions.C:971:1: note: in expansion of macro 'PRODUCT_OPERATOR'
 PRODUCT_OPERATOR(typeOfSum, +, add)
 ^
/opt/openfoam5/src/OpenFOAM/lnInclude/GeometricFieldFunctions.C:657:1: note:   template argument deduction/substitution failed:
 operator op                                                                    \
 ^
/opt/openfoam5/src/OpenFOAM/lnInclude/GeometricFieldFunctions.C:971:1: note: in expansion of macro 'PRODUCT_OPERATOR'
 PRODUCT_OPERATOR(typeOfSum, +, add)
 ^
In file included from pamFoam.C:138:0:
./processModels/SACEqn.H:9:7: note:   candidate expects 2 arguments, 1 provided
     + alphaLiquid*fSACXS*rhoHydrolysis
       ^
In file included from /opt/openfoam5/src/OpenFOAM/lnInclude/GeometricField.C:1353:0,
                 from /opt/openfoam5/src/OpenFOAM/lnInclude/GeometricField.H:660,
                 from /opt/openfoam5/src/OpenFOAM/lnInclude/GeometricScalarField.H:38,
                 from /opt/openfoam5/src/OpenFOAM/lnInclude/GeometricFields.H:34,
                 from /opt/openfoam5/src/finiteVolume/lnInclude/volFields.H:37,
                 from /opt/openfoam5/src/finiteVolume/lnInclude/surfaceInterpolationScheme.C:27,
                 from /opt/openfoam5/src/finiteVolume/lnInclude/surfaceInterpolationScheme.H:307,
                 from /opt/openfoam5/src/finiteVolume/lnInclude/surfaceInterpolate.H:41,
                 from /opt/openfoam5/src/finiteVolume/lnInclude/fvc.H:39,
                 from /opt/openfoam5/src/finiteVolume/lnInclude/fvCFD.H:8,
                 from pamFoam.C:36:
/opt/openfoam5/src/OpenFOAM/lnInclude/GeometricFieldFunctions.C:688:1: note: candidate: template<class Type1, class Type2, template<class> class PatchField, class GeoMesh> Foam::tmp<Foam::GeometricField<typename Foam::typeOfSum<Type1, Type2>::type, PatchField, GeoMesh> > Foam::operator+(const Foam::tmp<Foam::GeometricField<TypeR, PatchField, GeoMesh> >&, const Foam::GeometricField<Type1, PatchField, GeoMesh>&)
 operator op                                                                    \
 ^
/opt/openfoam5/src/OpenFOAM/lnInclude/GeometricFieldFunctions.C:971:1: note: in expansion of macro 'PRODUCT_OPERATOR'
 PRODUCT_OPERATOR(typeOfSum, +, add)
 ^
/opt/openfoam5/src/OpenFOAM/lnInclude/GeometricFieldFunctions.C:688:1: note:   template argument deduction/substitution failed:
 operator op                                                                    \
 ^
/opt/openfoam5/src/OpenFOAM/lnInclude/GeometricFieldFunctions.C:971:1: note: in expansion of macro 'PRODUCT_OPERATOR'
 PRODUCT_OPERATOR(typeOfSum, +, add)
 ^
In file included from pamFoam.C:138:0:
./processModels/SACEqn.H:9:7: note:   'const volScalarField {aka const Foam::GeometricField<double, Foam::fvPatchField, Foam::volMesh>}' is not derived from 'const Foam::tmp<Foam::GeometricField<TypeR, PatchField, GeoMesh> >'
     + alphaLiquid*fSACXS*rhoHydrolysis
       ^
In file included from /opt/openfoam5/src/OpenFOAM/lnInclude/GeometricField.C:1353:0,
                 from /opt/openfoam5/src/OpenFOAM/lnInclude/GeometricField.H:660,
                 from /opt/openfoam5/src/OpenFOAM/lnInclude/GeometricScalarField.H:38,
                 from /opt/openfoam5/src/OpenFOAM/lnInclude/GeometricFields.H:34,
                 from /opt/openfoam5/src/finiteVolume/lnInclude/volFields.H:37,
                 from /opt/openfoam5/src/finiteVolume/lnInclude/surfaceInterpolationScheme.C:27,
                 from /opt/openfoam5/src/finiteVolume/lnInclude/surfaceInterpolationScheme.H:307,
                 from /opt/openfoam5/src/finiteVolume/lnInclude/surfaceInterpolate.H:41,
                 from /opt/openfoam5/src/finiteVolume/lnInclude/fvc.H:39,
                 from /opt/openfoam5/src/finiteVolume/lnInclude/fvCFD.H:8,
                 from pamFoam.C:36:
/opt/openfoam5/src/OpenFOAM/lnInclude/GeometricFieldFunctions.C:719:1: note: candidate: template<class Type1, class Type2, template<class> class PatchField, class GeoMesh> Foam::tmp<Foam::GeometricField<typename Foam::typeOfSum<Type1, Type2>::type, PatchField, GeoMesh> > Foam::operator+(const Foam::tmp<Foam::GeometricField<TypeR, PatchField, GeoMesh> >&, const Foam::tmp<Foam::GeometricField<Type1, PatchField, GeoMesh> >&)
 operator op                                                                    \
 ^
/opt/openfoam5/src/OpenFOAM/lnInclude/GeometricFieldFunctions.C:971:1: note: in expansion of macro 'PRODUCT_OPERATOR'
 PRODUCT_OPERATOR(typeOfSum, +, add)
 ^
/opt/openfoam5/src/OpenFOAM/lnInclude/GeometricFieldFunctions.C:719:1: note:   template argument deduction/substitution failed:
 operator op                                                                    \
 ^
/opt/openfoam5/src/OpenFOAM/lnInclude/GeometricFieldFunctions.C:971:1: note: in expansion of macro 'PRODUCT_OPERATOR'
 PRODUCT_OPERATOR(typeOfSum, +, add)
 ^
In file included from pamFoam.C:138:0:
./processModels/SACEqn.H:9:7: note:   'const volScalarField {aka const Foam::GeometricField<double, Foam::fvPatchField, Foam::volMesh>}' is not derived from 'const Foam::tmp<Foam::GeometricField<TypeR, PatchField, GeoMesh> >'
     + alphaLiquid*fSACXS*rhoHydrolysis
       ^
In file included from /opt/openfoam5/src/OpenFOAM/lnInclude/GeometricField.C:1353:0,
                 from /opt/openfoam5/src/OpenFOAM/lnInclude/GeometricField.H:660,
                 from /opt/openfoam5/src/OpenFOAM/lnInclude/GeometricScalarField.H:38,
                 from /opt/openfoam5/src/OpenFOAM/lnInclude/GeometricFields.H:34,
                 from /opt/openfoam5/src/finiteVolume/lnInclude/volFields.H:37,
                 from /opt/openfoam5/src/finiteVolume/lnInclude/surfaceInterpolationScheme.C:27,
                 from /opt/openfoam5/src/finiteVolume/lnInclude/surfaceInterpolationScheme.H:307,
                 from /opt/openfoam5/src/finiteVolume/lnInclude/surfaceInterpolate.H:41,
                 from /opt/openfoam5/src/finiteVolume/lnInclude/fvc.H:39,
                 from /opt/openfoam5/src/finiteVolume/lnInclude/fvCFD.H:8,
                 from pamFoam.C:36:
/opt/openfoam5/src/OpenFOAM/lnInclude/GeometricFieldFunctions.C:765:1: note: candidate: template<class Form, class Type, template<class> class PatchField, class GeoMesh> Foam::tmp<Foam::GeometricField<typename Foam::typeOfSum<Type, Form>::type, PatchField, GeoMesh> > Foam::operator+(const Foam::GeometricField<Type1, PatchField, GeoMesh>&, const Foam::dimensioned<Type>&)
 operator op                                                                    \
 ^
/opt/openfoam5/src/OpenFOAM/lnInclude/GeometricFieldFunctions.C:971:1: note: in expansion of macro 'PRODUCT_OPERATOR'
 PRODUCT_OPERATOR(typeOfSum, +, add)
 ^
/opt/openfoam5/src/OpenFOAM/lnInclude/GeometricFieldFunctions.C:765:1: note:   template argument deduction/substitution failed:
 operator op                                                                    \
 ^
/opt/openfoam5/src/OpenFOAM/lnInclude/GeometricFieldFunctions.C:971:1: note: in expansion of macro 'PRODUCT_OPERATOR'
 PRODUCT_OPERATOR(typeOfSum, +, add)
 ^
In file included from pamFoam.C:138:0:
./processModels/SACEqn.H:9:7: note:   candidate expects 2 arguments, 1 provided
     + alphaLiquid*fSACXS*rhoHydrolysis
       ^
In file included from /opt/openfoam5/src/OpenFOAM/lnInclude/GeometricField.C:1353:0,
                 from /opt/openfoam5/src/OpenFOAM/lnInclude/GeometricField.H:660,
                 from /opt/openfoam5/src/OpenFOAM/lnInclude/GeometricScalarField.H:38,
                 from /opt/openfoam5/src/OpenFOAM/lnInclude/GeometricFields.H:34,
                 from /opt/openfoam5/src/finiteVolume/lnInclude/volFields.H:37,
                 from /opt/openfoam5/src/finiteVolume/lnInclude/surfaceInterpolationScheme.C:27,
                 from /opt/openfoam5/src/finiteVolume/lnInclude/surfaceInterpolationScheme.H:307,
                 from /opt/openfoam5/src/finiteVolume/lnInclude/surfaceInterpolate.H:41,
                 from /opt/openfoam5/src/finiteVolume/lnInclude/fvc.H:39,
                 from /opt/openfoam5/src/finiteVolume/lnInclude/fvCFD.H:8,
                 from pamFoam.C:36:
/opt/openfoam5/src/OpenFOAM/lnInclude/GeometricFieldFunctions.C:804:1: note: candidate: template<class Form, class Cmpt, unsigned char nCmpt, class Type, template<class> class PatchField, class GeoMesh> Foam::tmp<Foam::GeometricField<typename Foam::typeOfSum<Form, Type>::type, PatchField, GeoMesh> > Foam::operator+(const Foam::GeometricField<Type2, PatchField, GeoMesh>&, const Foam::VectorSpace<Form, Cmpt, Ncmpts>&)
 operator op                                                                    \
 ^
/opt/openfoam5/src/OpenFOAM/lnInclude/GeometricFieldFunctions.C:971:1: note: in expansion of macro 'PRODUCT_OPERATOR'
 PRODUCT_OPERATOR(typeOfSum, +, add)
 ^
/opt/openfoam5/src/OpenFOAM/lnInclude/GeometricFieldFunctions.C:804:1: note:   template argument deduction/substitution failed:
 operator op                                                                    \
 ^
/opt/openfoam5/src/OpenFOAM/lnInclude/GeometricFieldFunctions.C:971:1: note: in expansion of macro 'PRODUCT_OPERATOR'
 PRODUCT_OPERATOR(typeOfSum, +, add)
 ^
In file included from pamFoam.C:138:0:
./processModels/SACEqn.H:9:7: note:   candidate expects 2 arguments, 1 provided
     + alphaLiquid*fSACXS*rhoHydrolysis
       ^
In file included from /opt/openfoam5/src/OpenFOAM/lnInclude/GeometricField.C:1353:0,
                 from /opt/openfoam5/src/OpenFOAM/lnInclude/GeometricField.H:660,
                 from /opt/openfoam5/src/OpenFOAM/lnInclude/GeometricScalarField.H:38,
                 from /opt/openfoam5/src/OpenFOAM/lnInclude/GeometricFields.H:34,
                 from /opt/openfoam5/src/finiteVolume/lnInclude/volFields.H:37,
                 from /opt/openfoam5/src/finiteVolume/lnInclude/surfaceInterpolationScheme.C:27,
                 from /opt/openfoam5/src/finiteVolume/lnInclude/surfaceInterpolationScheme.H:307,
                 from /opt/openfoam5/src/finiteVolume/lnInclude/surfaceInterpolate.H:41,
                 from /opt/openfoam5/src/finiteVolume/lnInclude/fvc.H:39,
                 from /opt/openfoam5/src/finiteVolume/lnInclude/fvCFD.H:8,
                 from pamFoam.C:36:
/opt/openfoam5/src/OpenFOAM/lnInclude/GeometricFieldFunctions.C:817:1: note: candidate: template<class Form, class Type, template<class> class PatchField, class GeoMesh> Foam::tmp<Foam::GeometricField<typename Foam::typeOfSum<Type, Form>::type, PatchField, GeoMesh> > Foam::operator+(const Foam::tmp<Foam::GeometricField<Type1, PatchField, GeoMesh> >&, const Foam::dimensioned<Type>&)
 operator op                                                                    \
 ^
/opt/openfoam5/src/OpenFOAM/lnInclude/GeometricFieldFunctions.C:971:1: note: in expansion of macro 'PRODUCT_OPERATOR'
 PRODUCT_OPERATOR(typeOfSum, +, add)
 ^
/opt/openfoam5/src/OpenFOAM/lnInclude/GeometricFieldFunctions.C:817:1: note:   template argument deduction/substitution failed:
 operator op                                                                    \
 ^
/opt/openfoam5/src/OpenFOAM/lnInclude/GeometricFieldFunctions.C:971:1: note: in expansion of macro 'PRODUCT_OPERATOR'
 PRODUCT_OPERATOR(typeOfSum, +, add)
 ^
In file included from pamFoam.C:138:0:
./processModels/SACEqn.H:9:7: note:   'const volScalarField {aka const Foam::GeometricField<double, Foam::fvPatchField, Foam::volMesh>}' is not derived from 'const Foam::tmp<Foam::GeometricField<Type1, PatchField, GeoMesh> >'
     + alphaLiquid*fSACXS*rhoHydrolysis
       ^
In file included from /opt/openfoam5/src/OpenFOAM/lnInclude/GeometricField.C:1353:0,
                 from /opt/openfoam5/src/OpenFOAM/lnInclude/GeometricField.H:660,
                 from /opt/openfoam5/src/OpenFOAM/lnInclude/GeometricScalarField.H:38,
                 from /opt/openfoam5/src/OpenFOAM/lnInclude/GeometricFields.H:34,
                 from /opt/openfoam5/src/finiteVolume/lnInclude/volFields.H:37,
                 from /opt/openfoam5/src/finiteVolume/lnInclude/surfaceInterpolationScheme.C:27,
                 from /opt/openfoam5/src/finiteVolume/lnInclude/surfaceInterpolationScheme.H:307,
                 from /opt/openfoam5/src/finiteVolume/lnInclude/surfaceInterpolate.H:41,
                 from /opt/openfoam5/src/finiteVolume/lnInclude/fvc.H:39,
                 from /opt/openfoam5/src/finiteVolume/lnInclude/fvCFD.H:8,
                 from pamFoam.C:36:
/opt/openfoam5/src/OpenFOAM/lnInclude/GeometricFieldFunctions.C:851:1: note: candidate: template<class Form, class Cmpt, unsigned char nCmpt, class Type, template<class> class PatchField, class GeoMesh> Foam::tmp<Foam::GeometricField<typename Foam::typeOfSum<Form, Type>::type, PatchField, GeoMesh> > Foam::operator+(const Foam::tmp<Foam::GeometricField<Type2, PatchField, GeoMesh> >&, const Foam::VectorSpace<Form, Cmpt, Ncmpts>&)
 operator op                                                                    \
 ^
/opt/openfoam5/src/OpenFOAM/lnInclude/GeometricFieldFunctions.C:971:1: note: in expansion of macro 'PRODUCT_OPERATOR'
 PRODUCT_OPERATOR(typeOfSum, +, add)
 ^
/opt/openfoam5/src/OpenFOAM/lnInclude/GeometricFieldFunctions.C:851:1: note:   template argument deduction/substitution failed:
 operator op                                                                    \
 ^
/opt/openfoam5/src/OpenFOAM/lnInclude/GeometricFieldFunctions.C:971:1: note: in expansion of macro 'PRODUCT_OPERATOR'
 PRODUCT_OPERATOR(typeOfSum, +, add)
 ^
In file included from pamFoam.C:138:0:
./processModels/SACEqn.H:9:7: note:   'const volScalarField {aka const Foam::GeometricField<double, Foam::fvPatchField, Foam::volMesh>}' is not derived from 'const Foam::tmp<Foam::GeometricField<Type2, PatchField, GeoMesh> >'
     + alphaLiquid*fSACXS*rhoHydrolysis
       ^
In file included from /opt/openfoam5/src/OpenFOAM/lnInclude/GeometricField.C:1353:0,
                 from /opt/openfoam5/src/OpenFOAM/lnInclude/GeometricField.H:660,
                 from /opt/openfoam5/src/OpenFOAM/lnInclude/GeometricScalarField.H:38,
                 from /opt/openfoam5/src/OpenFOAM/lnInclude/GeometricFields.H:34,
                 from /opt/openfoam5/src/finiteVolume/lnInclude/volFields.H:37,
                 from /opt/openfoam5/src/finiteVolume/lnInclude/surfaceInterpolationScheme.C:27,
                 from /opt/openfoam5/src/finiteVolume/lnInclude/surfaceInterpolationScheme.H:307,
                 from /opt/openfoam5/src/finiteVolume/lnInclude/surfaceInterpolate.H:41,
                 from /opt/openfoam5/src/finiteVolume/lnInclude/fvc.H:39,
                 from /opt/openfoam5/src/finiteVolume/lnInclude/fvCFD.H:8,
                 from pamFoam.C:36:
/opt/openfoam5/src/OpenFOAM/lnInclude/GeometricFieldFunctions.C:878:1: note: candidate: template<class Form, class Type, template<class> class PatchField, class GeoMesh> Foam::tmp<Foam::GeometricField<typename Foam::typeOfSum<Type1, Type2>::type, PatchField, GeoMesh> > Foam::operator+(const Foam::dimensioned<Type>&, const Foam::GeometricField<Type1, PatchField, GeoMesh>&)
 operator op                                                                    \
 ^
/opt/openfoam5/src/OpenFOAM/lnInclude/GeometricFieldFunctions.C:971:1: note: in expansion of macro 'PRODUCT_OPERATOR'
 PRODUCT_OPERATOR(typeOfSum, +, add)
 ^
/opt/openfoam5/src/OpenFOAM/lnInclude/GeometricFieldFunctions.C:878:1: note:   template argument deduction/substitution failed:
 operator op                                                                    \
 ^
/opt/openfoam5/src/OpenFOAM/lnInclude/GeometricFieldFunctions.C:971:1: note: in expansion of macro 'PRODUCT_OPERATOR'
 PRODUCT_OPERATOR(typeOfSum, +, add)
 ^
In file included from pamFoam.C:138:0:
./processModels/SACEqn.H:9:7: note:   'const volScalarField {aka const Foam::GeometricField<double, Foam::fvPatchField, Foam::volMesh>}' is not derived from 'const Foam::dimensioned<Type>'
     + alphaLiquid*fSACXS*rhoHydrolysis
       ^
In file included from /opt/openfoam5/src/OpenFOAM/lnInclude/GeometricField.C:1353:0,
                 from /opt/openfoam5/src/OpenFOAM/lnInclude/GeometricField.H:660,
                 from /opt/openfoam5/src/OpenFOAM/lnInclude/GeometricScalarField.H:38,
                 from /opt/openfoam5/src/OpenFOAM/lnInclude/GeometricFields.H:34,
                 from /opt/openfoam5/src/finiteVolume/lnInclude/volFields.H:37,
                 from /opt/openfoam5/src/finiteVolume/lnInclude/surfaceInterpolationScheme.C:27,
                 from /opt/openfoam5/src/finiteVolume/lnInclude/surfaceInterpolationScheme.H:307,
                 from /opt/openfoam5/src/finiteVolume/lnInclude/surfaceInterpolate.H:41,
                 from /opt/openfoam5/src/finiteVolume/lnInclude/fvc.H:39,
                 from /opt/openfoam5/src/finiteVolume/lnInclude/fvCFD.H:8,
                 from pamFoam.C:36:
/opt/openfoam5/src/OpenFOAM/lnInclude/GeometricFieldFunctions.C:916:1: note: candidate: template<class Form, class Cmpt, unsigned char nCmpt, class Type, template<class> class PatchField, class GeoMesh> Foam::tmp<Foam::GeometricField<typename Foam::typeOfSum<Form, Type>::type, PatchField, GeoMesh> > Foam::operator+(const Foam::VectorSpace<Form, Cmpt, Ncmpts>&, const Foam::GeometricField<Type2, PatchField, GeoMesh>&)
 operator op                                                                    \
 ^
/opt/openfoam5/src/OpenFOAM/lnInclude/GeometricFieldFunctions.C:971:1: note: in expansion of macro 'PRODUCT_OPERATOR'
 PRODUCT_OPERATOR(typeOfSum, +, add)
 ^
/opt/openfoam5/src/OpenFOAM/lnInclude/GeometricFieldFunctions.C:916:1: note:   template argument deduction/substitution failed:
 operator op                                                                    \
 ^
/opt/openfoam5/src/OpenFOAM/lnInclude/GeometricFieldFunctions.C:971:1: note: in expansion of macro 'PRODUCT_OPERATOR'
 PRODUCT_OPERATOR(typeOfSum, +, add)
 ^
In file included from pamFoam.C:138:0:
./processModels/SACEqn.H:9:7: note:   'const volScalarField {aka const Foam::GeometricField<double, Foam::fvPatchField, Foam::volMesh>}' is not derived from 'const Foam::VectorSpace<Form, Cmpt, Ncmpts>'
     + alphaLiquid*fSACXS*rhoHydrolysis
       ^
In file included from /opt/openfoam5/src/OpenFOAM/lnInclude/GeometricField.C:1353:0,
                 from /opt/openfoam5/src/OpenFOAM/lnInclude/GeometricField.H:660,
                 from /opt/openfoam5/src/OpenFOAM/lnInclude/GeometricScalarField.H:38,
                 from /opt/openfoam5/src/OpenFOAM/lnInclude/GeometricFields.H:34,
                 from /opt/openfoam5/src/finiteVolume/lnInclude/volFields.H:37,
                 from /opt/openfoam5/src/finiteVolume/lnInclude/surfaceInterpolationScheme.C:27,
                 from /opt/openfoam5/src/finiteVolume/lnInclude/surfaceInterpolationScheme.H:307,
                 from /opt/openfoam5/src/finiteVolume/lnInclude/surfaceInterpolate.H:41,
                 from /opt/openfoam5/src/finiteVolume/lnInclude/fvc.H:39,
                 from /opt/openfoam5/src/finiteVolume/lnInclude/fvCFD.H:8,
                 from pamFoam.C:36:
/opt/openfoam5/src/OpenFOAM/lnInclude/GeometricFieldFunctions.C:928:1: note: candidate: template<class Form, class Type, template<class> class PatchField, class GeoMesh> Foam::tmp<Foam::GeometricField<typename Foam::typeOfSum<Type1, Type2>::type, PatchField, GeoMesh> > Foam::operator+(const Foam::dimensioned<Type>&, const Foam::tmp<Foam::GeometricField<Type1, PatchField, GeoMesh> >&)
 operator op                                                                    \
 ^
/opt/openfoam5/src/OpenFOAM/lnInclude/GeometricFieldFunctions.C:971:1: note: in expansion of macro 'PRODUCT_OPERATOR'
 PRODUCT_OPERATOR(typeOfSum, +, add)
 ^
/opt/openfoam5/src/OpenFOAM/lnInclude/GeometricFieldFunctions.C:928:1: note:   template argument deduction/substitution failed:
 operator op                                                                    \
 ^
/opt/openfoam5/src/OpenFOAM/lnInclude/GeometricFieldFunctions.C:971:1: note: in expansion of macro 'PRODUCT_OPERATOR'
 PRODUCT_OPERATOR(typeOfSum, +, add)
 ^
In file included from pamFoam.C:138:0:
./processModels/SACEqn.H:9:7: note:   'const volScalarField {aka const Foam::GeometricField<double, Foam::fvPatchField, Foam::volMesh>}' is not derived from 'const Foam::dimensioned<Type>'
     + alphaLiquid*fSACXS*rhoHydrolysis
       ^
In file included from /opt/openfoam5/src/OpenFOAM/lnInclude/GeometricField.C:1353:0,
                 from /opt/openfoam5/src/OpenFOAM/lnInclude/GeometricField.H:660,
                 from /opt/openfoam5/src/OpenFOAM/lnInclude/GeometricScalarField.H:38,
                 from /opt/openfoam5/src/OpenFOAM/lnInclude/GeometricFields.H:34,
                 from /opt/openfoam5/src/finiteVolume/lnInclude/volFields.H:37,
                 from /opt/openfoam5/src/finiteVolume/lnInclude/surfaceInterpolationScheme.C:27,
                 from /opt/openfoam5/src/finiteVolume/lnInclude/surfaceInterpolationScheme.H:307,
                 from /opt/openfoam5/src/finiteVolume/lnInclude/surfaceInterpolate.H:41,
                 from /opt/openfoam5/src/finiteVolume/lnInclude/fvc.H:39,
                 from /opt/openfoam5/src/finiteVolume/lnInclude/fvCFD.H:8,
                 from pamFoam.C:36:
/opt/openfoam5/src/OpenFOAM/lnInclude/GeometricFieldFunctions.C:962:1: note: candidate: template<class Form, class Cmpt, unsigned char nCmpt, class Type, template<class> class PatchField, class GeoMesh> Foam::tmp<Foam::GeometricField<typename Foam::typeOfSum<Form, Type>::type, PatchField, GeoMesh> > Foam::operator+(const Foam::VectorSpace<Form, Cmpt, Ncmpts>&, const Foam::tmp<Foam::GeometricField<Type2, PatchField, GeoMesh> >&)
 operator op                                                                    \
 ^
/opt/openfoam5/src/OpenFOAM/lnInclude/GeometricFieldFunctions.C:971:1: note: in expansion of macro 'PRODUCT_OPERATOR'
 PRODUCT_OPERATOR(typeOfSum, +, add)
 ^
/opt/openfoam5/src/OpenFOAM/lnInclude/GeometricFieldFunctions.C:962:1: note:   template argument deduction/substitution failed:
 operator op                                                                    \
 ^
/opt/openfoam5/src/OpenFOAM/lnInclude/GeometricFieldFunctions.C:971:1: note: in expansion of macro 'PRODUCT_OPERATOR'
 PRODUCT_OPERATOR(typeOfSum, +, add)
 ^
In file included from pamFoam.C:138:0:
./processModels/SACEqn.H:9:7: note:   'const volScalarField {aka const Foam::GeometricField<double, Foam::fvPatchField, Foam::volMesh>}' is not derived from 'const Foam::VectorSpace<Form, Cmpt, Ncmpts>'
     + alphaLiquid*fSACXS*rhoHydrolysis
       ^
In file included from /opt/openfoam5/src/OpenFOAM/lnInclude/GeometricScalarField.C:29:0,
                 from /opt/openfoam5/src/OpenFOAM/lnInclude/GeometricScalarField.H:173,
                 from /opt/openfoam5/src/OpenFOAM/lnInclude/GeometricFields.H:34,
                 from /opt/openfoam5/src/finiteVolume/lnInclude/volFields.H:37,
                 from /opt/openfoam5/src/finiteVolume/lnInclude/surfaceInterpolationScheme.C:27,
                 from /opt/openfoam5/src/finiteVolume/lnInclude/surfaceInterpolationScheme.H:307,
                 from /opt/openfoam5/src/finiteVolume/lnInclude/surfaceInterpolate.H:41,
                 from /opt/openfoam5/src/finiteVolume/lnInclude/fvc.H:39,
                 from /opt/openfoam5/src/finiteVolume/lnInclude/fvCFD.H:8,
                 from pamFoam.C:36:
/opt/openfoam5/src/OpenFOAM/lnInclude/GeometricFieldFunctionsM.C:645:54: note: candidate: template<template<class> class PatchField, class GeoMesh> Foam::tmp<Foam::GeometricField<double, PatchField, GeoMesh> > Foam::operator+(const Foam::dimensioned<double>&, const Foam::GeometricField<double, PatchField, GeoMesh>&)
 tmp<GeometricField<ReturnType, PatchField, GeoMesh>> operator Op               \
                                                      ^
/opt/openfoam5/src/OpenFOAM/lnInclude/GeometricFieldFunctionsM.C:813:5: note: in expansion of macro 'BINARY_TYPE_OPERATOR_SF'
     BINARY_TYPE_OPERATOR_SF(ReturnType, Type1, Type2, Op, OpName, OpFunc)      \
     ^
/opt/openfoam5/src/OpenFOAM/lnInclude/GeometricScalarField.C:110:1: note: in expansion of macro 'BINARY_TYPE_OPERATOR'
 BINARY_TYPE_OPERATOR(scalar, scalar, scalar, +, '+', add)
 ^
/opt/openfoam5/src/OpenFOAM/lnInclude/GeometricFieldFunctionsM.C:645:54: note:   template argument deduction/substitution failed:
 tmp<GeometricField<ReturnType, PatchField, GeoMesh>> operator Op               \
                                                      ^
/opt/openfoam5/src/OpenFOAM/lnInclude/GeometricFieldFunctionsM.C:813:5: note: in expansion of macro 'BINARY_TYPE_OPERATOR_SF'
     BINARY_TYPE_OPERATOR_SF(ReturnType, Type1, Type2, Op, OpName, OpFunc)      \
     ^
/opt/openfoam5/src/OpenFOAM/lnInclude/GeometricScalarField.C:110:1: note: in expansion of macro 'BINARY_TYPE_OPERATOR'
 BINARY_TYPE_OPERATOR(scalar, scalar, scalar, +, '+', add)
 ^
In file included from pamFoam.C:138:0:
./processModels/SACEqn.H:9:7: note:   cannot convert 'alphaLiquid' (type 'const volScalarField {aka const Foam::GeometricField<double, Foam::fvPatchField, Foam::volMesh>}') to type 'const Foam::dimensioned<double>&'
     + alphaLiquid*fSACXS*rhoHydrolysis
       ^
In file included from /opt/openfoam5/src/OpenFOAM/lnInclude/GeometricScalarField.C:29:0,
                 from /opt/openfoam5/src/OpenFOAM/lnInclude/GeometricScalarField.H:173,
                 from /opt/openfoam5/src/OpenFOAM/lnInclude/GeometricFields.H:34,
                 from /opt/openfoam5/src/finiteVolume/lnInclude/volFields.H:37,
                 from /opt/openfoam5/src/finiteVolume/lnInclude/surfaceInterpolationScheme.C:27,
                 from /opt/openfoam5/src/finiteVolume/lnInclude/surfaceInterpolationScheme.H:307,
                 from /opt/openfoam5/src/finiteVolume/lnInclude/surfaceInterpolate.H:41,
                 from /opt/openfoam5/src/finiteVolume/lnInclude/fvc.H:39,
                 from /opt/openfoam5/src/finiteVolume/lnInclude/fvCFD.H:8,
                 from pamFoam.C:36:
/opt/openfoam5/src/OpenFOAM/lnInclude/GeometricFieldFunctionsM.C:674:54: note: candidate: template<template<class> class PatchField, class GeoMesh> Foam::tmp<Foam::GeometricField<double, PatchField, GeoMesh> > Foam::operator+(const scalar&, const Foam::GeometricField<double, PatchField, GeoMesh>&)
 tmp<GeometricField<ReturnType, PatchField, GeoMesh>> operator Op               \
                                                      ^
/opt/openfoam5/src/OpenFOAM/lnInclude/GeometricFieldFunctionsM.C:813:5: note: in expansion of macro 'BINARY_TYPE_OPERATOR_SF'
     BINARY_TYPE_OPERATOR_SF(ReturnType, Type1, Type2, Op, OpName, OpFunc)      \
     ^
/opt/openfoam5/src/OpenFOAM/lnInclude/GeometricScalarField.C:110:1: note: in expansion of macro 'BINARY_TYPE_OPERATOR'
 BINARY_TYPE_OPERATOR(scalar, scalar, scalar, +, '+', add)
 ^
/opt/openfoam5/src/OpenFOAM/lnInclude/GeometricFieldFunctionsM.C:674:54: note:   template argument deduction/substitution failed:
 tmp<GeometricField<ReturnType, PatchField, GeoMesh>> operator Op               \
                                                      ^
/opt/openfoam5/src/OpenFOAM/lnInclude/GeometricFieldFunctionsM.C:813:5: note: in expansion of macro 'BINARY_TYPE_OPERATOR_SF'
     BINARY_TYPE_OPERATOR_SF(ReturnType, Type1, Type2, Op, OpName, OpFunc)      \
     ^
/opt/openfoam5/src/OpenFOAM/lnInclude/GeometricScalarField.C:110:1: note: in expansion of macro 'BINARY_TYPE_OPERATOR'
 BINARY_TYPE_OPERATOR(scalar, scalar, scalar, +, '+', add)
 ^
In file included from pamFoam.C:138:0:
./processModels/SACEqn.H:9:7: note:   cannot convert 'alphaLiquid' (type 'const volScalarField {aka const Foam::GeometricField<double, Foam::fvPatchField, Foam::volMesh>}') to type 'const scalar& {aka const double&}'
     + alphaLiquid*fSACXS*rhoHydrolysis
       ^
In file included from /opt/openfoam5/src/OpenFOAM/lnInclude/GeometricScalarField.C:29:0,
                 from /opt/openfoam5/src/OpenFOAM/lnInclude/GeometricScalarField.H:173,
                 from /opt/openfoam5/src/OpenFOAM/lnInclude/GeometricFields.H:34,
                 from /opt/openfoam5/src/finiteVolume/lnInclude/volFields.H:37,
                 from /opt/openfoam5/src/finiteVolume/lnInclude/surfaceInterpolationScheme.C:27,
                 from /opt/openfoam5/src/finiteVolume/lnInclude/surfaceInterpolationScheme.H:307,
                 from /opt/openfoam5/src/finiteVolume/lnInclude/surfaceInterpolate.H:41,
                 from /opt/openfoam5/src/finiteVolume/lnInclude/fvc.H:39,
                 from /opt/openfoam5/src/finiteVolume/lnInclude/fvCFD.H:8,
                 from pamFoam.C:36:
/opt/openfoam5/src/OpenFOAM/lnInclude/GeometricFieldFunctionsM.C:685:54: note: candidate: template<template<class> class PatchField, class GeoMesh> Foam::tmp<Foam::GeometricField<double, PatchField, GeoMesh> > Foam::operator+(const Foam::dimensioned<double>&, const Foam::tmp<Foam::GeometricField<double, PatchField, GeoMesh> >&)
 tmp<GeometricField<ReturnType, PatchField, GeoMesh>> operator Op               \
                                                      ^
/opt/openfoam5/src/OpenFOAM/lnInclude/GeometricFieldFunctionsM.C:813:5: note: in expansion of macro 'BINARY_TYPE_OPERATOR_SF'
     BINARY_TYPE_OPERATOR_SF(ReturnType, Type1, Type2, Op, OpName, OpFunc)      \
     ^
/opt/openfoam5/src/OpenFOAM/lnInclude/GeometricScalarField.C:110:1: note: in expansion of macro 'BINARY_TYPE_OPERATOR'
 BINARY_TYPE_OPERATOR(scalar, scalar, scalar, +, '+', add)
 ^
/opt/openfoam5/src/OpenFOAM/lnInclude/GeometricFieldFunctionsM.C:685:54: note:   template argument deduction/substitution failed:
 tmp<GeometricField<ReturnType, PatchField, GeoMesh>> operator Op               \
                                                      ^
/opt/openfoam5/src/OpenFOAM/lnInclude/GeometricFieldFunctionsM.C:813:5: note: in expansion of macro 'BINARY_TYPE_OPERATOR_SF'
     BINARY_TYPE_OPERATOR_SF(ReturnType, Type1, Type2, Op, OpName, OpFunc)      \
     ^
/opt/openfoam5/src/OpenFOAM/lnInclude/GeometricScalarField.C:110:1: note: in expansion of macro 'BINARY_TYPE_OPERATOR'
 BINARY_TYPE_OPERATOR(scalar, scalar, scalar, +, '+', add)
 ^
In file included from pamFoam.C:138:0:
./processModels/SACEqn.H:9:7: note:   cannot convert 'alphaLiquid' (type 'const volScalarField {aka const Foam::GeometricField<double, Foam::fvPatchField, Foam::volMesh>}') to type 'const Foam::dimensioned<double>&'
     + alphaLiquid*fSACXS*rhoHydrolysis
       ^
In file included from /opt/openfoam5/src/OpenFOAM/lnInclude/GeometricScalarField.C:29:0,
                 from /opt/openfoam5/src/OpenFOAM/lnInclude/GeometricScalarField.H:173,
                 from /opt/openfoam5/src/OpenFOAM/lnInclude/GeometricFields.H:34,
                 from /opt/openfoam5/src/finiteVolume/lnInclude/volFields.H:37,
                 from /opt/openfoam5/src/finiteVolume/lnInclude/surfaceInterpolationScheme.C:27,
                 from /opt/openfoam5/src/finiteVolume/lnInclude/surfaceInterpolationScheme.H:307,
                 from /opt/openfoam5/src/finiteVolume/lnInclude/surfaceInterpolate.H:41,
                 from /opt/openfoam5/src/finiteVolume/lnInclude/fvc.H:39,
                 from /opt/openfoam5/src/finiteVolume/lnInclude/fvCFD.H:8,
                 from pamFoam.C:36:
/opt/openfoam5/src/OpenFOAM/lnInclude/GeometricFieldFunctionsM.C:711:54: note: candidate: template<template<class> class PatchField, class GeoMesh> Foam::tmp<Foam::GeometricField<double, PatchField, GeoMesh> > Foam::operator+(const scalar&, const Foam::tmp<Foam::GeometricField<double, PatchField, GeoMesh> >&)
 tmp<GeometricField<ReturnType, PatchField, GeoMesh>> operator Op               \
                                                      ^
/opt/openfoam5/src/OpenFOAM/lnInclude/GeometricFieldFunctionsM.C:813:5: note: in expansion of macro 'BINARY_TYPE_OPERATOR_SF'
     BINARY_TYPE_OPERATOR_SF(ReturnType, Type1, Type2, Op, OpName, OpFunc)      \
     ^
/opt/openfoam5/src/OpenFOAM/lnInclude/GeometricScalarField.C:110:1: note: in expansion of macro 'BINARY_TYPE_OPERATOR'
 BINARY_TYPE_OPERATOR(scalar, scalar, scalar, +, '+', add)
 ^
/opt/openfoam5/src/OpenFOAM/lnInclude/GeometricFieldFunctionsM.C:711:54: note:   template argument deduction/substitution failed:
 tmp<GeometricField<ReturnType, PatchField, GeoMesh>> operator Op               \
                                                      ^
/opt/openfoam5/src/OpenFOAM/lnInclude/GeometricFieldFunctionsM.C:813:5: note: in expansion of macro 'BINARY_TYPE_OPERATOR_SF'
     BINARY_TYPE_OPERATOR_SF(ReturnType, Type1, Type2, Op, OpName, OpFunc)      \
     ^
/opt/openfoam5/src/OpenFOAM/lnInclude/GeometricScalarField.C:110:1: note: in expansion of macro 'BINARY_TYPE_OPERATOR'
 BINARY_TYPE_OPERATOR(scalar, scalar, scalar, +, '+', add)
 ^
In file included from pamFoam.C:138:0:
./processModels/SACEqn.H:9:7: note:   cannot convert 'alphaLiquid' (type 'const volScalarField {aka const Foam::GeometricField<double, Foam::fvPatchField, Foam::volMesh>}') to type 'const scalar& {aka const double&}'
     + alphaLiquid*fSACXS*rhoHydrolysis
       ^
In file included from /opt/openfoam5/src/OpenFOAM/lnInclude/GeometricScalarField.C:29:0,
                 from /opt/openfoam5/src/OpenFOAM/lnInclude/GeometricScalarField.H:173,
                 from /opt/openfoam5/src/OpenFOAM/lnInclude/GeometricFields.H:34,
                 from /opt/openfoam5/src/finiteVolume/lnInclude/volFields.H:37,
                 from /opt/openfoam5/src/finiteVolume/lnInclude/surfaceInterpolationScheme.C:27,
                 from /opt/openfoam5/src/finiteVolume/lnInclude/surfaceInterpolationScheme.H:307,
                 from /opt/openfoam5/src/finiteVolume/lnInclude/surfaceInterpolate.H:41,
                 from /opt/openfoam5/src/finiteVolume/lnInclude/fvc.H:39,
                 from /opt/openfoam5/src/finiteVolume/lnInclude/fvCFD.H:8,
                 from pamFoam.C:36:
/opt/openfoam5/src/OpenFOAM/lnInclude/GeometricFieldFunctionsM.C:736:54: note: candidate: template<template<class> class PatchField, class GeoMesh> Foam::tmp<Foam::GeometricField<double, PatchField, GeoMesh> > Foam::operator+(const Foam::GeometricField<double, PatchField, GeoMesh>&, const Foam::dimensioned<double>&)
 tmp<GeometricField<ReturnType, PatchField, GeoMesh>> operator Op               \
                                                      ^
/opt/openfoam5/src/OpenFOAM/lnInclude/GeometricFieldFunctionsM.C:814:5: note: in expansion of macro 'BINARY_TYPE_OPERATOR_FS'
     BINARY_TYPE_OPERATOR_FS(ReturnType, Type1, Type2, Op, OpName, OpFunc)
     ^
/opt/openfoam5/src/OpenFOAM/lnInclude/GeometricScalarField.C:110:1: note: in expansion of macro 'BINARY_TYPE_OPERATOR'
 BINARY_TYPE_OPERATOR(scalar, scalar, scalar, +, '+', add)
 ^
/opt/openfoam5/src/OpenFOAM/lnInclude/GeometricFieldFunctionsM.C:736:54: note:   template argument deduction/substitution failed:
 tmp<GeometricField<ReturnType, PatchField, GeoMesh>> operator Op               \
                                                      ^
/opt/openfoam5/src/OpenFOAM/lnInclude/GeometricFieldFunctionsM.C:814:5: note: in expansion of macro 'BINARY_TYPE_OPERATOR_FS'
     BINARY_TYPE_OPERATOR_FS(ReturnType, Type1, Type2, Op, OpName, OpFunc)
     ^
/opt/openfoam5/src/OpenFOAM/lnInclude/GeometricScalarField.C:110:1: note: in expansion of macro 'BINARY_TYPE_OPERATOR'
 BINARY_TYPE_OPERATOR(scalar, scalar, scalar, +, '+', add)
 ^
In file included from pamFoam.C:138:0:
./processModels/SACEqn.H:9:7: note:   candidate expects 2 arguments, 1 provided
     + alphaLiquid*fSACXS*rhoHydrolysis
       ^
In file included from /opt/openfoam5/src/OpenFOAM/lnInclude/GeometricScalarField.C:29:0,
                 from /opt/openfoam5/src/OpenFOAM/lnInclude/GeometricScalarField.H:173,
                 from /opt/openfoam5/src/OpenFOAM/lnInclude/GeometricFields.H:34,
                 from /opt/openfoam5/src/finiteVolume/lnInclude/volFields.H:37,
                 from /opt/openfoam5/src/finiteVolume/lnInclude/surfaceInterpolationScheme.C:27,
                 from /opt/openfoam5/src/finiteVolume/lnInclude/surfaceInterpolationScheme.H:307,
                 from /opt/openfoam5/src/finiteVolume/lnInclude/surfaceInterpolate.H:41,
                 from /opt/openfoam5/src/finiteVolume/lnInclude/fvc.H:39,
                 from /opt/openfoam5/src/finiteVolume/lnInclude/fvCFD.H:8,
                 from pamFoam.C:36:
/opt/openfoam5/src/OpenFOAM/lnInclude/GeometricFieldFunctionsM.C:765:54: note: candidate: template<template<class> class PatchField, class GeoMesh> Foam::tmp<Foam::GeometricField<double, PatchField, GeoMesh> > Foam::operator+(const Foam::GeometricField<double, PatchField, GeoMesh>&, const scalar&)
 tmp<GeometricField<ReturnType, PatchField, GeoMesh>> operator Op               \
                                                      ^
/opt/openfoam5/src/OpenFOAM/lnInclude/GeometricFieldFunctionsM.C:814:5: note: in expansion of macro 'BINARY_TYPE_OPERATOR_FS'
     BINARY_TYPE_OPERATOR_FS(ReturnType, Type1, Type2, Op, OpName, OpFunc)
     ^
/opt/openfoam5/src/OpenFOAM/lnInclude/GeometricScalarField.C:110:1: note: in expansion of macro 'BINARY_TYPE_OPERATOR'
 BINARY_TYPE_OPERATOR(scalar, scalar, scalar, +, '+', add)
 ^
/opt/openfoam5/src/OpenFOAM/lnInclude/GeometricFieldFunctionsM.C:765:54: note:   template argument deduction/substitution failed:
 tmp<GeometricField<ReturnType, PatchField, GeoMesh>> operator Op               \
                                                      ^
/opt/openfoam5/src/OpenFOAM/lnInclude/GeometricFieldFunctionsM.C:814:5: note: in expansion of macro 'BINARY_TYPE_OPERATOR_FS'
     BINARY_TYPE_OPERATOR_FS(ReturnType, Type1, Type2, Op, OpName, OpFunc)
     ^
/opt/openfoam5/src/OpenFOAM/lnInclude/GeometricScalarField.C:110:1: note: in expansion of macro 'BINARY_TYPE_OPERATOR'
 BINARY_TYPE_OPERATOR(scalar, scalar, scalar, +, '+', add)
 ^
In file included from pamFoam.C:138:0:
./processModels/SACEqn.H:9:7: note:   candidate expects 2 arguments, 1 provided
     + alphaLiquid*fSACXS*rhoHydrolysis
       ^
In file included from /opt/openfoam5/src/OpenFOAM/lnInclude/GeometricScalarField.C:29:0,
                 from /opt/openfoam5/src/OpenFOAM/lnInclude/GeometricScalarField.H:173,
                 from /opt/openfoam5/src/OpenFOAM/lnInclude/GeometricFields.H:34,
                 from /opt/openfoam5/src/finiteVolume/lnInclude/volFields.H:37,
                 from /opt/openfoam5/src/finiteVolume/lnInclude/surfaceInterpolationScheme.C:27,
                 from /opt/openfoam5/src/finiteVolume/lnInclude/surfaceInterpolationScheme.H:307,
                 from /opt/openfoam5/src/finiteVolume/lnInclude/surfaceInterpolate.H:41,
                 from /opt/openfoam5/src/finiteVolume/lnInclude/fvc.H:39,
                 from /opt/openfoam5/src/finiteVolume/lnInclude/fvCFD.H:8,
                 from pamFoam.C:36:
/opt/openfoam5/src/OpenFOAM/lnInclude/GeometricFieldFunctionsM.C:776:54: note: candidate: template<template<class> class PatchField, class GeoMesh> Foam::tmp<Foam::GeometricField<double, PatchField, GeoMesh> > Foam::operator+(const Foam::tmp<Foam::GeometricField<double, PatchField, GeoMesh> >&, const Foam::dimensioned<double>&)
 tmp<GeometricField<ReturnType, PatchField, GeoMesh>> operator Op               \
                                                      ^
/opt/openfoam5/src/OpenFOAM/lnInclude/GeometricFieldFunctionsM.C:814:5: note: in expansion of macro 'BINARY_TYPE_OPERATOR_FS'
     BINARY_TYPE_OPERATOR_FS(ReturnType, Type1, Type2, Op, OpName, OpFunc)
     ^
/opt/openfoam5/src/OpenFOAM/lnInclude/GeometricScalarField.C:110:1: note: in expansion of macro 'BINARY_TYPE_OPERATOR'
 BINARY_TYPE_OPERATOR(scalar, scalar, scalar, +, '+', add)
 ^
/opt/openfoam5/src/OpenFOAM/lnInclude/GeometricFieldFunctionsM.C:776:54: note:   template argument deduction/substitution failed:
 tmp<GeometricField<ReturnType, PatchField, GeoMesh>> operator Op               \
                                                      ^
/opt/openfoam5/src/OpenFOAM/lnInclude/GeometricFieldFunctionsM.C:814:5: note: in expansion of macro 'BINARY_TYPE_OPERATOR_FS'
     BINARY_TYPE_OPERATOR_FS(ReturnType, Type1, Type2, Op, OpName, OpFunc)
     ^
/opt/openfoam5/src/OpenFOAM/lnInclude/GeometricScalarField.C:110:1: note: in expansion of macro 'BINARY_TYPE_OPERATOR'
 BINARY_TYPE_OPERATOR(scalar, scalar, scalar, +, '+', add)
 ^
In file included from pamFoam.C:138:0:
./processModels/SACEqn.H:9:7: note:   'const volScalarField {aka const Foam::GeometricField<double, Foam::fvPatchField, Foam::volMesh>}' is not derived from 'const Foam::tmp<Foam::GeometricField<double, PatchField, GeoMesh> >'
     + alphaLiquid*fSACXS*rhoHydrolysis
       ^
In file included from /opt/openfoam5/src/OpenFOAM/lnInclude/GeometricScalarField.C:29:0,
                 from /opt/openfoam5/src/OpenFOAM/lnInclude/GeometricScalarField.H:173,
                 from /opt/openfoam5/src/OpenFOAM/lnInclude/GeometricFields.H:34,
                 from /opt/openfoam5/src/finiteVolume/lnInclude/volFields.H:37,
                 from /opt/openfoam5/src/finiteVolume/lnInclude/surfaceInterpolationScheme.C:27,
                 from /opt/openfoam5/src/finiteVolume/lnInclude/surfaceInterpolationScheme.H:307,
                 from /opt/openfoam5/src/finiteVolume/lnInclude/surfaceInterpolate.H:41,
                 from /opt/openfoam5/src/finiteVolume/lnInclude/fvc.H:39,
                 from /opt/openfoam5/src/finiteVolume/lnInclude/fvCFD.H:8,
                 from pamFoam.C:36:
/opt/openfoam5/src/OpenFOAM/lnInclude/GeometricFieldFunctionsM.C:802:54: note: candidate: template<template<class> class PatchField, class GeoMesh> Foam::tmp<Foam::GeometricField<double, PatchField, GeoMesh> > Foam::operator+(const Foam::tmp<Foam::GeometricField<double, PatchField, GeoMesh> >&, const scalar&)
 tmp<GeometricField<ReturnType, PatchField, GeoMesh>> operator Op               \
                                                      ^
/opt/openfoam5/src/OpenFOAM/lnInclude/GeometricFieldFunctionsM.C:814:5: note: in expansion of macro 'BINARY_TYPE_OPERATOR_FS'
     BINARY_TYPE_OPERATOR_FS(ReturnType, Type1, Type2, Op, OpName, OpFunc)
     ^
/opt/openfoam5/src/OpenFOAM/lnInclude/GeometricScalarField.C:110:1: note: in expansion of macro 'BINARY_TYPE_OPERATOR'
 BINARY_TYPE_OPERATOR(scalar, scalar, scalar, +, '+', add)
 ^
/opt/openfoam5/src/OpenFOAM/lnInclude/GeometricFieldFunctionsM.C:802:54: note:   template argument deduction/substitution failed:
 tmp<GeometricField<ReturnType, PatchField, GeoMesh>> operator Op               \
                                                      ^
/opt/openfoam5/src/OpenFOAM/lnInclude/GeometricFieldFunctionsM.C:814:5: note: in expansion of macro 'BINARY_TYPE_OPERATOR_FS'
     BINARY_TYPE_OPERATOR_FS(ReturnType, Type1, Type2, Op, OpName, OpFunc)
     ^
/opt/openfoam5/src/OpenFOAM/lnInclude/GeometricScalarField.C:110:1: note: in expansion of macro 'BINARY_TYPE_OPERATOR'
 BINARY_TYPE_OPERATOR(scalar, scalar, scalar, +, '+', add)
 ^
In file included from pamFoam.C:138:0:
./processModels/SACEqn.H:9:7: note:   'const volScalarField {aka const Foam::GeometricField<double, Foam::fvPatchField, Foam::volMesh>}' is not derived from 'const Foam::tmp<Foam::GeometricField<double, PatchField, GeoMesh> >'
     + alphaLiquid*fSACXS*rhoHydrolysis
       ^
In file included from /opt/openfoam5/src/OpenFOAM/lnInclude/zeroField.H:82:0,
                 from /opt/openfoam5/src/OpenFOAM/lnInclude/zeroFieldField.H:40,
                 from /opt/openfoam5/src/OpenFOAM/lnInclude/geometricZeroField.H:40,
                 from /opt/openfoam5/src/finiteVolume/lnInclude/fvcDdt.H:43,
                 from /opt/openfoam5/src/finiteVolume/lnInclude/fvc.H:44,
                 from /opt/openfoam5/src/finiteVolume/lnInclude/fvCFD.H:8,
                 from pamFoam.C:36:
/opt/openfoam5/src/OpenFOAM/lnInclude/zeroFieldI.H:61:24: note: candidate: const Foam::zeroField Foam::operator+(const Foam::zeroField&, const Foam::zeroField&)
 inline const zeroField operator+(const zeroField&, const zeroField&)
                        ^
/opt/openfoam5/src/OpenFOAM/lnInclude/zeroFieldI.H:61:24: note:   candidate expects 2 arguments, 1 provided
/opt/openfoam5/src/OpenFOAM/lnInclude/zeroFieldI.H:67:20: note: candidate: template<class Type> const Type& Foam::operator+(const Type&, const Foam::zeroField&)
 inline const Type& operator+(const Type& t, const zeroField&)
                    ^
/opt/openfoam5/src/OpenFOAM/lnInclude/zeroFieldI.H:67:20: note:   template argument deduction/substitution failed:
In file included from pamFoam.C:138:0:
./processModels/SACEqn.H:9:7: note:   candidate expects 2 arguments, 1 provided
     + alphaLiquid*fSACXS*rhoHydrolysis
       ^
In file included from /opt/openfoam5/src/OpenFOAM/lnInclude/zeroField.H:82:0,
                 from /opt/openfoam5/src/OpenFOAM/lnInclude/zeroFieldField.H:40,
                 from /opt/openfoam5/src/OpenFOAM/lnInclude/geometricZeroField.H:40,
                 from /opt/openfoam5/src/finiteVolume/lnInclude/fvcDdt.H:43,
                 from /opt/openfoam5/src/finiteVolume/lnInclude/fvc.H:44,
                 from /opt/openfoam5/src/finiteVolume/lnInclude/fvCFD.H:8,
                 from pamFoam.C:36:
/opt/openfoam5/src/OpenFOAM/lnInclude/zeroFieldI.H:73:20: note: candidate: template<class Type> const Type& Foam::operator+(const Foam::zeroField&, const Type&)
 inline const Type& operator+(const zeroField&, const Type& t)
                    ^
/opt/openfoam5/src/OpenFOAM/lnInclude/zeroFieldI.H:73:20: note:   template argument deduction/substitution failed:
In file included from pamFoam.C:138:0:
./processModels/SACEqn.H:9:7: note:   cannot convert 'alphaLiquid' (type 'const volScalarField {aka const Foam::GeometricField<double, Foam::fvPatchField, Foam::volMesh>}') to type 'const Foam::zeroField&'
     + alphaLiquid*fSACXS*rhoHydrolysis
       ^
In file included from /opt/openfoam5/src/finiteVolume/lnInclude/fvMatrix.H:1061:0,
                 from /opt/openfoam5/src/finiteVolume/lnInclude/ddtScheme.C:29,
                 from /opt/openfoam5/src/finiteVolume/lnInclude/ddtScheme.H:342,
                 from /opt/openfoam5/src/finiteVolume/lnInclude/fvcDdt.C:28,
                 from /opt/openfoam5/src/finiteVolume/lnInclude/fvcDdt.H:205,
                 from /opt/openfoam5/src/finiteVolume/lnInclude/fvc.H:44,
                 from /opt/openfoam5/src/finiteVolume/lnInclude/fvCFD.H:8,
                 from pamFoam.C:36:
/opt/openfoam5/src/finiteVolume/lnInclude/fvMatrix.C:1624:33: note: candidate: template<class Type> Foam::tmp<Foam::fvMatrix<Type> > Foam::operator+(const Foam::fvMatrix<Type>&, const Foam::fvMatrix<Type>&)
 Foam::tmp<Foam::fvMatrix<Type>> Foam::operator+
                                 ^
/opt/openfoam5/src/finiteVolume/lnInclude/fvMatrix.C:1624:33: note:   template argument deduction/substitution failed:
In file included from pamFoam.C:138:0:
./processModels/SACEqn.H:9:7: note:   'const volScalarField {aka const Foam::GeometricField<double, Foam::fvPatchField, Foam::volMesh>}' is not derived from 'const Foam::fvMatrix<Type>'
     + alphaLiquid*fSACXS*rhoHydrolysis
       ^
In file included from /opt/openfoam5/src/finiteVolume/lnInclude/fvMatrix.H:1061:0,
                 from /opt/openfoam5/src/finiteVolume/lnInclude/ddtScheme.C:29,
                 from /opt/openfoam5/src/finiteVolume/lnInclude/ddtScheme.H:342,
                 from /opt/openfoam5/src/finiteVolume/lnInclude/fvcDdt.C:28,
                 from /opt/openfoam5/src/finiteVolume/lnInclude/fvcDdt.H:205,
                 from /opt/openfoam5/src/finiteVolume/lnInclude/fvc.H:44,
                 from /opt/openfoam5/src/finiteVolume/lnInclude/fvCFD.H:8,
                 from pamFoam.C:36:
/opt/openfoam5/src/finiteVolume/lnInclude/fvMatrix.C:1637:33: note: candidate: template<class Type> Foam::tmp<Foam::fvMatrix<Type> > Foam::operator+(const Foam::tmp<Foam::fvMatrix<Type> >&, const Foam::fvMatrix<Type>&)
 Foam::tmp<Foam::fvMatrix<Type>> Foam::operator+
                                 ^
/opt/openfoam5/src/finiteVolume/lnInclude/fvMatrix.C:1637:33: note:   template argument deduction/substitution failed:
In file included from pamFoam.C:138:0:
./processModels/SACEqn.H:9:7: note:   'const volScalarField {aka const Foam::GeometricField<double, Foam::fvPatchField, Foam::volMesh>}' is not derived from 'const Foam::tmp<Foam::fvMatrix<Type> >'
     + alphaLiquid*fSACXS*rhoHydrolysis
       ^
In file included from /opt/openfoam5/src/finiteVolume/lnInclude/fvMatrix.H:1061:0,
                 from /opt/openfoam5/src/finiteVolume/lnInclude/ddtScheme.C:29,
                 from /opt/openfoam5/src/finiteVolume/lnInclude/ddtScheme.H:342,
                 from /opt/openfoam5/src/finiteVolume/lnInclude/fvcDdt.C:28,
                 from /opt/openfoam5/src/finiteVolume/lnInclude/fvcDdt.H:205,
                 from /opt/openfoam5/src/finiteVolume/lnInclude/fvc.H:44,
                 from /opt/openfoam5/src/finiteVolume/lnInclude/fvCFD.H:8,
                 from pamFoam.C:36:
/opt/openfoam5/src/finiteVolume/lnInclude/fvMatrix.C:1650:33: note: candidate: template<class Type> Foam::tmp<Foam::fvMatrix<Type> > Foam::operator+(const Foam::fvMatrix<Type>&, const Foam::tmp<Foam::fvMatrix<Type> >&)
 Foam::tmp<Foam::fvMatrix<Type>> Foam::operator+
                                 ^
/opt/openfoam5/src/finiteVolume/lnInclude/fvMatrix.C:1650:33: note:   template argument deduction/substitution failed:
In file included from pamFoam.C:138:0:
./processModels/SACEqn.H:9:7: note:   'const volScalarField {aka const Foam::GeometricField<double, Foam::fvPatchField, Foam::volMesh>}' is not derived from 'const Foam::fvMatrix<Type>'
     + alphaLiquid*fSACXS*rhoHydrolysis
       ^
In file included from /opt/openfoam5/src/finiteVolume/lnInclude/fvMatrix.H:1061:0,
                 from /opt/openfoam5/src/finiteVolume/lnInclude/ddtScheme.C:29,
                 from /opt/openfoam5/src/finiteVolume/lnInclude/ddtScheme.H:342,
                 from /opt/openfoam5/src/finiteVolume/lnInclude/fvcDdt.C:28,
                 from /opt/openfoam5/src/finiteVolume/lnInclude/fvcDdt.H:205,
                 from /opt/openfoam5/src/finiteVolume/lnInclude/fvc.H:44,
                 from /opt/openfoam5/src/finiteVolume/lnInclude/fvCFD.H:8,
                 from pamFoam.C:36:
/opt/openfoam5/src/finiteVolume/lnInclude/fvMatrix.C:1663:33: note: candidate: template<class Type> Foam::tmp<Foam::fvMatrix<Type> > Foam::operator+(const Foam::tmp<Foam::fvMatrix<Type> >&, const Foam::tmp<Foam::fvMatrix<Type> >&)
 Foam::tmp<Foam::fvMatrix<Type>> Foam::operator+
                                 ^
/opt/openfoam5/src/finiteVolume/lnInclude/fvMatrix.C:1663:33: note:   template argument deduction/substitution failed:
In file included from pamFoam.C:138:0:
./processModels/SACEqn.H:9:7: note:   'const volScalarField {aka const Foam::GeometricField<double, Foam::fvPatchField, Foam::volMesh>}' is not derived from 'const Foam::tmp<Foam::fvMatrix<Type> >'
     + alphaLiquid*fSACXS*rhoHydrolysis
       ^
In file included from /opt/openfoam5/src/finiteVolume/lnInclude/fvMatrix.H:1061:0,
                 from /opt/openfoam5/src/finiteVolume/lnInclude/ddtScheme.C:29,
                 from /opt/openfoam5/src/finiteVolume/lnInclude/ddtScheme.H:342,
                 from /opt/openfoam5/src/finiteVolume/lnInclude/fvcDdt.C:28,
                 from /opt/openfoam5/src/finiteVolume/lnInclude/fvcDdt.H:205,
                 from /opt/openfoam5/src/finiteVolume/lnInclude/fvc.H:44,
                 from /opt/openfoam5/src/finiteVolume/lnInclude/fvCFD.H:8,
                 from pamFoam.C:36:
/opt/openfoam5/src/finiteVolume/lnInclude/fvMatrix.C:1677:33: note: candidate: template<class Type> Foam::tmp<Foam::fvMatrix<Type> > Foam::operator+(const Foam::fvMatrix<Type>&, const Foam::DimensionedField<Type, Foam::volMesh>&)
 Foam::tmp<Foam::fvMatrix<Type>> Foam::operator+
                                 ^
/opt/openfoam5/src/finiteVolume/lnInclude/fvMatrix.C:1677:33: note:   template argument deduction/substitution failed:
In file included from pamFoam.C:138:0:
./processModels/SACEqn.H:9:7: note:   'const volScalarField {aka const Foam::GeometricField<double, Foam::fvPatchField, Foam::volMesh>}' is not derived from 'const Foam::fvMatrix<Type>'
     + alphaLiquid*fSACXS*rhoHydrolysis
       ^
In file included from /opt/openfoam5/src/finiteVolume/lnInclude/fvMatrix.H:1061:0,
                 from /opt/openfoam5/src/finiteVolume/lnInclude/ddtScheme.C:29,
                 from /opt/openfoam5/src/finiteVolume/lnInclude/ddtScheme.H:342,
                 from /opt/openfoam5/src/finiteVolume/lnInclude/fvcDdt.C:28,
                 from /opt/openfoam5/src/finiteVolume/lnInclude/fvcDdt.H:205,
                 from /opt/openfoam5/src/finiteVolume/lnInclude/fvc.H:44,
                 from /opt/openfoam5/src/finiteVolume/lnInclude/fvCFD.H:8,
                 from pamFoam.C:36:
/opt/openfoam5/src/finiteVolume/lnInclude/fvMatrix.C:1690:33: note: candidate: template<class Type> Foam::tmp<Foam::fvMatrix<Type> > Foam::operator+(const Foam::fvMatrix<Type>&, const Foam::tmp<Foam::DimensionedField<Type, Foam::volMesh> >&)
 Foam::tmp<Foam::fvMatrix<Type>> Foam::operator+
                                 ^
/opt/openfoam5/src/finiteVolume/lnInclude/fvMatrix.C:1690:33: note:   template argument deduction/substitution failed:
In file included from pamFoam.C:138:0:
./processModels/SACEqn.H:9:7: note:   'const volScalarField {aka const Foam::GeometricField<double, Foam::fvPatchField, Foam::volMesh>}' is not derived from 'const Foam::fvMatrix<Type>'
     + alphaLiquid*fSACXS*rhoHydrolysis
       ^
In file included from /opt/openfoam5/src/finiteVolume/lnInclude/fvMatrix.H:1061:0,
                 from /opt/openfoam5/src/finiteVolume/lnInclude/ddtScheme.C:29,
                 from /opt/openfoam5/src/finiteVolume/lnInclude/ddtScheme.H:342,
                 from /opt/openfoam5/src/finiteVolume/lnInclude/fvcDdt.C:28,
                 from /opt/openfoam5/src/finiteVolume/lnInclude/fvcDdt.H:205,
                 from /opt/openfoam5/src/finiteVolume/lnInclude/fvc.H:44,
                 from /opt/openfoam5/src/finiteVolume/lnInclude/fvCFD.H:8,
                 from pamFoam.C:36:
/opt/openfoam5/src/finiteVolume/lnInclude/fvMatrix.C:1704:33: note: candidate: template<class Type> Foam::tmp<Foam::fvMatrix<Type> > Foam::operator+(const Foam::fvMatrix<Type>&, const Foam::tmp<Foam::GeometricField<Type, Foam::fvPatchField, Foam::volMesh> >&)
 Foam::tmp<Foam::fvMatrix<Type>> Foam::operator+
                                 ^
/opt/openfoam5/src/finiteVolume/lnInclude/fvMatrix.C:1704:33: note:   template argument deduction/substitution failed:
In file included from pamFoam.C:138:0:
./processModels/SACEqn.H:9:7: note:   'const volScalarField {aka const Foam::GeometricField<double, Foam::fvPatchField, Foam::volMesh>}' is not derived from 'const Foam::fvMatrix<Type>'
     + alphaLiquid*fSACXS*rhoHydrolysis
       ^
In file included from /opt/openfoam5/src/finiteVolume/lnInclude/fvMatrix.H:1061:0,
                 from /opt/openfoam5/src/finiteVolume/lnInclude/ddtScheme.C:29,
                 from /opt/openfoam5/src/finiteVolume/lnInclude/ddtScheme.H:342,
                 from /opt/openfoam5/src/finiteVolume/lnInclude/fvcDdt.C:28,
                 from /opt/openfoam5/src/finiteVolume/lnInclude/fvcDdt.H:205,
                 from /opt/openfoam5/src/finiteVolume/lnInclude/fvc.H:44,
                 from /opt/openfoam5/src/finiteVolume/lnInclude/fvCFD.H:8,
                 from pamFoam.C:36:
/opt/openfoam5/src/finiteVolume/lnInclude/fvMatrix.C:1718:33: note: candidate: template<class Type> Foam::tmp<Foam::fvMatrix<Type> > Foam::operator+(const Foam::tmp<Foam::fvMatrix<Type> >&, const Foam::DimensionedField<Type, Foam::volMesh>&)
 Foam::tmp<Foam::fvMatrix<Type>> Foam::operator+
                                 ^
/opt/openfoam5/src/finiteVolume/lnInclude/fvMatrix.C:1718:33: note:   template argument deduction/substitution failed:
In file included from pamFoam.C:138:0:
./processModels/SACEqn.H:9:7: note:   'const volScalarField {aka const Foam::GeometricField<double, Foam::fvPatchField, Foam::volMesh>}' is not derived from 'const Foam::tmp<Foam::fvMatrix<Type> >'
     + alphaLiquid*fSACXS*rhoHydrolysis
       ^
In file included from /opt/openfoam5/src/finiteVolume/lnInclude/fvMatrix.H:1061:0,
                 from /opt/openfoam5/src/finiteVolume/lnInclude/ddtScheme.C:29,
                 from /opt/openfoam5/src/finiteVolume/lnInclude/ddtScheme.H:342,
                 from /opt/openfoam5/src/finiteVolume/lnInclude/fvcDdt.C:28,
                 from /opt/openfoam5/src/finiteVolume/lnInclude/fvcDdt.H:205,
                 from /opt/openfoam5/src/finiteVolume/lnInclude/fvc.H:44,
                 from /opt/openfoam5/src/finiteVolume/lnInclude/fvCFD.H:8,
                 from pamFoam.C:36:
/opt/openfoam5/src/finiteVolume/lnInclude/fvMatrix.C:1731:33: note: candidate: template<class Type> Foam::tmp<Foam::fvMatrix<Type> > Foam::operator+(const Foam::tmp<Foam::fvMatrix<Type> >&, const Foam::tmp<Foam::DimensionedField<Type, Foam::volMesh> >&)
 Foam::tmp<Foam::fvMatrix<Type>> Foam::operator+
                                 ^
/opt/openfoam5/src/finiteVolume/lnInclude/fvMatrix.C:1731:33: note:   template argument deduction/substitution failed:
In file included from pamFoam.C:138:0:
./processModels/SACEqn.H:9:7: note:   'const volScalarField {aka const Foam::GeometricField<double, Foam::fvPatchField, Foam::volMesh>}' is not derived from 'const Foam::tmp<Foam::fvMatrix<Type> >'
     + alphaLiquid*fSACXS*rhoHydrolysis
       ^
In file included from /opt/openfoam5/src/finiteVolume/lnInclude/fvMatrix.H:1061:0,
                 from /opt/openfoam5/src/finiteVolume/lnInclude/ddtScheme.C:29,
                 from /opt/openfoam5/src/finiteVolume/lnInclude/ddtScheme.H:342,
                 from /opt/openfoam5/src/finiteVolume/lnInclude/fvcDdt.C:28,
                 from /opt/openfoam5/src/finiteVolume/lnInclude/fvcDdt.H:205,
                 from /opt/openfoam5/src/finiteVolume/lnInclude/fvc.H:44,
                 from /opt/openfoam5/src/finiteVolume/lnInclude/fvCFD.H:8,
                 from pamFoam.C:36:
/opt/openfoam5/src/finiteVolume/lnInclude/fvMatrix.C:1745:33: note: candidate: template<class Type> Foam::tmp<Foam::fvMatrix<Type> > Foam::operator+(const Foam::tmp<Foam::fvMatrix<Type> >&, const Foam::tmp<Foam::GeometricField<Type, Foam::fvPatchField, Foam::volMesh> >&)
 Foam::tmp<Foam::fvMatrix<Type>> Foam::operator+
                                 ^
/opt/openfoam5/src/finiteVolume/lnInclude/fvMatrix.C:1745:33: note:   template argument deduction/substitution failed:
In file included from pamFoam.C:138:0:
./processModels/SACEqn.H:9:7: note:   'const volScalarField {aka const Foam::GeometricField<double, Foam::fvPatchField, Foam::volMesh>}' is not derived from 'const Foam::tmp<Foam::fvMatrix<Type> >'
     + alphaLiquid*fSACXS*rhoHydrolysis
       ^
In file included from /opt/openfoam5/src/finiteVolume/lnInclude/fvMatrix.H:1061:0,
                 from /opt/openfoam5/src/finiteVolume/lnInclude/ddtScheme.C:29,
                 from /opt/openfoam5/src/finiteVolume/lnInclude/ddtScheme.H:342,
                 from /opt/openfoam5/src/finiteVolume/lnInclude/fvcDdt.C:28,
                 from /opt/openfoam5/src/finiteVolume/lnInclude/fvcDdt.H:205,
                 from /opt/openfoam5/src/finiteVolume/lnInclude/fvc.H:44,
                 from /opt/openfoam5/src/finiteVolume/lnInclude/fvCFD.H:8,
                 from pamFoam.C:36:
/opt/openfoam5/src/finiteVolume/lnInclude/fvMatrix.C:1759:33: note: candidate: template<class Type> Foam::tmp<Foam::fvMatrix<Type> > Foam::operator+(const Foam::DimensionedField<Type, Foam::volMesh>&, const Foam::fvMatrix<Type>&)
 Foam::tmp<Foam::fvMatrix<Type>> Foam::operator+
                                 ^
/opt/openfoam5/src/finiteVolume/lnInclude/fvMatrix.C:1759:33: note:   template argument deduction/substitution failed:
In file included from pamFoam.C:138:0:
./processModels/SACEqn.H:9:7: note:   candidate expects 2 arguments, 1 provided
     + alphaLiquid*fSACXS*rhoHydrolysis
       ^
In file included from /opt/openfoam5/src/finiteVolume/lnInclude/fvMatrix.H:1061:0,
                 from /opt/openfoam5/src/finiteVolume/lnInclude/ddtScheme.C:29,
                 from /opt/openfoam5/src/finiteVolume/lnInclude/ddtScheme.H:342,
                 from /opt/openfoam5/src/finiteVolume/lnInclude/fvcDdt.C:28,
                 from /opt/openfoam5/src/finiteVolume/lnInclude/fvcDdt.H:205,
                 from /opt/openfoam5/src/finiteVolume/lnInclude/fvc.H:44,
                 from /opt/openfoam5/src/finiteVolume/lnInclude/fvCFD.H:8,
                 from pamFoam.C:36:
/opt/openfoam5/src/finiteVolume/lnInclude/fvMatrix.C:1772:33: note: candidate: template<class Type> Foam::tmp<Foam::fvMatrix<Type> > Foam::operator+(const Foam::tmp<Foam::DimensionedField<Type, Foam::volMesh> >&, const Foam::fvMatrix<Type>&)
 Foam::tmp<Foam::fvMatrix<Type>> Foam::operator+
                                 ^
/opt/openfoam5/src/finiteVolume/lnInclude/fvMatrix.C:1772:33: note:   template argument deduction/substitution failed:
In file included from pamFoam.C:138:0:
./processModels/SACEqn.H:9:7: note:   'const volScalarField {aka const Foam::GeometricField<double, Foam::fvPatchField, Foam::volMesh>}' is not derived from 'const Foam::tmp<Foam::DimensionedField<Type, Foam::volMesh> >'
     + alphaLiquid*fSACXS*rhoHydrolysis
       ^
In file included from /opt/openfoam5/src/finiteVolume/lnInclude/fvMatrix.H:1061:0,
                 from /opt/openfoam5/src/finiteVolume/lnInclude/ddtScheme.C:29,
                 from /opt/openfoam5/src/finiteVolume/lnInclude/ddtScheme.H:342,
                 from /opt/openfoam5/src/finiteVolume/lnInclude/fvcDdt.C:28,
                 from /opt/openfoam5/src/finiteVolume/lnInclude/fvcDdt.H:205,
                 from /opt/openfoam5/src/finiteVolume/lnInclude/fvc.H:44,
                 from /opt/openfoam5/src/finiteVolume/lnInclude/fvCFD.H:8,
                 from pamFoam.C:36:
/opt/openfoam5/src/finiteVolume/lnInclude/fvMatrix.C:1786:33: note: candidate: template<class Type> Foam::tmp<Foam::fvMatrix<Type> > Foam::operator+(const Foam::tmp<Foam::GeometricField<Type, Foam::fvPatchField, Foam::volMesh> >&, const Foam::fvMatrix<Type>&)
 Foam::tmp<Foam::fvMatrix<Type>> Foam::operator+
                                 ^
/opt/openfoam5/src/finiteVolume/lnInclude/fvMatrix.C:1786:33: note:   template argument deduction/substitution failed:
In file included from pamFoam.C:138:0:
./processModels/SACEqn.H:9:7: note:   'const volScalarField {aka const Foam::GeometricField<double, Foam::fvPatchField, Foam::volMesh>}' is not derived from 'const Foam::tmp<Foam::GeometricField<Type, Foam::fvPatchField, Foam::volMesh> >'
     + alphaLiquid*fSACXS*rhoHydrolysis
       ^
In file included from /opt/openfoam5/src/finiteVolume/lnInclude/fvMatrix.H:1061:0,
                 from /opt/openfoam5/src/finiteVolume/lnInclude/ddtScheme.C:29,
                 from /opt/openfoam5/src/finiteVolume/lnInclude/ddtScheme.H:342,
                 from /opt/openfoam5/src/finiteVolume/lnInclude/fvcDdt.C:28,
                 from /opt/openfoam5/src/finiteVolume/lnInclude/fvcDdt.H:205,
                 from /opt/openfoam5/src/finiteVolume/lnInclude/fvc.H:44,
                 from /opt/openfoam5/src/finiteVolume/lnInclude/fvCFD.H:8,
                 from pamFoam.C:36:
/opt/openfoam5/src/finiteVolume/lnInclude/fvMatrix.C:1800:33: note: candidate: template<class Type> Foam::tmp<Foam::fvMatrix<Type> > Foam::operator+(const Foam::DimensionedField<Type, Foam::volMesh>&, const Foam::tmp<Foam::fvMatrix<Type> >&)
 Foam::tmp<Foam::fvMatrix<Type>> Foam::operator+
                                 ^
/opt/openfoam5/src/finiteVolume/lnInclude/fvMatrix.C:1800:33: note:   template argument deduction/substitution failed:
In file included from pamFoam.C:138:0:
./processModels/SACEqn.H:9:7: note:   candidate expects 2 arguments, 1 provided
     + alphaLiquid*fSACXS*rhoHydrolysis
       ^
In file included from /opt/openfoam5/src/finiteVolume/lnInclude/fvMatrix.H:1061:0,
                 from /opt/openfoam5/src/finiteVolume/lnInclude/ddtScheme.C:29,
                 from /opt/openfoam5/src/finiteVolume/lnInclude/ddtScheme.H:342,
                 from /opt/openfoam5/src/finiteVolume/lnInclude/fvcDdt.C:28,
                 from /opt/openfoam5/src/finiteVolume/lnInclude/fvcDdt.H:205,
                 from /opt/openfoam5/src/finiteVolume/lnInclude/fvc.H:44,
                 from /opt/openfoam5/src/finiteVolume/lnInclude/fvCFD.H:8,
                 from pamFoam.C:36:
/opt/openfoam5/src/finiteVolume/lnInclude/fvMatrix.C:1813:33: note: candidate: template<class Type> Foam::tmp<Foam::fvMatrix<Type> > Foam::operator+(const Foam::tmp<Foam::DimensionedField<Type, Foam::volMesh> >&, const Foam::tmp<Foam::fvMatrix<Type> >&)
 Foam::tmp<Foam::fvMatrix<Type>> Foam::operator+
                                 ^
/opt/openfoam5/src/finiteVolume/lnInclude/fvMatrix.C:1813:33: note:   template argument deduction/substitution failed:
In file included from pamFoam.C:138:0:
./processModels/SACEqn.H:9:7: note:   'const volScalarField {aka const Foam::GeometricField<double, Foam::fvPatchField, Foam::volMesh>}' is not derived from 'const Foam::tmp<Foam::DimensionedField<Type, Foam::volMesh> >'
     + alphaLiquid*fSACXS*rhoHydrolysis
       ^
In file included from /opt/openfoam5/src/finiteVolume/lnInclude/fvMatrix.H:1061:0,
                 from /opt/openfoam5/src/finiteVolume/lnInclude/ddtScheme.C:29,
                 from /opt/openfoam5/src/finiteVolume/lnInclude/ddtScheme.H:342,
                 from /opt/openfoam5/src/finiteVolume/lnInclude/fvcDdt.C:28,
                 from /opt/openfoam5/src/finiteVolume/lnInclude/fvcDdt.H:205,
                 from /opt/openfoam5/src/finiteVolume/lnInclude/fvc.H:44,
                 from /opt/openfoam5/src/finiteVolume/lnInclude/fvCFD.H:8,
                 from pamFoam.C:36:
/opt/openfoam5/src/finiteVolume/lnInclude/fvMatrix.C:1827:33: note: candidate: template<class Type> Foam::tmp<Foam::fvMatrix<Type> > Foam::operator+(const Foam::tmp<Foam::GeometricField<Type, Foam::fvPatchField, Foam::volMesh> >&, const Foam::tmp<Foam::fvMatrix<Type> >&)
 Foam::tmp<Foam::fvMatrix<Type>> Foam::operator+
                                 ^
/opt/openfoam5/src/finiteVolume/lnInclude/fvMatrix.C:1827:33: note:   template argument deduction/substitution failed:
In file included from pamFoam.C:138:0:
./processModels/SACEqn.H:9:7: note:   'const volScalarField {aka const Foam::GeometricField<double, Foam::fvPatchField, Foam::volMesh>}' is not derived from 'const Foam::tmp<Foam::GeometricField<Type, Foam::fvPatchField, Foam::volMesh> >'
     + alphaLiquid*fSACXS*rhoHydrolysis
       ^
In file included from /opt/openfoam5/src/finiteVolume/lnInclude/fvMatrix.H:1061:0,
                 from /opt/openfoam5/src/finiteVolume/lnInclude/ddtScheme.C:29,
                 from /opt/openfoam5/src/finiteVolume/lnInclude/ddtScheme.H:342,
                 from /opt/openfoam5/src/finiteVolume/lnInclude/fvcDdt.C:28,
                 from /opt/openfoam5/src/finiteVolume/lnInclude/fvcDdt.H:205,
                 from /opt/openfoam5/src/finiteVolume/lnInclude/fvc.H:44,
                 from /opt/openfoam5/src/finiteVolume/lnInclude/fvCFD.H:8,
                 from pamFoam.C:36:
/opt/openfoam5/src/finiteVolume/lnInclude/fvMatrix.C:2066:33: note: candidate: template<class Type> Foam::tmp<Foam::fvMatrix<Type> > Foam::operator+(const Foam::fvMatrix<Type>&, const Foam::dimensioned<Type>&)
 Foam::tmp<Foam::fvMatrix<Type>> Foam::operator+
                                 ^
/opt/openfoam5/src/finiteVolume/lnInclude/fvMatrix.C:2066:33: note:   template argument deduction/substitution failed:
In file included from pamFoam.C:138:0:
./processModels/SACEqn.H:9:7: note:   'const volScalarField {aka const Foam::GeometricField<double, Foam::fvPatchField, Foam::volMesh>}' is not derived from 'const Foam::fvMatrix<Type>'
     + alphaLiquid*fSACXS*rhoHydrolysis
       ^
In file included from /opt/openfoam5/src/finiteVolume/lnInclude/fvMatrix.H:1061:0,
                 from /opt/openfoam5/src/finiteVolume/lnInclude/ddtScheme.C:29,
                 from /opt/openfoam5/src/finiteVolume/lnInclude/ddtScheme.H:342,
                 from /opt/openfoam5/src/finiteVolume/lnInclude/fvcDdt.C:28,
                 from /opt/openfoam5/src/finiteVolume/lnInclude/fvcDdt.H:205,
                 from /opt/openfoam5/src/finiteVolume/lnInclude/fvc.H:44,
                 from /opt/openfoam5/src/finiteVolume/lnInclude/fvCFD.H:8,
                 from pamFoam.C:36:
/opt/openfoam5/src/finiteVolume/lnInclude/fvMatrix.C:2079:33: note: candidate: template<class Type> Foam::tmp<Foam::fvMatrix<Type> > Foam::operator+(const Foam::tmp<Foam::fvMatrix<Type> >&, const Foam::dimensioned<Type>&)
 Foam::tmp<Foam::fvMatrix<Type>> Foam::operator+
                                 ^
/opt/openfoam5/src/finiteVolume/lnInclude/fvMatrix.C:2079:33: note:   template argument deduction/substitution failed:
In file included from pamFoam.C:138:0:
./processModels/SACEqn.H:9:7: note:   'const volScalarField {aka const Foam::GeometricField<double, Foam::fvPatchField, Foam::volMesh>}' is not derived from 'const Foam::tmp<Foam::fvMatrix<Type> >'
     + alphaLiquid*fSACXS*rhoHydrolysis
       ^
In file included from /opt/openfoam5/src/finiteVolume/lnInclude/fvMatrix.H:1061:0,
                 from /opt/openfoam5/src/finiteVolume/lnInclude/ddtScheme.C:29,
                 from /opt/openfoam5/src/finiteVolume/lnInclude/ddtScheme.H:342,
                 from /opt/openfoam5/src/finiteVolume/lnInclude/fvcDdt.C:28,
                 from /opt/openfoam5/src/finiteVolume/lnInclude/fvcDdt.H:205,
                 from /opt/openfoam5/src/finiteVolume/lnInclude/fvc.H:44,
                 from /opt/openfoam5/src/finiteVolume/lnInclude/fvCFD.H:8,
                 from pamFoam.C:36:
/opt/openfoam5/src/finiteVolume/lnInclude/fvMatrix.C:2092:33: note: candidate: template<class Type> Foam::tmp<Foam::fvMatrix<Type> > Foam::operator+(const Foam::dimensioned<Type>&, const Foam::fvMatrix<Type>&)
 Foam::tmp<Foam::fvMatrix<Type>> Foam::operator+
                                 ^
/opt/openfoam5/src/finiteVolume/lnInclude/fvMatrix.C:2092:33: note:   template argument deduction/substitution failed:
In file included from pamFoam.C:138:0:
./processModels/SACEqn.H:9:7: note:   'const volScalarField {aka const Foam::GeometricField<double, Foam::fvPatchField, Foam::volMesh>}' is not derived from 'const Foam::dimensioned<Type>'
     + alphaLiquid*fSACXS*rhoHydrolysis
       ^
In file included from /opt/openfoam5/src/finiteVolume/lnInclude/fvMatrix.H:1061:0,
                 from /opt/openfoam5/src/finiteVolume/lnInclude/ddtScheme.C:29,
                 from /opt/openfoam5/src/finiteVolume/lnInclude/ddtScheme.H:342,
                 from /opt/openfoam5/src/finiteVolume/lnInclude/fvcDdt.C:28,
                 from /opt/openfoam5/src/finiteVolume/lnInclude/fvcDdt.H:205,
                 from /opt/openfoam5/src/finiteVolume/lnInclude/fvc.H:44,
                 from /opt/openfoam5/src/finiteVolume/lnInclude/fvCFD.H:8,
                 from pamFoam.C:36:
/opt/openfoam5/src/finiteVolume/lnInclude/fvMatrix.C:2105:33: note: candidate: template<class Type> Foam::tmp<Foam::fvMatrix<Type> > Foam::operator+(const Foam::dimensioned<Type>&, const Foam::tmp<Foam::fvMatrix<Type> >&)
 Foam::tmp<Foam::fvMatrix<Type>> Foam::operator+
                                 ^
/opt/openfoam5/src/finiteVolume/lnInclude/fvMatrix.C:2105:33: note:   template argument deduction/substitution failed:
In file included from pamFoam.C:138:0:
./processModels/SACEqn.H:9:7: note:   'const volScalarField {aka const Foam::GeometricField<double, Foam::fvPatchField, Foam::volMesh>}' is not derived from 'const Foam::dimensioned<Type>'
     + alphaLiquid*fSACXS*rhoHydrolysis
       ^
In file included from pamFoam.C:139:0:
./processModels/SSEqn.H:9:5: error: no match for 'operator+' (operand type is 'const volScalarField {aka const Foam::GeometricField<double, Foam::fvPatchField, Foam::volMesh>}')
     + alphaLiquid * fSSXS * rhoHydrolysis
     ^
In file included from /opt/openfoam5/src/OpenFOAM/lnInclude/zero.H:101:0,
                 from /opt/openfoam5/src/OpenFOAM/lnInclude/UList.H:49,
                 from /opt/openfoam5/src/OpenFOAM/lnInclude/List.H:43,
                 from /opt/openfoam5/src/OpenFOAM/lnInclude/labelList.H:48,
                 from /opt/openfoam5/src/OpenFOAM/lnInclude/UPstream.H:42,
                 from /opt/openfoam5/src/OpenFOAM/lnInclude/Pstream.H:42,
                 from /opt/openfoam5/src/OpenFOAM/lnInclude/parRun.H:35,
                 from /opt/openfoam5/src/finiteVolume/lnInclude/fvCFD.H:4,
                 from pamFoam.C:36:
/opt/openfoam5/src/OpenFOAM/lnInclude/zeroI.H:35:13: note: candidate: Foam::zero Foam::operator+(const Foam::zero&, const Foam::zero&)
 inline zero operator+(const zero&, const zero&)
             ^
/opt/openfoam5/src/OpenFOAM/lnInclude/zeroI.H:35:13: note:   candidate expects 2 arguments, 1 provided
/opt/openfoam5/src/OpenFOAM/lnInclude/zeroI.H:41:20: note: candidate: template<class Type> const Type& Foam::operator+(const Type&, const Foam::zero&)
 inline const Type& operator+(const Type& t, const zero&)
                    ^
/opt/openfoam5/src/OpenFOAM/lnInclude/zeroI.H:41:20: note:   template argument deduction/substitution failed:
In file included from pamFoam.C:139:0:
./processModels/SSEqn.H:9:7: note:   candidate expects 2 arguments, 1 provided
     + alphaLiquid * fSSXS * rhoHydrolysis
       ^
In file included from /opt/openfoam5/src/OpenFOAM/lnInclude/zero.H:101:0,
                 from /opt/openfoam5/src/OpenFOAM/lnInclude/UList.H:49,
                 from /opt/openfoam5/src/OpenFOAM/lnInclude/List.H:43,
                 from /opt/openfoam5/src/OpenFOAM/lnInclude/labelList.H:48,
                 from /opt/openfoam5/src/OpenFOAM/lnInclude/UPstream.H:42,
                 from /opt/openfoam5/src/OpenFOAM/lnInclude/Pstream.H:42,
                 from /opt/openfoam5/src/OpenFOAM/lnInclude/parRun.H:35,
                 from /opt/openfoam5/src/finiteVolume/lnInclude/fvCFD.H:4,
                 from pamFoam.C:36:
/opt/openfoam5/src/OpenFOAM/lnInclude/zeroI.H:47:20: note: candidate: template<class Type> const Type& Foam::operator+(const Foam::zero&, const Type&)
 inline const Type& operator+(const zero&, const Type& t)
                    ^
/opt/openfoam5/src/OpenFOAM/lnInclude/zeroI.H:47:20: note:   template argument deduction/substitution failed:
In file included from pamFoam.C:139:0:
./processModels/SSEqn.H:9:7: note:   cannot convert 'alphaLiquid' (type 'const volScalarField {aka const Foam::GeometricField<double, Foam::fvPatchField, Foam::volMesh>}') to type 'const Foam::zero&'
     + alphaLiquid * fSSXS * rhoHydrolysis
       ^
In file included from /opt/openfoam5/src/OpenFOAM/lnInclude/UPtrList.H:393:0,
                 from /opt/openfoam5/src/OpenFOAM/lnInclude/PtrList.H:44,
                 from /opt/openfoam5/src/OpenFOAM/lnInclude/List.C:29,
                 from /opt/openfoam5/src/OpenFOAM/lnInclude/List.H:309,
                 from /opt/openfoam5/src/OpenFOAM/lnInclude/labelList.H:48,
                 from /opt/openfoam5/src/OpenFOAM/lnInclude/UPstream.H:42,
                 from /opt/openfoam5/src/OpenFOAM/lnInclude/Pstream.H:42,
                 from /opt/openfoam5/src/OpenFOAM/lnInclude/parRun.H:35,
                 from /opt/openfoam5/src/finiteVolume/lnInclude/fvCFD.H:4,
                 from pamFoam.C:36:
/opt/openfoam5/src/OpenFOAM/lnInclude/UPtrListI.H:217:1: note: candidate: template<class T> typename Foam::UPtrList<T>::iterator Foam::operator+(const typename Foam::UPtrList<T>::iterator&, Foam::label)
 Foam::operator+(const typename UPtrList<T>::iterator& iter, label n)
 ^
/opt/openfoam5/src/OpenFOAM/lnInclude/UPtrListI.H:217:1: note:   template argument deduction/substitution failed:
In file included from pamFoam.C:139:0:
./processModels/SSEqn.H:9:7: note:   candidate expects 2 arguments, 1 provided
     + alphaLiquid * fSSXS * rhoHydrolysis
       ^
In file included from /opt/openfoam5/src/OpenFOAM/lnInclude/UPtrList.H:393:0,
                 from /opt/openfoam5/src/OpenFOAM/lnInclude/PtrList.H:44,
                 from /opt/openfoam5/src/OpenFOAM/lnInclude/List.C:29,
                 from /opt/openfoam5/src/OpenFOAM/lnInclude/List.H:309,
                 from /opt/openfoam5/src/OpenFOAM/lnInclude/labelList.H:48,
                 from /opt/openfoam5/src/OpenFOAM/lnInclude/UPstream.H:42,
                 from /opt/openfoam5/src/OpenFOAM/lnInclude/Pstream.H:42,
                 from /opt/openfoam5/src/OpenFOAM/lnInclude/parRun.H:35,
                 from /opt/openfoam5/src/finiteVolume/lnInclude/fvCFD.H:4,
                 from pamFoam.C:36:
/opt/openfoam5/src/OpenFOAM/lnInclude/UPtrListI.H:225:1: note: candidate: template<class T> typename Foam::UPtrList<T>::iterator Foam::operator+(Foam::label, const typename Foam::UPtrList<T>::iterator&)
 Foam::operator+(label n, const typename UPtrList<T>::iterator& iter)
 ^
/opt/openfoam5/src/OpenFOAM/lnInclude/UPtrListI.H:225:1: note:   template argument deduction/substitution failed:
In file included from pamFoam.C:139:0:
./processModels/SSEqn.H:9:7: note:   cannot convert 'alphaLiquid' (type 'const volScalarField {aka const Foam::GeometricField<double, Foam::fvPatchField, Foam::volMesh>}') to type 'Foam::label {aka int}'
     + alphaLiquid * fSSXS * rhoHydrolysis
       ^
In file included from /opt/openfoam5/src/OpenFOAM/lnInclude/UPtrList.H:393:0,
                 from /opt/openfoam5/src/OpenFOAM/lnInclude/PtrList.H:44,
                 from /opt/openfoam5/src/OpenFOAM/lnInclude/List.C:29,
                 from /opt/openfoam5/src/OpenFOAM/lnInclude/List.H:309,
                 from /opt/openfoam5/src/OpenFOAM/lnInclude/labelList.H:48,
                 from /opt/openfoam5/src/OpenFOAM/lnInclude/UPstream.H:42,
                 from /opt/openfoam5/src/OpenFOAM/lnInclude/Pstream.H:42,
                 from /opt/openfoam5/src/OpenFOAM/lnInclude/parRun.H:35,
                 from /opt/openfoam5/src/finiteVolume/lnInclude/fvCFD.H:4,
                 from pamFoam.C:36:
/opt/openfoam5/src/OpenFOAM/lnInclude/UPtrListI.H:401:1: note: candidate: template<class T> typename Foam::UPtrList<T>::const_iterator Foam::operator+(const typename Foam::UPtrList<T>::const_iterator&, Foam::label)
 Foam::operator+(const typename UPtrList<T>::const_iterator& iter, label n)
 ^
/opt/openfoam5/src/OpenFOAM/lnInclude/UPtrListI.H:401:1: note:   template argument deduction/substitution failed:
In file included from pamFoam.C:139:0:
./processModels/SSEqn.H:9:7: note:   candidate expects 2 arguments, 1 provided
     + alphaLiquid * fSSXS * rhoHydrolysis
       ^
In file included from /opt/openfoam5/src/OpenFOAM/lnInclude/UPtrList.H:393:0,
                 from /opt/openfoam5/src/OpenFOAM/lnInclude/PtrList.H:44,
                 from /opt/openfoam5/src/OpenFOAM/lnInclude/List.C:29,
                 from /opt/openfoam5/src/OpenFOAM/lnInclude/List.H:309,
                 from /opt/openfoam5/src/OpenFOAM/lnInclude/labelList.H:48,
                 from /opt/openfoam5/src/OpenFOAM/lnInclude/UPstream.H:42,
                 from /opt/openfoam5/src/OpenFOAM/lnInclude/Pstream.H:42,
                 from /opt/openfoam5/src/OpenFOAM/lnInclude/parRun.H:35,
                 from /opt/openfoam5/src/finiteVolume/lnInclude/fvCFD.H:4,
                 from pamFoam.C:36:
/opt/openfoam5/src/OpenFOAM/lnInclude/UPtrListI.H:410:1: note: candidate: template<class T> typename Foam::UPtrList<T>::const_iterator Foam::operator+(Foam::label, const typename Foam::UPtrList<T>::const_iterator&)
 Foam::operator+(label n, const typename UPtrList<T>::const_iterator& iter)
 ^
/opt/openfoam5/src/OpenFOAM/lnInclude/UPtrListI.H:410:1: note:   template argument deduction/substitution failed:
In file included from pamFoam.C:139:0:
./processModels/SSEqn.H:9:7: note:   cannot convert 'alphaLiquid' (type 'const volScalarField {aka const Foam::GeometricField<double, Foam::fvPatchField, Foam::volMesh>}') to type 'Foam::label {aka int}'
     + alphaLiquid * fSSXS * rhoHydrolysis
       ^
In file included from /opt/openfoam5/src/OpenFOAM/lnInclude/baseIOdictionary.H:43:0,
                 from /opt/openfoam5/src/OpenFOAM/lnInclude/unwatchedIOdictionary.H:37,
                 from /opt/openfoam5/src/OpenFOAM/lnInclude/Time.H:43,
                 from /opt/openfoam5/src/finiteVolume/lnInclude/fvCFD.H:6,
                 from pamFoam.C:36:
/opt/openfoam5/src/OpenFOAM/lnInclude/dictionary.H:575:12: note: candidate: Foam::dictionary Foam::operator+(const Foam::dictionary&, const Foam::dictionary&)
 dictionary operator+(const dictionary& dict1, const dictionary& dict2);
            ^
/opt/openfoam5/src/OpenFOAM/lnInclude/dictionary.H:575:12: note:   candidate expects 2 arguments, 1 provided
In file included from /opt/openfoam5/src/OpenFOAM/lnInclude/VectorSpace.H:230:0,
                 from /opt/openfoam5/src/OpenFOAM/lnInclude/Field.H:46,
                 from /opt/openfoam5/src/OpenFOAM/lnInclude/scalarField.H:38,
                 from /opt/openfoam5/src/OpenFOAM/lnInclude/dimensionSet.H:46,
                 from /opt/openfoam5/src/OpenFOAM/lnInclude/dimensionedType.H:40,
                 from /opt/openfoam5/src/OpenFOAM/lnInclude/dimensionedScalar.H:38,
                 from /opt/openfoam5/src/OpenFOAM/lnInclude/TimeState.H:38,
                 from /opt/openfoam5/src/OpenFOAM/lnInclude/Time.H:47,
                 from /opt/openfoam5/src/finiteVolume/lnInclude/fvCFD.H:6,
                 from pamFoam.C:36:
/opt/openfoam5/src/OpenFOAM/lnInclude/VectorSpaceI.H:647:13: note: candidate: template<class Form, class Cmpt, unsigned char Ncmpts> Form Foam::operator+(const Foam::VectorSpace<Form, Cmpt, Ncmpts>&, const Foam::VectorSpace<Form, Cmpt, Ncmpts>&)
 inline Form operator+
             ^
/opt/openfoam5/src/OpenFOAM/lnInclude/VectorSpaceI.H:647:13: note:   template argument deduction/substitution failed:
In file included from pamFoam.C:139:0:
./processModels/SSEqn.H:9:7: note:   'const volScalarField {aka const Foam::GeometricField<double, Foam::fvPatchField, Foam::volMesh>}' is not derived from 'const Foam::VectorSpace<Form, Cmpt, Ncmpts>'
     + alphaLiquid * fSSXS * rhoHydrolysis
       ^
In file included from /opt/openfoam5/src/OpenFOAM/lnInclude/Field.C:877:0,
                 from /opt/openfoam5/src/OpenFOAM/lnInclude/Field.H:408,
                 from /opt/openfoam5/src/OpenFOAM/lnInclude/scalarField.H:38,
                 from /opt/openfoam5/src/OpenFOAM/lnInclude/dimensionSet.H:46,
                 from /opt/openfoam5/src/OpenFOAM/lnInclude/dimensionedType.H:40,
                 from /opt/openfoam5/src/OpenFOAM/lnInclude/dimensionedScalar.H:38,
                 from /opt/openfoam5/src/OpenFOAM/lnInclude/TimeState.H:38,
                 from /opt/openfoam5/src/OpenFOAM/lnInclude/Time.H:47,
                 from /opt/openfoam5/src/finiteVolume/lnInclude/fvCFD.H:6,
                 from pamFoam.C:36:
/opt/openfoam5/src/OpenFOAM/lnInclude/FieldFunctions.C:652:1: note: candidate: template<class Type1, class Type2> Foam::tmp<Foam::Field<typename Foam::typeOfSum<Type1, Type2>::type> > Foam::operator+(const Foam::UList<T>&, const Foam::UList<Key>&)
 operator Op(const UList<Type1>& f1, const UList<Type2>& f2)                    \
 ^
/opt/openfoam5/src/OpenFOAM/lnInclude/FieldFunctions.C:770:1: note: in expansion of macro 'PRODUCT_OPERATOR'
 PRODUCT_OPERATOR(typeOfSum, +, add)
 ^
/opt/openfoam5/src/OpenFOAM/lnInclude/FieldFunctions.C:652:1: note:   template argument deduction/substitution failed:
 operator Op(const UList<Type1>& f1, const UList<Type2>& f2)                    \
 ^
/opt/openfoam5/src/OpenFOAM/lnInclude/FieldFunctions.C:770:1: note: in expansion of macro 'PRODUCT_OPERATOR'
 PRODUCT_OPERATOR(typeOfSum, +, add)
 ^
In file included from pamFoam.C:139:0:
./processModels/SSEqn.H:9:7: note:   candidate expects 2 arguments, 1 provided
     + alphaLiquid * fSSXS * rhoHydrolysis
       ^
In file included from /opt/openfoam5/src/OpenFOAM/lnInclude/Field.C:877:0,
                 from /opt/openfoam5/src/OpenFOAM/lnInclude/Field.H:408,
                 from /opt/openfoam5/src/OpenFOAM/lnInclude/scalarField.H:38,
                 from /opt/openfoam5/src/OpenFOAM/lnInclude/dimensionSet.H:46,
                 from /opt/openfoam5/src/OpenFOAM/lnInclude/dimensionedType.H:40,
                 from /opt/openfoam5/src/OpenFOAM/lnInclude/dimensionedScalar.H:38,
                 from /opt/openfoam5/src/OpenFOAM/lnInclude/TimeState.H:38,
                 from /opt/openfoam5/src/OpenFOAM/lnInclude/Time.H:47,
                 from /opt/openfoam5/src/finiteVolume/lnInclude/fvCFD.H:6,
                 from pamFoam.C:36:
/opt/openfoam5/src/OpenFOAM/lnInclude/FieldFunctions.C:662:1: note: candidate: template<class Type1, class Type2> Foam::tmp<Foam::Field<typename Foam::typeOfSum<Type1, Type2>::type> > Foam::operator+(const Foam::UList<T>&, const Foam::tmp<Foam::Field<Type2> >&)
 operator Op(const UList<Type1>& f1, const tmp<Field<Type2>>& tf2)              \
 ^
/opt/openfoam5/src/OpenFOAM/lnInclude/FieldFunctions.C:770:1: note: in expansion of macro 'PRODUCT_OPERATOR'
 PRODUCT_OPERATOR(typeOfSum, +, add)
 ^
/opt/openfoam5/src/OpenFOAM/lnInclude/FieldFunctions.C:662:1: note:   template argument deduction/substitution failed:
 operator Op(const UList<Type1>& f1, const tmp<Field<Type2>>& tf2)              \
 ^
/opt/openfoam5/src/OpenFOAM/lnInclude/FieldFunctions.C:770:1: note: in expansion of macro 'PRODUCT_OPERATOR'
 PRODUCT_OPERATOR(typeOfSum, +, add)
 ^
In file included from pamFoam.C:139:0:
./processModels/SSEqn.H:9:7: note:   candidate expects 2 arguments, 1 provided
     + alphaLiquid * fSSXS * rhoHydrolysis
       ^
In file included from /opt/openfoam5/src/OpenFOAM/lnInclude/Field.C:877:0,
                 from /opt/openfoam5/src/OpenFOAM/lnInclude/Field.H:408,
                 from /opt/openfoam5/src/OpenFOAM/lnInclude/scalarField.H:38,
                 from /opt/openfoam5/src/OpenFOAM/lnInclude/dimensionSet.H:46,
                 from /opt/openfoam5/src/OpenFOAM/lnInclude/dimensionedType.H:40,
                 from /opt/openfoam5/src/OpenFOAM/lnInclude/dimensionedScalar.H:38,
                 from /opt/openfoam5/src/OpenFOAM/lnInclude/TimeState.H:38,
                 from /opt/openfoam5/src/OpenFOAM/lnInclude/Time.H:47,
                 from /opt/openfoam5/src/finiteVolume/lnInclude/fvCFD.H:6,
                 from pamFoam.C:36:
/opt/openfoam5/src/OpenFOAM/lnInclude/FieldFunctions.C:673:1: note: candidate: template<class Type1, class Type2> Foam::tmp<Foam::Field<typename Foam::typeOfSum<Type1, Type2>::type> > Foam::operator+(const Foam::tmp<Foam::Field<Type> >&, const Foam::UList<Key>&)
 operator Op(const tmp<Field<Type1>>& tf1, const UList<Type2>& f2)              \
 ^
/opt/openfoam5/src/OpenFOAM/lnInclude/FieldFunctions.C:770:1: note: in expansion of macro 'PRODUCT_OPERATOR'
 PRODUCT_OPERATOR(typeOfSum, +, add)
 ^
/opt/openfoam5/src/OpenFOAM/lnInclude/FieldFunctions.C:673:1: note:   template argument deduction/substitution failed:
 operator Op(const tmp<Field<Type1>>& tf1, const UList<Type2>& f2)              \
 ^
/opt/openfoam5/src/OpenFOAM/lnInclude/FieldFunctions.C:770:1: note: in expansion of macro 'PRODUCT_OPERATOR'
 PRODUCT_OPERATOR(typeOfSum, +, add)
 ^
In file included from pamFoam.C:139:0:
./processModels/SSEqn.H:9:7: note:   'const volScalarField {aka const Foam::GeometricField<double, Foam::fvPatchField, Foam::volMesh>}' is not derived from 'const Foam::tmp<Foam::Field<Type> >'
     + alphaLiquid * fSSXS * rhoHydrolysis
       ^
In file included from /opt/openfoam5/src/OpenFOAM/lnInclude/Field.C:877:0,
                 from /opt/openfoam5/src/OpenFOAM/lnInclude/Field.H:408,
                 from /opt/openfoam5/src/OpenFOAM/lnInclude/scalarField.H:38,
                 from /opt/openfoam5/src/OpenFOAM/lnInclude/dimensionSet.H:46,
                 from /opt/openfoam5/src/OpenFOAM/lnInclude/dimensionedType.H:40,
                 from /opt/openfoam5/src/OpenFOAM/lnInclude/dimensionedScalar.H:38,
                 from /opt/openfoam5/src/OpenFOAM/lnInclude/TimeState.H:38,
                 from /opt/openfoam5/src/OpenFOAM/lnInclude/Time.H:47,
                 from /opt/openfoam5/src/finiteVolume/lnInclude/fvCFD.H:6,
                 from pamFoam.C:36:
/opt/openfoam5/src/OpenFOAM/lnInclude/FieldFunctions.C:684:1: note: candidate: template<class Type1, class Type2> Foam::tmp<Foam::Field<typename Foam::typeOfSum<Type1, Type2>::type> > Foam::operator+(const Foam::tmp<Foam::Field<Type> >&, const Foam::tmp<Foam::Field<Type2> >&)
 operator Op(const tmp<Field<Type1>>& tf1, const tmp<Field<Type2>>& tf2)        \
 ^
/opt/openfoam5/src/OpenFOAM/lnInclude/FieldFunctions.C:770:1: note: in expansion of macro 'PRODUCT_OPERATOR'
 PRODUCT_OPERATOR(typeOfSum, +, add)
 ^
/opt/openfoam5/src/OpenFOAM/lnInclude/FieldFunctions.C:684:1: note:   template argument deduction/substitution failed:
 operator Op(const tmp<Field<Type1>>& tf1, const tmp<Field<Type2>>& tf2)        \
 ^
/opt/openfoam5/src/OpenFOAM/lnInclude/FieldFunctions.C:770:1: note: in expansion of macro 'PRODUCT_OPERATOR'
 PRODUCT_OPERATOR(typeOfSum, +, add)
 ^
In file included from pamFoam.C:139:0:
./processModels/SSEqn.H:9:7: note:   'const volScalarField {aka const Foam::GeometricField<double, Foam::fvPatchField, Foam::volMesh>}' is not derived from 'const Foam::tmp<Foam::Field<Type> >'
     + alphaLiquid * fSSXS * rhoHydrolysis
       ^
In file included from /opt/openfoam5/src/OpenFOAM/lnInclude/Field.C:877:0,
                 from /opt/openfoam5/src/OpenFOAM/lnInclude/Field.H:408,
                 from /opt/openfoam5/src/OpenFOAM/lnInclude/scalarField.H:38,
                 from /opt/openfoam5/src/OpenFOAM/lnInclude/dimensionSet.H:46,
                 from /opt/openfoam5/src/OpenFOAM/lnInclude/dimensionedType.H:40,
                 from /opt/openfoam5/src/OpenFOAM/lnInclude/dimensionedScalar.H:38,
                 from /opt/openfoam5/src/OpenFOAM/lnInclude/TimeState.H:38,
                 from /opt/openfoam5/src/OpenFOAM/lnInclude/Time.H:47,
                 from /opt/openfoam5/src/finiteVolume/lnInclude/fvCFD.H:6,
                 from pamFoam.C:36:
/opt/openfoam5/src/OpenFOAM/lnInclude/FieldFunctions.C:710:1: note: candidate: template<class Type, class Form, class Cmpt, unsigned char nCmpt> Foam::tmp<Foam::Field<typename Foam::typeOfSum<Type1, Type2>::type> > Foam::operator+(const Foam::UList<T>&, const Foam::VectorSpace<Form, Cmpt, nCmpt>&)
 operator Op(const UList<Type>& f1, const VectorSpace<Form,Cmpt,nCmpt>& vs)     \
 ^
/opt/openfoam5/src/OpenFOAM/lnInclude/FieldFunctions.C:770:1: note: in expansion of macro 'PRODUCT_OPERATOR'
 PRODUCT_OPERATOR(typeOfSum, +, add)
 ^
/opt/openfoam5/src/OpenFOAM/lnInclude/FieldFunctions.C:710:1: note:   template argument deduction/substitution failed:
 operator Op(const UList<Type>& f1, const VectorSpace<Form,Cmpt,nCmpt>& vs)     \
 ^
/opt/openfoam5/src/OpenFOAM/lnInclude/FieldFunctions.C:770:1: note: in expansion of macro 'PRODUCT_OPERATOR'
 PRODUCT_OPERATOR(typeOfSum, +, add)
 ^
In file included from pamFoam.C:139:0:
./processModels/SSEqn.H:9:7: note:   candidate expects 2 arguments, 1 provided
     + alphaLiquid * fSSXS * rhoHydrolysis
       ^
In file included from /opt/openfoam5/src/OpenFOAM/lnInclude/Field.C:877:0,
                 from /opt/openfoam5/src/OpenFOAM/lnInclude/Field.H:408,
                 from /opt/openfoam5/src/OpenFOAM/lnInclude/scalarField.H:38,
                 from /opt/openfoam5/src/OpenFOAM/lnInclude/dimensionSet.H:46,
                 from /opt/openfoam5/src/OpenFOAM/lnInclude/dimensionedType.H:40,
                 from /opt/openfoam5/src/OpenFOAM/lnInclude/dimensionedScalar.H:38,
                 from /opt/openfoam5/src/OpenFOAM/lnInclude/TimeState.H:38,
                 from /opt/openfoam5/src/OpenFOAM/lnInclude/Time.H:47,
                 from /opt/openfoam5/src/finiteVolume/lnInclude/fvCFD.H:6,
                 from pamFoam.C:36:
/opt/openfoam5/src/OpenFOAM/lnInclude/FieldFunctions.C:720:1: note: candidate: template<class Type, class Form, class Cmpt, unsigned char nCmpt> Foam::tmp<Foam::Field<typename Foam::typeOfSum<Type1, Type2>::type> > Foam::operator+(const Foam::tmp<Foam::Field<Type> >&, const Foam::VectorSpace<Form, Cmpt, nCmpt>&)
 operator Op                                                                    \
 ^
/opt/openfoam5/src/OpenFOAM/lnInclude/FieldFunctions.C:770:1: note: in expansion of macro 'PRODUCT_OPERATOR'
 PRODUCT_OPERATOR(typeOfSum, +, add)
 ^
/opt/openfoam5/src/OpenFOAM/lnInclude/FieldFunctions.C:720:1: note:   template argument deduction/substitution failed:
 operator Op                                                                    \
 ^
/opt/openfoam5/src/OpenFOAM/lnInclude/FieldFunctions.C:770:1: note: in expansion of macro 'PRODUCT_OPERATOR'
 PRODUCT_OPERATOR(typeOfSum, +, add)
 ^
In file included from pamFoam.C:139:0:
./processModels/SSEqn.H:9:7: note:   'const volScalarField {aka const Foam::GeometricField<double, Foam::fvPatchField, Foam::volMesh>}' is not derived from 'const Foam::tmp<Foam::Field<Type> >'
     + alphaLiquid * fSSXS * rhoHydrolysis
       ^
In file included from /opt/openfoam5/src/OpenFOAM/lnInclude/Field.C:877:0,
                 from /opt/openfoam5/src/OpenFOAM/lnInclude/Field.H:408,
                 from /opt/openfoam5/src/OpenFOAM/lnInclude/scalarField.H:38,
                 from /opt/openfoam5/src/OpenFOAM/lnInclude/dimensionSet.H:46,
                 from /opt/openfoam5/src/OpenFOAM/lnInclude/dimensionedType.H:40,
                 from /opt/openfoam5/src/OpenFOAM/lnInclude/dimensionedScalar.H:38,
                 from /opt/openfoam5/src/OpenFOAM/lnInclude/TimeState.H:38,
                 from /opt/openfoam5/src/OpenFOAM/lnInclude/Time.H:47,
                 from /opt/openfoam5/src/finiteVolume/lnInclude/fvCFD.H:6,
                 from pamFoam.C:36:
/opt/openfoam5/src/OpenFOAM/lnInclude/FieldFunctions.C:748:1: note: candidate: template<class Form, class Cmpt, unsigned char nCmpt, class Type> Foam::tmp<Foam::Field<typename Foam::typeOfSum<Form, Type>::type> > Foam::operator+(const Foam::VectorSpace<Form, Cmpt, Ncmpts>&, const Foam::UList<Type>&)
 operator Op(const VectorSpace<Form,Cmpt,nCmpt>& vs, const UList<Type>& f1)     \
 ^
/opt/openfoam5/src/OpenFOAM/lnInclude/FieldFunctions.C:770:1: note: in expansion of macro 'PRODUCT_OPERATOR'
 PRODUCT_OPERATOR(typeOfSum, +, add)
 ^
/opt/openfoam5/src/OpenFOAM/lnInclude/FieldFunctions.C:748:1: note:   template argument deduction/substitution failed:
 operator Op(const VectorSpace<Form,Cmpt,nCmpt>& vs, const UList<Type>& f1)     \
 ^
/opt/openfoam5/src/OpenFOAM/lnInclude/FieldFunctions.C:770:1: note: in expansion of macro 'PRODUCT_OPERATOR'
 PRODUCT_OPERATOR(typeOfSum, +, add)
 ^
In file included from pamFoam.C:139:0:
./processModels/SSEqn.H:9:7: note:   'const volScalarField {aka const Foam::GeometricField<double, Foam::fvPatchField, Foam::volMesh>}' is not derived from 'const Foam::VectorSpace<Form, Cmpt, Ncmpts>'
     + alphaLiquid * fSSXS * rhoHydrolysis
       ^
In file included from /opt/openfoam5/src/OpenFOAM/lnInclude/Field.C:877:0,
                 from /opt/openfoam5/src/OpenFOAM/lnInclude/Field.H:408,
                 from /opt/openfoam5/src/OpenFOAM/lnInclude/scalarField.H:38,
                 from /opt/openfoam5/src/OpenFOAM/lnInclude/dimensionSet.H:46,
                 from /opt/openfoam5/src/OpenFOAM/lnInclude/dimensionedType.H:40,
                 from /opt/openfoam5/src/OpenFOAM/lnInclude/dimensionedScalar.H:38,
                 from /opt/openfoam5/src/OpenFOAM/lnInclude/TimeState.H:38,
                 from /opt/openfoam5/src/OpenFOAM/lnInclude/Time.H:47,
                 from /opt/openfoam5/src/finiteVolume/lnInclude/fvCFD.H:6,
                 from pamFoam.C:36:
/opt/openfoam5/src/OpenFOAM/lnInclude/FieldFunctions.C:758:1: note: candidate: template<class Form, class Cmpt, unsigned char nCmpt, class Type> Foam::tmp<Foam::Field<typename Foam::typeOfSum<Form, Type>::type> > Foam::operator+(const Foam::VectorSpace<Form, Cmpt, Ncmpts>&, const Foam::tmp<Foam::Field<Type> >&)
 operator Op                                                                    \
 ^
/opt/openfoam5/src/OpenFOAM/lnInclude/FieldFunctions.C:770:1: note: in expansion of macro 'PRODUCT_OPERATOR'
 PRODUCT_OPERATOR(typeOfSum, +, add)
 ^
/opt/openfoam5/src/OpenFOAM/lnInclude/FieldFunctions.C:758:1: note:   template argument deduction/substitution failed:
 operator Op                                                                    \
 ^
/opt/openfoam5/src/OpenFOAM/lnInclude/FieldFunctions.C:770:1: note: in expansion of macro 'PRODUCT_OPERATOR'
 PRODUCT_OPERATOR(typeOfSum, +, add)
 ^
In file included from pamFoam.C:139:0:
./processModels/SSEqn.H:9:7: note:   'const volScalarField {aka const Foam::GeometricField<double, Foam::fvPatchField, Foam::volMesh>}' is not derived from 'const Foam::VectorSpace<Form, Cmpt, Ncmpts>'
     + alphaLiquid * fSSXS * rhoHydrolysis
       ^
In file included from /opt/openfoam5/src/OpenFOAM/lnInclude/Tensor.H:231:0,
                 from /opt/openfoam5/src/OpenFOAM/lnInclude/SymmTensorI.H:27,
                 from /opt/openfoam5/src/OpenFOAM/lnInclude/SymmTensor.H:155,
                 from /opt/openfoam5/src/OpenFOAM/lnInclude/symmTensor.H:38,
                 from /opt/openfoam5/src/OpenFOAM/lnInclude/fieldTypes.H:37,
                 from /opt/openfoam5/src/OpenFOAM/lnInclude/flipOp.H:40,
                 from /opt/openfoam5/src/OpenFOAM/lnInclude/mapDistributeBaseTemplates.C:29,
                 from /opt/openfoam5/src/OpenFOAM/lnInclude/mapDistributeBase.H:489,
                 from /opt/openfoam5/src/OpenFOAM/lnInclude/FieldMapper.H:35,
                 from /opt/openfoam5/src/OpenFOAM/lnInclude/Field.C:26,
                 from /opt/openfoam5/src/OpenFOAM/lnInclude/Field.H:408,
                 from /opt/openfoam5/src/OpenFOAM/lnInclude/scalarField.H:38,
                 from /opt/openfoam5/src/OpenFOAM/lnInclude/dimensionSet.H:46,
                 from /opt/openfoam5/src/OpenFOAM/lnInclude/dimensionedType.H:40,
                 from /opt/openfoam5/src/OpenFOAM/lnInclude/dimensionedScalar.H:38,
                 from /opt/openfoam5/src/OpenFOAM/lnInclude/TimeState.H:38,
                 from /opt/openfoam5/src/OpenFOAM/lnInclude/Time.H:47,
                 from /opt/openfoam5/src/finiteVolume/lnInclude/fvCFD.H:6,
                 from pamFoam.C:36:
/opt/openfoam5/src/OpenFOAM/lnInclude/TensorI.H:680:1: note: candidate: template<class Cmpt> Foam::Tensor<Cmpt> Foam::operator+(const Foam::SphericalTensor<Cmpt>&, const Foam::Tensor<Cmpt>&)
 operator+(const SphericalTensor<Cmpt>& st1, const Tensor<Cmpt>& t2)
 ^
/opt/openfoam5/src/OpenFOAM/lnInclude/TensorI.H:680:1: note:   template argument deduction/substitution failed:
In file included from pamFoam.C:139:0:
./processModels/SSEqn.H:9:7: note:   'const volScalarField {aka const Foam::GeometricField<double, Foam::fvPatchField, Foam::volMesh>}' is not derived from 'const Foam::SphericalTensor<Cmpt>'
     + alphaLiquid * fSSXS * rhoHydrolysis
       ^
In file included from /opt/openfoam5/src/OpenFOAM/lnInclude/Tensor.H:231:0,
                 from /opt/openfoam5/src/OpenFOAM/lnInclude/SymmTensorI.H:27,
                 from /opt/openfoam5/src/OpenFOAM/lnInclude/SymmTensor.H:155,
                 from /opt/openfoam5/src/OpenFOAM/lnInclude/symmTensor.H:38,
                 from /opt/openfoam5/src/OpenFOAM/lnInclude/fieldTypes.H:37,
                 from /opt/openfoam5/src/OpenFOAM/lnInclude/flipOp.H:40,
                 from /opt/openfoam5/src/OpenFOAM/lnInclude/mapDistributeBaseTemplates.C:29,
                 from /opt/openfoam5/src/OpenFOAM/lnInclude/mapDistributeBase.H:489,
                 from /opt/openfoam5/src/OpenFOAM/lnInclude/FieldMapper.H:35,
                 from /opt/openfoam5/src/OpenFOAM/lnInclude/Field.C:26,
                 from /opt/openfoam5/src/OpenFOAM/lnInclude/Field.H:408,
                 from /opt/openfoam5/src/OpenFOAM/lnInclude/scalarField.H:38,
                 from /opt/openfoam5/src/OpenFOAM/lnInclude/dimensionSet.H:46,
                 from /opt/openfoam5/src/OpenFOAM/lnInclude/dimensionedType.H:40,
                 from /opt/openfoam5/src/OpenFOAM/lnInclude/dimensionedScalar.H:38,
                 from /opt/openfoam5/src/OpenFOAM/lnInclude/TimeState.H:38,
                 from /opt/openfoam5/src/OpenFOAM/lnInclude/Time.H:47,
                 from /opt/openfoam5/src/finiteVolume/lnInclude/fvCFD.H:6,
                 from pamFoam.C:36:
/opt/openfoam5/src/OpenFOAM/lnInclude/TensorI.H:693:1: note: candidate: template<class Cmpt> Foam::Tensor<Cmpt> Foam::operator+(const Foam::Tensor<Cmpt>&, const Foam::SphericalTensor<Cmpt>&)
 operator+(const Tensor<Cmpt>& t1, const SphericalTensor<Cmpt>& st2)
 ^
/opt/openfoam5/src/OpenFOAM/lnInclude/TensorI.H:693:1: note:   template argument deduction/substitution failed:
In file included from pamFoam.C:139:0:
./processModels/SSEqn.H:9:7: note:   'const volScalarField {aka const Foam::GeometricField<double, Foam::fvPatchField, Foam::volMesh>}' is not derived from 'const Foam::Tensor<Cmpt>'
     + alphaLiquid * fSSXS * rhoHydrolysis
       ^
In file included from /opt/openfoam5/src/OpenFOAM/lnInclude/Tensor.H:231:0,
                 from /opt/openfoam5/src/OpenFOAM/lnInclude/SymmTensorI.H:27,
                 from /opt/openfoam5/src/OpenFOAM/lnInclude/SymmTensor.H:155,
                 from /opt/openfoam5/src/OpenFOAM/lnInclude/symmTensor.H:38,
                 from /opt/openfoam5/src/OpenFOAM/lnInclude/fieldTypes.H:37,
                 from /opt/openfoam5/src/OpenFOAM/lnInclude/flipOp.H:40,
                 from /opt/openfoam5/src/OpenFOAM/lnInclude/mapDistributeBaseTemplates.C:29,
                 from /opt/openfoam5/src/OpenFOAM/lnInclude/mapDistributeBase.H:489,
                 from /opt/openfoam5/src/OpenFOAM/lnInclude/FieldMapper.H:35,
                 from /opt/openfoam5/src/OpenFOAM/lnInclude/Field.C:26,
                 from /opt/openfoam5/src/OpenFOAM/lnInclude/Field.H:408,
                 from /opt/openfoam5/src/OpenFOAM/lnInclude/scalarField.H:38,
                 from /opt/openfoam5/src/OpenFOAM/lnInclude/dimensionSet.H:46,
                 from /opt/openfoam5/src/OpenFOAM/lnInclude/dimensionedType.H:40,
                 from /opt/openfoam5/src/OpenFOAM/lnInclude/dimensionedScalar.H:38,
                 from /opt/openfoam5/src/OpenFOAM/lnInclude/TimeState.H:38,
                 from /opt/openfoam5/src/OpenFOAM/lnInclude/Time.H:47,
                 from /opt/openfoam5/src/finiteVolume/lnInclude/fvCFD.H:6,
                 from pamFoam.C:36:
/opt/openfoam5/src/OpenFOAM/lnInclude/TensorI.H:816:1: note: candidate: template<class Cmpt> Foam::Tensor<Cmpt> Foam::operator+(const Foam::SymmTensor<Cmpt>&, const Foam::Tensor<Cmpt>&)
 operator+(const SymmTensor<Cmpt>& st1, const Tensor<Cmpt>& t2)
 ^
/opt/openfoam5/src/OpenFOAM/lnInclude/TensorI.H:816:1: note:   template argument deduction/substitution failed:
In file included from pamFoam.C:139:0:
./processModels/SSEqn.H:9:7: note:   'const volScalarField {aka const Foam::GeometricField<double, Foam::fvPatchField, Foam::volMesh>}' is not derived from 'const Foam::SymmTensor<Cmpt>'
     + alphaLiquid * fSSXS * rhoHydrolysis
       ^
In file included from /opt/openfoam5/src/OpenFOAM/lnInclude/Tensor.H:231:0,
                 from /opt/openfoam5/src/OpenFOAM/lnInclude/SymmTensorI.H:27,
                 from /opt/openfoam5/src/OpenFOAM/lnInclude/SymmTensor.H:155,
                 from /opt/openfoam5/src/OpenFOAM/lnInclude/symmTensor.H:38,
                 from /opt/openfoam5/src/OpenFOAM/lnInclude/fieldTypes.H:37,
                 from /opt/openfoam5/src/OpenFOAM/lnInclude/flipOp.H:40,
                 from /opt/openfoam5/src/OpenFOAM/lnInclude/mapDistributeBaseTemplates.C:29,
                 from /opt/openfoam5/src/OpenFOAM/lnInclude/mapDistributeBase.H:489,
                 from /opt/openfoam5/src/OpenFOAM/lnInclude/FieldMapper.H:35,
                 from /opt/openfoam5/src/OpenFOAM/lnInclude/Field.C:26,
                 from /opt/openfoam5/src/OpenFOAM/lnInclude/Field.H:408,
                 from /opt/openfoam5/src/OpenFOAM/lnInclude/scalarField.H:38,
                 from /opt/openfoam5/src/OpenFOAM/lnInclude/dimensionSet.H:46,
                 from /opt/openfoam5/src/OpenFOAM/lnInclude/dimensionedType.H:40,
                 from /opt/openfoam5/src/OpenFOAM/lnInclude/dimensionedScalar.H:38,
                 from /opt/openfoam5/src/OpenFOAM/lnInclude/TimeState.H:38,
                 from /opt/openfoam5/src/OpenFOAM/lnInclude/Time.H:47,
                 from /opt/openfoam5/src/finiteVolume/lnInclude/fvCFD.H:6,
                 from pamFoam.C:36:
/opt/openfoam5/src/OpenFOAM/lnInclude/TensorI.H:829:1: note: candidate: template<class Cmpt> Foam::Tensor<Cmpt> Foam::operator+(const Foam::Tensor<Cmpt>&, const Foam::SymmTensor<Cmpt>&)
 operator+(const Tensor<Cmpt>& t1, const SymmTensor<Cmpt>& st2)
 ^
/opt/openfoam5/src/OpenFOAM/lnInclude/TensorI.H:829:1: note:   template argument deduction/substitution failed:
In file included from pamFoam.C:139:0:
./processModels/SSEqn.H:9:7: note:   'const volScalarField {aka const Foam::GeometricField<double, Foam::fvPatchField, Foam::volMesh>}' is not derived from 'const Foam::Tensor<Cmpt>'
     + alphaLiquid * fSSXS * rhoHydrolysis
       ^
In file included from /opt/openfoam5/src/OpenFOAM/lnInclude/SymmTensor.H:155:0,
                 from /opt/openfoam5/src/OpenFOAM/lnInclude/symmTensor.H:38,
                 from /opt/openfoam5/src/OpenFOAM/lnInclude/fieldTypes.H:37,
                 from /opt/openfoam5/src/OpenFOAM/lnInclude/flipOp.H:40,
                 from /opt/openfoam5/src/OpenFOAM/lnInclude/mapDistributeBaseTemplates.C:29,
                 from /opt/openfoam5/src/OpenFOAM/lnInclude/mapDistributeBase.H:489,
                 from /opt/openfoam5/src/OpenFOAM/lnInclude/FieldMapper.H:35,
                 from /opt/openfoam5/src/OpenFOAM/lnInclude/Field.C:26,
                 from /opt/openfoam5/src/OpenFOAM/lnInclude/Field.H:408,
                 from /opt/openfoam5/src/OpenFOAM/lnInclude/scalarField.H:38,
                 from /opt/openfoam5/src/OpenFOAM/lnInclude/dimensionSet.H:46,
                 from /opt/openfoam5/src/OpenFOAM/lnInclude/dimensionedType.H:40,
                 from /opt/openfoam5/src/OpenFOAM/lnInclude/dimensionedScalar.H:38,
                 from /opt/openfoam5/src/OpenFOAM/lnInclude/TimeState.H:38,
                 from /opt/openfoam5/src/OpenFOAM/lnInclude/Time.H:47,
                 from /opt/openfoam5/src/finiteVolume/lnInclude/fvCFD.H:6,
                 from pamFoam.C:36:
/opt/openfoam5/src/OpenFOAM/lnInclude/SymmTensorI.H:423:1: note: candidate: template<class Cmpt> Foam::SymmTensor<Cmpt> Foam::operator+(const Foam::SphericalTensor<Cmpt>&, const Foam::SymmTensor<Cmpt>&)
 operator+(const SphericalTensor<Cmpt>& spt1, const SymmTensor<Cmpt>& st2)
 ^
/opt/openfoam5/src/OpenFOAM/lnInclude/SymmTensorI.H:423:1: note:   template argument deduction/substitution failed:
In file included from pamFoam.C:139:0:
./processModels/SSEqn.H:9:7: note:   'const volScalarField {aka const Foam::GeometricField<double, Foam::fvPatchField, Foam::volMesh>}' is not derived from 'const Foam::SphericalTensor<Cmpt>'
     + alphaLiquid * fSSXS * rhoHydrolysis
       ^
In file included from /opt/openfoam5/src/OpenFOAM/lnInclude/SymmTensor.H:155:0,
                 from /opt/openfoam5/src/OpenFOAM/lnInclude/symmTensor.H:38,
                 from /opt/openfoam5/src/OpenFOAM/lnInclude/fieldTypes.H:37,
                 from /opt/openfoam5/src/OpenFOAM/lnInclude/flipOp.H:40,
                 from /opt/openfoam5/src/OpenFOAM/lnInclude/mapDistributeBaseTemplates.C:29,
                 from /opt/openfoam5/src/OpenFOAM/lnInclude/mapDistributeBase.H:489,
                 from /opt/openfoam5/src/OpenFOAM/lnInclude/FieldMapper.H:35,
                 from /opt/openfoam5/src/OpenFOAM/lnInclude/Field.C:26,
                 from /opt/openfoam5/src/OpenFOAM/lnInclude/Field.H:408,
                 from /opt/openfoam5/src/OpenFOAM/lnInclude/scalarField.H:38,
                 from /opt/openfoam5/src/OpenFOAM/lnInclude/dimensionSet.H:46,
                 from /opt/openfoam5/src/OpenFOAM/lnInclude/dimensionedType.H:40,
                 from /opt/openfoam5/src/OpenFOAM/lnInclude/dimensionedScalar.H:38,
                 from /opt/openfoam5/src/OpenFOAM/lnInclude/TimeState.H:38,
                 from /opt/openfoam5/src/OpenFOAM/lnInclude/Time.H:47,
                 from /opt/openfoam5/src/finiteVolume/lnInclude/fvCFD.H:6,
                 from pamFoam.C:36:
/opt/openfoam5/src/OpenFOAM/lnInclude/SymmTensorI.H:436:1: note: candidate: template<class Cmpt> Foam::SymmTensor<Cmpt> Foam::operator+(const Foam::SymmTensor<Cmpt>&, const Foam::SphericalTensor<Cmpt>&)
 operator+(const SymmTensor<Cmpt>& st1, const SphericalTensor<Cmpt>& spt2)
 ^
/opt/openfoam5/src/OpenFOAM/lnInclude/SymmTensorI.H:436:1: note:   template argument deduction/substitution failed:
In file included from pamFoam.C:139:0:
./processModels/SSEqn.H:9:7: note:   'const volScalarField {aka const Foam::GeometricField<double, Foam::fvPatchField, Foam::volMesh>}' is not derived from 'const Foam::SymmTensor<Cmpt>'
     + alphaLiquid * fSSXS * rhoHydrolysis
       ^
In file included from /opt/openfoam5/src/OpenFOAM/lnInclude/scalarField.H:42:0,
                 from /opt/openfoam5/src/OpenFOAM/lnInclude/dimensionSet.H:46,
                 from /opt/openfoam5/src/OpenFOAM/lnInclude/dimensionedType.H:40,
                 from /opt/openfoam5/src/OpenFOAM/lnInclude/dimensionedScalar.H:38,
                 from /opt/openfoam5/src/OpenFOAM/lnInclude/TimeState.H:38,
                 from /opt/openfoam5/src/OpenFOAM/lnInclude/Time.H:47,
                 from /opt/openfoam5/src/finiteVolume/lnInclude/fvCFD.H:6,
                 from pamFoam.C:36:
/opt/openfoam5/src/OpenFOAM/lnInclude/FieldFunctionsM.H:207:24: note: candidate: Foam::tmp<Foam::Field<double> > Foam::operator+(const scalar&, const Foam::UList<double>&)
 tmp<Field<ReturnType>> operator Op                                             \
                        ^
/opt/openfoam5/src/OpenFOAM/lnInclude/FieldFunctionsM.H:247:5: note: in expansion of macro 'BINARY_TYPE_OPERATOR_SF'
     BINARY_TYPE_OPERATOR_SF(ReturnType, Type1, Type2, Op, OpFunc)              \
     ^
/opt/openfoam5/src/OpenFOAM/lnInclude/scalarField.H:83:1: note: in expansion of macro 'BINARY_TYPE_OPERATOR'
 BINARY_TYPE_OPERATOR(scalar, scalar, scalar, +, add)
 ^
/opt/openfoam5/src/OpenFOAM/lnInclude/FieldFunctionsM.H:207:24: note:   candidate expects 2 arguments, 1 provided
 tmp<Field<ReturnType>> operator Op                                             \
                        ^
/opt/openfoam5/src/OpenFOAM/lnInclude/FieldFunctionsM.H:247:5: note: in expansion of macro 'BINARY_TYPE_OPERATOR_SF'
     BINARY_TYPE_OPERATOR_SF(ReturnType, Type1, Type2, Op, OpFunc)              \
     ^
/opt/openfoam5/src/OpenFOAM/lnInclude/scalarField.H:83:1: note: in expansion of macro 'BINARY_TYPE_OPERATOR'
 BINARY_TYPE_OPERATOR(scalar, scalar, scalar, +, add)
 ^
/opt/openfoam5/src/OpenFOAM/lnInclude/FieldFunctionsM.H:214:24: note: candidate: Foam::tmp<Foam::Field<double> > Foam::operator+(const scalar&, const Foam::tmp<Foam::Field<double> >&)
 tmp<Field<ReturnType>> operator Op                                             \
                        ^
/opt/openfoam5/src/OpenFOAM/lnInclude/FieldFunctionsM.H:247:5: note: in expansion of macro 'BINARY_TYPE_OPERATOR_SF'
     BINARY_TYPE_OPERATOR_SF(ReturnType, Type1, Type2, Op, OpFunc)              \
     ^
/opt/openfoam5/src/OpenFOAM/lnInclude/scalarField.H:83:1: note: in expansion of macro 'BINARY_TYPE_OPERATOR'
 BINARY_TYPE_OPERATOR(scalar, scalar, scalar, +, add)
 ^
/opt/openfoam5/src/OpenFOAM/lnInclude/FieldFunctionsM.H:214:24: note:   candidate expects 2 arguments, 1 provided
 tmp<Field<ReturnType>> operator Op                                             \
                        ^
/opt/openfoam5/src/OpenFOAM/lnInclude/FieldFunctionsM.H:247:5: note: in expansion of macro 'BINARY_TYPE_OPERATOR_SF'
     BINARY_TYPE_OPERATOR_SF(ReturnType, Type1, Type2, Op, OpFunc)              \
     ^
/opt/openfoam5/src/OpenFOAM/lnInclude/scalarField.H:83:1: note: in expansion of macro 'BINARY_TYPE_OPERATOR'
 BINARY_TYPE_OPERATOR(scalar, scalar, scalar, +, add)
 ^
/opt/openfoam5/src/OpenFOAM/lnInclude/FieldFunctionsM.H:232:24: note: candidate: Foam::tmp<Foam::Field<double> > Foam::operator+(const Foam::UList<double>&, const scalar&)
 tmp<Field<ReturnType>> operator Op                                             \
                        ^
/opt/openfoam5/src/OpenFOAM/lnInclude/FieldFunctionsM.H:248:5: note: in expansion of macro 'BINARY_TYPE_OPERATOR_FS'
     BINARY_TYPE_OPERATOR_FS(ReturnType, Type1, Type2, Op, OpFunc)
     ^
/opt/openfoam5/src/OpenFOAM/lnInclude/scalarField.H:83:1: note: in expansion of macro 'BINARY_TYPE_OPERATOR'
 BINARY_TYPE_OPERATOR(scalar, scalar, scalar, +, add)
 ^
/opt/openfoam5/src/OpenFOAM/lnInclude/FieldFunctionsM.H:232:24: note:   candidate expects 2 arguments, 1 provided
 tmp<Field<ReturnType>> operator Op                                             \
                        ^
/opt/openfoam5/src/OpenFOAM/lnInclude/FieldFunctionsM.H:248:5: note: in expansion of macro 'BINARY_TYPE_OPERATOR_FS'
     BINARY_TYPE_OPERATOR_FS(ReturnType, Type1, Type2, Op, OpFunc)
     ^
/opt/openfoam5/src/OpenFOAM/lnInclude/scalarField.H:83:1: note: in expansion of macro 'BINARY_TYPE_OPERATOR'
 BINARY_TYPE_OPERATOR(scalar, scalar, scalar, +, add)
 ^
/opt/openfoam5/src/OpenFOAM/lnInclude/FieldFunctionsM.H:239:24: note: candidate: Foam::tmp<Foam::Field<double> > Foam::operator+(const Foam::tmp<Foam::Field<double> >&, const scalar&)
 tmp<Field<ReturnType>> operator Op                                             \
                        ^
/opt/openfoam5/src/OpenFOAM/lnInclude/FieldFunctionsM.H:248:5: note: in expansion of macro 'BINARY_TYPE_OPERATOR_FS'
     BINARY_TYPE_OPERATOR_FS(ReturnType, Type1, Type2, Op, OpFunc)
     ^
/opt/openfoam5/src/OpenFOAM/lnInclude/scalarField.H:83:1: note: in expansion of macro 'BINARY_TYPE_OPERATOR'
 BINARY_TYPE_OPERATOR(scalar, scalar, scalar, +, add)
 ^
/opt/openfoam5/src/OpenFOAM/lnInclude/FieldFunctionsM.H:239:24: note:   candidate expects 2 arguments, 1 provided
 tmp<Field<ReturnType>> operator Op                                             \
                        ^
/opt/openfoam5/src/OpenFOAM/lnInclude/FieldFunctionsM.H:248:5: note: in expansion of macro 'BINARY_TYPE_OPERATOR_FS'
     BINARY_TYPE_OPERATOR_FS(ReturnType, Type1, Type2, Op, OpFunc)
     ^
/opt/openfoam5/src/OpenFOAM/lnInclude/scalarField.H:83:1: note: in expansion of macro 'BINARY_TYPE_OPERATOR'
 BINARY_TYPE_OPERATOR(scalar, scalar, scalar, +, add)
 ^
In file included from /opt/openfoam5/src/OpenFOAM/lnInclude/dimensionedType.H:40:0,
                 from /opt/openfoam5/src/OpenFOAM/lnInclude/dimensionedScalar.H:38,
                 from /opt/openfoam5/src/OpenFOAM/lnInclude/TimeState.H:38,
                 from /opt/openfoam5/src/OpenFOAM/lnInclude/Time.H:47,
                 from /opt/openfoam5/src/finiteVolume/lnInclude/fvCFD.H:6,
                 from pamFoam.C:36:
/opt/openfoam5/src/OpenFOAM/lnInclude/dimensionSet.H:383:29: note: candidate: Foam::dimensionSet Foam::operator+(const Foam::dimensionSet&, const Foam::dimensionSet&)
         friend dimensionSet operator+
                             ^
/opt/openfoam5/src/OpenFOAM/lnInclude/dimensionSet.H:383:29: note:   candidate expects 2 arguments, 1 provided
In file included from /opt/openfoam5/src/OpenFOAM/lnInclude/Matrix.H:383:0,
                 from /opt/openfoam5/src/OpenFOAM/lnInclude/RectangularMatrix.H:41,
                 from /opt/openfoam5/src/OpenFOAM/lnInclude/scalarMatrices.H:43,
                 from /opt/openfoam5/src/OpenFOAM/lnInclude/dimensionSets.H:39,
                 from /opt/openfoam5/src/OpenFOAM/lnInclude/dimensionSet.H:439,
                 from /opt/openfoam5/src/OpenFOAM/lnInclude/dimensionedType.H:40,
                 from /opt/openfoam5/src/OpenFOAM/lnInclude/dimensionedScalar.H:38,
                 from /opt/openfoam5/src/OpenFOAM/lnInclude/TimeState.H:38,
                 from /opt/openfoam5/src/OpenFOAM/lnInclude/Time.H:47,
                 from /opt/openfoam5/src/finiteVolume/lnInclude/fvCFD.H:6,
                 from pamFoam.C:36:
/opt/openfoam5/src/OpenFOAM/lnInclude/Matrix.C:464:6: note: candidate: template<class Form, class Type> Form Foam::operator+(const Foam::Matrix<Form, Type>&, const Foam::Matrix<Form, Type>&)
 Form Foam::operator+(const Matrix<Form, Type>& A, const Matrix<Form, Type>& B)
      ^
/opt/openfoam5/src/OpenFOAM/lnInclude/Matrix.C:464:6: note:   template argument deduction/substitution failed:
In file included from pamFoam.C:139:0:
./processModels/SSEqn.H:9:7: note:   'const volScalarField {aka const Foam::GeometricField<double, Foam::fvPatchField, Foam::volMesh>}' is not derived from 'const Foam::Matrix<Form, Type>'
     + alphaLiquid * fSSXS * rhoHydrolysis
       ^
In file included from /opt/openfoam5/src/OpenFOAM/lnInclude/dimensionedType.H:340:0,
                 from /opt/openfoam5/src/OpenFOAM/lnInclude/dimensionedScalar.H:38,
                 from /opt/openfoam5/src/OpenFOAM/lnInclude/TimeState.H:38,
                 from /opt/openfoam5/src/OpenFOAM/lnInclude/Time.H:47,
                 from /opt/openfoam5/src/finiteVolume/lnInclude/fvCFD.H:6,
                 from pamFoam.C:36:
/opt/openfoam5/src/OpenFOAM/lnInclude/dimensionedType.C:657:25: note: candidate: template<class Type> Foam::dimensioned<Type> Foam::operator+(const Foam::dimensioned<Type>&, const Foam::dimensioned<Type>&)
 Foam::dimensioned<Type> Foam::operator+
                         ^
/opt/openfoam5/src/OpenFOAM/lnInclude/dimensionedType.C:657:25: note:   template argument deduction/substitution failed:
In file included from pamFoam.C:139:0:
./processModels/SSEqn.H:9:7: note:   'const volScalarField {aka const Foam::GeometricField<double, Foam::fvPatchField, Foam::volMesh>}' is not derived from 'const Foam::dimensioned<Type>'
     + alphaLiquid * fSSXS * rhoHydrolysis
       ^
In file included from /opt/openfoam5/src/OpenFOAM/lnInclude/TimeState.H:38:0,
                 from /opt/openfoam5/src/OpenFOAM/lnInclude/Time.H:47,
                 from /opt/openfoam5/src/finiteVolume/lnInclude/fvCFD.H:6,
                 from pamFoam.C:36:
/opt/openfoam5/src/OpenFOAM/lnInclude/dimensionedScalar.H:49:19: note: candidate: Foam::dimensionedScalar Foam::operator+(const dimensionedScalar&, Foam::scalar)
 dimensionedScalar operator+(const dimensionedScalar&, const scalar);
                   ^
/opt/openfoam5/src/OpenFOAM/lnInclude/dimensionedScalar.H:49:19: note:   candidate expects 2 arguments, 1 provided
/opt/openfoam5/src/OpenFOAM/lnInclude/dimensionedScalar.H:50:19: note: candidate: Foam::dimensionedScalar Foam::operator+(Foam::scalar, const dimensionedScalar&)
 dimensionedScalar operator+(const scalar, const dimensionedScalar&);
                   ^
/opt/openfoam5/src/OpenFOAM/lnInclude/dimensionedScalar.H:50:19: note:   candidate expects 2 arguments, 1 provided
In file included from /opt/openfoam5/src/OpenFOAM/lnInclude/labelField.H:42:0,
                 from /opt/openfoam5/src/OpenFOAM/lnInclude/primitiveFields.H:37,
                 from /opt/openfoam5/src/OpenFOAM/lnInclude/pointField.H:36,
                 from /opt/openfoam5/src/OpenFOAM/lnInclude/edge.H:40,
                 from /opt/openfoam5/src/OpenFOAM/lnInclude/edgeList.H:32,
                 from /opt/openfoam5/src/OpenFOAM/lnInclude/primitiveMesh.H:54,
                 from /opt/openfoam5/src/OpenFOAM/lnInclude/polyMesh.H:45,
                 from /opt/openfoam5/src/finiteVolume/lnInclude/fvMesh.H:50,
                 from /opt/openfoam5/src/finiteVolume/lnInclude/fvCFD.H:7,
                 from pamFoam.C:36:
/opt/openfoam5/src/OpenFOAM/lnInclude/FieldFunctionsM.H:207:24: note: candidate: Foam::tmp<Foam::Field<int> > Foam::operator+(const label&, const Foam::UList<int>&)
 tmp<Field<ReturnType>> operator Op                                             \
                        ^
/opt/openfoam5/src/OpenFOAM/lnInclude/FieldFunctionsM.H:247:5: note: in expansion of macro 'BINARY_TYPE_OPERATOR_SF'
     BINARY_TYPE_OPERATOR_SF(ReturnType, Type1, Type2, Op, OpFunc)              \
     ^
/opt/openfoam5/src/OpenFOAM/lnInclude/labelField.H:53:1: note: in expansion of macro 'BINARY_TYPE_OPERATOR'
 BINARY_TYPE_OPERATOR(label, label, label, +, add)
 ^
/opt/openfoam5/src/OpenFOAM/lnInclude/FieldFunctionsM.H:207:24: note:   candidate expects 2 arguments, 1 provided
 tmp<Field<ReturnType>> operator Op                                             \
                        ^
/opt/openfoam5/src/OpenFOAM/lnInclude/FieldFunctionsM.H:247:5: note: in expansion of macro 'BINARY_TYPE_OPERATOR_SF'
     BINARY_TYPE_OPERATOR_SF(ReturnType, Type1, Type2, Op, OpFunc)              \
     ^
/opt/openfoam5/src/OpenFOAM/lnInclude/labelField.H:53:1: note: in expansion of macro 'BINARY_TYPE_OPERATOR'
 BINARY_TYPE_OPERATOR(label, label, label, +, add)
 ^
/opt/openfoam5/src/OpenFOAM/lnInclude/FieldFunctionsM.H:214:24: note: candidate: Foam::tmp<Foam::Field<int> > Foam::operator+(const label&, const Foam::tmp<Foam::Field<int> >&)
 tmp<Field<ReturnType>> operator Op                                             \
                        ^
/opt/openfoam5/src/OpenFOAM/lnInclude/FieldFunctionsM.H:247:5: note: in expansion of macro 'BINARY_TYPE_OPERATOR_SF'
     BINARY_TYPE_OPERATOR_SF(ReturnType, Type1, Type2, Op, OpFunc)              \
     ^
/opt/openfoam5/src/OpenFOAM/lnInclude/labelField.H:53:1: note: in expansion of macro 'BINARY_TYPE_OPERATOR'
 BINARY_TYPE_OPERATOR(label, label, label, +, add)
 ^
/opt/openfoam5/src/OpenFOAM/lnInclude/FieldFunctionsM.H:214:24: note:   candidate expects 2 arguments, 1 provided
 tmp<Field<ReturnType>> operator Op                                             \
                        ^
/opt/openfoam5/src/OpenFOAM/lnInclude/FieldFunctionsM.H:247:5: note: in expansion of macro 'BINARY_TYPE_OPERATOR_SF'
     BINARY_TYPE_OPERATOR_SF(ReturnType, Type1, Type2, Op, OpFunc)              \
     ^
/opt/openfoam5/src/OpenFOAM/lnInclude/labelField.H:53:1: note: in expansion of macro 'BINARY_TYPE_OPERATOR'
 BINARY_TYPE_OPERATOR(label, label, label, +, add)
 ^
/opt/openfoam5/src/OpenFOAM/lnInclude/FieldFunctionsM.H:232:24: note: candidate: Foam::tmp<Foam::Field<int> > Foam::operator+(const Foam::UList<int>&, const label&)
 tmp<Field<ReturnType>> operator Op                                             \
                        ^
/opt/openfoam5/src/OpenFOAM/lnInclude/FieldFunctionsM.H:248:5: note: in expansion of macro 'BINARY_TYPE_OPERATOR_FS'
     BINARY_TYPE_OPERATOR_FS(ReturnType, Type1, Type2, Op, OpFunc)
     ^
/opt/openfoam5/src/OpenFOAM/lnInclude/labelField.H:53:1: note: in expansion of macro 'BINARY_TYPE_OPERATOR'
 BINARY_TYPE_OPERATOR(label, label, label, +, add)
 ^
/opt/openfoam5/src/OpenFOAM/lnInclude/FieldFunctionsM.H:232:24: note:   candidate expects 2 arguments, 1 provided
 tmp<Field<ReturnType>> operator Op                                             \
                        ^
/opt/openfoam5/src/OpenFOAM/lnInclude/FieldFunctionsM.H:248:5: note: in expansion of macro 'BINARY_TYPE_OPERATOR_FS'
     BINARY_TYPE_OPERATOR_FS(ReturnType, Type1, Type2, Op, OpFunc)
     ^
/opt/openfoam5/src/OpenFOAM/lnInclude/labelField.H:53:1: note: in expansion of macro 'BINARY_TYPE_OPERATOR'
 BINARY_TYPE_OPERATOR(label, label, label, +, add)
 ^
/opt/openfoam5/src/OpenFOAM/lnInclude/FieldFunctionsM.H:239:24: note: candidate: Foam::tmp<Foam::Field<int> > Foam::operator+(const Foam::tmp<Foam::Field<int> >&, const label&)
 tmp<Field<ReturnType>> operator Op                                             \
                        ^
/opt/openfoam5/src/OpenFOAM/lnInclude/FieldFunctionsM.H:248:5: note: in expansion of macro 'BINARY_TYPE_OPERATOR_FS'
     BINARY_TYPE_OPERATOR_FS(ReturnType, Type1, Type2, Op, OpFunc)
     ^
/opt/openfoam5/src/OpenFOAM/lnInclude/labelField.H:53:1: note: in expansion of macro 'BINARY_TYPE_OPERATOR'
 BINARY_TYPE_OPERATOR(label, label, label, +, add)
 ^
/opt/openfoam5/src/OpenFOAM/lnInclude/FieldFunctionsM.H:239:24: note:   candidate expects 2 arguments, 1 provided
 tmp<Field<ReturnType>> operator Op                                             \
                        ^
/opt/openfoam5/src/OpenFOAM/lnInclude/FieldFunctionsM.H:248:5: note: in expansion of macro 'BINARY_TYPE_OPERATOR_FS'
     BINARY_TYPE_OPERATOR_FS(ReturnType, Type1, Type2, Op, OpFunc)
     ^
/opt/openfoam5/src/OpenFOAM/lnInclude/labelField.H:53:1: note: in expansion of macro 'BINARY_TYPE_OPERATOR'
 BINARY_TYPE_OPERATOR(label, label, label, +, add)
 ^
In file included from /opt/openfoam5/src/OpenFOAM/lnInclude/DimensionedScalarField.C:29:0,
                 from /opt/openfoam5/src/OpenFOAM/lnInclude/DimensionedScalarField.H:157,
                 from /opt/openfoam5/src/OpenFOAM/lnInclude/DimensionedFieldFunctions.H:26,
                 from /opt/openfoam5/src/OpenFOAM/lnInclude/DimensionedField.H:363,
                 from /opt/openfoam5/src/finiteVolume/lnInclude/fvMesh.H:58,
                 from /opt/openfoam5/src/finiteVolume/lnInclude/fvCFD.H:7,
                 from pamFoam.C:36:
/opt/openfoam5/src/OpenFOAM/lnInclude/DimensionedFieldFunctionsM.C:534:44: note: candidate: template<class GeoMesh> Foam::tmp<Foam::DimensionedField<double, GeoMesh> > Foam::operator+(const Foam::dimensioned<double>&, const Foam::DimensionedField<double, GeoMesh>&)
 tmp<DimensionedField<ReturnType, GeoMesh>> operator Op                         \
                                            ^
/opt/openfoam5/src/OpenFOAM/lnInclude/DimensionedFieldFunctionsM.C:685:5: note: in expansion of macro 'BINARY_TYPE_OPERATOR_SF'
     BINARY_TYPE_OPERATOR_SF(ReturnType, Type1, Type2, Op, OpName, OpFunc)      \
     ^
/opt/openfoam5/src/OpenFOAM/lnInclude/DimensionedScalarField.C:92:1: note: in expansion of macro 'BINARY_TYPE_OPERATOR'
 BINARY_TYPE_OPERATOR(scalar, scalar, scalar, +, '+', add)
 ^
/opt/openfoam5/src/OpenFOAM/lnInclude/DimensionedFieldFunctionsM.C:534:44: note:   template argument deduction/substitution failed:
 tmp<DimensionedField<ReturnType, GeoMesh>> operator Op                         \
                                            ^
/opt/openfoam5/src/OpenFOAM/lnInclude/DimensionedFieldFunctionsM.C:685:5: note: in expansion of macro 'BINARY_TYPE_OPERATOR_SF'
     BINARY_TYPE_OPERATOR_SF(ReturnType, Type1, Type2, Op, OpName, OpFunc)      \
     ^
/opt/openfoam5/src/OpenFOAM/lnInclude/DimensionedScalarField.C:92:1: note: in expansion of macro 'BINARY_TYPE_OPERATOR'
 BINARY_TYPE_OPERATOR(scalar, scalar, scalar, +, '+', add)
 ^
In file included from pamFoam.C:139:0:
./processModels/SSEqn.H:9:7: note:   cannot convert 'alphaLiquid' (type 'const volScalarField {aka const Foam::GeometricField<double, Foam::fvPatchField, Foam::volMesh>}') to type 'const Foam::dimensioned<double>&'
     + alphaLiquid * fSSXS * rhoHydrolysis
       ^
In file included from /opt/openfoam5/src/OpenFOAM/lnInclude/DimensionedScalarField.C:29:0,
                 from /opt/openfoam5/src/OpenFOAM/lnInclude/DimensionedScalarField.H:157,
                 from /opt/openfoam5/src/OpenFOAM/lnInclude/DimensionedFieldFunctions.H:26,
                 from /opt/openfoam5/src/OpenFOAM/lnInclude/DimensionedField.H:363,
                 from /opt/openfoam5/src/finiteVolume/lnInclude/fvMesh.H:58,
                 from /opt/openfoam5/src/finiteVolume/lnInclude/fvCFD.H:7,
                 from pamFoam.C:36:
/opt/openfoam5/src/OpenFOAM/lnInclude/DimensionedFieldFunctionsM.C:561:44: note: candidate: template<class GeoMesh> Foam::tmp<Foam::DimensionedField<double, GeoMesh> > Foam::operator+(const scalar&, const Foam::DimensionedField<double, GeoMesh>&)
 tmp<DimensionedField<ReturnType, GeoMesh>> operator Op                         \
                                            ^
/opt/openfoam5/src/OpenFOAM/lnInclude/DimensionedFieldFunctionsM.C:685:5: note: in expansion of macro 'BINARY_TYPE_OPERATOR_SF'
     BINARY_TYPE_OPERATOR_SF(ReturnType, Type1, Type2, Op, OpName, OpFunc)      \
     ^
/opt/openfoam5/src/OpenFOAM/lnInclude/DimensionedScalarField.C:92:1: note: in expansion of macro 'BINARY_TYPE_OPERATOR'
 BINARY_TYPE_OPERATOR(scalar, scalar, scalar, +, '+', add)
 ^
/opt/openfoam5/src/OpenFOAM/lnInclude/DimensionedFieldFunctionsM.C:561:44: note:   template argument deduction/substitution failed:
 tmp<DimensionedField<ReturnType, GeoMesh>> operator Op                         \
                                            ^
/opt/openfoam5/src/OpenFOAM/lnInclude/DimensionedFieldFunctionsM.C:685:5: note: in expansion of macro 'BINARY_TYPE_OPERATOR_SF'
     BINARY_TYPE_OPERATOR_SF(ReturnType, Type1, Type2, Op, OpName, OpFunc)      \
     ^
/opt/openfoam5/src/OpenFOAM/lnInclude/DimensionedScalarField.C:92:1: note: in expansion of macro 'BINARY_TYPE_OPERATOR'
 BINARY_TYPE_OPERATOR(scalar, scalar, scalar, +, '+', add)
 ^
In file included from pamFoam.C:139:0:
./processModels/SSEqn.H:9:7: note:   cannot convert 'alphaLiquid' (type 'const volScalarField {aka const Foam::GeometricField<double, Foam::fvPatchField, Foam::volMesh>}') to type 'const scalar& {aka const double&}'
     + alphaLiquid * fSSXS * rhoHydrolysis
       ^
In file included from /opt/openfoam5/src/OpenFOAM/lnInclude/DimensionedScalarField.C:29:0,
                 from /opt/openfoam5/src/OpenFOAM/lnInclude/DimensionedScalarField.H:157,
                 from /opt/openfoam5/src/OpenFOAM/lnInclude/DimensionedFieldFunctions.H:26,
                 from /opt/openfoam5/src/OpenFOAM/lnInclude/DimensionedField.H:363,
                 from /opt/openfoam5/src/finiteVolume/lnInclude/fvMesh.H:58,
                 from /opt/openfoam5/src/finiteVolume/lnInclude/fvCFD.H:7,
                 from pamFoam.C:36:
/opt/openfoam5/src/OpenFOAM/lnInclude/DimensionedFieldFunctionsM.C:572:44: note: candidate: template<class GeoMesh> Foam::tmp<Foam::DimensionedField<double, GeoMesh> > Foam::operator+(const Foam::dimensioned<double>&, const Foam::tmp<Foam::DimensionedField<double, GeoMesh> >&)
 tmp<DimensionedField<ReturnType, GeoMesh>> operator Op                         \
                                            ^
/opt/openfoam5/src/OpenFOAM/lnInclude/DimensionedFieldFunctionsM.C:685:5: note: in expansion of macro 'BINARY_TYPE_OPERATOR_SF'
     BINARY_TYPE_OPERATOR_SF(ReturnType, Type1, Type2, Op, OpName, OpFunc)      \
     ^
/opt/openfoam5/src/OpenFOAM/lnInclude/DimensionedScalarField.C:92:1: note: in expansion of macro 'BINARY_TYPE_OPERATOR'
 BINARY_TYPE_OPERATOR(scalar, scalar, scalar, +, '+', add)
 ^
/opt/openfoam5/src/OpenFOAM/lnInclude/DimensionedFieldFunctionsM.C:572:44: note:   template argument deduction/substitution failed:
 tmp<DimensionedField<ReturnType, GeoMesh>> operator Op                         \
                                            ^
/opt/openfoam5/src/OpenFOAM/lnInclude/DimensionedFieldFunctionsM.C:685:5: note: in expansion of macro 'BINARY_TYPE_OPERATOR_SF'
     BINARY_TYPE_OPERATOR_SF(ReturnType, Type1, Type2, Op, OpName, OpFunc)      \
     ^
/opt/openfoam5/src/OpenFOAM/lnInclude/DimensionedScalarField.C:92:1: note: in expansion of macro 'BINARY_TYPE_OPERATOR'
 BINARY_TYPE_OPERATOR(scalar, scalar, scalar, +, '+', add)
 ^
In file included from pamFoam.C:139:0:
./processModels/SSEqn.H:9:7: note:   cannot convert 'alphaLiquid' (type 'const volScalarField {aka const Foam::GeometricField<double, Foam::fvPatchField, Foam::volMesh>}') to type 'const Foam::dimensioned<double>&'
     + alphaLiquid * fSSXS * rhoHydrolysis
       ^
In file included from /opt/openfoam5/src/OpenFOAM/lnInclude/DimensionedScalarField.C:29:0,
                 from /opt/openfoam5/src/OpenFOAM/lnInclude/DimensionedScalarField.H:157,
                 from /opt/openfoam5/src/OpenFOAM/lnInclude/DimensionedFieldFunctions.H:26,
                 from /opt/openfoam5/src/OpenFOAM/lnInclude/DimensionedField.H:363,
                 from /opt/openfoam5/src/finiteVolume/lnInclude/fvMesh.H:58,
                 from /opt/openfoam5/src/finiteVolume/lnInclude/fvCFD.H:7,
                 from pamFoam.C:36:
/opt/openfoam5/src/OpenFOAM/lnInclude/DimensionedFieldFunctionsM.C:598:44: note: candidate: template<class GeoMesh> Foam::tmp<Foam::DimensionedField<double, GeoMesh> > Foam::operator+(const scalar&, const Foam::tmp<Foam::DimensionedField<double, GeoMesh> >&)
 tmp<DimensionedField<ReturnType, GeoMesh>> operator Op                         \
                                            ^
/opt/openfoam5/src/OpenFOAM/lnInclude/DimensionedFieldFunctionsM.C:685:5: note: in expansion of macro 'BINARY_TYPE_OPERATOR_SF'
     BINARY_TYPE_OPERATOR_SF(ReturnType, Type1, Type2, Op, OpName, OpFunc)      \
     ^
/opt/openfoam5/src/OpenFOAM/lnInclude/DimensionedScalarField.C:92:1: note: in expansion of macro 'BINARY_TYPE_OPERATOR'
 BINARY_TYPE_OPERATOR(scalar, scalar, scalar, +, '+', add)
 ^
/opt/openfoam5/src/OpenFOAM/lnInclude/DimensionedFieldFunctionsM.C:598:44: note:   template argument deduction/substitution failed:
 tmp<DimensionedField<ReturnType, GeoMesh>> operator Op                         \
                                            ^
/opt/openfoam5/src/OpenFOAM/lnInclude/DimensionedFieldFunctionsM.C:685:5: note: in expansion of macro 'BINARY_TYPE_OPERATOR_SF'
     BINARY_TYPE_OPERATOR_SF(ReturnType, Type1, Type2, Op, OpName, OpFunc)      \
     ^
/opt/openfoam5/src/OpenFOAM/lnInclude/DimensionedScalarField.C:92:1: note: in expansion of macro 'BINARY_TYPE_OPERATOR'
 BINARY_TYPE_OPERATOR(scalar, scalar, scalar, +, '+', add)
 ^
In file included from pamFoam.C:139:0:
./processModels/SSEqn.H:9:7: note:   cannot convert 'alphaLiquid' (type 'const volScalarField {aka const Foam::GeometricField<double, Foam::fvPatchField, Foam::volMesh>}') to type 'const scalar& {aka const double&}'
     + alphaLiquid * fSSXS * rhoHydrolysis
       ^
In file included from /opt/openfoam5/src/OpenFOAM/lnInclude/DimensionedScalarField.C:29:0,
                 from /opt/openfoam5/src/OpenFOAM/lnInclude/DimensionedScalarField.H:157,
                 from /opt/openfoam5/src/OpenFOAM/lnInclude/DimensionedFieldFunctions.H:26,
                 from /opt/openfoam5/src/OpenFOAM/lnInclude/DimensionedField.H:363,
                 from /opt/openfoam5/src/finiteVolume/lnInclude/fvMesh.H:58,
                 from /opt/openfoam5/src/finiteVolume/lnInclude/fvCFD.H:7,
                 from pamFoam.C:36:
/opt/openfoam5/src/OpenFOAM/lnInclude/DimensionedFieldFunctionsM.C:611:44: note: candidate: template<class GeoMesh> Foam::tmp<Foam::DimensionedField<double, GeoMesh> > Foam::operator+(const Foam::DimensionedField<double, GeoMesh>&, const Foam::dimensioned<double>&)
 tmp<DimensionedField<ReturnType, GeoMesh>> operator Op                         \
                                            ^
/opt/openfoam5/src/OpenFOAM/lnInclude/DimensionedFieldFunctionsM.C:686:5: note: in expansion of macro 'BINARY_TYPE_OPERATOR_FS'
     BINARY_TYPE_OPERATOR_FS(ReturnType, Type1, Type2, Op, OpName, OpFunc)
     ^
/opt/openfoam5/src/OpenFOAM/lnInclude/DimensionedScalarField.C:92:1: note: in expansion of macro 'BINARY_TYPE_OPERATOR'
 BINARY_TYPE_OPERATOR(scalar, scalar, scalar, +, '+', add)
 ^
/opt/openfoam5/src/OpenFOAM/lnInclude/DimensionedFieldFunctionsM.C:611:44: note:   template argument deduction/substitution failed:
 tmp<DimensionedField<ReturnType, GeoMesh>> operator Op                         \
                                            ^
/opt/openfoam5/src/OpenFOAM/lnInclude/DimensionedFieldFunctionsM.C:686:5: note: in expansion of macro 'BINARY_TYPE_OPERATOR_FS'
     BINARY_TYPE_OPERATOR_FS(ReturnType, Type1, Type2, Op, OpName, OpFunc)
     ^
/opt/openfoam5/src/OpenFOAM/lnInclude/DimensionedScalarField.C:92:1: note: in expansion of macro 'BINARY_TYPE_OPERATOR'
 BINARY_TYPE_OPERATOR(scalar, scalar, scalar, +, '+', add)
 ^
In file included from pamFoam.C:139:0:
./processModels/SSEqn.H:9:7: note:   candidate expects 2 arguments, 1 provided
     + alphaLiquid * fSSXS * rhoHydrolysis
       ^
In file included from /opt/openfoam5/src/OpenFOAM/lnInclude/DimensionedScalarField.C:29:0,
                 from /opt/openfoam5/src/OpenFOAM/lnInclude/DimensionedScalarField.H:157,
                 from /opt/openfoam5/src/OpenFOAM/lnInclude/DimensionedFieldFunctions.H:26,
                 from /opt/openfoam5/src/OpenFOAM/lnInclude/DimensionedField.H:363,
                 from /opt/openfoam5/src/finiteVolume/lnInclude/fvMesh.H:58,
                 from /opt/openfoam5/src/finiteVolume/lnInclude/fvCFD.H:7,
                 from pamFoam.C:36:
/opt/openfoam5/src/OpenFOAM/lnInclude/DimensionedFieldFunctionsM.C:638:44: note: candidate: template<class GeoMesh> Foam::tmp<Foam::DimensionedField<double, GeoMesh> > Foam::operator+(const Foam::DimensionedField<double, GeoMesh>&, const scalar&)
 tmp<DimensionedField<ReturnType, GeoMesh>> operator Op                         \
                                            ^
/opt/openfoam5/src/OpenFOAM/lnInclude/DimensionedFieldFunctionsM.C:686:5: note: in expansion of macro 'BINARY_TYPE_OPERATOR_FS'
     BINARY_TYPE_OPERATOR_FS(ReturnType, Type1, Type2, Op, OpName, OpFunc)
     ^
/opt/openfoam5/src/OpenFOAM/lnInclude/DimensionedScalarField.C:92:1: note: in expansion of macro 'BINARY_TYPE_OPERATOR'
 BINARY_TYPE_OPERATOR(scalar, scalar, scalar, +, '+', add)
 ^
/opt/openfoam5/src/OpenFOAM/lnInclude/DimensionedFieldFunctionsM.C:638:44: note:   template argument deduction/substitution failed:
 tmp<DimensionedField<ReturnType, GeoMesh>> operator Op                         \
                                            ^
/opt/openfoam5/src/OpenFOAM/lnInclude/DimensionedFieldFunctionsM.C:686:5: note: in expansion of macro 'BINARY_TYPE_OPERATOR_FS'
     BINARY_TYPE_OPERATOR_FS(ReturnType, Type1, Type2, Op, OpName, OpFunc)
     ^
/opt/openfoam5/src/OpenFOAM/lnInclude/DimensionedScalarField.C:92:1: note: in expansion of macro 'BINARY_TYPE_OPERATOR'
 BINARY_TYPE_OPERATOR(scalar, scalar, scalar, +, '+', add)
 ^
In file included from pamFoam.C:139:0:
./processModels/SSEqn.H:9:7: note:   candidate expects 2 arguments, 1 provided
     + alphaLiquid * fSSXS * rhoHydrolysis
       ^
In file included from /opt/openfoam5/src/OpenFOAM/lnInclude/DimensionedScalarField.C:29:0,
                 from /opt/openfoam5/src/OpenFOAM/lnInclude/DimensionedScalarField.H:157,
                 from /opt/openfoam5/src/OpenFOAM/lnInclude/DimensionedFieldFunctions.H:26,
                 from /opt/openfoam5/src/OpenFOAM/lnInclude/DimensionedField.H:363,
                 from /opt/openfoam5/src/finiteVolume/lnInclude/fvMesh.H:58,
                 from /opt/openfoam5/src/finiteVolume/lnInclude/fvCFD.H:7,
                 from pamFoam.C:36:
/opt/openfoam5/src/OpenFOAM/lnInclude/DimensionedFieldFunctionsM.C:649:44: note: candidate: template<class GeoMesh> Foam::tmp<Foam::DimensionedField<double, GeoMesh> > Foam::operator+(const Foam::tmp<Foam::DimensionedField<double, GeoMesh> >&, const Foam::dimensioned<double>&)
 tmp<DimensionedField<ReturnType, GeoMesh>> operator Op                         \
                                            ^
/opt/openfoam5/src/OpenFOAM/lnInclude/DimensionedFieldFunctionsM.C:686:5: note: in expansion of macro 'BINARY_TYPE_OPERATOR_FS'
     BINARY_TYPE_OPERATOR_FS(ReturnType, Type1, Type2, Op, OpName, OpFunc)
     ^
/opt/openfoam5/src/OpenFOAM/lnInclude/DimensionedScalarField.C:92:1: note: in expansion of macro 'BINARY_TYPE_OPERATOR'
 BINARY_TYPE_OPERATOR(scalar, scalar, scalar, +, '+', add)
 ^
/opt/openfoam5/src/OpenFOAM/lnInclude/DimensionedFieldFunctionsM.C:649:44: note:   template argument deduction/substitution failed:
 tmp<DimensionedField<ReturnType, GeoMesh>> operator Op                         \
                                            ^
/opt/openfoam5/src/OpenFOAM/lnInclude/DimensionedFieldFunctionsM.C:686:5: note: in expansion of macro 'BINARY_TYPE_OPERATOR_FS'
     BINARY_TYPE_OPERATOR_FS(ReturnType, Type1, Type2, Op, OpName, OpFunc)
     ^
/opt/openfoam5/src/OpenFOAM/lnInclude/DimensionedScalarField.C:92:1: note: in expansion of macro 'BINARY_TYPE_OPERATOR'
 BINARY_TYPE_OPERATOR(scalar, scalar, scalar, +, '+', add)
 ^
In file included from pamFoam.C:139:0:
./processModels/SSEqn.H:9:7: note:   'const volScalarField {aka const Foam::GeometricField<double, Foam::fvPatchField, Foam::volMesh>}' is not derived from 'const Foam::tmp<Foam::DimensionedField<double, GeoMesh> >'
     + alphaLiquid * fSSXS * rhoHydrolysis
       ^
In file included from /opt/openfoam5/src/OpenFOAM/lnInclude/DimensionedScalarField.C:29:0,
                 from /opt/openfoam5/src/OpenFOAM/lnInclude/DimensionedScalarField.H:157,
                 from /opt/openfoam5/src/OpenFOAM/lnInclude/DimensionedFieldFunctions.H:26,
                 from /opt/openfoam5/src/OpenFOAM/lnInclude/DimensionedField.H:363,
                 from /opt/openfoam5/src/finiteVolume/lnInclude/fvMesh.H:58,
                 from /opt/openfoam5/src/finiteVolume/lnInclude/fvCFD.H:7,
                 from pamFoam.C:36:
/opt/openfoam5/src/OpenFOAM/lnInclude/DimensionedFieldFunctionsM.C:675:44: note: candidate: template<class GeoMesh> Foam::tmp<Foam::DimensionedField<double, GeoMesh> > Foam::operator+(const Foam::tmp<Foam::DimensionedField<double, GeoMesh> >&, const scalar&)
 tmp<DimensionedField<ReturnType, GeoMesh>> operator Op                         \
                                            ^
/opt/openfoam5/src/OpenFOAM/lnInclude/DimensionedFieldFunctionsM.C:686:5: note: in expansion of macro 'BINARY_TYPE_OPERATOR_FS'
     BINARY_TYPE_OPERATOR_FS(ReturnType, Type1, Type2, Op, OpName, OpFunc)
     ^
/opt/openfoam5/src/OpenFOAM/lnInclude/DimensionedScalarField.C:92:1: note: in expansion of macro 'BINARY_TYPE_OPERATOR'
 BINARY_TYPE_OPERATOR(scalar, scalar, scalar, +, '+', add)
 ^
/opt/openfoam5/src/OpenFOAM/lnInclude/DimensionedFieldFunctionsM.C:675:44: note:   template argument deduction/substitution failed:
 tmp<DimensionedField<ReturnType, GeoMesh>> operator Op                         \
                                            ^
/opt/openfoam5/src/OpenFOAM/lnInclude/DimensionedFieldFunctionsM.C:686:5: note: in expansion of macro 'BINARY_TYPE_OPERATOR_FS'
     BINARY_TYPE_OPERATOR_FS(ReturnType, Type1, Type2, Op, OpName, OpFunc)
     ^
/opt/openfoam5/src/OpenFOAM/lnInclude/DimensionedScalarField.C:92:1: note: in expansion of macro 'BINARY_TYPE_OPERATOR'
 BINARY_TYPE_OPERATOR(scalar, scalar, scalar, +, '+', add)
 ^
In file included from pamFoam.C:139:0:
./processModels/SSEqn.H:9:7: note:   'const volScalarField {aka const Foam::GeometricField<double, Foam::fvPatchField, Foam::volMesh>}' is not derived from 'const Foam::tmp<Foam::DimensionedField<double, GeoMesh> >'
     + alphaLiquid * fSSXS * rhoHydrolysis
       ^
In file included from /opt/openfoam5/src/OpenFOAM/lnInclude/DimensionedField.C:532:0,
                 from /opt/openfoam5/src/OpenFOAM/lnInclude/DimensionedField.H:366,
                 from /opt/openfoam5/src/finiteVolume/lnInclude/fvMesh.H:58,
                 from /opt/openfoam5/src/finiteVolume/lnInclude/fvCFD.H:7,
                 from pamFoam.C:36:
/opt/openfoam5/src/OpenFOAM/lnInclude/DimensionedFieldFunctions.C:371:1: note: candidate: template<class Type1, class Type2, class GeoMesh> Foam::tmp<Foam::DimensionedField<typename Foam::typeOfSum<arg1, arg2>::type, GeoMesh> > Foam::operator+(const Foam::DimensionedField<TypeR, GeoMesh>&, const Foam::DimensionedField<Type1, GeoMesh>&)
 operator op                                                                    \
 ^
/opt/openfoam5/src/OpenFOAM/lnInclude/DimensionedFieldFunctions.C:642:1: note: in expansion of macro 'PRODUCT_OPERATOR'
 PRODUCT_OPERATOR(typeOfSum, +, add)
 ^
/opt/openfoam5/src/OpenFOAM/lnInclude/DimensionedFieldFunctions.C:371:1: note:   template argument deduction/substitution failed:
 operator op                                                                    \
 ^
/opt/openfoam5/src/OpenFOAM/lnInclude/DimensionedFieldFunctions.C:642:1: note: in expansion of macro 'PRODUCT_OPERATOR'
 PRODUCT_OPERATOR(typeOfSum, +, add)
 ^
In file included from pamFoam.C:139:0:
./processModels/SSEqn.H:9:7: note:   candidate expects 2 arguments, 1 provided
     + alphaLiquid * fSSXS * rhoHydrolysis
       ^
In file included from /opt/openfoam5/src/OpenFOAM/lnInclude/DimensionedField.C:532:0,
                 from /opt/openfoam5/src/OpenFOAM/lnInclude/DimensionedField.H:366,
                 from /opt/openfoam5/src/finiteVolume/lnInclude/fvMesh.H:58,
                 from /opt/openfoam5/src/finiteVolume/lnInclude/fvCFD.H:7,
                 from pamFoam.C:36:
/opt/openfoam5/src/OpenFOAM/lnInclude/DimensionedFieldFunctions.C:400:1: note: candidate: template<class Type1, class Type2, class GeoMesh> Foam::tmp<Foam::DimensionedField<typename Foam::typeOfSum<arg1, arg2>::type, GeoMesh> > Foam::operator+(const Foam::DimensionedField<TypeR, GeoMesh>&, const Foam::tmp<Foam::DimensionedField<Type1, GeoMesh> >&)
 operator op                                                                    \
 ^
/opt/openfoam5/src/OpenFOAM/lnInclude/DimensionedFieldFunctions.C:642:1: note: in expansion of macro 'PRODUCT_OPERATOR'
 PRODUCT_OPERATOR(typeOfSum, +, add)
 ^
/opt/openfoam5/src/OpenFOAM/lnInclude/DimensionedFieldFunctions.C:400:1: note:   template argument deduction/substitution failed:
 operator op                                                                    \
 ^
/opt/openfoam5/src/OpenFOAM/lnInclude/DimensionedFieldFunctions.C:642:1: note: in expansion of macro 'PRODUCT_OPERATOR'
 PRODUCT_OPERATOR(typeOfSum, +, add)
 ^
In file included from pamFoam.C:139:0:
./processModels/SSEqn.H:9:7: note:   candidate expects 2 arguments, 1 provided
     + alphaLiquid * fSSXS * rhoHydrolysis
       ^
In file included from /opt/openfoam5/src/OpenFOAM/lnInclude/DimensionedField.C:532:0,
                 from /opt/openfoam5/src/OpenFOAM/lnInclude/DimensionedField.H:366,
                 from /opt/openfoam5/src/finiteVolume/lnInclude/fvMesh.H:58,
                 from /opt/openfoam5/src/finiteVolume/lnInclude/fvCFD.H:7,
                 from pamFoam.C:36:
/opt/openfoam5/src/OpenFOAM/lnInclude/DimensionedFieldFunctions.C:427:1: note: candidate: template<class Type1, class Type2, class GeoMesh> Foam::tmp<Foam::DimensionedField<typename Foam::typeOfSum<arg1, arg2>::type, GeoMesh> > Foam::operator+(const Foam::tmp<Foam::DimensionedField<TypeR, GeoMesh> >&, const Foam::DimensionedField<Type1, GeoMesh>&)
 operator op                                                                    \
 ^
/opt/openfoam5/src/OpenFOAM/lnInclude/DimensionedFieldFunctions.C:642:1: note: in expansion of macro 'PRODUCT_OPERATOR'
 PRODUCT_OPERATOR(typeOfSum, +, add)
 ^
/opt/openfoam5/src/OpenFOAM/lnInclude/DimensionedFieldFunctions.C:427:1: note:   template argument deduction/substitution failed:
 operator op                                                                    \
 ^
/opt/openfoam5/src/OpenFOAM/lnInclude/DimensionedFieldFunctions.C:642:1: note: in expansion of macro 'PRODUCT_OPERATOR'
 PRODUCT_OPERATOR(typeOfSum, +, add)
 ^
In file included from pamFoam.C:139:0:
./processModels/SSEqn.H:9:7: note:   'const volScalarField {aka const Foam::GeometricField<double, Foam::fvPatchField, Foam::volMesh>}' is not derived from 'const Foam::tmp<Foam::DimensionedField<TypeR, GeoMesh> >'
     + alphaLiquid * fSSXS * rhoHydrolysis
       ^
In file included from /opt/openfoam5/src/OpenFOAM/lnInclude/DimensionedField.C:532:0,
                 from /opt/openfoam5/src/OpenFOAM/lnInclude/DimensionedField.H:366,
                 from /opt/openfoam5/src/finiteVolume/lnInclude/fvMesh.H:58,
                 from /opt/openfoam5/src/finiteVolume/lnInclude/fvCFD.H:7,
                 from pamFoam.C:36:
/opt/openfoam5/src/OpenFOAM/lnInclude/DimensionedFieldFunctions.C:454:1: note: candidate: template<class Type1, class Type2, class GeoMesh> Foam::tmp<Foam::DimensionedField<typename Foam::typeOfSum<arg1, arg2>::type, GeoMesh> > Foam::operator+(const Foam::tmp<Foam::DimensionedField<TypeR, GeoMesh> >&, const Foam::tmp<Foam::DimensionedField<Type1, GeoMesh> >&)
 operator op                                                                    \
 ^
/opt/openfoam5/src/OpenFOAM/lnInclude/DimensionedFieldFunctions.C:642:1: note: in expansion of macro 'PRODUCT_OPERATOR'
 PRODUCT_OPERATOR(typeOfSum, +, add)
 ^
/opt/openfoam5/src/OpenFOAM/lnInclude/DimensionedFieldFunctions.C:454:1: note:   template argument deduction/substitution failed:
 operator op                                                                    \
 ^
/opt/openfoam5/src/OpenFOAM/lnInclude/DimensionedFieldFunctions.C:642:1: note: in expansion of macro 'PRODUCT_OPERATOR'
 PRODUCT_OPERATOR(typeOfSum, +, add)
 ^
In file included from pamFoam.C:139:0:
./processModels/SSEqn.H:9:7: note:   'const volScalarField {aka const Foam::GeometricField<double, Foam::fvPatchField, Foam::volMesh>}' is not derived from 'const Foam::tmp<Foam::DimensionedField<TypeR, GeoMesh> >'
     + alphaLiquid * fSSXS * rhoHydrolysis
       ^
In file included from /opt/openfoam5/src/OpenFOAM/lnInclude/DimensionedField.C:532:0,
                 from /opt/openfoam5/src/OpenFOAM/lnInclude/DimensionedField.H:366,
                 from /opt/openfoam5/src/finiteVolume/lnInclude/fvMesh.H:58,
                 from /opt/openfoam5/src/finiteVolume/lnInclude/fvCFD.H:7,
                 from pamFoam.C:36:
/opt/openfoam5/src/OpenFOAM/lnInclude/DimensionedFieldFunctions.C:485:1: note: candidate: template<class Form, class Type, class GeoMesh> Foam::tmp<Foam::DimensionedField<typename Foam::typeOfSum<Type, Form>::type, GeoMesh> > Foam::operator+(const Foam::DimensionedField<Type1, GeoMesh>&, const Foam::dimensioned<Type>&)
 operator op                                                                    \
 ^
/opt/openfoam5/src/OpenFOAM/lnInclude/DimensionedFieldFunctions.C:642:1: note: in expansion of macro 'PRODUCT_OPERATOR'
 PRODUCT_OPERATOR(typeOfSum, +, add)
 ^
/opt/openfoam5/src/OpenFOAM/lnInclude/DimensionedFieldFunctions.C:485:1: note:   template argument deduction/substitution failed:
 operator op                                                                    \
 ^
/opt/openfoam5/src/OpenFOAM/lnInclude/DimensionedFieldFunctions.C:642:1: note: in expansion of macro 'PRODUCT_OPERATOR'
 PRODUCT_OPERATOR(typeOfSum, +, add)
 ^
In file included from pamFoam.C:139:0:
./processModels/SSEqn.H:9:7: note:   candidate expects 2 arguments, 1 provided
     + alphaLiquid * fSSXS * rhoHydrolysis
       ^
In file included from /opt/openfoam5/src/OpenFOAM/lnInclude/DimensionedField.C:532:0,
                 from /opt/openfoam5/src/OpenFOAM/lnInclude/DimensionedField.H:366,
                 from /opt/openfoam5/src/finiteVolume/lnInclude/fvMesh.H:58,
                 from /opt/openfoam5/src/finiteVolume/lnInclude/fvCFD.H:7,
                 from pamFoam.C:36:
/opt/openfoam5/src/OpenFOAM/lnInclude/DimensionedFieldFunctions.C:515:1: note: candidate: template<class Form, class Cmpt, unsigned char nCmpt, class Type, class GeoMesh> Foam::tmp<Foam::DimensionedField<typename Foam::typeOfSum<Form, Type>::type, GeoMesh> > Foam::operator+(const Foam::DimensionedField<Type2, GeoMesh>&, const Foam::VectorSpace<Form, Cmpt, Ncmpts>&)
 operator op                                                                    \
 ^
/opt/openfoam5/src/OpenFOAM/lnInclude/DimensionedFieldFunctions.C:642:1: note: in expansion of macro 'PRODUCT_OPERATOR'
 PRODUCT_OPERATOR(typeOfSum, +, add)
 ^
/opt/openfoam5/src/OpenFOAM/lnInclude/DimensionedFieldFunctions.C:515:1: note:   template argument deduction/substitution failed:
 operator op                                                                    \
 ^
/opt/openfoam5/src/OpenFOAM/lnInclude/DimensionedFieldFunctions.C:642:1: note: in expansion of macro 'PRODUCT_OPERATOR'
 PRODUCT_OPERATOR(typeOfSum, +, add)
 ^
In file included from pamFoam.C:139:0:
./processModels/SSEqn.H:9:7: note:   candidate expects 2 arguments, 1 provided
     + alphaLiquid * fSSXS * rhoHydrolysis
       ^
In file included from /opt/openfoam5/src/OpenFOAM/lnInclude/DimensionedField.C:532:0,
                 from /opt/openfoam5/src/OpenFOAM/lnInclude/DimensionedField.H:366,
                 from /opt/openfoam5/src/finiteVolume/lnInclude/fvMesh.H:58,
                 from /opt/openfoam5/src/finiteVolume/lnInclude/fvCFD.H:7,
                 from pamFoam.C:36:
/opt/openfoam5/src/OpenFOAM/lnInclude/DimensionedFieldFunctions.C:527:1: note: candidate: template<class Form, class Type, class GeoMesh> Foam::tmp<Foam::DimensionedField<typename Foam::typeOfSum<Type, Form>::type, GeoMesh> > Foam::operator+(const Foam::tmp<Foam::DimensionedField<Type1, GeoMesh> >&, const Foam::dimensioned<Type>&)
 operator op                                                                    \
 ^
/opt/openfoam5/src/OpenFOAM/lnInclude/DimensionedFieldFunctions.C:642:1: note: in expansion of macro 'PRODUCT_OPERATOR'
 PRODUCT_OPERATOR(typeOfSum, +, add)
 ^
/opt/openfoam5/src/OpenFOAM/lnInclude/DimensionedFieldFunctions.C:527:1: note:   template argument deduction/substitution failed:
 operator op                                                                    \
 ^
/opt/openfoam5/src/OpenFOAM/lnInclude/DimensionedFieldFunctions.C:642:1: note: in expansion of macro 'PRODUCT_OPERATOR'
 PRODUCT_OPERATOR(typeOfSum, +, add)
 ^
In file included from pamFoam.C:139:0:
./processModels/SSEqn.H:9:7: note:   'const volScalarField {aka const Foam::GeometricField<double, Foam::fvPatchField, Foam::volMesh>}' is not derived from 'const Foam::tmp<Foam::DimensionedField<Type1, GeoMesh> >'
     + alphaLiquid * fSSXS * rhoHydrolysis
       ^
In file included from /opt/openfoam5/src/OpenFOAM/lnInclude/DimensionedField.C:532:0,
                 from /opt/openfoam5/src/OpenFOAM/lnInclude/DimensionedField.H:366,
                 from /opt/openfoam5/src/finiteVolume/lnInclude/fvMesh.H:58,
                 from /opt/openfoam5/src/finiteVolume/lnInclude/fvCFD.H:7,
                 from pamFoam.C:36:
/opt/openfoam5/src/OpenFOAM/lnInclude/DimensionedFieldFunctions.C:554:1: note: candidate: template<class Form, class Cmpt, unsigned char nCmpt, class Type, class GeoMesh> Foam::tmp<Foam::DimensionedField<typename Foam::typeOfSum<Form, Type>::type, GeoMesh> > Foam::operator+(const Foam::tmp<Foam::DimensionedField<Type2, GeoMesh> >&, const Foam::VectorSpace<Form, Cmpt, Ncmpts>&)
 operator op                                                                    \
 ^
/opt/openfoam5/src/OpenFOAM/lnInclude/DimensionedFieldFunctions.C:642:1: note: in expansion of macro 'PRODUCT_OPERATOR'
 PRODUCT_OPERATOR(typeOfSum, +, add)
 ^
/opt/openfoam5/src/OpenFOAM/lnInclude/DimensionedFieldFunctions.C:554:1: note:   template argument deduction/substitution failed:
 operator op                                                                    \
 ^
/opt/openfoam5/src/OpenFOAM/lnInclude/DimensionedFieldFunctions.C:642:1: note: in expansion of macro 'PRODUCT_OPERATOR'
 PRODUCT_OPERATOR(typeOfSum, +, add)
 ^
In file included from pamFoam.C:139:0:
./processModels/SSEqn.H:9:7: note:   'const volScalarField {aka const Foam::GeometricField<double, Foam::fvPatchField, Foam::volMesh>}' is not derived from 'const Foam::tmp<Foam::DimensionedField<Type2, GeoMesh> >'
     + alphaLiquid * fSSXS * rhoHydrolysis
       ^
In file included from /opt/openfoam5/src/OpenFOAM/lnInclude/DimensionedField.C:532:0,
                 from /opt/openfoam5/src/OpenFOAM/lnInclude/DimensionedField.H:366,
                 from /opt/openfoam5/src/finiteVolume/lnInclude/fvMesh.H:58,
                 from /opt/openfoam5/src/finiteVolume/lnInclude/fvCFD.H:7,
                 from pamFoam.C:36:
/opt/openfoam5/src/OpenFOAM/lnInclude/DimensionedFieldFunctions.C:566:1: note: candidate: template<class Form, class Type, class GeoMesh> Foam::tmp<Foam::DimensionedField<typename Foam::typeOfSum<arg1, arg2>::type, GeoMesh> > Foam::operator+(const Foam::dimensioned<Type>&, const Foam::DimensionedField<Type1, GeoMesh>&)
 operator op                                                                    \
 ^
/opt/openfoam5/src/OpenFOAM/lnInclude/DimensionedFieldFunctions.C:642:1: note: in expansion of macro 'PRODUCT_OPERATOR'
 PRODUCT_OPERATOR(typeOfSum, +, add)
 ^
/opt/openfoam5/src/OpenFOAM/lnInclude/DimensionedFieldFunctions.C:566:1: note:   template argument deduction/substitution failed:
 operator op                                                                    \
 ^
/opt/openfoam5/src/OpenFOAM/lnInclude/DimensionedFieldFunctions.C:642:1: note: in expansion of macro 'PRODUCT_OPERATOR'
 PRODUCT_OPERATOR(typeOfSum, +, add)
 ^
In file included from pamFoam.C:139:0:
./processModels/SSEqn.H:9:7: note:   'const volScalarField {aka const Foam::GeometricField<double, Foam::fvPatchField, Foam::volMesh>}' is not derived from 'const Foam::dimensioned<Type>'
     + alphaLiquid * fSSXS * rhoHydrolysis
       ^
In file included from /opt/openfoam5/src/OpenFOAM/lnInclude/DimensionedField.C:532:0,
                 from /opt/openfoam5/src/OpenFOAM/lnInclude/DimensionedField.H:366,
                 from /opt/openfoam5/src/finiteVolume/lnInclude/fvMesh.H:58,
                 from /opt/openfoam5/src/finiteVolume/lnInclude/fvCFD.H:7,
                 from pamFoam.C:36:
/opt/openfoam5/src/OpenFOAM/lnInclude/DimensionedFieldFunctions.C:595:1: note: candidate: template<class Form, class Cmpt, unsigned char nCmpt, class Type, class GeoMesh> Foam::tmp<Foam::DimensionedField<typename Foam::typeOfSum<Form, Type>::type, GeoMesh> > Foam::operator+(const Foam::VectorSpace<Form, Cmpt, Ncmpts>&, const Foam::DimensionedField<Type2, GeoMesh>&)
 operator op                                                                    \
 ^
/opt/openfoam5/src/OpenFOAM/lnInclude/DimensionedFieldFunctions.C:642:1: note: in expansion of macro 'PRODUCT_OPERATOR'
 PRODUCT_OPERATOR(typeOfSum, +, add)
 ^
/opt/openfoam5/src/OpenFOAM/lnInclude/DimensionedFieldFunctions.C:595:1: note:   template argument deduction/substitution failed:
 operator op                                                                    \
 ^
/opt/openfoam5/src/OpenFOAM/lnInclude/DimensionedFieldFunctions.C:642:1: note: in expansion of macro 'PRODUCT_OPERATOR'
 PRODUCT_OPERATOR(typeOfSum, +, add)
 ^
In file included from pamFoam.C:139:0:
./processModels/SSEqn.H:9:7: note:   'const volScalarField {aka const Foam::GeometricField<double, Foam::fvPatchField, Foam::volMesh>}' is not derived from 'const Foam::VectorSpace<Form, Cmpt, Ncmpts>'
     + alphaLiquid * fSSXS * rhoHydrolysis
       ^
In file included from /opt/openfoam5/src/OpenFOAM/lnInclude/DimensionedField.C:532:0,
                 from /opt/openfoam5/src/OpenFOAM/lnInclude/DimensionedField.H:366,
                 from /opt/openfoam5/src/finiteVolume/lnInclude/fvMesh.H:58,
                 from /opt/openfoam5/src/finiteVolume/lnInclude/fvCFD.H:7,
                 from pamFoam.C:36:
/opt/openfoam5/src/OpenFOAM/lnInclude/DimensionedFieldFunctions.C:606:1: note: candidate: template<class Form, class Type, class GeoMesh> Foam::tmp<Foam::DimensionedField<typename Foam::typeOfSum<arg1, arg2>::type, GeoMesh> > Foam::operator+(const Foam::dimensioned<Type>&, const Foam::tmp<Foam::DimensionedField<Type1, GeoMesh> >&)
 operator op                                                                    \
 ^
/opt/openfoam5/src/OpenFOAM/lnInclude/DimensionedFieldFunctions.C:642:1: note: in expansion of macro 'PRODUCT_OPERATOR'
 PRODUCT_OPERATOR(typeOfSum, +, add)
 ^
/opt/openfoam5/src/OpenFOAM/lnInclude/DimensionedFieldFunctions.C:606:1: note:   template argument deduction/substitution failed:
 operator op                                                                    \
 ^
/opt/openfoam5/src/OpenFOAM/lnInclude/DimensionedFieldFunctions.C:642:1: note: in expansion of macro 'PRODUCT_OPERATOR'
 PRODUCT_OPERATOR(typeOfSum, +, add)
 ^
In file included from pamFoam.C:139:0:
./processModels/SSEqn.H:9:7: note:   'const volScalarField {aka const Foam::GeometricField<double, Foam::fvPatchField, Foam::volMesh>}' is not derived from 'const Foam::dimensioned<Type>'
     + alphaLiquid * fSSXS * rhoHydrolysis
       ^
In file included from /opt/openfoam5/src/OpenFOAM/lnInclude/DimensionedField.C:532:0,
                 from /opt/openfoam5/src/OpenFOAM/lnInclude/DimensionedField.H:366,
                 from /opt/openfoam5/src/finiteVolume/lnInclude/fvMesh.H:58,
                 from /opt/openfoam5/src/finiteVolume/lnInclude/fvCFD.H:7,
                 from pamFoam.C:36:
/opt/openfoam5/src/OpenFOAM/lnInclude/DimensionedFieldFunctions.C:633:1: note: candidate: template<class Form, class Cmpt, unsigned char nCmpt, class Type, class GeoMesh> Foam::tmp<Foam::DimensionedField<typename Foam::typeOfSum<Form, Type>::type, GeoMesh> > Foam::operator+(const Foam::VectorSpace<Form, Cmpt, Ncmpts>&, const Foam::tmp<Foam::DimensionedField<Type2, GeoMesh> >&)
 operator op                                                                    \
 ^
/opt/openfoam5/src/OpenFOAM/lnInclude/DimensionedFieldFunctions.C:642:1: note: in expansion of macro 'PRODUCT_OPERATOR'
 PRODUCT_OPERATOR(typeOfSum, +, add)
 ^
/opt/openfoam5/src/OpenFOAM/lnInclude/DimensionedFieldFunctions.C:633:1: note:   template argument deduction/substitution failed:
 operator op                                                                    \
 ^
/opt/openfoam5/src/OpenFOAM/lnInclude/DimensionedFieldFunctions.C:642:1: note: in expansion of macro 'PRODUCT_OPERATOR'
 PRODUCT_OPERATOR(typeOfSum, +, add)
 ^
In file included from pamFoam.C:139:0:
./processModels/SSEqn.H:9:7: note:   'const volScalarField {aka const Foam::GeometricField<double, Foam::fvPatchField, Foam::volMesh>}' is not derived from 'const Foam::VectorSpace<Form, Cmpt, Ncmpts>'
     + alphaLiquid * fSSXS * rhoHydrolysis
       ^
In file included from /opt/openfoam5/src/OpenFOAM/lnInclude/scalarFieldField.C:32:0,
                 from /opt/openfoam5/src/OpenFOAM/lnInclude/scalarFieldField.H:158,
                 from /opt/openfoam5/src/OpenFOAM/lnInclude/FieldFieldFunctions.H:26,
                 from /opt/openfoam5/src/OpenFOAM/lnInclude/FieldField.H:195,
                 from /opt/openfoam5/src/OpenFOAM/lnInclude/GeometricField.H:45,
                 from /opt/openfoam5/src/OpenFOAM/lnInclude/GeometricScalarField.H:38,
                 from /opt/openfoam5/src/OpenFOAM/lnInclude/GeometricFields.H:34,
                 from /opt/openfoam5/src/finiteVolume/lnInclude/volFields.H:37,
                 from /opt/openfoam5/src/finiteVolume/lnInclude/surfaceInterpolationScheme.C:27,
                 from /opt/openfoam5/src/finiteVolume/lnInclude/surfaceInterpolationScheme.H:307,
                 from /opt/openfoam5/src/finiteVolume/lnInclude/surfaceInterpolate.H:41,
                 from /opt/openfoam5/src/finiteVolume/lnInclude/fvc.H:39,
                 from /opt/openfoam5/src/finiteVolume/lnInclude/fvCFD.H:8,
                 from pamFoam.C:36:
/opt/openfoam5/src/OpenFOAM/lnInclude/FieldFieldFunctionsM.C:407:36: note: candidate: template<template<class> class Field> Foam::tmp<Foam::FieldField<Field, double> > Foam::operator+(const scalar&, const Foam::FieldField<Field, double>&)
 tmp<FieldField<Field, ReturnType>> operator Op                                 \
                                    ^
/opt/openfoam5/src/OpenFOAM/lnInclude/FieldFieldFunctionsM.C:487:5: note: in expansion of macro 'BINARY_TYPE_OPERATOR_SF'
     BINARY_TYPE_OPERATOR_SF(ReturnType, Type1, Type2, Op, OpFunc)              \
     ^
/opt/openfoam5/src/OpenFOAM/lnInclude/scalarFieldField.C:85:1: note: in expansion of macro 'BINARY_TYPE_OPERATOR'
 BINARY_TYPE_OPERATOR(scalar, scalar, scalar, +, add)
 ^
/opt/openfoam5/src/OpenFOAM/lnInclude/FieldFieldFunctionsM.C:407:36: note:   template argument deduction/substitution failed:
 tmp<FieldField<Field, ReturnType>> operator Op                                 \
                                    ^
/opt/openfoam5/src/OpenFOAM/lnInclude/FieldFieldFunctionsM.C:487:5: note: in expansion of macro 'BINARY_TYPE_OPERATOR_SF'
     BINARY_TYPE_OPERATOR_SF(ReturnType, Type1, Type2, Op, OpFunc)              \
     ^
/opt/openfoam5/src/OpenFOAM/lnInclude/scalarFieldField.C:85:1: note: in expansion of macro 'BINARY_TYPE_OPERATOR'
 BINARY_TYPE_OPERATOR(scalar, scalar, scalar, +, add)
 ^
In file included from pamFoam.C:139:0:
./processModels/SSEqn.H:9:7: note:   cannot convert 'alphaLiquid' (type 'const volScalarField {aka const Foam::GeometricField<double, Foam::fvPatchField, Foam::volMesh>}') to type 'const scalar& {aka const double&}'
     + alphaLiquid * fSSXS * rhoHydrolysis
       ^
In file included from /opt/openfoam5/src/OpenFOAM/lnInclude/scalarFieldField.C:32:0,
                 from /opt/openfoam5/src/OpenFOAM/lnInclude/scalarFieldField.H:158,
                 from /opt/openfoam5/src/OpenFOAM/lnInclude/FieldFieldFunctions.H:26,
                 from /opt/openfoam5/src/OpenFOAM/lnInclude/FieldField.H:195,
                 from /opt/openfoam5/src/OpenFOAM/lnInclude/GeometricField.H:45,
                 from /opt/openfoam5/src/OpenFOAM/lnInclude/GeometricScalarField.H:38,
                 from /opt/openfoam5/src/OpenFOAM/lnInclude/GeometricFields.H:34,
                 from /opt/openfoam5/src/finiteVolume/lnInclude/volFields.H:37,
                 from /opt/openfoam5/src/finiteVolume/lnInclude/surfaceInterpolationScheme.C:27,
                 from /opt/openfoam5/src/finiteVolume/lnInclude/surfaceInterpolationScheme.H:307,
                 from /opt/openfoam5/src/finiteVolume/lnInclude/surfaceInterpolate.H:41,
                 from /opt/openfoam5/src/finiteVolume/lnInclude/fvc.H:39,
                 from /opt/openfoam5/src/finiteVolume/lnInclude/fvCFD.H:8,
                 from pamFoam.C:36:
/opt/openfoam5/src/OpenFOAM/lnInclude/FieldFieldFunctionsM.C:422:36: note: candidate: template<template<class> class Field> Foam::tmp<Foam::FieldField<Field, double> > Foam::operator+(const scalar&, const Foam::tmp<Foam::FieldField<Field, double> >&)
 tmp<FieldField<Field, ReturnType>> operator Op                                 \
                                    ^
/opt/openfoam5/src/OpenFOAM/lnInclude/FieldFieldFunctionsM.C:487:5: note: in expansion of macro 'BINARY_TYPE_OPERATOR_SF'
     BINARY_TYPE_OPERATOR_SF(ReturnType, Type1, Type2, Op, OpFunc)              \
     ^
/opt/openfoam5/src/OpenFOAM/lnInclude/scalarFieldField.C:85:1: note: in expansion of macro 'BINARY_TYPE_OPERATOR'
 BINARY_TYPE_OPERATOR(scalar, scalar, scalar, +, add)
 ^
/opt/openfoam5/src/OpenFOAM/lnInclude/FieldFieldFunctionsM.C:422:36: note:   template argument deduction/substitution failed:
 tmp<FieldField<Field, ReturnType>> operator Op                                 \
                                    ^
/opt/openfoam5/src/OpenFOAM/lnInclude/FieldFieldFunctionsM.C:487:5: note: in expansion of macro 'BINARY_TYPE_OPERATOR_SF'
     BINARY_TYPE_OPERATOR_SF(ReturnType, Type1, Type2, Op, OpFunc)              \
     ^
/opt/openfoam5/src/OpenFOAM/lnInclude/scalarFieldField.C:85:1: note: in expansion of macro 'BINARY_TYPE_OPERATOR'
 BINARY_TYPE_OPERATOR(scalar, scalar, scalar, +, add)
 ^
In file included from pamFoam.C:139:0:
./processModels/SSEqn.H:9:7: note:   cannot convert 'alphaLiquid' (type 'const volScalarField {aka const Foam::GeometricField<double, Foam::fvPatchField, Foam::volMesh>}') to type 'const scalar& {aka const double&}'
     + alphaLiquid * fSSXS * rhoHydrolysis
       ^
In file included from /opt/openfoam5/src/OpenFOAM/lnInclude/scalarFieldField.C:32:0,
                 from /opt/openfoam5/src/OpenFOAM/lnInclude/scalarFieldField.H:158,
                 from /opt/openfoam5/src/OpenFOAM/lnInclude/FieldFieldFunctions.H:26,
                 from /opt/openfoam5/src/OpenFOAM/lnInclude/FieldField.H:195,
                 from /opt/openfoam5/src/OpenFOAM/lnInclude/GeometricField.H:45,
                 from /opt/openfoam5/src/OpenFOAM/lnInclude/GeometricScalarField.H:38,
                 from /opt/openfoam5/src/OpenFOAM/lnInclude/GeometricFields.H:34,
                 from /opt/openfoam5/src/finiteVolume/lnInclude/volFields.H:37,
                 from /opt/openfoam5/src/finiteVolume/lnInclude/surfaceInterpolationScheme.C:27,
                 from /opt/openfoam5/src/finiteVolume/lnInclude/surfaceInterpolationScheme.H:307,
                 from /opt/openfoam5/src/finiteVolume/lnInclude/surfaceInterpolate.H:41,
                 from /opt/openfoam5/src/finiteVolume/lnInclude/fvc.H:39,
                 from /opt/openfoam5/src/finiteVolume/lnInclude/fvCFD.H:8,
                 from pamFoam.C:36:
/opt/openfoam5/src/OpenFOAM/lnInclude/FieldFieldFunctionsM.C:455:36: note: candidate: template<template<class> class Field> Foam::tmp<Foam::FieldField<Field, double> > Foam::operator+(const Foam::FieldField<Field, double>&, const scalar&)
 tmp<FieldField<Field, ReturnType>> operator Op                                 \
                                    ^
/opt/openfoam5/src/OpenFOAM/lnInclude/FieldFieldFunctionsM.C:488:5: note: in expansion of macro 'BINARY_TYPE_OPERATOR_FS'
     BINARY_TYPE_OPERATOR_FS(ReturnType, Type1, Type2, Op, OpFunc)
     ^
/opt/openfoam5/src/OpenFOAM/lnInclude/scalarFieldField.C:85:1: note: in expansion of macro 'BINARY_TYPE_OPERATOR'
 BINARY_TYPE_OPERATOR(scalar, scalar, scalar, +, add)
 ^
/opt/openfoam5/src/OpenFOAM/lnInclude/FieldFieldFunctionsM.C:455:36: note:   template argument deduction/substitution failed:
 tmp<FieldField<Field, ReturnType>> operator Op                                 \
                                    ^
/opt/openfoam5/src/OpenFOAM/lnInclude/FieldFieldFunctionsM.C:488:5: note: in expansion of macro 'BINARY_TYPE_OPERATOR_FS'
     BINARY_TYPE_OPERATOR_FS(ReturnType, Type1, Type2, Op, OpFunc)
     ^
/opt/openfoam5/src/OpenFOAM/lnInclude/scalarFieldField.C:85:1: note: in expansion of macro 'BINARY_TYPE_OPERATOR'
 BINARY_TYPE_OPERATOR(scalar, scalar, scalar, +, add)
 ^
In file included from pamFoam.C:139:0:
./processModels/SSEqn.H:9:7: note:   'const volScalarField {aka const Foam::GeometricField<double, Foam::fvPatchField, Foam::volMesh>}' is not derived from 'const Foam::FieldField<Field, double>'
     + alphaLiquid * fSSXS * rhoHydrolysis
       ^
In file included from /opt/openfoam5/src/OpenFOAM/lnInclude/scalarFieldField.C:32:0,
                 from /opt/openfoam5/src/OpenFOAM/lnInclude/scalarFieldField.H:158,
                 from /opt/openfoam5/src/OpenFOAM/lnInclude/FieldFieldFunctions.H:26,
                 from /opt/openfoam5/src/OpenFOAM/lnInclude/FieldField.H:195,
                 from /opt/openfoam5/src/OpenFOAM/lnInclude/GeometricField.H:45,
                 from /opt/openfoam5/src/OpenFOAM/lnInclude/GeometricScalarField.H:38,
                 from /opt/openfoam5/src/OpenFOAM/lnInclude/GeometricFields.H:34,
                 from /opt/openfoam5/src/finiteVolume/lnInclude/volFields.H:37,
                 from /opt/openfoam5/src/finiteVolume/lnInclude/surfaceInterpolationScheme.C:27,
                 from /opt/openfoam5/src/finiteVolume/lnInclude/surfaceInterpolationScheme.H:307,
                 from /opt/openfoam5/src/finiteVolume/lnInclude/surfaceInterpolate.H:41,
                 from /opt/openfoam5/src/finiteVolume/lnInclude/fvc.H:39,
                 from /opt/openfoam5/src/finiteVolume/lnInclude/fvCFD.H:8,
                 from pamFoam.C:36:
/opt/openfoam5/src/OpenFOAM/lnInclude/FieldFieldFunctionsM.C:470:36: note: candidate: template<template<class> class Field> Foam::tmp<Foam::FieldField<Field, double> > Foam::operator+(const Foam::tmp<Foam::FieldField<Field, double> >&, const scalar&)
 tmp<FieldField<Field, ReturnType>> operator Op                                 \
                                    ^
/opt/openfoam5/src/OpenFOAM/lnInclude/FieldFieldFunctionsM.C:488:5: note: in expansion of macro 'BINARY_TYPE_OPERATOR_FS'
     BINARY_TYPE_OPERATOR_FS(ReturnType, Type1, Type2, Op, OpFunc)
     ^
/opt/openfoam5/src/OpenFOAM/lnInclude/scalarFieldField.C:85:1: note: in expansion of macro 'BINARY_TYPE_OPERATOR'
 BINARY_TYPE_OPERATOR(scalar, scalar, scalar, +, add)
 ^
/opt/openfoam5/src/OpenFOAM/lnInclude/FieldFieldFunctionsM.C:470:36: note:   template argument deduction/substitution failed:
 tmp<FieldField<Field, ReturnType>> operator Op                                 \
                                    ^
/opt/openfoam5/src/OpenFOAM/lnInclude/FieldFieldFunctionsM.C:488:5: note: in expansion of macro 'BINARY_TYPE_OPERATOR_FS'
     BINARY_TYPE_OPERATOR_FS(ReturnType, Type1, Type2, Op, OpFunc)
     ^
/opt/openfoam5/src/OpenFOAM/lnInclude/scalarFieldField.C:85:1: note: in expansion of macro 'BINARY_TYPE_OPERATOR'
 BINARY_TYPE_OPERATOR(scalar, scalar, scalar, +, add)
 ^
In file included from pamFoam.C:139:0:
./processModels/SSEqn.H:9:7: note:   'const volScalarField {aka const Foam::GeometricField<double, Foam::fvPatchField, Foam::volMesh>}' is not derived from 'const Foam::tmp<Foam::FieldField<Field, double> >'
     + alphaLiquid * fSSXS * rhoHydrolysis
       ^
In file included from /opt/openfoam5/src/OpenFOAM/lnInclude/FieldField.C:390:0,
                 from /opt/openfoam5/src/OpenFOAM/lnInclude/FieldField.H:198,
                 from /opt/openfoam5/src/OpenFOAM/lnInclude/GeometricField.H:45,
                 from /opt/openfoam5/src/OpenFOAM/lnInclude/GeometricScalarField.H:38,
                 from /opt/openfoam5/src/OpenFOAM/lnInclude/GeometricFields.H:34,
                 from /opt/openfoam5/src/finiteVolume/lnInclude/volFields.H:37,
                 from /opt/openfoam5/src/finiteVolume/lnInclude/surfaceInterpolationScheme.C:27,
                 from /opt/openfoam5/src/finiteVolume/lnInclude/surfaceInterpolationScheme.H:307,
                 from /opt/openfoam5/src/finiteVolume/lnInclude/surfaceInterpolate.H:41,
                 from /opt/openfoam5/src/finiteVolume/lnInclude/fvc.H:39,
                 from /opt/openfoam5/src/finiteVolume/lnInclude/fvCFD.H:8,
                 from pamFoam.C:36:
/opt/openfoam5/src/OpenFOAM/lnInclude/FieldFieldFunctions.C:654:1: note: candidate: template<template<class> class Field1, template<class> class Field2, class Type1, class Type2> Foam::tmp<Foam::FieldField<Field1, typename Foam::typeOfSum<Type1, Type2>::type> > Foam::operator+(const Foam::FieldField<Field, Type1>&, const Foam::FieldField<Field2, Type2>&)
 operator op                                                                    \
 ^
/opt/openfoam5/src/OpenFOAM/lnInclude/FieldFieldFunctions.C:901:1: note: in expansion of macro 'PRODUCT_OPERATOR'
 PRODUCT_OPERATOR(typeOfSum, +, add)
 ^
/opt/openfoam5/src/OpenFOAM/lnInclude/FieldFieldFunctions.C:654:1: note:   template argument deduction/substitution failed:
 operator op                                                                    \
 ^
/opt/openfoam5/src/OpenFOAM/lnInclude/FieldFieldFunctions.C:901:1: note: in expansion of macro 'PRODUCT_OPERATOR'
 PRODUCT_OPERATOR(typeOfSum, +, add)
 ^
In file included from pamFoam.C:139:0:
./processModels/SSEqn.H:9:7: note:   'const volScalarField {aka const Foam::GeometricField<double, Foam::fvPatchField, Foam::volMesh>}' is not derived from 'const Foam::FieldField<Field, Type1>'
     + alphaLiquid * fSSXS * rhoHydrolysis
       ^
In file included from /opt/openfoam5/src/OpenFOAM/lnInclude/FieldField.C:390:0,
                 from /opt/openfoam5/src/OpenFOAM/lnInclude/FieldField.H:198,
                 from /opt/openfoam5/src/OpenFOAM/lnInclude/GeometricField.H:45,
                 from /opt/openfoam5/src/OpenFOAM/lnInclude/GeometricScalarField.H:38,
                 from /opt/openfoam5/src/OpenFOAM/lnInclude/GeometricFields.H:34,
                 from /opt/openfoam5/src/finiteVolume/lnInclude/volFields.H:37,
                 from /opt/openfoam5/src/finiteVolume/lnInclude/surfaceInterpolationScheme.C:27,
                 from /opt/openfoam5/src/finiteVolume/lnInclude/surfaceInterpolationScheme.H:307,
                 from /opt/openfoam5/src/finiteVolume/lnInclude/surfaceInterpolate.H:41,
                 from /opt/openfoam5/src/finiteVolume/lnInclude/fvc.H:39,
                 from /opt/openfoam5/src/finiteVolume/lnInclude/fvCFD.H:8,
                 from pamFoam.C:36:
/opt/openfoam5/src/OpenFOAM/lnInclude/FieldFieldFunctions.C:671:1: note: candidate: template<template<class> class Field, class Type1, class Type2> Foam::tmp<Foam::FieldField<Field, typename Foam::typeOfSum<Type1, Type2>::type> > Foam::operator+(const Foam::FieldField<Field, Type>&, const Foam::tmp<Foam::FieldField<Field, Type1> >&)
 operator op                                                                    \
 ^
/opt/openfoam5/src/OpenFOAM/lnInclude/FieldFieldFunctions.C:901:1: note: in expansion of macro 'PRODUCT_OPERATOR'
 PRODUCT_OPERATOR(typeOfSum, +, add)
 ^
/opt/openfoam5/src/OpenFOAM/lnInclude/FieldFieldFunctions.C:671:1: note:   template argument deduction/substitution failed:
 operator op                                                                    \
 ^
/opt/openfoam5/src/OpenFOAM/lnInclude/FieldFieldFunctions.C:901:1: note: in expansion of macro 'PRODUCT_OPERATOR'
 PRODUCT_OPERATOR(typeOfSum, +, add)
 ^
In file included from pamFoam.C:139:0:
./processModels/SSEqn.H:9:7: note:   'const volScalarField {aka const Foam::GeometricField<double, Foam::fvPatchField, Foam::volMesh>}' is not derived from 'const Foam::FieldField<Field, Type>'
     + alphaLiquid * fSSXS * rhoHydrolysis
       ^
In file included from /opt/openfoam5/src/OpenFOAM/lnInclude/FieldField.H:195:0,
                 from /opt/openfoam5/src/OpenFOAM/lnInclude/GeometricField.H:45,
                 from /opt/openfoam5/src/OpenFOAM/lnInclude/GeometricScalarField.H:38,
                 from /opt/openfoam5/src/OpenFOAM/lnInclude/GeometricFields.H:34,
                 from /opt/openfoam5/src/finiteVolume/lnInclude/volFields.H:37,
                 from /opt/openfoam5/src/finiteVolume/lnInclude/surfaceInterpolationScheme.C:27,
                 from /opt/openfoam5/src/finiteVolume/lnInclude/surfaceInterpolationScheme.H:307,
                 from /opt/openfoam5/src/finiteVolume/lnInclude/surfaceInterpolate.H:41,
                 from /opt/openfoam5/src/finiteVolume/lnInclude/fvc.H:39,
                 from /opt/openfoam5/src/finiteVolume/lnInclude/fvCFD.H:8,
                 from pamFoam.C:36:
/opt/openfoam5/src/OpenFOAM/lnInclude/FieldFieldFunctions.H:314:1: note: candidate: template<template<class> class Field1, template<class> class Field2, class Type1, class Type2> Foam::tmp<Foam::FieldField<Field1, typename Foam::typeOfSum<Type1, Type2>::type> > Foam::operator+(const Foam::FieldField<Field, Type1>&, const Foam::tmp<Foam::FieldField<Field2, Type2> >&)
 operator op                                                                    \
 ^
/opt/openfoam5/src/OpenFOAM/lnInclude/FieldFieldFunctions.H:438:1: note: in expansion of macro 'PRODUCT_OPERATOR'
 PRODUCT_OPERATOR(typeOfSum, +, add)
 ^
/opt/openfoam5/src/OpenFOAM/lnInclude/FieldFieldFunctions.H:314:1: note:   template argument deduction/substitution failed:
 operator op                                                                    \
 ^
/opt/openfoam5/src/OpenFOAM/lnInclude/FieldFieldFunctions.H:438:1: note: in expansion of macro 'PRODUCT_OPERATOR'
 PRODUCT_OPERATOR(typeOfSum, +, add)
 ^
In file included from pamFoam.C:139:0:
./processModels/SSEqn.H:9:7: note:   'const volScalarField {aka const Foam::GeometricField<double, Foam::fvPatchField, Foam::volMesh>}' is not derived from 'const Foam::FieldField<Field, Type1>'
     + alphaLiquid * fSSXS * rhoHydrolysis
       ^
In file included from /opt/openfoam5/src/OpenFOAM/lnInclude/FieldField.C:390:0,
                 from /opt/openfoam5/src/OpenFOAM/lnInclude/FieldField.H:198,
                 from /opt/openfoam5/src/OpenFOAM/lnInclude/GeometricField.H:45,
                 from /opt/openfoam5/src/OpenFOAM/lnInclude/GeometricScalarField.H:38,
                 from /opt/openfoam5/src/OpenFOAM/lnInclude/GeometricFields.H:34,
                 from /opt/openfoam5/src/finiteVolume/lnInclude/volFields.H:37,
                 from /opt/openfoam5/src/finiteVolume/lnInclude/surfaceInterpolationScheme.C:27,
                 from /opt/openfoam5/src/finiteVolume/lnInclude/surfaceInterpolationScheme.H:307,
                 from /opt/openfoam5/src/finiteVolume/lnInclude/surfaceInterpolate.H:41,
                 from /opt/openfoam5/src/finiteVolume/lnInclude/fvc.H:39,
                 from /opt/openfoam5/src/finiteVolume/lnInclude/fvCFD.H:8,
                 from pamFoam.C:36:
/opt/openfoam5/src/OpenFOAM/lnInclude/FieldFieldFunctions.C:719:1: note: candidate: template<template<class> class Field1, template<class> class Field2, class Type1, class Type2> Foam::tmp<Foam::FieldField<Field1, typename Foam::typeOfSum<Type1, Type2>::type> > Foam::operator+(const Foam::tmp<Foam::FieldField<Field, Type1> >&, const Foam::FieldField<Field2, Type2>&)
 operator op                                                                    \
 ^
/opt/openfoam5/src/OpenFOAM/lnInclude/FieldFieldFunctions.C:901:1: note: in expansion of macro 'PRODUCT_OPERATOR'
 PRODUCT_OPERATOR(typeOfSum, +, add)
 ^
/opt/openfoam5/src/OpenFOAM/lnInclude/FieldFieldFunctions.C:719:1: note:   template argument deduction/substitution failed:
 operator op                                                                    \
 ^
/opt/openfoam5/src/OpenFOAM/lnInclude/FieldFieldFunctions.C:901:1: note: in expansion of macro 'PRODUCT_OPERATOR'
 PRODUCT_OPERATOR(typeOfSum, +, add)
 ^
In file included from pamFoam.C:139:0:
./processModels/SSEqn.H:9:7: note:   'const volScalarField {aka const Foam::GeometricField<double, Foam::fvPatchField, Foam::volMesh>}' is not derived from 'const Foam::tmp<Foam::FieldField<Field, Type1> >'
     + alphaLiquid * fSSXS * rhoHydrolysis
       ^
In file included from /opt/openfoam5/src/OpenFOAM/lnInclude/FieldField.C:390:0,
                 from /opt/openfoam5/src/OpenFOAM/lnInclude/FieldField.H:198,
                 from /opt/openfoam5/src/OpenFOAM/lnInclude/GeometricField.H:45,
                 from /opt/openfoam5/src/OpenFOAM/lnInclude/GeometricScalarField.H:38,
                 from /opt/openfoam5/src/OpenFOAM/lnInclude/GeometricFields.H:34,
                 from /opt/openfoam5/src/finiteVolume/lnInclude/volFields.H:37,
                 from /opt/openfoam5/src/finiteVolume/lnInclude/surfaceInterpolationScheme.C:27,
                 from /opt/openfoam5/src/finiteVolume/lnInclude/surfaceInterpolationScheme.H:307,
                 from /opt/openfoam5/src/finiteVolume/lnInclude/surfaceInterpolate.H:41,
                 from /opt/openfoam5/src/finiteVolume/lnInclude/fvc.H:39,
                 from /opt/openfoam5/src/finiteVolume/lnInclude/fvCFD.H:8,
                 from pamFoam.C:36:
/opt/openfoam5/src/OpenFOAM/lnInclude/FieldFieldFunctions.C:743:1: note: candidate: template<template<class> class Field1, template<class> class Field2, class Type1, class Type2> Foam::tmp<Foam::FieldField<Field1, typename Foam::typeOfSum<Type1, Type2>::type> > Foam::operator+(const Foam::tmp<Foam::FieldField<Field, Type1> >&, const Foam::tmp<Foam::FieldField<Field2, Type2> >&)
 operator op                                                                    \
 ^
/opt/openfoam5/src/OpenFOAM/lnInclude/FieldFieldFunctions.C:901:1: note: in expansion of macro 'PRODUCT_OPERATOR'
 PRODUCT_OPERATOR(typeOfSum, +, add)
 ^
/opt/openfoam5/src/OpenFOAM/lnInclude/FieldFieldFunctions.C:743:1: note:   template argument deduction/substitution failed:
 operator op                                                                    \
 ^
/opt/openfoam5/src/OpenFOAM/lnInclude/FieldFieldFunctions.C:901:1: note: in expansion of macro 'PRODUCT_OPERATOR'
 PRODUCT_OPERATOR(typeOfSum, +, add)
 ^
In file included from pamFoam.C:139:0:
./processModels/SSEqn.H:9:7: note:   'const volScalarField {aka const Foam::GeometricField<double, Foam::fvPatchField, Foam::volMesh>}' is not derived from 'const Foam::tmp<Foam::FieldField<Field, Type1> >'
     + alphaLiquid * fSSXS * rhoHydrolysis
       ^
In file included from /opt/openfoam5/src/OpenFOAM/lnInclude/FieldField.C:390:0,
                 from /opt/openfoam5/src/OpenFOAM/lnInclude/FieldField.H:198,
                 from /opt/openfoam5/src/OpenFOAM/lnInclude/GeometricField.H:45,
                 from /opt/openfoam5/src/OpenFOAM/lnInclude/GeometricScalarField.H:38,
                 from /opt/openfoam5/src/OpenFOAM/lnInclude/GeometricFields.H:34,
                 from /opt/openfoam5/src/finiteVolume/lnInclude/volFields.H:37,
                 from /opt/openfoam5/src/finiteVolume/lnInclude/surfaceInterpolationScheme.C:27,
                 from /opt/openfoam5/src/finiteVolume/lnInclude/surfaceInterpolationScheme.H:307,
                 from /opt/openfoam5/src/finiteVolume/lnInclude/surfaceInterpolate.H:41,
                 from /opt/openfoam5/src/finiteVolume/lnInclude/fvc.H:39,
                 from /opt/openfoam5/src/finiteVolume/lnInclude/fvCFD.H:8,
                 from pamFoam.C:36:
/opt/openfoam5/src/OpenFOAM/lnInclude/FieldFieldFunctions.C:791:1: note: candidate: template<template<class> class Field, class Type, class Form, class Cmpt, unsigned char nCmpt> Foam::tmp<Foam::FieldField<Field, typename Foam::typeOfSum<Type1, Type2>::type> > Foam::operator+(const Foam::FieldField<Field, Type>&, const Foam::VectorSpace<Form, Cmpt, nCmpt>&)
 operator op                                                                    \
 ^
/opt/openfoam5/src/OpenFOAM/lnInclude/FieldFieldFunctions.C:901:1: note: in expansion of macro 'PRODUCT_OPERATOR'
 PRODUCT_OPERATOR(typeOfSum, +, add)
 ^
/opt/openfoam5/src/OpenFOAM/lnInclude/FieldFieldFunctions.C:791:1: note:   template argument deduction/substitution failed:
 operator op                                                                    \
 ^
/opt/openfoam5/src/OpenFOAM/lnInclude/FieldFieldFunctions.C:901:1: note: in expansion of macro 'PRODUCT_OPERATOR'
 PRODUCT_OPERATOR(typeOfSum, +, add)
 ^
In file included from pamFoam.C:139:0:
./processModels/SSEqn.H:9:7: note:   'const volScalarField {aka const Foam::GeometricField<double, Foam::fvPatchField, Foam::volMesh>}' is not derived from 'const Foam::FieldField<Field, Type>'
     + alphaLiquid * fSSXS * rhoHydrolysis
       ^
In file included from /opt/openfoam5/src/OpenFOAM/lnInclude/FieldField.C:390:0,
                 from /opt/openfoam5/src/OpenFOAM/lnInclude/FieldField.H:198,
                 from /opt/openfoam5/src/OpenFOAM/lnInclude/GeometricField.H:45,
                 from /opt/openfoam5/src/OpenFOAM/lnInclude/GeometricScalarField.H:38,
                 from /opt/openfoam5/src/OpenFOAM/lnInclude/GeometricFields.H:34,
                 from /opt/openfoam5/src/finiteVolume/lnInclude/volFields.H:37,
                 from /opt/openfoam5/src/finiteVolume/lnInclude/surfaceInterpolationScheme.C:27,
                 from /opt/openfoam5/src/finiteVolume/lnInclude/surfaceInterpolationScheme.H:307,
                 from /opt/openfoam5/src/finiteVolume/lnInclude/surfaceInterpolate.H:41,
                 from /opt/openfoam5/src/finiteVolume/lnInclude/fvc.H:39,
                 from /opt/openfoam5/src/finiteVolume/lnInclude/fvCFD.H:8,
                 from pamFoam.C:36:
/opt/openfoam5/src/OpenFOAM/lnInclude/FieldFieldFunctions.C:815:1: note: candidate: template<template<class> class Field, class Type, class Form, class Cmpt, unsigned char nCmpt> Foam::tmp<Foam::FieldField<Field, typename Foam::typeOfSum<Type1, Type2>::type> > Foam::operator+(const Foam::tmp<Foam::FieldField<Field, Type> >&, const Foam::VectorSpace<Form, Cmpt, nCmpt>&)
 operator op                                                                    \
 ^
/opt/openfoam5/src/OpenFOAM/lnInclude/FieldFieldFunctions.C:901:1: note: in expansion of macro 'PRODUCT_OPERATOR'
 PRODUCT_OPERATOR(typeOfSum, +, add)
 ^
/opt/openfoam5/src/OpenFOAM/lnInclude/FieldFieldFunctions.C:815:1: note:   template argument deduction/substitution failed:
 operator op                                                                    \
 ^
/opt/openfoam5/src/OpenFOAM/lnInclude/FieldFieldFunctions.C:901:1: note: in expansion of macro 'PRODUCT_OPERATOR'
 PRODUCT_OPERATOR(typeOfSum, +, add)
 ^
In file included from pamFoam.C:139:0:
./processModels/SSEqn.H:9:7: note:   'const volScalarField {aka const Foam::GeometricField<double, Foam::fvPatchField, Foam::volMesh>}' is not derived from 'const Foam::tmp<Foam::FieldField<Field, Type> >'
     + alphaLiquid * fSSXS * rhoHydrolysis
       ^
In file included from /opt/openfoam5/src/OpenFOAM/lnInclude/FieldField.C:390:0,
                 from /opt/openfoam5/src/OpenFOAM/lnInclude/FieldField.H:198,
                 from /opt/openfoam5/src/OpenFOAM/lnInclude/GeometricField.H:45,
                 from /opt/openfoam5/src/OpenFOAM/lnInclude/GeometricScalarField.H:38,
                 from /opt/openfoam5/src/OpenFOAM/lnInclude/GeometricFields.H:34,
                 from /opt/openfoam5/src/finiteVolume/lnInclude/volFields.H:37,
                 from /opt/openfoam5/src/finiteVolume/lnInclude/surfaceInterpolationScheme.C:27,
                 from /opt/openfoam5/src/finiteVolume/lnInclude/surfaceInterpolationScheme.H:307,
                 from /opt/openfoam5/src/finiteVolume/lnInclude/surfaceInterpolate.H:41,
                 from /opt/openfoam5/src/finiteVolume/lnInclude/fvc.H:39,
                 from /opt/openfoam5/src/finiteVolume/lnInclude/fvCFD.H:8,
                 from pamFoam.C:36:
/opt/openfoam5/src/OpenFOAM/lnInclude/FieldFieldFunctions.C:861:1: note: candidate: template<template<class> class Field, class Type, class Form, class Cmpt, unsigned char nCmpt> Foam::tmp<Foam::FieldField<Field, typename Foam::typeOfSum<Form, Type>::type> > Foam::operator+(const Foam::VectorSpace<Form, Cmpt, nCmpt>&, const Foam::FieldField<Field, Type>&)
 operator op                                                                    \
 ^
/opt/openfoam5/src/OpenFOAM/lnInclude/FieldFieldFunctions.C:901:1: note: in expansion of macro 'PRODUCT_OPERATOR'
 PRODUCT_OPERATOR(typeOfSum, +, add)
 ^
/opt/openfoam5/src/OpenFOAM/lnInclude/FieldFieldFunctions.C:861:1: note:   template argument deduction/substitution failed:
 operator op                                                                    \
 ^
/opt/openfoam5/src/OpenFOAM/lnInclude/FieldFieldFunctions.C:901:1: note: in expansion of macro 'PRODUCT_OPERATOR'
 PRODUCT_OPERATOR(typeOfSum, +, add)
 ^
In file included from pamFoam.C:139:0:
./processModels/SSEqn.H:9:7: note:   'const volScalarField {aka const Foam::GeometricField<double, Foam::fvPatchField, Foam::volMesh>}' is not derived from 'const Foam::VectorSpace<Form, Cmpt, nCmpt>'
     + alphaLiquid * fSSXS * rhoHydrolysis
       ^
In file included from /opt/openfoam5/src/OpenFOAM/lnInclude/FieldField.C:390:0,
                 from /opt/openfoam5/src/OpenFOAM/lnInclude/FieldField.H:198,
                 from /opt/openfoam5/src/OpenFOAM/lnInclude/GeometricField.H:45,
                 from /opt/openfoam5/src/OpenFOAM/lnInclude/GeometricScalarField.H:38,
                 from /opt/openfoam5/src/OpenFOAM/lnInclude/GeometricFields.H:34,
                 from /opt/openfoam5/src/finiteVolume/lnInclude/volFields.H:37,
                 from /opt/openfoam5/src/finiteVolume/lnInclude/surfaceInterpolationScheme.C:27,
                 from /opt/openfoam5/src/finiteVolume/lnInclude/surfaceInterpolationScheme.H:307,
                 from /opt/openfoam5/src/finiteVolume/lnInclude/surfaceInterpolate.H:41,
                 from /opt/openfoam5/src/finiteVolume/lnInclude/fvc.H:39,
                 from /opt/openfoam5/src/finiteVolume/lnInclude/fvCFD.H:8,
                 from pamFoam.C:36:
/opt/openfoam5/src/OpenFOAM/lnInclude/FieldFieldFunctions.C:885:1: note: candidate: template<template<class> class Field, class Type, class Form, class Cmpt, unsigned char nCmpt> Foam::tmp<Foam::FieldField<Field, typename Foam::typeOfSum<Form, Type>::type> > Foam::operator+(const Foam::VectorSpace<Form, Cmpt, nCmpt>&, const Foam::tmp<Foam::FieldField<Field, Type> >&)
 operator op                                                                    \
 ^
/opt/openfoam5/src/OpenFOAM/lnInclude/FieldFieldFunctions.C:901:1: note: in expansion of macro 'PRODUCT_OPERATOR'
 PRODUCT_OPERATOR(typeOfSum, +, add)
 ^
/opt/openfoam5/src/OpenFOAM/lnInclude/FieldFieldFunctions.C:885:1: note:   template argument deduction/substitution failed:
 operator op                                                                    \
 ^
/opt/openfoam5/src/OpenFOAM/lnInclude/FieldFieldFunctions.C:901:1: note: in expansion of macro 'PRODUCT_OPERATOR'
 PRODUCT_OPERATOR(typeOfSum, +, add)
 ^
In file included from pamFoam.C:139:0:
./processModels/SSEqn.H:9:7: note:   'const volScalarField {aka const Foam::GeometricField<double, Foam::fvPatchField, Foam::volMesh>}' is not derived from 'const Foam::VectorSpace<Form, Cmpt, nCmpt>'
     + alphaLiquid * fSSXS * rhoHydrolysis
       ^
In file included from /opt/openfoam5/src/OpenFOAM/lnInclude/FieldField.C:390:0,
                 from /opt/openfoam5/src/OpenFOAM/lnInclude/FieldField.H:198,
                 from /opt/openfoam5/src/OpenFOAM/lnInclude/GeometricField.H:45,
                 from /opt/openfoam5/src/OpenFOAM/lnInclude/GeometricScalarField.H:38,
                 from /opt/openfoam5/src/OpenFOAM/lnInclude/GeometricFields.H:34,
                 from /opt/openfoam5/src/finiteVolume/lnInclude/volFields.H:37,
                 from /opt/openfoam5/src/finiteVolume/lnInclude/surfaceInterpolationScheme.C:27,
                 from /opt/openfoam5/src/finiteVolume/lnInclude/surfaceInterpolationScheme.H:307,
                 from /opt/openfoam5/src/finiteVolume/lnInclude/surfaceInterpolate.H:41,
                 from /opt/openfoam5/src/finiteVolume/lnInclude/fvc.H:39,
                 from /opt/openfoam5/src/finiteVolume/lnInclude/fvCFD.H:8,
                 from pamFoam.C:36:
/opt/openfoam5/src/OpenFOAM/lnInclude/FieldFieldFunctions.C:695:1: note: candidate: template<template<class> class Field1, template<class> class Field2, class Type1, class Type2> Foam::tmp<Foam::FieldField<Foam::Field, typename Foam::typeOfSum<Type1, Type2>::type> > Foam::operator+(const Foam::FieldField<Field, Type1>&, const Foam::tmp<Foam::FieldField<Field2, Type2> >&)
 operator op                                                                    \
 ^
/opt/openfoam5/src/OpenFOAM/lnInclude/FieldFieldFunctions.C:901:1: note: in expansion of macro 'PRODUCT_OPERATOR'
 PRODUCT_OPERATOR(typeOfSum, +, add)
 ^
/opt/openfoam5/src/OpenFOAM/lnInclude/FieldFieldFunctions.C:695:1: note:   template argument deduction/substitution failed:
 operator op                                                                    \
 ^
/opt/openfoam5/src/OpenFOAM/lnInclude/FieldFieldFunctions.C:901:1: note: in expansion of macro 'PRODUCT_OPERATOR'
 PRODUCT_OPERATOR(typeOfSum, +, add)
 ^
In file included from pamFoam.C:139:0:
./processModels/SSEqn.H:9:7: note:   'const volScalarField {aka const Foam::GeometricField<double, Foam::fvPatchField, Foam::volMesh>}' is not derived from 'const Foam::FieldField<Field, Type1>'
     + alphaLiquid * fSSXS * rhoHydrolysis
       ^
In file included from /opt/openfoam5/src/OpenFOAM/lnInclude/DiagTensor.H:115:0,
                 from /opt/openfoam5/src/OpenFOAM/lnInclude/diagTensor.H:38,
                 from /opt/openfoam5/src/OpenFOAM/lnInclude/diagTensorField.H:39,
                 from /opt/openfoam5/src/OpenFOAM/lnInclude/coupledPolyPatch.H:41,
                 from /opt/openfoam5/src/OpenFOAM/lnInclude/processorPolyPatch.H:42,
                 from /opt/openfoam5/src/OpenFOAM/lnInclude/processorTopology.H:30,
                 from /opt/openfoam5/src/OpenFOAM/lnInclude/globalMeshData.H:84,
                 from /opt/openfoam5/src/OpenFOAM/lnInclude/GeometricBoundaryField.C:28,
                 from /opt/openfoam5/src/OpenFOAM/lnInclude/GeometricField.C:1352,
                 from /opt/openfoam5/src/OpenFOAM/lnInclude/GeometricField.H:660,
                 from /opt/openfoam5/src/OpenFOAM/lnInclude/GeometricScalarField.H:38,
                 from /opt/openfoam5/src/OpenFOAM/lnInclude/GeometricFields.H:34,
                 from /opt/openfoam5/src/finiteVolume/lnInclude/volFields.H:37,
                 from /opt/openfoam5/src/finiteVolume/lnInclude/surfaceInterpolationScheme.C:27,
                 from /opt/openfoam5/src/finiteVolume/lnInclude/surfaceInterpolationScheme.H:307,
                 from /opt/openfoam5/src/finiteVolume/lnInclude/surfaceInterpolate.H:41,
                 from /opt/openfoam5/src/finiteVolume/lnInclude/fvc.H:39,
                 from /opt/openfoam5/src/finiteVolume/lnInclude/fvCFD.H:8,
                 from pamFoam.C:36:
/opt/openfoam5/src/OpenFOAM/lnInclude/DiagTensorI.H:124:1: note: candidate: template<class Cmpt> Foam::Tensor<Cmpt> Foam::operator+(const Foam::DiagTensor<Cmpt>&, const Foam::Tensor<Cmpt>&)
 operator+(const DiagTensor<Cmpt>& dt1, const Tensor<Cmpt>& t2)
 ^
/opt/openfoam5/src/OpenFOAM/lnInclude/DiagTensorI.H:124:1: note:   template argument deduction/substitution failed:
In file included from pamFoam.C:139:0:
./processModels/SSEqn.H:9:7: note:   'const volScalarField {aka const Foam::GeometricField<double, Foam::fvPatchField, Foam::volMesh>}' is not derived from 'const Foam::DiagTensor<Cmpt>'
     + alphaLiquid * fSSXS * rhoHydrolysis
       ^
In file included from /opt/openfoam5/src/OpenFOAM/lnInclude/DiagTensor.H:115:0,
                 from /opt/openfoam5/src/OpenFOAM/lnInclude/diagTensor.H:38,
                 from /opt/openfoam5/src/OpenFOAM/lnInclude/diagTensorField.H:39,
                 from /opt/openfoam5/src/OpenFOAM/lnInclude/coupledPolyPatch.H:41,
                 from /opt/openfoam5/src/OpenFOAM/lnInclude/processorPolyPatch.H:42,
                 from /opt/openfoam5/src/OpenFOAM/lnInclude/processorTopology.H:30,
                 from /opt/openfoam5/src/OpenFOAM/lnInclude/globalMeshData.H:84,
                 from /opt/openfoam5/src/OpenFOAM/lnInclude/GeometricBoundaryField.C:28,
                 from /opt/openfoam5/src/OpenFOAM/lnInclude/GeometricField.C:1352,
                 from /opt/openfoam5/src/OpenFOAM/lnInclude/GeometricField.H:660,
                 from /opt/openfoam5/src/OpenFOAM/lnInclude/GeometricScalarField.H:38,
                 from /opt/openfoam5/src/OpenFOAM/lnInclude/GeometricFields.H:34,
                 from /opt/openfoam5/src/finiteVolume/lnInclude/volFields.H:37,
                 from /opt/openfoam5/src/finiteVolume/lnInclude/surfaceInterpolationScheme.C:27,
                 from /opt/openfoam5/src/finiteVolume/lnInclude/surfaceInterpolationScheme.H:307,
                 from /opt/openfoam5/src/finiteVolume/lnInclude/surfaceInterpolate.H:41,
                 from /opt/openfoam5/src/finiteVolume/lnInclude/fvc.H:39,
                 from /opt/openfoam5/src/finiteVolume/lnInclude/fvCFD.H:8,
                 from pamFoam.C:36:
/opt/openfoam5/src/OpenFOAM/lnInclude/DiagTensorI.H:137:1: note: candidate: template<class Cmpt> Foam::Tensor<Cmpt> Foam::operator+(const Foam::Tensor<Cmpt>&, const Foam::DiagTensor<Cmpt>&)
 operator+(const Tensor<Cmpt>& t1, const DiagTensor<Cmpt>& dt2)
 ^
/opt/openfoam5/src/OpenFOAM/lnInclude/DiagTensorI.H:137:1: note:   template argument deduction/substitution failed:
In file included from pamFoam.C:139:0:
./processModels/SSEqn.H:9:7: note:   'const volScalarField {aka const Foam::GeometricField<double, Foam::fvPatchField, Foam::volMesh>}' is not derived from 'const Foam::Tensor<Cmpt>'
     + alphaLiquid * fSSXS * rhoHydrolysis
       ^
In file included from /opt/openfoam5/src/OpenFOAM/lnInclude/diagTensorField.H:42:0,
                 from /opt/openfoam5/src/OpenFOAM/lnInclude/coupledPolyPatch.H:41,
                 from /opt/openfoam5/src/OpenFOAM/lnInclude/processorPolyPatch.H:42,
                 from /opt/openfoam5/src/OpenFOAM/lnInclude/processorTopology.H:30,
                 from /opt/openfoam5/src/OpenFOAM/lnInclude/globalMeshData.H:84,
                 from /opt/openfoam5/src/OpenFOAM/lnInclude/GeometricBoundaryField.C:28,
                 from /opt/openfoam5/src/OpenFOAM/lnInclude/GeometricField.C:1352,
                 from /opt/openfoam5/src/OpenFOAM/lnInclude/GeometricField.H:660,
                 from /opt/openfoam5/src/OpenFOAM/lnInclude/GeometricScalarField.H:38,
                 from /opt/openfoam5/src/OpenFOAM/lnInclude/GeometricFields.H:34,
                 from /opt/openfoam5/src/finiteVolume/lnInclude/volFields.H:37,
                 from /opt/openfoam5/src/finiteVolume/lnInclude/surfaceInterpolationScheme.C:27,
                 from /opt/openfoam5/src/finiteVolume/lnInclude/surfaceInterpolationScheme.H:307,
                 from /opt/openfoam5/src/finiteVolume/lnInclude/surfaceInterpolate.H:41,
                 from /opt/openfoam5/src/finiteVolume/lnInclude/fvc.H:39,
                 from /opt/openfoam5/src/finiteVolume/lnInclude/fvCFD.H:8,
                 from pamFoam.C:36:
/opt/openfoam5/src/OpenFOAM/lnInclude/FieldFunctionsM.H:166:24: note: candidate: Foam::tmp<Foam::Field<Foam::Tensor<double> > > Foam::operator+(const Foam::UList<Foam::DiagTensor<double> >&, const Foam::UList<Foam::Tensor<double> >&)
 tmp<Field<ReturnType>> operator Op                                             \
                        ^
/opt/openfoam5/src/OpenFOAM/lnInclude/diagTensorField.H:60:1: note: in expansion of macro 'BINARY_OPERATOR'
 BINARY_OPERATOR(tensor, diagTensor, tensor, +, add)
 ^
/opt/openfoam5/src/OpenFOAM/lnInclude/FieldFunctionsM.H:166:24: note:   candidate expects 2 arguments, 1 provided
 tmp<Field<ReturnType>> operator Op                                             \
                        ^
/opt/openfoam5/src/OpenFOAM/lnInclude/diagTensorField.H:60:1: note: in expansion of macro 'BINARY_OPERATOR'
 BINARY_OPERATOR(tensor, diagTensor, tensor, +, add)
 ^
/opt/openfoam5/src/OpenFOAM/lnInclude/FieldFunctionsM.H:173:24: note: candidate: Foam::tmp<Foam::Field<Foam::Tensor<double> > > Foam::operator+(const Foam::UList<Foam::DiagTensor<double> >&, const Foam::tmp<Foam::Field<Foam::Tensor<double> > >&)
 tmp<Field<ReturnType>> operator Op                                             \
                        ^
/opt/openfoam5/src/OpenFOAM/lnInclude/diagTensorField.H:60:1: note: in expansion of macro 'BINARY_OPERATOR'
 BINARY_OPERATOR(tensor, diagTensor, tensor, +, add)
 ^
/opt/openfoam5/src/OpenFOAM/lnInclude/FieldFunctionsM.H:173:24: note:   candidate expects 2 arguments, 1 provided
 tmp<Field<ReturnType>> operator Op                                             \
                        ^
/opt/openfoam5/src/OpenFOAM/lnInclude/diagTensorField.H:60:1: note: in expansion of macro 'BINARY_OPERATOR'
 BINARY_OPERATOR(tensor, diagTensor, tensor, +, add)
 ^
/opt/openfoam5/src/OpenFOAM/lnInclude/FieldFunctionsM.H:180:24: note: candidate: Foam::tmp<Foam::Field<Foam::Tensor<double> > > Foam::operator+(const Foam::tmp<Foam::Field<Foam::DiagTensor<double> > >&, const Foam::UList<Foam::Tensor<double> >&)
 tmp<Field<ReturnType>> operator Op                                             \
                        ^
/opt/openfoam5/src/OpenFOAM/lnInclude/diagTensorField.H:60:1: note: in expansion of macro 'BINARY_OPERATOR'
 BINARY_OPERATOR(tensor, diagTensor, tensor, +, add)
 ^
/opt/openfoam5/src/OpenFOAM/lnInclude/FieldFunctionsM.H:180:24: note:   candidate expects 2 arguments, 1 provided
 tmp<Field<ReturnType>> operator Op                                             \
                        ^
/opt/openfoam5/src/OpenFOAM/lnInclude/diagTensorField.H:60:1: note: in expansion of macro 'BINARY_OPERATOR'
 BINARY_OPERATOR(tensor, diagTensor, tensor, +, add)
 ^
/opt/openfoam5/src/OpenFOAM/lnInclude/FieldFunctionsM.H:187:24: note: candidate: Foam::tmp<Foam::Field<Foam::Tensor<double> > > Foam::operator+(const Foam::tmp<Foam::Field<Foam::DiagTensor<double> > >&, const Foam::tmp<Foam::Field<Foam::Tensor<double> > >&)
 tmp<Field<ReturnType>> operator Op                                             \
                        ^
/opt/openfoam5/src/OpenFOAM/lnInclude/diagTensorField.H:60:1: note: in expansion of macro 'BINARY_OPERATOR'
 BINARY_OPERATOR(tensor, diagTensor, tensor, +, add)
 ^
/opt/openfoam5/src/OpenFOAM/lnInclude/FieldFunctionsM.H:187:24: note:   candidate expects 2 arguments, 1 provided
 tmp<Field<ReturnType>> operator Op                                             \
                        ^
/opt/openfoam5/src/OpenFOAM/lnInclude/diagTensorField.H:60:1: note: in expansion of macro 'BINARY_OPERATOR'
 BINARY_OPERATOR(tensor, diagTensor, tensor, +, add)
 ^
/opt/openfoam5/src/OpenFOAM/lnInclude/FieldFunctionsM.H:207:24: note: candidate: Foam::tmp<Foam::Field<Foam::Tensor<double> > > Foam::operator+(const diagTensor&, const Foam::UList<Foam::Tensor<double> >&)
 tmp<Field<ReturnType>> operator Op                                             \
                        ^
/opt/openfoam5/src/OpenFOAM/lnInclude/FieldFunctionsM.H:247:5: note: in expansion of macro 'BINARY_TYPE_OPERATOR_SF'
     BINARY_TYPE_OPERATOR_SF(ReturnType, Type1, Type2, Op, OpFunc)              \
     ^
/opt/openfoam5/src/OpenFOAM/lnInclude/diagTensorField.H:63:1: note: in expansion of macro 'BINARY_TYPE_OPERATOR'
 BINARY_TYPE_OPERATOR(tensor, diagTensor, tensor, +, add)
 ^
/opt/openfoam5/src/OpenFOAM/lnInclude/FieldFunctionsM.H:207:24: note:   candidate expects 2 arguments, 1 provided
 tmp<Field<ReturnType>> operator Op                                             \
                        ^
/opt/openfoam5/src/OpenFOAM/lnInclude/FieldFunctionsM.H:247:5: note: in expansion of macro 'BINARY_TYPE_OPERATOR_SF'
     BINARY_TYPE_OPERATOR_SF(ReturnType, Type1, Type2, Op, OpFunc)              \
     ^
/opt/openfoam5/src/OpenFOAM/lnInclude/diagTensorField.H:63:1: note: in expansion of macro 'BINARY_TYPE_OPERATOR'
 BINARY_TYPE_OPERATOR(tensor, diagTensor, tensor, +, add)
 ^
/opt/openfoam5/src/OpenFOAM/lnInclude/FieldFunctionsM.H:214:24: note: candidate: Foam::tmp<Foam::Field<Foam::Tensor<double> > > Foam::operator+(const diagTensor&, const Foam::tmp<Foam::Field<Foam::Tensor<double> > >&)
 tmp<Field<ReturnType>> operator Op                                             \
                        ^
/opt/openfoam5/src/OpenFOAM/lnInclude/FieldFunctionsM.H:247:5: note: in expansion of macro 'BINARY_TYPE_OPERATOR_SF'
     BINARY_TYPE_OPERATOR_SF(ReturnType, Type1, Type2, Op, OpFunc)              \
     ^
/opt/openfoam5/src/OpenFOAM/lnInclude/diagTensorField.H:63:1: note: in expansion of macro 'BINARY_TYPE_OPERATOR'
 BINARY_TYPE_OPERATOR(tensor, diagTensor, tensor, +, add)
 ^
/opt/openfoam5/src/OpenFOAM/lnInclude/FieldFunctionsM.H:214:24: note:   candidate expects 2 arguments, 1 provided
 tmp<Field<ReturnType>> operator Op                                             \
                        ^
/opt/openfoam5/src/OpenFOAM/lnInclude/FieldFunctionsM.H:247:5: note: in expansion of macro 'BINARY_TYPE_OPERATOR_SF'
     BINARY_TYPE_OPERATOR_SF(ReturnType, Type1, Type2, Op, OpFunc)              \
     ^
/opt/openfoam5/src/OpenFOAM/lnInclude/diagTensorField.H:63:1: note: in expansion of macro 'BINARY_TYPE_OPERATOR'
 BINARY_TYPE_OPERATOR(tensor, diagTensor, tensor, +, add)
 ^
/opt/openfoam5/src/OpenFOAM/lnInclude/FieldFunctionsM.H:232:24: note: candidate: Foam::tmp<Foam::Field<Foam::Tensor<double> > > Foam::operator+(const Foam::UList<Foam::DiagTensor<double> >&, const tensor&)
 tmp<Field<ReturnType>> operator Op                                             \
                        ^
/opt/openfoam5/src/OpenFOAM/lnInclude/FieldFunctionsM.H:248:5: note: in expansion of macro 'BINARY_TYPE_OPERATOR_FS'
     BINARY_TYPE_OPERATOR_FS(ReturnType, Type1, Type2, Op, OpFunc)
     ^
/opt/openfoam5/src/OpenFOAM/lnInclude/diagTensorField.H:63:1: note: in expansion of macro 'BINARY_TYPE_OPERATOR'
 BINARY_TYPE_OPERATOR(tensor, diagTensor, tensor, +, add)
 ^
/opt/openfoam5/src/OpenFOAM/lnInclude/FieldFunctionsM.H:232:24: note:   candidate expects 2 arguments, 1 provided
 tmp<Field<ReturnType>> operator Op                                             \
                        ^
/opt/openfoam5/src/OpenFOAM/lnInclude/FieldFunctionsM.H:248:5: note: in expansion of macro 'BINARY_TYPE_OPERATOR_FS'
     BINARY_TYPE_OPERATOR_FS(ReturnType, Type1, Type2, Op, OpFunc)
     ^
/opt/openfoam5/src/OpenFOAM/lnInclude/diagTensorField.H:63:1: note: in expansion of macro 'BINARY_TYPE_OPERATOR'
 BINARY_TYPE_OPERATOR(tensor, diagTensor, tensor, +, add)
 ^
/opt/openfoam5/src/OpenFOAM/lnInclude/FieldFunctionsM.H:239:24: note: candidate: Foam::tmp<Foam::Field<Foam::Tensor<double> > > Foam::operator+(const Foam::tmp<Foam::Field<Foam::DiagTensor<double> > >&, const tensor&)
 tmp<Field<ReturnType>> operator Op                                             \
                        ^
/opt/openfoam5/src/OpenFOAM/lnInclude/FieldFunctionsM.H:248:5: note: in expansion of macro 'BINARY_TYPE_OPERATOR_FS'
     BINARY_TYPE_OPERATOR_FS(ReturnType, Type1, Type2, Op, OpFunc)
     ^
/opt/openfoam5/src/OpenFOAM/lnInclude/diagTensorField.H:63:1: note: in expansion of macro 'BINARY_TYPE_OPERATOR'
 BINARY_TYPE_OPERATOR(tensor, diagTensor, tensor, +, add)
 ^
/opt/openfoam5/src/OpenFOAM/lnInclude/FieldFunctionsM.H:239:24: note:   candidate expects 2 arguments, 1 provided
 tmp<Field<ReturnType>> operator Op                                             \
                        ^
/opt/openfoam5/src/OpenFOAM/lnInclude/FieldFunctionsM.H:248:5: note: in expansion of macro 'BINARY_TYPE_OPERATOR_FS'
     BINARY_TYPE_OPERATOR_FS(ReturnType, Type1, Type2, Op, OpFunc)
     ^
/opt/openfoam5/src/OpenFOAM/lnInclude/diagTensorField.H:63:1: note: in expansion of macro 'BINARY_TYPE_OPERATOR'
 BINARY_TYPE_OPERATOR(tensor, diagTensor, tensor, +, add)
 ^
In file included from /opt/openfoam5/src/OpenFOAM/lnInclude/vectorTensorTransform.H:248:0,
                 from /opt/openfoam5/src/OpenFOAM/lnInclude/mapDistribute.H:138,
                 from /opt/openfoam5/src/OpenFOAM/lnInclude/globalMeshDataTemplates.C:28,
                 from /opt/openfoam5/src/OpenFOAM/lnInclude/globalMeshData.H:627,
                 from /opt/openfoam5/src/OpenFOAM/lnInclude/GeometricBoundaryField.C:28,
                 from /opt/openfoam5/src/OpenFOAM/lnInclude/GeometricField.C:1352,
                 from /opt/openfoam5/src/OpenFOAM/lnInclude/GeometricField.H:660,
                 from /opt/openfoam5/src/OpenFOAM/lnInclude/GeometricScalarField.H:38,
                 from /opt/openfoam5/src/OpenFOAM/lnInclude/GeometricFields.H:34,
                 from /opt/openfoam5/src/finiteVolume/lnInclude/volFields.H:37,
                 from /opt/openfoam5/src/finiteVolume/lnInclude/surfaceInterpolationScheme.C:27,
                 from /opt/openfoam5/src/finiteVolume/lnInclude/surfaceInterpolationScheme.H:307,
                 from /opt/openfoam5/src/finiteVolume/lnInclude/surfaceInterpolate.H:41,
                 from /opt/openfoam5/src/finiteVolume/lnInclude/fvc.H:39,
                 from /opt/openfoam5/src/finiteVolume/lnInclude/fvCFD.H:8,
                 from pamFoam.C:36:
/opt/openfoam5/src/OpenFOAM/lnInclude/vectorTensorTransformI.H:263:36: note: candidate: Foam::vectorTensorTransform Foam::operator+(const Foam::vectorTensorTransform&, const vector&)
 inline Foam::vectorTensorTransform Foam::operator+
                                    ^
/opt/openfoam5/src/OpenFOAM/lnInclude/vectorTensorTransformI.H:263:36: note:   candidate expects 2 arguments, 1 provided
/opt/openfoam5/src/OpenFOAM/lnInclude/vectorTensorTransformI.H:273:36: note: candidate: Foam::vectorTensorTransform Foam::operator+(const vector&, const Foam::vectorTensorTransform&)
 inline Foam::vectorTensorTransform Foam::operator+
                                    ^
/opt/openfoam5/src/OpenFOAM/lnInclude/vectorTensorTransformI.H:273:36: note:   candidate expects 2 arguments, 1 provided
In file included from /opt/openfoam5/src/OpenFOAM/lnInclude/quaternion.H:304:0,
                 from /opt/openfoam5/src/OpenFOAM/lnInclude/transformField.H:39,
                 from /opt/openfoam5/src/OpenFOAM/lnInclude/mapDistributeTemplates.C:30,
                 from /opt/openfoam5/src/OpenFOAM/lnInclude/mapDistribute.H:655,
                 from /opt/openfoam5/src/OpenFOAM/lnInclude/globalMeshDataTemplates.C:28,
                 from /opt/openfoam5/src/OpenFOAM/lnInclude/globalMeshData.H:627,
                 from /opt/openfoam5/src/OpenFOAM/lnInclude/GeometricBoundaryField.C:28,
                 from /opt/openfoam5/src/OpenFOAM/lnInclude/GeometricField.C:1352,
                 from /opt/openfoam5/src/OpenFOAM/lnInclude/GeometricField.H:660,
                 from /opt/openfoam5/src/OpenFOAM/lnInclude/GeometricScalarField.H:38,
                 from /opt/openfoam5/src/OpenFOAM/lnInclude/GeometricFields.H:34,
                 from /opt/openfoam5/src/finiteVolume/lnInclude/volFields.H:37,
                 from /opt/openfoam5/src/finiteVolume/lnInclude/surfaceInterpolationScheme.C:27,
                 from /opt/openfoam5/src/finiteVolume/lnInclude/surfaceInterpolationScheme.H:307,
                 from /opt/openfoam5/src/finiteVolume/lnInclude/surfaceInterpolate.H:41,
                 from /opt/openfoam5/src/finiteVolume/lnInclude/fvc.H:39,
                 from /opt/openfoam5/src/finiteVolume/lnInclude/fvCFD.H:8,
                 from pamFoam.C:36:
/opt/openfoam5/src/OpenFOAM/lnInclude/quaternionI.H:629:25: note: candidate: Foam::quaternion Foam::operator+(const Foam::quaternion&, const Foam::quaternion&)
 inline Foam::quaternion Foam::operator+
                         ^
/opt/openfoam5/src/OpenFOAM/lnInclude/quaternionI.H:629:25: note:   candidate expects 2 arguments, 1 provided
In file included from /opt/openfoam5/src/OpenFOAM/lnInclude/septernion.H:206:0,
                 from /opt/openfoam5/src/OpenFOAM/lnInclude/transformField.H:40,
                 from /opt/openfoam5/src/OpenFOAM/lnInclude/mapDistributeTemplates.C:30,
                 from /opt/openfoam5/src/OpenFOAM/lnInclude/mapDistribute.H:655,
                 from /opt/openfoam5/src/OpenFOAM/lnInclude/globalMeshDataTemplates.C:28,
                 from /opt/openfoam5/src/OpenFOAM/lnInclude/globalMeshData.H:627,
                 from /opt/openfoam5/src/OpenFOAM/lnInclude/GeometricBoundaryField.C:28,
                 from /opt/openfoam5/src/OpenFOAM/lnInclude/GeometricField.C:1352,
                 from /opt/openfoam5/src/OpenFOAM/lnInclude/GeometricField.H:660,
                 from /opt/openfoam5/src/OpenFOAM/lnInclude/GeometricScalarField.H:38,
                 from /opt/openfoam5/src/OpenFOAM/lnInclude/GeometricFields.H:34,
                 from /opt/openfoam5/src/finiteVolume/lnInclude/volFields.H:37,
                 from /opt/openfoam5/src/finiteVolume/lnInclude/surfaceInterpolationScheme.C:27,
                 from /opt/openfoam5/src/finiteVolume/lnInclude/surfaceInterpolationScheme.H:307,
                 from /opt/openfoam5/src/finiteVolume/lnInclude/surfaceInterpolate.H:41,
                 from /opt/openfoam5/src/finiteVolume/lnInclude/fvc.H:39,
                 from /opt/openfoam5/src/finiteVolume/lnInclude/fvCFD.H:8,
                 from pamFoam.C:36:
/opt/openfoam5/src/OpenFOAM/lnInclude/septernionI.H:180:25: note: candidate: Foam::septernion Foam::operator+(const Foam::septernion&, const vector&)
 inline Foam::septernion Foam::operator+
                         ^
/opt/openfoam5/src/OpenFOAM/lnInclude/septernionI.H:180:25: note:   candidate expects 2 arguments, 1 provided
/opt/openfoam5/src/OpenFOAM/lnInclude/septernionI.H:190:25: note: candidate: Foam::septernion Foam::operator+(const vector&, const Foam::septernion&)
 inline Foam::septernion Foam::operator+
                         ^
/opt/openfoam5/src/OpenFOAM/lnInclude/septernionI.H:190:25: note:   candidate expects 2 arguments, 1 provided
In file included from /opt/openfoam5/src/OpenFOAM/lnInclude/GeometricField.C:1353:0,
                 from /opt/openfoam5/src/OpenFOAM/lnInclude/GeometricField.H:660,
                 from /opt/openfoam5/src/OpenFOAM/lnInclude/GeometricScalarField.H:38,
                 from /opt/openfoam5/src/OpenFOAM/lnInclude/GeometricFields.H:34,
                 from /opt/openfoam5/src/finiteVolume/lnInclude/volFields.H:37,
                 from /opt/openfoam5/src/finiteVolume/lnInclude/surfaceInterpolationScheme.C:27,
                 from /opt/openfoam5/src/finiteVolume/lnInclude/surfaceInterpolationScheme.H:307,
                 from /opt/openfoam5/src/finiteVolume/lnInclude/surfaceInterpolate.H:41,
                 from /opt/openfoam5/src/finiteVolume/lnInclude/fvc.H:39,
                 from /opt/openfoam5/src/finiteVolume/lnInclude/fvCFD.H:8,
                 from pamFoam.C:36:
/opt/openfoam5/src/OpenFOAM/lnInclude/GeometricFieldFunctions.C:622:1: note: candidate: template<class Type1, class Type2, template<class> class PatchField, class GeoMesh> Foam::tmp<Foam::GeometricField<typename Foam::typeOfSum<Type1, Type2>::type, PatchField, GeoMesh> > Foam::operator+(const Foam::GeometricField<TypeR, PatchField, GeoMesh>&, const Foam::GeometricField<Type1, PatchField, GeoMesh>&)
 operator op                                                                    \
 ^
/opt/openfoam5/src/OpenFOAM/lnInclude/GeometricFieldFunctions.C:971:1: note: in expansion of macro 'PRODUCT_OPERATOR'
 PRODUCT_OPERATOR(typeOfSum, +, add)
 ^
/opt/openfoam5/src/OpenFOAM/lnInclude/GeometricFieldFunctions.C:622:1: note:   template argument deduction/substitution failed:
 operator op                                                                    \
 ^
/opt/openfoam5/src/OpenFOAM/lnInclude/GeometricFieldFunctions.C:971:1: note: in expansion of macro 'PRODUCT_OPERATOR'
 PRODUCT_OPERATOR(typeOfSum, +, add)
 ^
In file included from pamFoam.C:139:0:
./processModels/SSEqn.H:9:7: note:   candidate expects 2 arguments, 1 provided
     + alphaLiquid * fSSXS * rhoHydrolysis
       ^
In file included from /opt/openfoam5/src/OpenFOAM/lnInclude/GeometricField.C:1353:0,
                 from /opt/openfoam5/src/OpenFOAM/lnInclude/GeometricField.H:660,
                 from /opt/openfoam5/src/OpenFOAM/lnInclude/GeometricScalarField.H:38,
                 from /opt/openfoam5/src/OpenFOAM/lnInclude/GeometricFields.H:34,
                 from /opt/openfoam5/src/finiteVolume/lnInclude/volFields.H:37,
                 from /opt/openfoam5/src/finiteVolume/lnInclude/surfaceInterpolationScheme.C:27,
                 from /opt/openfoam5/src/finiteVolume/lnInclude/surfaceInterpolationScheme.H:307,
                 from /opt/openfoam5/src/finiteVolume/lnInclude/surfaceInterpolate.H:41,
                 from /opt/openfoam5/src/finiteVolume/lnInclude/fvc.H:39,
                 from /opt/openfoam5/src/finiteVolume/lnInclude/fvCFD.H:8,
                 from pamFoam.C:36:
/opt/openfoam5/src/OpenFOAM/lnInclude/GeometricFieldFunctions.C:657:1: note: candidate: template<class Type1, class Type2, template<class> class PatchField, class GeoMesh> Foam::tmp<Foam::GeometricField<typename Foam::typeOfSum<Type1, Type2>::type, PatchField, GeoMesh> > Foam::operator+(const Foam::GeometricField<TypeR, PatchField, GeoMesh>&, const Foam::tmp<Foam::GeometricField<Type1, PatchField, GeoMesh> >&)
 operator op                                                                    \
 ^
/opt/openfoam5/src/OpenFOAM/lnInclude/GeometricFieldFunctions.C:971:1: note: in expansion of macro 'PRODUCT_OPERATOR'
 PRODUCT_OPERATOR(typeOfSum, +, add)
 ^
/opt/openfoam5/src/OpenFOAM/lnInclude/GeometricFieldFunctions.C:657:1: note:   template argument deduction/substitution failed:
 operator op                                                                    \
 ^
/opt/openfoam5/src/OpenFOAM/lnInclude/GeometricFieldFunctions.C:971:1: note: in expansion of macro 'PRODUCT_OPERATOR'
 PRODUCT_OPERATOR(typeOfSum, +, add)
 ^
In file included from pamFoam.C:139:0:
./processModels/SSEqn.H:9:7: note:   candidate expects 2 arguments, 1 provided
     + alphaLiquid * fSSXS * rhoHydrolysis
       ^
In file included from /opt/openfoam5/src/OpenFOAM/lnInclude/GeometricField.C:1353:0,
                 from /opt/openfoam5/src/OpenFOAM/lnInclude/GeometricField.H:660,
                 from /opt/openfoam5/src/OpenFOAM/lnInclude/GeometricScalarField.H:38,
                 from /opt/openfoam5/src/OpenFOAM/lnInclude/GeometricFields.H:34,
                 from /opt/openfoam5/src/finiteVolume/lnInclude/volFields.H:37,
                 from /opt/openfoam5/src/finiteVolume/lnInclude/surfaceInterpolationScheme.C:27,
                 from /opt/openfoam5/src/finiteVolume/lnInclude/surfaceInterpolationScheme.H:307,
                 from /opt/openfoam5/src/finiteVolume/lnInclude/surfaceInterpolate.H:41,
                 from /opt/openfoam5/src/finiteVolume/lnInclude/fvc.H:39,
                 from /opt/openfoam5/src/finiteVolume/lnInclude/fvCFD.H:8,
                 from pamFoam.C:36:
/opt/openfoam5/src/OpenFOAM/lnInclude/GeometricFieldFunctions.C:688:1: note: candidate: template<class Type1, class Type2, template<class> class PatchField, class GeoMesh> Foam::tmp<Foam::GeometricField<typename Foam::typeOfSum<Type1, Type2>::type, PatchField, GeoMesh> > Foam::operator+(const Foam::tmp<Foam::GeometricField<TypeR, PatchField, GeoMesh> >&, const Foam::GeometricField<Type1, PatchField, GeoMesh>&)
 operator op                                                                    \
 ^
/opt/openfoam5/src/OpenFOAM/lnInclude/GeometricFieldFunctions.C:971:1: note: in expansion of macro 'PRODUCT_OPERATOR'
 PRODUCT_OPERATOR(typeOfSum, +, add)
 ^
/opt/openfoam5/src/OpenFOAM/lnInclude/GeometricFieldFunctions.C:688:1: note:   template argument deduction/substitution failed:
 operator op                                                                    \
 ^
/opt/openfoam5/src/OpenFOAM/lnInclude/GeometricFieldFunctions.C:971:1: note: in expansion of macro 'PRODUCT_OPERATOR'
 PRODUCT_OPERATOR(typeOfSum, +, add)
 ^
In file included from pamFoam.C:139:0:
./processModels/SSEqn.H:9:7: note:   'const volScalarField {aka const Foam::GeometricField<double, Foam::fvPatchField, Foam::volMesh>}' is not derived from 'const Foam::tmp<Foam::GeometricField<TypeR, PatchField, GeoMesh> >'
     + alphaLiquid * fSSXS * rhoHydrolysis
       ^
In file included from /opt/openfoam5/src/OpenFOAM/lnInclude/GeometricField.C:1353:0,
                 from /opt/openfoam5/src/OpenFOAM/lnInclude/GeometricField.H:660,
                 from /opt/openfoam5/src/OpenFOAM/lnInclude/GeometricScalarField.H:38,
                 from /opt/openfoam5/src/OpenFOAM/lnInclude/GeometricFields.H:34,
                 from /opt/openfoam5/src/finiteVolume/lnInclude/volFields.H:37,
                 from /opt/openfoam5/src/finiteVolume/lnInclude/surfaceInterpolationScheme.C:27,
                 from /opt/openfoam5/src/finiteVolume/lnInclude/surfaceInterpolationScheme.H:307,
                 from /opt/openfoam5/src/finiteVolume/lnInclude/surfaceInterpolate.H:41,
                 from /opt/openfoam5/src/finiteVolume/lnInclude/fvc.H:39,
                 from /opt/openfoam5/src/finiteVolume/lnInclude/fvCFD.H:8,
                 from pamFoam.C:36:
/opt/openfoam5/src/OpenFOAM/lnInclude/GeometricFieldFunctions.C:719:1: note: candidate: template<class Type1, class Type2, template<class> class PatchField, class GeoMesh> Foam::tmp<Foam::GeometricField<typename Foam::typeOfSum<Type1, Type2>::type, PatchField, GeoMesh> > Foam::operator+(const Foam::tmp<Foam::GeometricField<TypeR, PatchField, GeoMesh> >&, const Foam::tmp<Foam::GeometricField<Type1, PatchField, GeoMesh> >&)
 operator op                                                                    \
 ^
/opt/openfoam5/src/OpenFOAM/lnInclude/GeometricFieldFunctions.C:971:1: note: in expansion of macro 'PRODUCT_OPERATOR'
 PRODUCT_OPERATOR(typeOfSum, +, add)
 ^
/opt/openfoam5/src/OpenFOAM/lnInclude/GeometricFieldFunctions.C:719:1: note:   template argument deduction/substitution failed:
 operator op                                                                    \
 ^
/opt/openfoam5/src/OpenFOAM/lnInclude/GeometricFieldFunctions.C:971:1: note: in expansion of macro 'PRODUCT_OPERATOR'
 PRODUCT_OPERATOR(typeOfSum, +, add)
 ^
In file included from pamFoam.C:139:0:
./processModels/SSEqn.H:9:7: note:   'const volScalarField {aka const Foam::GeometricField<double, Foam::fvPatchField, Foam::volMesh>}' is not derived from 'const Foam::tmp<Foam::GeometricField<TypeR, PatchField, GeoMesh> >'
     + alphaLiquid * fSSXS * rhoHydrolysis
       ^
In file included from /opt/openfoam5/src/OpenFOAM/lnInclude/GeometricField.C:1353:0,
                 from /opt/openfoam5/src/OpenFOAM/lnInclude/GeometricField.H:660,
                 from /opt/openfoam5/src/OpenFOAM/lnInclude/GeometricScalarField.H:38,
                 from /opt/openfoam5/src/OpenFOAM/lnInclude/GeometricFields.H:34,
                 from /opt/openfoam5/src/finiteVolume/lnInclude/volFields.H:37,
                 from /opt/openfoam5/src/finiteVolume/lnInclude/surfaceInterpolationScheme.C:27,
                 from /opt/openfoam5/src/finiteVolume/lnInclude/surfaceInterpolationScheme.H:307,
                 from /opt/openfoam5/src/finiteVolume/lnInclude/surfaceInterpolate.H:41,
                 from /opt/openfoam5/src/finiteVolume/lnInclude/fvc.H:39,
                 from /opt/openfoam5/src/finiteVolume/lnInclude/fvCFD.H:8,
                 from pamFoam.C:36:
/opt/openfoam5/src/OpenFOAM/lnInclude/GeometricFieldFunctions.C:765:1: note: candidate: template<class Form, class Type, template<class> class PatchField, class GeoMesh> Foam::tmp<Foam::GeometricField<typename Foam::typeOfSum<Type, Form>::type, PatchField, GeoMesh> > Foam::operator+(const Foam::GeometricField<Type1, PatchField, GeoMesh>&, const Foam::dimensioned<Type>&)
 operator op                                                                    \
 ^
/opt/openfoam5/src/OpenFOAM/lnInclude/GeometricFieldFunctions.C:971:1: note: in expansion of macro 'PRODUCT_OPERATOR'
 PRODUCT_OPERATOR(typeOfSum, +, add)
 ^
/opt/openfoam5/src/OpenFOAM/lnInclude/GeometricFieldFunctions.C:765:1: note:   template argument deduction/substitution failed:
 operator op                                                                    \
 ^
/opt/openfoam5/src/OpenFOAM/lnInclude/GeometricFieldFunctions.C:971:1: note: in expansion of macro 'PRODUCT_OPERATOR'
 PRODUCT_OPERATOR(typeOfSum, +, add)
 ^
In file included from pamFoam.C:139:0:
./processModels/SSEqn.H:9:7: note:   candidate expects 2 arguments, 1 provided
     + alphaLiquid * fSSXS * rhoHydrolysis
       ^
In file included from /opt/openfoam5/src/OpenFOAM/lnInclude/GeometricField.C:1353:0,
                 from /opt/openfoam5/src/OpenFOAM/lnInclude/GeometricField.H:660,
                 from /opt/openfoam5/src/OpenFOAM/lnInclude/GeometricScalarField.H:38,
                 from /opt/openfoam5/src/OpenFOAM/lnInclude/GeometricFields.H:34,
                 from /opt/openfoam5/src/finiteVolume/lnInclude/volFields.H:37,
                 from /opt/openfoam5/src/finiteVolume/lnInclude/surfaceInterpolationScheme.C:27,
                 from /opt/openfoam5/src/finiteVolume/lnInclude/surfaceInterpolationScheme.H:307,
                 from /opt/openfoam5/src/finiteVolume/lnInclude/surfaceInterpolate.H:41,
                 from /opt/openfoam5/src/finiteVolume/lnInclude/fvc.H:39,
                 from /opt/openfoam5/src/finiteVolume/lnInclude/fvCFD.H:8,
                 from pamFoam.C:36:
/opt/openfoam5/src/OpenFOAM/lnInclude/GeometricFieldFunctions.C:804:1: note: candidate: template<class Form, class Cmpt, unsigned char nCmpt, class Type, template<class> class PatchField, class GeoMesh> Foam::tmp<Foam::GeometricField<typename Foam::typeOfSum<Form, Type>::type, PatchField, GeoMesh> > Foam::operator+(const Foam::GeometricField<Type2, PatchField, GeoMesh>&, const Foam::VectorSpace<Form, Cmpt, Ncmpts>&)
 operator op                                                                    \
 ^
/opt/openfoam5/src/OpenFOAM/lnInclude/GeometricFieldFunctions.C:971:1: note: in expansion of macro 'PRODUCT_OPERATOR'
 PRODUCT_OPERATOR(typeOfSum, +, add)
 ^
/opt/openfoam5/src/OpenFOAM/lnInclude/GeometricFieldFunctions.C:804:1: note:   template argument deduction/substitution failed:
 operator op                                                                    \
 ^
/opt/openfoam5/src/OpenFOAM/lnInclude/GeometricFieldFunctions.C:971:1: note: in expansion of macro 'PRODUCT_OPERATOR'
 PRODUCT_OPERATOR(typeOfSum, +, add)
 ^
In file included from pamFoam.C:139:0:
./processModels/SSEqn.H:9:7: note:   candidate expects 2 arguments, 1 provided
     + alphaLiquid * fSSXS * rhoHydrolysis
       ^
In file included from /opt/openfoam5/src/OpenFOAM/lnInclude/GeometricField.C:1353:0,
                 from /opt/openfoam5/src/OpenFOAM/lnInclude/GeometricField.H:660,
                 from /opt/openfoam5/src/OpenFOAM/lnInclude/GeometricScalarField.H:38,
                 from /opt/openfoam5/src/OpenFOAM/lnInclude/GeometricFields.H:34,
                 from /opt/openfoam5/src/finiteVolume/lnInclude/volFields.H:37,
                 from /opt/openfoam5/src/finiteVolume/lnInclude/surfaceInterpolationScheme.C:27,
                 from /opt/openfoam5/src/finiteVolume/lnInclude/surfaceInterpolationScheme.H:307,
                 from /opt/openfoam5/src/finiteVolume/lnInclude/surfaceInterpolate.H:41,
                 from /opt/openfoam5/src/finiteVolume/lnInclude/fvc.H:39,
                 from /opt/openfoam5/src/finiteVolume/lnInclude/fvCFD.H:8,
                 from pamFoam.C:36:
/opt/openfoam5/src/OpenFOAM/lnInclude/GeometricFieldFunctions.C:817:1: note: candidate: template<class Form, class Type, template<class> class PatchField, class GeoMesh> Foam::tmp<Foam::GeometricField<typename Foam::typeOfSum<Type, Form>::type, PatchField, GeoMesh> > Foam::operator+(const Foam::tmp<Foam::GeometricField<Type1, PatchField, GeoMesh> >&, const Foam::dimensioned<Type>&)
 operator op                                                                    \
 ^
/opt/openfoam5/src/OpenFOAM/lnInclude/GeometricFieldFunctions.C:971:1: note: in expansion of macro 'PRODUCT_OPERATOR'
 PRODUCT_OPERATOR(typeOfSum, +, add)
 ^
/opt/openfoam5/src/OpenFOAM/lnInclude/GeometricFieldFunctions.C:817:1: note:   template argument deduction/substitution failed:
 operator op                                                                    \
 ^
/opt/openfoam5/src/OpenFOAM/lnInclude/GeometricFieldFunctions.C:971:1: note: in expansion of macro 'PRODUCT_OPERATOR'
 PRODUCT_OPERATOR(typeOfSum, +, add)
 ^
In file included from pamFoam.C:139:0:
./processModels/SSEqn.H:9:7: note:   'const volScalarField {aka const Foam::GeometricField<double, Foam::fvPatchField, Foam::volMesh>}' is not derived from 'const Foam::tmp<Foam::GeometricField<Type1, PatchField, GeoMesh> >'
     + alphaLiquid * fSSXS * rhoHydrolysis
       ^
In file included from /opt/openfoam5/src/OpenFOAM/lnInclude/GeometricField.C:1353:0,
                 from /opt/openfoam5/src/OpenFOAM/lnInclude/GeometricField.H:660,
                 from /opt/openfoam5/src/OpenFOAM/lnInclude/GeometricScalarField.H:38,
                 from /opt/openfoam5/src/OpenFOAM/lnInclude/GeometricFields.H:34,
                 from /opt/openfoam5/src/finiteVolume/lnInclude/volFields.H:37,
                 from /opt/openfoam5/src/finiteVolume/lnInclude/surfaceInterpolationScheme.C:27,
                 from /opt/openfoam5/src/finiteVolume/lnInclude/surfaceInterpolationScheme.H:307,
                 from /opt/openfoam5/src/finiteVolume/lnInclude/surfaceInterpolate.H:41,
                 from /opt/openfoam5/src/finiteVolume/lnInclude/fvc.H:39,
                 from /opt/openfoam5/src/finiteVolume/lnInclude/fvCFD.H:8,
                 from pamFoam.C:36:
/opt/openfoam5/src/OpenFOAM/lnInclude/GeometricFieldFunctions.C:851:1: note: candidate: template<class Form, class Cmpt, unsigned char nCmpt, class Type, template<class> class PatchField, class GeoMesh> Foam::tmp<Foam::GeometricField<typename Foam::typeOfSum<Form, Type>::type, PatchField, GeoMesh> > Foam::operator+(const Foam::tmp<Foam::GeometricField<Type2, PatchField, GeoMesh> >&, const Foam::VectorSpace<Form, Cmpt, Ncmpts>&)
 operator op                                                                    \
 ^
/opt/openfoam5/src/OpenFOAM/lnInclude/GeometricFieldFunctions.C:971:1: note: in expansion of macro 'PRODUCT_OPERATOR'
 PRODUCT_OPERATOR(typeOfSum, +, add)
 ^
/opt/openfoam5/src/OpenFOAM/lnInclude/GeometricFieldFunctions.C:851:1: note:   template argument deduction/substitution failed:
 operator op                                                                    \
 ^
/opt/openfoam5/src/OpenFOAM/lnInclude/GeometricFieldFunctions.C:971:1: note: in expansion of macro 'PRODUCT_OPERATOR'
 PRODUCT_OPERATOR(typeOfSum, +, add)
 ^
In file included from pamFoam.C:139:0:
./processModels/SSEqn.H:9:7: note:   'const volScalarField {aka const Foam::GeometricField<double, Foam::fvPatchField, Foam::volMesh>}' is not derived from 'const Foam::tmp<Foam::GeometricField<Type2, PatchField, GeoMesh> >'
     + alphaLiquid * fSSXS * rhoHydrolysis
       ^
In file included from /opt/openfoam5/src/OpenFOAM/lnInclude/GeometricField.C:1353:0,
                 from /opt/openfoam5/src/OpenFOAM/lnInclude/GeometricField.H:660,
                 from /opt/openfoam5/src/OpenFOAM/lnInclude/GeometricScalarField.H:38,
                 from /opt/openfoam5/src/OpenFOAM/lnInclude/GeometricFields.H:34,
                 from /opt/openfoam5/src/finiteVolume/lnInclude/volFields.H:37,
                 from /opt/openfoam5/src/finiteVolume/lnInclude/surfaceInterpolationScheme.C:27,
                 from /opt/openfoam5/src/finiteVolume/lnInclude/surfaceInterpolationScheme.H:307,
                 from /opt/openfoam5/src/finiteVolume/lnInclude/surfaceInterpolate.H:41,
                 from /opt/openfoam5/src/finiteVolume/lnInclude/fvc.H:39,
                 from /opt/openfoam5/src/finiteVolume/lnInclude/fvCFD.H:8,
                 from pamFoam.C:36:
/opt/openfoam5/src/OpenFOAM/lnInclude/GeometricFieldFunctions.C:878:1: note: candidate: template<class Form, class Type, template<class> class PatchField, class GeoMesh> Foam::tmp<Foam::GeometricField<typename Foam::typeOfSum<Type1, Type2>::type, PatchField, GeoMesh> > Foam::operator+(const Foam::dimensioned<Type>&, const Foam::GeometricField<Type1, PatchField, GeoMesh>&)
 operator op                                                                    \
 ^
/opt/openfoam5/src/OpenFOAM/lnInclude/GeometricFieldFunctions.C:971:1: note: in expansion of macro 'PRODUCT_OPERATOR'
 PRODUCT_OPERATOR(typeOfSum, +, add)
 ^
/opt/openfoam5/src/OpenFOAM/lnInclude/GeometricFieldFunctions.C:878:1: note:   template argument deduction/substitution failed:
 operator op                                                                    \
 ^
/opt/openfoam5/src/OpenFOAM/lnInclude/GeometricFieldFunctions.C:971:1: note: in expansion of macro 'PRODUCT_OPERATOR'
 PRODUCT_OPERATOR(typeOfSum, +, add)
 ^
In file included from pamFoam.C:139:0:
./processModels/SSEqn.H:9:7: note:   'const volScalarField {aka const Foam::GeometricField<double, Foam::fvPatchField, Foam::volMesh>}' is not derived from 'const Foam::dimensioned<Type>'
     + alphaLiquid * fSSXS * rhoHydrolysis
       ^
In file included from /opt/openfoam5/src/OpenFOAM/lnInclude/GeometricField.C:1353:0,
                 from /opt/openfoam5/src/OpenFOAM/lnInclude/GeometricField.H:660,
                 from /opt/openfoam5/src/OpenFOAM/lnInclude/GeometricScalarField.H:38,
                 from /opt/openfoam5/src/OpenFOAM/lnInclude/GeometricFields.H:34,
                 from /opt/openfoam5/src/finiteVolume/lnInclude/volFields.H:37,
                 from /opt/openfoam5/src/finiteVolume/lnInclude/surfaceInterpolationScheme.C:27,
                 from /opt/openfoam5/src/finiteVolume/lnInclude/surfaceInterpolationScheme.H:307,
                 from /opt/openfoam5/src/finiteVolume/lnInclude/surfaceInterpolate.H:41,
                 from /opt/openfoam5/src/finiteVolume/lnInclude/fvc.H:39,
                 from /opt/openfoam5/src/finiteVolume/lnInclude/fvCFD.H:8,
                 from pamFoam.C:36:
/opt/openfoam5/src/OpenFOAM/lnInclude/GeometricFieldFunctions.C:916:1: note: candidate: template<class Form, class Cmpt, unsigned char nCmpt, class Type, template<class> class PatchField, class GeoMesh> Foam::tmp<Foam::GeometricField<typename Foam::typeOfSum<Form, Type>::type, PatchField, GeoMesh> > Foam::operator+(const Foam::VectorSpace<Form, Cmpt, Ncmpts>&, const Foam::GeometricField<Type2, PatchField, GeoMesh>&)
 operator op                                                                    \
 ^
/opt/openfoam5/src/OpenFOAM/lnInclude/GeometricFieldFunctions.C:971:1: note: in expansion of macro 'PRODUCT_OPERATOR'
 PRODUCT_OPERATOR(typeOfSum, +, add)
 ^
/opt/openfoam5/src/OpenFOAM/lnInclude/GeometricFieldFunctions.C:916:1: note:   template argument deduction/substitution failed:
 operator op                                                                    \
 ^
/opt/openfoam5/src/OpenFOAM/lnInclude/GeometricFieldFunctions.C:971:1: note: in expansion of macro 'PRODUCT_OPERATOR'
 PRODUCT_OPERATOR(typeOfSum, +, add)
 ^
In file included from pamFoam.C:139:0:
./processModels/SSEqn.H:9:7: note:   'const volScalarField {aka const Foam::GeometricField<double, Foam::fvPatchField, Foam::volMesh>}' is not derived from 'const Foam::VectorSpace<Form, Cmpt, Ncmpts>'
     + alphaLiquid * fSSXS * rhoHydrolysis
       ^
In file included from /opt/openfoam5/src/OpenFOAM/lnInclude/GeometricField.C:1353:0,
                 from /opt/openfoam5/src/OpenFOAM/lnInclude/GeometricField.H:660,
                 from /opt/openfoam5/src/OpenFOAM/lnInclude/GeometricScalarField.H:38,
                 from /opt/openfoam5/src/OpenFOAM/lnInclude/GeometricFields.H:34,
                 from /opt/openfoam5/src/finiteVolume/lnInclude/volFields.H:37,
                 from /opt/openfoam5/src/finiteVolume/lnInclude/surfaceInterpolationScheme.C:27,
                 from /opt/openfoam5/src/finiteVolume/lnInclude/surfaceInterpolationScheme.H:307,
                 from /opt/openfoam5/src/finiteVolume/lnInclude/surfaceInterpolate.H:41,
                 from /opt/openfoam5/src/finiteVolume/lnInclude/fvc.H:39,
                 from /opt/openfoam5/src/finiteVolume/lnInclude/fvCFD.H:8,
                 from pamFoam.C:36:
/opt/openfoam5/src/OpenFOAM/lnInclude/GeometricFieldFunctions.C:928:1: note: candidate: template<class Form, class Type, template<class> class PatchField, class GeoMesh> Foam::tmp<Foam::GeometricField<typename Foam::typeOfSum<Type1, Type2>::type, PatchField, GeoMesh> > Foam::operator+(const Foam::dimensioned<Type>&, const Foam::tmp<Foam::GeometricField<Type1, PatchField, GeoMesh> >&)
 operator op                                                                    \
 ^
/opt/openfoam5/src/OpenFOAM/lnInclude/GeometricFieldFunctions.C:971:1: note: in expansion of macro 'PRODUCT_OPERATOR'
 PRODUCT_OPERATOR(typeOfSum, +, add)
 ^
/opt/openfoam5/src/OpenFOAM/lnInclude/GeometricFieldFunctions.C:928:1: note:   template argument deduction/substitution failed:
 operator op                                                                    \
 ^
/opt/openfoam5/src/OpenFOAM/lnInclude/GeometricFieldFunctions.C:971:1: note: in expansion of macro 'PRODUCT_OPERATOR'
 PRODUCT_OPERATOR(typeOfSum, +, add)
 ^
In file included from pamFoam.C:139:0:
./processModels/SSEqn.H:9:7: note:   'const volScalarField {aka const Foam::GeometricField<double, Foam::fvPatchField, Foam::volMesh>}' is not derived from 'const Foam::dimensioned<Type>'
     + alphaLiquid * fSSXS * rhoHydrolysis
       ^
In file included from /opt/openfoam5/src/OpenFOAM/lnInclude/GeometricField.C:1353:0,
                 from /opt/openfoam5/src/OpenFOAM/lnInclude/GeometricField.H:660,
                 from /opt/openfoam5/src/OpenFOAM/lnInclude/GeometricScalarField.H:38,
                 from /opt/openfoam5/src/OpenFOAM/lnInclude/GeometricFields.H:34,
                 from /opt/openfoam5/src/finiteVolume/lnInclude/volFields.H:37,
                 from /opt/openfoam5/src/finiteVolume/lnInclude/surfaceInterpolationScheme.C:27,
                 from /opt/openfoam5/src/finiteVolume/lnInclude/surfaceInterpolationScheme.H:307,
                 from /opt/openfoam5/src/finiteVolume/lnInclude/surfaceInterpolate.H:41,
                 from /opt/openfoam5/src/finiteVolume/lnInclude/fvc.H:39,
                 from /opt/openfoam5/src/finiteVolume/lnInclude/fvCFD.H:8,
                 from pamFoam.C:36:
/opt/openfoam5/src/OpenFOAM/lnInclude/GeometricFieldFunctions.C:962:1: note: candidate: template<class Form, class Cmpt, unsigned char nCmpt, class Type, template<class> class PatchField, class GeoMesh> Foam::tmp<Foam::GeometricField<typename Foam::typeOfSum<Form, Type>::type, PatchField, GeoMesh> > Foam::operator+(const Foam::VectorSpace<Form, Cmpt, Ncmpts>&, const Foam::tmp<Foam::GeometricField<Type2, PatchField, GeoMesh> >&)
 operator op                                                                    \
 ^
/opt/openfoam5/src/OpenFOAM/lnInclude/GeometricFieldFunctions.C:971:1: note: in expansion of macro 'PRODUCT_OPERATOR'
 PRODUCT_OPERATOR(typeOfSum, +, add)
 ^
/opt/openfoam5/src/OpenFOAM/lnInclude/GeometricFieldFunctions.C:962:1: note:   template argument deduction/substitution failed:
 operator op                                                                    \
 ^
/opt/openfoam5/src/OpenFOAM/lnInclude/GeometricFieldFunctions.C:971:1: note: in expansion of macro 'PRODUCT_OPERATOR'
 PRODUCT_OPERATOR(typeOfSum, +, add)
 ^
In file included from pamFoam.C:139:0:
./processModels/SSEqn.H:9:7: note:   'const volScalarField {aka const Foam::GeometricField<double, Foam::fvPatchField, Foam::volMesh>}' is not derived from 'const Foam::VectorSpace<Form, Cmpt, Ncmpts>'
     + alphaLiquid * fSSXS * rhoHydrolysis
       ^
In file included from /opt/openfoam5/src/OpenFOAM/lnInclude/GeometricScalarField.C:29:0,
                 from /opt/openfoam5/src/OpenFOAM/lnInclude/GeometricScalarField.H:173,
                 from /opt/openfoam5/src/OpenFOAM/lnInclude/GeometricFields.H:34,
                 from /opt/openfoam5/src/finiteVolume/lnInclude/volFields.H:37,
                 from /opt/openfoam5/src/finiteVolume/lnInclude/surfaceInterpolationScheme.C:27,
                 from /opt/openfoam5/src/finiteVolume/lnInclude/surfaceInterpolationScheme.H:307,
                 from /opt/openfoam5/src/finiteVolume/lnInclude/surfaceInterpolate.H:41,
                 from /opt/openfoam5/src/finiteVolume/lnInclude/fvc.H:39,
                 from /opt/openfoam5/src/finiteVolume/lnInclude/fvCFD.H:8,
                 from pamFoam.C:36:
/opt/openfoam5/src/OpenFOAM/lnInclude/GeometricFieldFunctionsM.C:645:54: note: candidate: template<template<class> class PatchField, class GeoMesh> Foam::tmp<Foam::GeometricField<double, PatchField, GeoMesh> > Foam::operator+(const Foam::dimensioned<double>&, const Foam::GeometricField<double, PatchField, GeoMesh>&)
 tmp<GeometricField<ReturnType, PatchField, GeoMesh>> operator Op               \
                                                      ^
/opt/openfoam5/src/OpenFOAM/lnInclude/GeometricFieldFunctionsM.C:813:5: note: in expansion of macro 'BINARY_TYPE_OPERATOR_SF'
     BINARY_TYPE_OPERATOR_SF(ReturnType, Type1, Type2, Op, OpName, OpFunc)      \
     ^
/opt/openfoam5/src/OpenFOAM/lnInclude/GeometricScalarField.C:110:1: note: in expansion of macro 'BINARY_TYPE_OPERATOR'
 BINARY_TYPE_OPERATOR(scalar, scalar, scalar, +, '+', add)
 ^
/opt/openfoam5/src/OpenFOAM/lnInclude/GeometricFieldFunctionsM.C:645:54: note:   template argument deduction/substitution failed:
 tmp<GeometricField<ReturnType, PatchField, GeoMesh>> operator Op               \
                                                      ^
/opt/openfoam5/src/OpenFOAM/lnInclude/GeometricFieldFunctionsM.C:813:5: note: in expansion of macro 'BINARY_TYPE_OPERATOR_SF'
     BINARY_TYPE_OPERATOR_SF(ReturnType, Type1, Type2, Op, OpName, OpFunc)      \
     ^
/opt/openfoam5/src/OpenFOAM/lnInclude/GeometricScalarField.C:110:1: note: in expansion of macro 'BINARY_TYPE_OPERATOR'
 BINARY_TYPE_OPERATOR(scalar, scalar, scalar, +, '+', add)
 ^
In file included from pamFoam.C:139:0:
./processModels/SSEqn.H:9:7: note:   cannot convert 'alphaLiquid' (type 'const volScalarField {aka const Foam::GeometricField<double, Foam::fvPatchField, Foam::volMesh>}') to type 'const Foam::dimensioned<double>&'
     + alphaLiquid * fSSXS * rhoHydrolysis
       ^
In file included from /opt/openfoam5/src/OpenFOAM/lnInclude/GeometricScalarField.C:29:0,
                 from /opt/openfoam5/src/OpenFOAM/lnInclude/GeometricScalarField.H:173,
                 from /opt/openfoam5/src/OpenFOAM/lnInclude/GeometricFields.H:34,
                 from /opt/openfoam5/src/finiteVolume/lnInclude/volFields.H:37,
                 from /opt/openfoam5/src/finiteVolume/lnInclude/surfaceInterpolationScheme.C:27,
                 from /opt/openfoam5/src/finiteVolume/lnInclude/surfaceInterpolationScheme.H:307,
                 from /opt/openfoam5/src/finiteVolume/lnInclude/surfaceInterpolate.H:41,
                 from /opt/openfoam5/src/finiteVolume/lnInclude/fvc.H:39,
                 from /opt/openfoam5/src/finiteVolume/lnInclude/fvCFD.H:8,
                 from pamFoam.C:36:
/opt/openfoam5/src/OpenFOAM/lnInclude/GeometricFieldFunctionsM.C:674:54: note: candidate: template<template<class> class PatchField, class GeoMesh> Foam::tmp<Foam::GeometricField<double, PatchField, GeoMesh> > Foam::operator+(const scalar&, const Foam::GeometricField<double, PatchField, GeoMesh>&)
 tmp<GeometricField<ReturnType, PatchField, GeoMesh>> operator Op               \
                                                      ^
/opt/openfoam5/src/OpenFOAM/lnInclude/GeometricFieldFunctionsM.C:813:5: note: in expansion of macro 'BINARY_TYPE_OPERATOR_SF'
     BINARY_TYPE_OPERATOR_SF(ReturnType, Type1, Type2, Op, OpName, OpFunc)      \
     ^
/opt/openfoam5/src/OpenFOAM/lnInclude/GeometricScalarField.C:110:1: note: in expansion of macro 'BINARY_TYPE_OPERATOR'
 BINARY_TYPE_OPERATOR(scalar, scalar, scalar, +, '+', add)
 ^
/opt/openfoam5/src/OpenFOAM/lnInclude/GeometricFieldFunctionsM.C:674:54: note:   template argument deduction/substitution failed:
 tmp<GeometricField<ReturnType, PatchField, GeoMesh>> operator Op               \
                                                      ^
/opt/openfoam5/src/OpenFOAM/lnInclude/GeometricFieldFunctionsM.C:813:5: note: in expansion of macro 'BINARY_TYPE_OPERATOR_SF'
     BINARY_TYPE_OPERATOR_SF(ReturnType, Type1, Type2, Op, OpName, OpFunc)      \
     ^
/opt/openfoam5/src/OpenFOAM/lnInclude/GeometricScalarField.C:110:1: note: in expansion of macro 'BINARY_TYPE_OPERATOR'
 BINARY_TYPE_OPERATOR(scalar, scalar, scalar, +, '+', add)
 ^
In file included from pamFoam.C:139:0:
./processModels/SSEqn.H:9:7: note:   cannot convert 'alphaLiquid' (type 'const volScalarField {aka const Foam::GeometricField<double, Foam::fvPatchField, Foam::volMesh>}') to type 'const scalar& {aka const double&}'
     + alphaLiquid * fSSXS * rhoHydrolysis
       ^
In file included from /opt/openfoam5/src/OpenFOAM/lnInclude/GeometricScalarField.C:29:0,
                 from /opt/openfoam5/src/OpenFOAM/lnInclude/GeometricScalarField.H:173,
                 from /opt/openfoam5/src/OpenFOAM/lnInclude/GeometricFields.H:34,
                 from /opt/openfoam5/src/finiteVolume/lnInclude/volFields.H:37,
                 from /opt/openfoam5/src/finiteVolume/lnInclude/surfaceInterpolationScheme.C:27,
                 from /opt/openfoam5/src/finiteVolume/lnInclude/surfaceInterpolationScheme.H:307,
                 from /opt/openfoam5/src/finiteVolume/lnInclude/surfaceInterpolate.H:41,
                 from /opt/openfoam5/src/finiteVolume/lnInclude/fvc.H:39,
                 from /opt/openfoam5/src/finiteVolume/lnInclude/fvCFD.H:8,
                 from pamFoam.C:36:
/opt/openfoam5/src/OpenFOAM/lnInclude/GeometricFieldFunctionsM.C:685:54: note: candidate: template<template<class> class PatchField, class GeoMesh> Foam::tmp<Foam::GeometricField<double, PatchField, GeoMesh> > Foam::operator+(const Foam::dimensioned<double>&, const Foam::tmp<Foam::GeometricField<double, PatchField, GeoMesh> >&)
 tmp<GeometricField<ReturnType, PatchField, GeoMesh>> operator Op               \
                                                      ^
/opt/openfoam5/src/OpenFOAM/lnInclude/GeometricFieldFunctionsM.C:813:5: note: in expansion of macro 'BINARY_TYPE_OPERATOR_SF'
     BINARY_TYPE_OPERATOR_SF(ReturnType, Type1, Type2, Op, OpName, OpFunc)      \
     ^
/opt/openfoam5/src/OpenFOAM/lnInclude/GeometricScalarField.C:110:1: note: in expansion of macro 'BINARY_TYPE_OPERATOR'
 BINARY_TYPE_OPERATOR(scalar, scalar, scalar, +, '+', add)
 ^
/opt/openfoam5/src/OpenFOAM/lnInclude/GeometricFieldFunctionsM.C:685:54: note:   template argument deduction/substitution failed:
 tmp<GeometricField<ReturnType, PatchField, GeoMesh>> operator Op               \
                                                      ^
/opt/openfoam5/src/OpenFOAM/lnInclude/GeometricFieldFunctionsM.C:813:5: note: in expansion of macro 'BINARY_TYPE_OPERATOR_SF'
     BINARY_TYPE_OPERATOR_SF(ReturnType, Type1, Type2, Op, OpName, OpFunc)      \
     ^
/opt/openfoam5/src/OpenFOAM/lnInclude/GeometricScalarField.C:110:1: note: in expansion of macro 'BINARY_TYPE_OPERATOR'
 BINARY_TYPE_OPERATOR(scalar, scalar, scalar, +, '+', add)
 ^
In file included from pamFoam.C:139:0:
./processModels/SSEqn.H:9:7: note:   cannot convert 'alphaLiquid' (type 'const volScalarField {aka const Foam::GeometricField<double, Foam::fvPatchField, Foam::volMesh>}') to type 'const Foam::dimensioned<double>&'
     + alphaLiquid * fSSXS * rhoHydrolysis
       ^
In file included from /opt/openfoam5/src/OpenFOAM/lnInclude/GeometricScalarField.C:29:0,
                 from /opt/openfoam5/src/OpenFOAM/lnInclude/GeometricScalarField.H:173,
                 from /opt/openfoam5/src/OpenFOAM/lnInclude/GeometricFields.H:34,
                 from /opt/openfoam5/src/finiteVolume/lnInclude/volFields.H:37,
                 from /opt/openfoam5/src/finiteVolume/lnInclude/surfaceInterpolationScheme.C:27,
                 from /opt/openfoam5/src/finiteVolume/lnInclude/surfaceInterpolationScheme.H:307,
                 from /opt/openfoam5/src/finiteVolume/lnInclude/surfaceInterpolate.H:41,
                 from /opt/openfoam5/src/finiteVolume/lnInclude/fvc.H:39,
                 from /opt/openfoam5/src/finiteVolume/lnInclude/fvCFD.H:8,
                 from pamFoam.C:36:
/opt/openfoam5/src/OpenFOAM/lnInclude/GeometricFieldFunctionsM.C:711:54: note: candidate: template<template<class> class PatchField, class GeoMesh> Foam::tmp<Foam::GeometricField<double, PatchField, GeoMesh> > Foam::operator+(const scalar&, const Foam::tmp<Foam::GeometricField<double, PatchField, GeoMesh> >&)
 tmp<GeometricField<ReturnType, PatchField, GeoMesh>> operator Op               \
                                                      ^
/opt/openfoam5/src/OpenFOAM/lnInclude/GeometricFieldFunctionsM.C:813:5: note: in expansion of macro 'BINARY_TYPE_OPERATOR_SF'
     BINARY_TYPE_OPERATOR_SF(ReturnType, Type1, Type2, Op, OpName, OpFunc)      \
     ^
/opt/openfoam5/src/OpenFOAM/lnInclude/GeometricScalarField.C:110:1: note: in expansion of macro 'BINARY_TYPE_OPERATOR'
 BINARY_TYPE_OPERATOR(scalar, scalar, scalar, +, '+', add)
 ^
/opt/openfoam5/src/OpenFOAM/lnInclude/GeometricFieldFunctionsM.C:711:54: note:   template argument deduction/substitution failed:
 tmp<GeometricField<ReturnType, PatchField, GeoMesh>> operator Op               \
                                                      ^
/opt/openfoam5/src/OpenFOAM/lnInclude/GeometricFieldFunctionsM.C:813:5: note: in expansion of macro 'BINARY_TYPE_OPERATOR_SF'
     BINARY_TYPE_OPERATOR_SF(ReturnType, Type1, Type2, Op, OpName, OpFunc)      \
     ^
/opt/openfoam5/src/OpenFOAM/lnInclude/GeometricScalarField.C:110:1: note: in expansion of macro 'BINARY_TYPE_OPERATOR'
 BINARY_TYPE_OPERATOR(scalar, scalar, scalar, +, '+', add)
 ^
In file included from pamFoam.C:139:0:
./processModels/SSEqn.H:9:7: note:   cannot convert 'alphaLiquid' (type 'const volScalarField {aka const Foam::GeometricField<double, Foam::fvPatchField, Foam::volMesh>}') to type 'const scalar& {aka const double&}'
     + alphaLiquid * fSSXS * rhoHydrolysis
       ^
In file included from /opt/openfoam5/src/OpenFOAM/lnInclude/GeometricScalarField.C:29:0,
                 from /opt/openfoam5/src/OpenFOAM/lnInclude/GeometricScalarField.H:173,
                 from /opt/openfoam5/src/OpenFOAM/lnInclude/GeometricFields.H:34,
                 from /opt/openfoam5/src/finiteVolume/lnInclude/volFields.H:37,
                 from /opt/openfoam5/src/finiteVolume/lnInclude/surfaceInterpolationScheme.C:27,
                 from /opt/openfoam5/src/finiteVolume/lnInclude/surfaceInterpolationScheme.H:307,
                 from /opt/openfoam5/src/finiteVolume/lnInclude/surfaceInterpolate.H:41,
                 from /opt/openfoam5/src/finiteVolume/lnInclude/fvc.H:39,
                 from /opt/openfoam5/src/finiteVolume/lnInclude/fvCFD.H:8,
                 from pamFoam.C:36:
/opt/openfoam5/src/OpenFOAM/lnInclude/GeometricFieldFunctionsM.C:736:54: note: candidate: template<template<class> class PatchField, class GeoMesh> Foam::tmp<Foam::GeometricField<double, PatchField, GeoMesh> > Foam::operator+(const Foam::GeometricField<double, PatchField, GeoMesh>&, const Foam::dimensioned<double>&)
 tmp<GeometricField<ReturnType, PatchField, GeoMesh>> operator Op               \
                                                      ^
/opt/openfoam5/src/OpenFOAM/lnInclude/GeometricFieldFunctionsM.C:814:5: note: in expansion of macro 'BINARY_TYPE_OPERATOR_FS'
     BINARY_TYPE_OPERATOR_FS(ReturnType, Type1, Type2, Op, OpName, OpFunc)
     ^
/opt/openfoam5/src/OpenFOAM/lnInclude/GeometricScalarField.C:110:1: note: in expansion of macro 'BINARY_TYPE_OPERATOR'
 BINARY_TYPE_OPERATOR(scalar, scalar, scalar, +, '+', add)
 ^
/opt/openfoam5/src/OpenFOAM/lnInclude/GeometricFieldFunctionsM.C:736:54: note:   template argument deduction/substitution failed:
 tmp<GeometricField<ReturnType, PatchField, GeoMesh>> operator Op               \
                                                      ^
/opt/openfoam5/src/OpenFOAM/lnInclude/GeometricFieldFunctionsM.C:814:5: note: in expansion of macro 'BINARY_TYPE_OPERATOR_FS'
     BINARY_TYPE_OPERATOR_FS(ReturnType, Type1, Type2, Op, OpName, OpFunc)
     ^
/opt/openfoam5/src/OpenFOAM/lnInclude/GeometricScalarField.C:110:1: note: in expansion of macro 'BINARY_TYPE_OPERATOR'
 BINARY_TYPE_OPERATOR(scalar, scalar, scalar, +, '+', add)
 ^
In file included from pamFoam.C:139:0:
./processModels/SSEqn.H:9:7: note:   candidate expects 2 arguments, 1 provided
     + alphaLiquid * fSSXS * rhoHydrolysis
       ^
In file included from /opt/openfoam5/src/OpenFOAM/lnInclude/GeometricScalarField.C:29:0,
                 from /opt/openfoam5/src/OpenFOAM/lnInclude/GeometricScalarField.H:173,
                 from /opt/openfoam5/src/OpenFOAM/lnInclude/GeometricFields.H:34,
                 from /opt/openfoam5/src/finiteVolume/lnInclude/volFields.H:37,
                 from /opt/openfoam5/src/finiteVolume/lnInclude/surfaceInterpolationScheme.C:27,
                 from /opt/openfoam5/src/finiteVolume/lnInclude/surfaceInterpolationScheme.H:307,
                 from /opt/openfoam5/src/finiteVolume/lnInclude/surfaceInterpolate.H:41,
                 from /opt/openfoam5/src/finiteVolume/lnInclude/fvc.H:39,
                 from /opt/openfoam5/src/finiteVolume/lnInclude/fvCFD.H:8,
                 from pamFoam.C:36:
/opt/openfoam5/src/OpenFOAM/lnInclude/GeometricFieldFunctionsM.C:765:54: note: candidate: template<template<class> class PatchField, class GeoMesh> Foam::tmp<Foam::GeometricField<double, PatchField, GeoMesh> > Foam::operator+(const Foam::GeometricField<double, PatchField, GeoMesh>&, const scalar&)
 tmp<GeometricField<ReturnType, PatchField, GeoMesh>> operator Op               \
                                                      ^
/opt/openfoam5/src/OpenFOAM/lnInclude/GeometricFieldFunctionsM.C:814:5: note: in expansion of macro 'BINARY_TYPE_OPERATOR_FS'
     BINARY_TYPE_OPERATOR_FS(ReturnType, Type1, Type2, Op, OpName, OpFunc)
     ^
/opt/openfoam5/src/OpenFOAM/lnInclude/GeometricScalarField.C:110:1: note: in expansion of macro 'BINARY_TYPE_OPERATOR'
 BINARY_TYPE_OPERATOR(scalar, scalar, scalar, +, '+', add)
 ^
/opt/openfoam5/src/OpenFOAM/lnInclude/GeometricFieldFunctionsM.C:765:54: note:   template argument deduction/substitution failed:
 tmp<GeometricField<ReturnType, PatchField, GeoMesh>> operator Op               \
                                                      ^
/opt/openfoam5/src/OpenFOAM/lnInclude/GeometricFieldFunctionsM.C:814:5: note: in expansion of macro 'BINARY_TYPE_OPERATOR_FS'
     BINARY_TYPE_OPERATOR_FS(ReturnType, Type1, Type2, Op, OpName, OpFunc)
     ^
/opt/openfoam5/src/OpenFOAM/lnInclude/GeometricScalarField.C:110:1: note: in expansion of macro 'BINARY_TYPE_OPERATOR'
 BINARY_TYPE_OPERATOR(scalar, scalar, scalar, +, '+', add)
 ^
In file included from pamFoam.C:139:0:
./processModels/SSEqn.H:9:7: note:   candidate expects 2 arguments, 1 provided
     + alphaLiquid * fSSXS * rhoHydrolysis
       ^
In file included from /opt/openfoam5/src/OpenFOAM/lnInclude/GeometricScalarField.C:29:0,
                 from /opt/openfoam5/src/OpenFOAM/lnInclude/GeometricScalarField.H:173,
                 from /opt/openfoam5/src/OpenFOAM/lnInclude/GeometricFields.H:34,
                 from /opt/openfoam5/src/finiteVolume/lnInclude/volFields.H:37,
                 from /opt/openfoam5/src/finiteVolume/lnInclude/surfaceInterpolationScheme.C:27,
                 from /opt/openfoam5/src/finiteVolume/lnInclude/surfaceInterpolationScheme.H:307,
                 from /opt/openfoam5/src/finiteVolume/lnInclude/surfaceInterpolate.H:41,
                 from /opt/openfoam5/src/finiteVolume/lnInclude/fvc.H:39,
                 from /opt/openfoam5/src/finiteVolume/lnInclude/fvCFD.H:8,
                 from pamFoam.C:36:
/opt/openfoam5/src/OpenFOAM/lnInclude/GeometricFieldFunctionsM.C:776:54: note: candidate: template<template<class> class PatchField, class GeoMesh> Foam::tmp<Foam::GeometricField<double, PatchField, GeoMesh> > Foam::operator+(const Foam::tmp<Foam::GeometricField<double, PatchField, GeoMesh> >&, const Foam::dimensioned<double>&)
 tmp<GeometricField<ReturnType, PatchField, GeoMesh>> operator Op               \
                                                      ^
/opt/openfoam5/src/OpenFOAM/lnInclude/GeometricFieldFunctionsM.C:814:5: note: in expansion of macro 'BINARY_TYPE_OPERATOR_FS'
     BINARY_TYPE_OPERATOR_FS(ReturnType, Type1, Type2, Op, OpName, OpFunc)
     ^
/opt/openfoam5/src/OpenFOAM/lnInclude/GeometricScalarField.C:110:1: note: in expansion of macro 'BINARY_TYPE_OPERATOR'
 BINARY_TYPE_OPERATOR(scalar, scalar, scalar, +, '+', add)
 ^
/opt/openfoam5/src/OpenFOAM/lnInclude/GeometricFieldFunctionsM.C:776:54: note:   template argument deduction/substitution failed:
 tmp<GeometricField<ReturnType, PatchField, GeoMesh>> operator Op               \
                                                      ^
/opt/openfoam5/src/OpenFOAM/lnInclude/GeometricFieldFunctionsM.C:814:5: note: in expansion of macro 'BINARY_TYPE_OPERATOR_FS'
     BINARY_TYPE_OPERATOR_FS(ReturnType, Type1, Type2, Op, OpName, OpFunc)
     ^
/opt/openfoam5/src/OpenFOAM/lnInclude/GeometricScalarField.C:110:1: note: in expansion of macro 'BINARY_TYPE_OPERATOR'
 BINARY_TYPE_OPERATOR(scalar, scalar, scalar, +, '+', add)
 ^
In file included from pamFoam.C:139:0:
./processModels/SSEqn.H:9:7: note:   'const volScalarField {aka const Foam::GeometricField<double, Foam::fvPatchField, Foam::volMesh>}' is not derived from 'const Foam::tmp<Foam::GeometricField<double, PatchField, GeoMesh> >'
     + alphaLiquid * fSSXS * rhoHydrolysis
       ^
In file included from /opt/openfoam5/src/OpenFOAM/lnInclude/GeometricScalarField.C:29:0,
                 from /opt/openfoam5/src/OpenFOAM/lnInclude/GeometricScalarField.H:173,
                 from /opt/openfoam5/src/OpenFOAM/lnInclude/GeometricFields.H:34,
                 from /opt/openfoam5/src/finiteVolume/lnInclude/volFields.H:37,
                 from /opt/openfoam5/src/finiteVolume/lnInclude/surfaceInterpolationScheme.C:27,
                 from /opt/openfoam5/src/finiteVolume/lnInclude/surfaceInterpolationScheme.H:307,
                 from /opt/openfoam5/src/finiteVolume/lnInclude/surfaceInterpolate.H:41,
                 from /opt/openfoam5/src/finiteVolume/lnInclude/fvc.H:39,
                 from /opt/openfoam5/src/finiteVolume/lnInclude/fvCFD.H:8,
                 from pamFoam.C:36:
/opt/openfoam5/src/OpenFOAM/lnInclude/GeometricFieldFunctionsM.C:802:54: note: candidate: template<template<class> class PatchField, class GeoMesh> Foam::tmp<Foam::GeometricField<double, PatchField, GeoMesh> > Foam::operator+(const Foam::tmp<Foam::GeometricField<double, PatchField, GeoMesh> >&, const scalar&)
 tmp<GeometricField<ReturnType, PatchField, GeoMesh>> operator Op               \
                                                      ^
/opt/openfoam5/src/OpenFOAM/lnInclude/GeometricFieldFunctionsM.C:814:5: note: in expansion of macro 'BINARY_TYPE_OPERATOR_FS'
     BINARY_TYPE_OPERATOR_FS(ReturnType, Type1, Type2, Op, OpName, OpFunc)
     ^
/opt/openfoam5/src/OpenFOAM/lnInclude/GeometricScalarField.C:110:1: note: in expansion of macro 'BINARY_TYPE_OPERATOR'
 BINARY_TYPE_OPERATOR(scalar, scalar, scalar, +, '+', add)
 ^
/opt/openfoam5/src/OpenFOAM/lnInclude/GeometricFieldFunctionsM.C:802:54: note:   template argument deduction/substitution failed:
 tmp<GeometricField<ReturnType, PatchField, GeoMesh>> operator Op               \
                                                      ^
/opt/openfoam5/src/OpenFOAM/lnInclude/GeometricFieldFunctionsM.C:814:5: note: in expansion of macro 'BINARY_TYPE_OPERATOR_FS'
     BINARY_TYPE_OPERATOR_FS(ReturnType, Type1, Type2, Op, OpName, OpFunc)
     ^
/opt/openfoam5/src/OpenFOAM/lnInclude/GeometricScalarField.C:110:1: note: in expansion of macro 'BINARY_TYPE_OPERATOR'
 BINARY_TYPE_OPERATOR(scalar, scalar, scalar, +, '+', add)
 ^
In file included from pamFoam.C:139:0:
./processModels/SSEqn.H:9:7: note:   'const volScalarField {aka const Foam::GeometricField<double, Foam::fvPatchField, Foam::volMesh>}' is not derived from 'const Foam::tmp<Foam::GeometricField<double, PatchField, GeoMesh> >'
     + alphaLiquid * fSSXS * rhoHydrolysis
       ^
In file included from /opt/openfoam5/src/OpenFOAM/lnInclude/zeroField.H:82:0,
                 from /opt/openfoam5/src/OpenFOAM/lnInclude/zeroFieldField.H:40,
                 from /opt/openfoam5/src/OpenFOAM/lnInclude/geometricZeroField.H:40,
                 from /opt/openfoam5/src/finiteVolume/lnInclude/fvcDdt.H:43,
                 from /opt/openfoam5/src/finiteVolume/lnInclude/fvc.H:44,
                 from /opt/openfoam5/src/finiteVolume/lnInclude/fvCFD.H:8,
                 from pamFoam.C:36:
/opt/openfoam5/src/OpenFOAM/lnInclude/zeroFieldI.H:61:24: note: candidate: const Foam::zeroField Foam::operator+(const Foam::zeroField&, const Foam::zeroField&)
 inline const zeroField operator+(const zeroField&, const zeroField&)
                        ^
/opt/openfoam5/src/OpenFOAM/lnInclude/zeroFieldI.H:61:24: note:   candidate expects 2 arguments, 1 provided
/opt/openfoam5/src/OpenFOAM/lnInclude/zeroFieldI.H:67:20: note: candidate: template<class Type> const Type& Foam::operator+(const Type&, const Foam::zeroField&)
 inline const Type& operator+(const Type& t, const zeroField&)
                    ^
/opt/openfoam5/src/OpenFOAM/lnInclude/zeroFieldI.H:67:20: note:   template argument deduction/substitution failed:
In file included from pamFoam.C:139:0:
./processModels/SSEqn.H:9:7: note:   candidate expects 2 arguments, 1 provided
     + alphaLiquid * fSSXS * rhoHydrolysis
       ^
In file included from /opt/openfoam5/src/OpenFOAM/lnInclude/zeroField.H:82:0,
                 from /opt/openfoam5/src/OpenFOAM/lnInclude/zeroFieldField.H:40,
                 from /opt/openfoam5/src/OpenFOAM/lnInclude/geometricZeroField.H:40,
                 from /opt/openfoam5/src/finiteVolume/lnInclude/fvcDdt.H:43,
                 from /opt/openfoam5/src/finiteVolume/lnInclude/fvc.H:44,
                 from /opt/openfoam5/src/finiteVolume/lnInclude/fvCFD.H:8,
                 from pamFoam.C:36:
/opt/openfoam5/src/OpenFOAM/lnInclude/zeroFieldI.H:73:20: note: candidate: template<class Type> const Type& Foam::operator+(const Foam::zeroField&, const Type&)
 inline const Type& operator+(const zeroField&, const Type& t)
                    ^
/opt/openfoam5/src/OpenFOAM/lnInclude/zeroFieldI.H:73:20: note:   template argument deduction/substitution failed:
In file included from pamFoam.C:139:0:
./processModels/SSEqn.H:9:7: note:   cannot convert 'alphaLiquid' (type 'const volScalarField {aka const Foam::GeometricField<double, Foam::fvPatchField, Foam::volMesh>}') to type 'const Foam::zeroField&'
     + alphaLiquid * fSSXS * rhoHydrolysis
       ^
In file included from /opt/openfoam5/src/finiteVolume/lnInclude/fvMatrix.H:1061:0,
                 from /opt/openfoam5/src/finiteVolume/lnInclude/ddtScheme.C:29,
                 from /opt/openfoam5/src/finiteVolume/lnInclude/ddtScheme.H:342,
                 from /opt/openfoam5/src/finiteVolume/lnInclude/fvcDdt.C:28,
                 from /opt/openfoam5/src/finiteVolume/lnInclude/fvcDdt.H:205,
                 from /opt/openfoam5/src/finiteVolume/lnInclude/fvc.H:44,
                 from /opt/openfoam5/src/finiteVolume/lnInclude/fvCFD.H:8,
                 from pamFoam.C:36:
/opt/openfoam5/src/finiteVolume/lnInclude/fvMatrix.C:1624:33: note: candidate: template<class Type> Foam::tmp<Foam::fvMatrix<Type> > Foam::operator+(const Foam::fvMatrix<Type>&, const Foam::fvMatrix<Type>&)
 Foam::tmp<Foam::fvMatrix<Type>> Foam::operator+
                                 ^
/opt/openfoam5/src/finiteVolume/lnInclude/fvMatrix.C:1624:33: note:   template argument deduction/substitution failed:
In file included from pamFoam.C:139:0:
./processModels/SSEqn.H:9:7: note:   'const volScalarField {aka const Foam::GeometricField<double, Foam::fvPatchField, Foam::volMesh>}' is not derived from 'const Foam::fvMatrix<Type>'
     + alphaLiquid * fSSXS * rhoHydrolysis
       ^
In file included from /opt/openfoam5/src/finiteVolume/lnInclude/fvMatrix.H:1061:0,
                 from /opt/openfoam5/src/finiteVolume/lnInclude/ddtScheme.C:29,
                 from /opt/openfoam5/src/finiteVolume/lnInclude/ddtScheme.H:342,
                 from /opt/openfoam5/src/finiteVolume/lnInclude/fvcDdt.C:28,
                 from /opt/openfoam5/src/finiteVolume/lnInclude/fvcDdt.H:205,
                 from /opt/openfoam5/src/finiteVolume/lnInclude/fvc.H:44,
                 from /opt/openfoam5/src/finiteVolume/lnInclude/fvCFD.H:8,
                 from pamFoam.C:36:
/opt/openfoam5/src/finiteVolume/lnInclude/fvMatrix.C:1637:33: note: candidate: template<class Type> Foam::tmp<Foam::fvMatrix<Type> > Foam::operator+(const Foam::tmp<Foam::fvMatrix<Type> >&, const Foam::fvMatrix<Type>&)
 Foam::tmp<Foam::fvMatrix<Type>> Foam::operator+
                                 ^
/opt/openfoam5/src/finiteVolume/lnInclude/fvMatrix.C:1637:33: note:   template argument deduction/substitution failed:
In file included from pamFoam.C:139:0:
./processModels/SSEqn.H:9:7: note:   'const volScalarField {aka const Foam::GeometricField<double, Foam::fvPatchField, Foam::volMesh>}' is not derived from 'const Foam::tmp<Foam::fvMatrix<Type> >'
     + alphaLiquid * fSSXS * rhoHydrolysis
       ^
In file included from /opt/openfoam5/src/finiteVolume/lnInclude/fvMatrix.H:1061:0,
                 from /opt/openfoam5/src/finiteVolume/lnInclude/ddtScheme.C:29,
                 from /opt/openfoam5/src/finiteVolume/lnInclude/ddtScheme.H:342,
                 from /opt/openfoam5/src/finiteVolume/lnInclude/fvcDdt.C:28,
                 from /opt/openfoam5/src/finiteVolume/lnInclude/fvcDdt.H:205,
                 from /opt/openfoam5/src/finiteVolume/lnInclude/fvc.H:44,
                 from /opt/openfoam5/src/finiteVolume/lnInclude/fvCFD.H:8,
                 from pamFoam.C:36:
/opt/openfoam5/src/finiteVolume/lnInclude/fvMatrix.C:1650:33: note: candidate: template<class Type> Foam::tmp<Foam::fvMatrix<Type> > Foam::operator+(const Foam::fvMatrix<Type>&, const Foam::tmp<Foam::fvMatrix<Type> >&)
 Foam::tmp<Foam::fvMatrix<Type>> Foam::operator+
                                 ^
/opt/openfoam5/src/finiteVolume/lnInclude/fvMatrix.C:1650:33: note:   template argument deduction/substitution failed:
In file included from pamFoam.C:139:0:
./processModels/SSEqn.H:9:7: note:   'const volScalarField {aka const Foam::GeometricField<double, Foam::fvPatchField, Foam::volMesh>}' is not derived from 'const Foam::fvMatrix<Type>'
     + alphaLiquid * fSSXS * rhoHydrolysis
       ^
In file included from /opt/openfoam5/src/finiteVolume/lnInclude/fvMatrix.H:1061:0,
                 from /opt/openfoam5/src/finiteVolume/lnInclude/ddtScheme.C:29,
                 from /opt/openfoam5/src/finiteVolume/lnInclude/ddtScheme.H:342,
                 from /opt/openfoam5/src/finiteVolume/lnInclude/fvcDdt.C:28,
                 from /opt/openfoam5/src/finiteVolume/lnInclude/fvcDdt.H:205,
                 from /opt/openfoam5/src/finiteVolume/lnInclude/fvc.H:44,
                 from /opt/openfoam5/src/finiteVolume/lnInclude/fvCFD.H:8,
                 from pamFoam.C:36:
/opt/openfoam5/src/finiteVolume/lnInclude/fvMatrix.C:1663:33: note: candidate: template<class Type> Foam::tmp<Foam::fvMatrix<Type> > Foam::operator+(const Foam::tmp<Foam::fvMatrix<Type> >&, const Foam::tmp<Foam::fvMatrix<Type> >&)
 Foam::tmp<Foam::fvMatrix<Type>> Foam::operator+
                                 ^
/opt/openfoam5/src/finiteVolume/lnInclude/fvMatrix.C:1663:33: note:   template argument deduction/substitution failed:
In file included from pamFoam.C:139:0:
./processModels/SSEqn.H:9:7: note:   'const volScalarField {aka const Foam::GeometricField<double, Foam::fvPatchField, Foam::volMesh>}' is not derived from 'const Foam::tmp<Foam::fvMatrix<Type> >'
     + alphaLiquid * fSSXS * rhoHydrolysis
       ^
In file included from /opt/openfoam5/src/finiteVolume/lnInclude/fvMatrix.H:1061:0,
                 from /opt/openfoam5/src/finiteVolume/lnInclude/ddtScheme.C:29,
                 from /opt/openfoam5/src/finiteVolume/lnInclude/ddtScheme.H:342,
                 from /opt/openfoam5/src/finiteVolume/lnInclude/fvcDdt.C:28,
                 from /opt/openfoam5/src/finiteVolume/lnInclude/fvcDdt.H:205,
                 from /opt/openfoam5/src/finiteVolume/lnInclude/fvc.H:44,
                 from /opt/openfoam5/src/finiteVolume/lnInclude/fvCFD.H:8,
                 from pamFoam.C:36:
/opt/openfoam5/src/finiteVolume/lnInclude/fvMatrix.C:1677:33: note: candidate: template<class Type> Foam::tmp<Foam::fvMatrix<Type> > Foam::operator+(const Foam::fvMatrix<Type>&, const Foam::DimensionedField<Type, Foam::volMesh>&)
 Foam::tmp<Foam::fvMatrix<Type>> Foam::operator+
                                 ^
/opt/openfoam5/src/finiteVolume/lnInclude/fvMatrix.C:1677:33: note:   template argument deduction/substitution failed:
In file included from pamFoam.C:139:0:
./processModels/SSEqn.H:9:7: note:   'const volScalarField {aka const Foam::GeometricField<double, Foam::fvPatchField, Foam::volMesh>}' is not derived from 'const Foam::fvMatrix<Type>'
     + alphaLiquid * fSSXS * rhoHydrolysis
       ^
In file included from /opt/openfoam5/src/finiteVolume/lnInclude/fvMatrix.H:1061:0,
                 from /opt/openfoam5/src/finiteVolume/lnInclude/ddtScheme.C:29,
                 from /opt/openfoam5/src/finiteVolume/lnInclude/ddtScheme.H:342,
                 from /opt/openfoam5/src/finiteVolume/lnInclude/fvcDdt.C:28,
                 from /opt/openfoam5/src/finiteVolume/lnInclude/fvcDdt.H:205,
                 from /opt/openfoam5/src/finiteVolume/lnInclude/fvc.H:44,
                 from /opt/openfoam5/src/finiteVolume/lnInclude/fvCFD.H:8,
                 from pamFoam.C:36:
/opt/openfoam5/src/finiteVolume/lnInclude/fvMatrix.C:1690:33: note: candidate: template<class Type> Foam::tmp<Foam::fvMatrix<Type> > Foam::operator+(const Foam::fvMatrix<Type>&, const Foam::tmp<Foam::DimensionedField<Type, Foam::volMesh> >&)
 Foam::tmp<Foam::fvMatrix<Type>> Foam::operator+
                                 ^
/opt/openfoam5/src/finiteVolume/lnInclude/fvMatrix.C:1690:33: note:   template argument deduction/substitution failed:
In file included from pamFoam.C:139:0:
./processModels/SSEqn.H:9:7: note:   'const volScalarField {aka const Foam::GeometricField<double, Foam::fvPatchField, Foam::volMesh>}' is not derived from 'const Foam::fvMatrix<Type>'
     + alphaLiquid * fSSXS * rhoHydrolysis
       ^
In file included from /opt/openfoam5/src/finiteVolume/lnInclude/fvMatrix.H:1061:0,
                 from /opt/openfoam5/src/finiteVolume/lnInclude/ddtScheme.C:29,
                 from /opt/openfoam5/src/finiteVolume/lnInclude/ddtScheme.H:342,
                 from /opt/openfoam5/src/finiteVolume/lnInclude/fvcDdt.C:28,
                 from /opt/openfoam5/src/finiteVolume/lnInclude/fvcDdt.H:205,
                 from /opt/openfoam5/src/finiteVolume/lnInclude/fvc.H:44,
                 from /opt/openfoam5/src/finiteVolume/lnInclude/fvCFD.H:8,
                 from pamFoam.C:36:
/opt/openfoam5/src/finiteVolume/lnInclude/fvMatrix.C:1704:33: note: candidate: template<class Type> Foam::tmp<Foam::fvMatrix<Type> > Foam::operator+(const Foam::fvMatrix<Type>&, const Foam::tmp<Foam::GeometricField<Type, Foam::fvPatchField, Foam::volMesh> >&)
 Foam::tmp<Foam::fvMatrix<Type>> Foam::operator+
                                 ^
/opt/openfoam5/src/finiteVolume/lnInclude/fvMatrix.C:1704:33: note:   template argument deduction/substitution failed:
In file included from pamFoam.C:139:0:
./processModels/SSEqn.H:9:7: note:   'const volScalarField {aka const Foam::GeometricField<double, Foam::fvPatchField, Foam::volMesh>}' is not derived from 'const Foam::fvMatrix<Type>'
     + alphaLiquid * fSSXS * rhoHydrolysis
       ^
In file included from /opt/openfoam5/src/finiteVolume/lnInclude/fvMatrix.H:1061:0,
                 from /opt/openfoam5/src/finiteVolume/lnInclude/ddtScheme.C:29,
                 from /opt/openfoam5/src/finiteVolume/lnInclude/ddtScheme.H:342,
                 from /opt/openfoam5/src/finiteVolume/lnInclude/fvcDdt.C:28,
                 from /opt/openfoam5/src/finiteVolume/lnInclude/fvcDdt.H:205,
                 from /opt/openfoam5/src/finiteVolume/lnInclude/fvc.H:44,
                 from /opt/openfoam5/src/finiteVolume/lnInclude/fvCFD.H:8,
                 from pamFoam.C:36:
/opt/openfoam5/src/finiteVolume/lnInclude/fvMatrix.C:1718:33: note: candidate: template<class Type> Foam::tmp<Foam::fvMatrix<Type> > Foam::operator+(const Foam::tmp<Foam::fvMatrix<Type> >&, const Foam::DimensionedField<Type, Foam::volMesh>&)
 Foam::tmp<Foam::fvMatrix<Type>> Foam::operator+
                                 ^
/opt/openfoam5/src/finiteVolume/lnInclude/fvMatrix.C:1718:33: note:   template argument deduction/substitution failed:
In file included from pamFoam.C:139:0:
./processModels/SSEqn.H:9:7: note:   'const volScalarField {aka const Foam::GeometricField<double, Foam::fvPatchField, Foam::volMesh>}' is not derived from 'const Foam::tmp<Foam::fvMatrix<Type> >'
     + alphaLiquid * fSSXS * rhoHydrolysis
       ^
In file included from /opt/openfoam5/src/finiteVolume/lnInclude/fvMatrix.H:1061:0,
                 from /opt/openfoam5/src/finiteVolume/lnInclude/ddtScheme.C:29,
                 from /opt/openfoam5/src/finiteVolume/lnInclude/ddtScheme.H:342,
                 from /opt/openfoam5/src/finiteVolume/lnInclude/fvcDdt.C:28,
                 from /opt/openfoam5/src/finiteVolume/lnInclude/fvcDdt.H:205,
                 from /opt/openfoam5/src/finiteVolume/lnInclude/fvc.H:44,
                 from /opt/openfoam5/src/finiteVolume/lnInclude/fvCFD.H:8,
                 from pamFoam.C:36:
/opt/openfoam5/src/finiteVolume/lnInclude/fvMatrix.C:1731:33: note: candidate: template<class Type> Foam::tmp<Foam::fvMatrix<Type> > Foam::operator+(const Foam::tmp<Foam::fvMatrix<Type> >&, const Foam::tmp<Foam::DimensionedField<Type, Foam::volMesh> >&)
 Foam::tmp<Foam::fvMatrix<Type>> Foam::operator+
                                 ^
/opt/openfoam5/src/finiteVolume/lnInclude/fvMatrix.C:1731:33: note:   template argument deduction/substitution failed:
In file included from pamFoam.C:139:0:
./processModels/SSEqn.H:9:7: note:   'const volScalarField {aka const Foam::GeometricField<double, Foam::fvPatchField, Foam::volMesh>}' is not derived from 'const Foam::tmp<Foam::fvMatrix<Type> >'
     + alphaLiquid * fSSXS * rhoHydrolysis
       ^
In file included from /opt/openfoam5/src/finiteVolume/lnInclude/fvMatrix.H:1061:0,
                 from /opt/openfoam5/src/finiteVolume/lnInclude/ddtScheme.C:29,
                 from /opt/openfoam5/src/finiteVolume/lnInclude/ddtScheme.H:342,
                 from /opt/openfoam5/src/finiteVolume/lnInclude/fvcDdt.C:28,
                 from /opt/openfoam5/src/finiteVolume/lnInclude/fvcDdt.H:205,
                 from /opt/openfoam5/src/finiteVolume/lnInclude/fvc.H:44,
                 from /opt/openfoam5/src/finiteVolume/lnInclude/fvCFD.H:8,
                 from pamFoam.C:36:
/opt/openfoam5/src/finiteVolume/lnInclude/fvMatrix.C:1745:33: note: candidate: template<class Type> Foam::tmp<Foam::fvMatrix<Type> > Foam::operator+(const Foam::tmp<Foam::fvMatrix<Type> >&, const Foam::tmp<Foam::GeometricField<Type, Foam::fvPatchField, Foam::volMesh> >&)
 Foam::tmp<Foam::fvMatrix<Type>> Foam::operator+
                                 ^
/opt/openfoam5/src/finiteVolume/lnInclude/fvMatrix.C:1745:33: note:   template argument deduction/substitution failed:
In file included from pamFoam.C:139:0:
./processModels/SSEqn.H:9:7: note:   'const volScalarField {aka const Foam::GeometricField<double, Foam::fvPatchField, Foam::volMesh>}' is not derived from 'const Foam::tmp<Foam::fvMatrix<Type> >'
     + alphaLiquid * fSSXS * rhoHydrolysis
       ^
In file included from /opt/openfoam5/src/finiteVolume/lnInclude/fvMatrix.H:1061:0,
                 from /opt/openfoam5/src/finiteVolume/lnInclude/ddtScheme.C:29,
                 from /opt/openfoam5/src/finiteVolume/lnInclude/ddtScheme.H:342,
                 from /opt/openfoam5/src/finiteVolume/lnInclude/fvcDdt.C:28,
                 from /opt/openfoam5/src/finiteVolume/lnInclude/fvcDdt.H:205,
                 from /opt/openfoam5/src/finiteVolume/lnInclude/fvc.H:44,
                 from /opt/openfoam5/src/finiteVolume/lnInclude/fvCFD.H:8,
                 from pamFoam.C:36:
/opt/openfoam5/src/finiteVolume/lnInclude/fvMatrix.C:1759:33: note: candidate: template<class Type> Foam::tmp<Foam::fvMatrix<Type> > Foam::operator+(const Foam::DimensionedField<Type, Foam::volMesh>&, const Foam::fvMatrix<Type>&)
 Foam::tmp<Foam::fvMatrix<Type>> Foam::operator+
                                 ^
/opt/openfoam5/src/finiteVolume/lnInclude/fvMatrix.C:1759:33: note:   template argument deduction/substitution failed:
In file included from pamFoam.C:139:0:
./processModels/SSEqn.H:9:7: note:   candidate expects 2 arguments, 1 provided
     + alphaLiquid * fSSXS * rhoHydrolysis
       ^
In file included from /opt/openfoam5/src/finiteVolume/lnInclude/fvMatrix.H:1061:0,
                 from /opt/openfoam5/src/finiteVolume/lnInclude/ddtScheme.C:29,
                 from /opt/openfoam5/src/finiteVolume/lnInclude/ddtScheme.H:342,
                 from /opt/openfoam5/src/finiteVolume/lnInclude/fvcDdt.C:28,
                 from /opt/openfoam5/src/finiteVolume/lnInclude/fvcDdt.H:205,
                 from /opt/openfoam5/src/finiteVolume/lnInclude/fvc.H:44,
                 from /opt/openfoam5/src/finiteVolume/lnInclude/fvCFD.H:8,
                 from pamFoam.C:36:
/opt/openfoam5/src/finiteVolume/lnInclude/fvMatrix.C:1772:33: note: candidate: template<class Type> Foam::tmp<Foam::fvMatrix<Type> > Foam::operator+(const Foam::tmp<Foam::DimensionedField<Type, Foam::volMesh> >&, const Foam::fvMatrix<Type>&)
 Foam::tmp<Foam::fvMatrix<Type>> Foam::operator+
                                 ^
/opt/openfoam5/src/finiteVolume/lnInclude/fvMatrix.C:1772:33: note:   template argument deduction/substitution failed:
In file included from pamFoam.C:139:0:
./processModels/SSEqn.H:9:7: note:   'const volScalarField {aka const Foam::GeometricField<double, Foam::fvPatchField, Foam::volMesh>}' is not derived from 'const Foam::tmp<Foam::DimensionedField<Type, Foam::volMesh> >'
     + alphaLiquid * fSSXS * rhoHydrolysis
       ^
In file included from /opt/openfoam5/src/finiteVolume/lnInclude/fvMatrix.H:1061:0,
                 from /opt/openfoam5/src/finiteVolume/lnInclude/ddtScheme.C:29,
                 from /opt/openfoam5/src/finiteVolume/lnInclude/ddtScheme.H:342,
                 from /opt/openfoam5/src/finiteVolume/lnInclude/fvcDdt.C:28,
                 from /opt/openfoam5/src/finiteVolume/lnInclude/fvcDdt.H:205,
                 from /opt/openfoam5/src/finiteVolume/lnInclude/fvc.H:44,
                 from /opt/openfoam5/src/finiteVolume/lnInclude/fvCFD.H:8,
                 from pamFoam.C:36:
/opt/openfoam5/src/finiteVolume/lnInclude/fvMatrix.C:1786:33: note: candidate: template<class Type> Foam::tmp<Foam::fvMatrix<Type> > Foam::operator+(const Foam::tmp<Foam::GeometricField<Type, Foam::fvPatchField, Foam::volMesh> >&, const Foam::fvMatrix<Type>&)
 Foam::tmp<Foam::fvMatrix<Type>> Foam::operator+
                                 ^
/opt/openfoam5/src/finiteVolume/lnInclude/fvMatrix.C:1786:33: note:   template argument deduction/substitution failed:
In file included from pamFoam.C:139:0:
./processModels/SSEqn.H:9:7: note:   'const volScalarField {aka const Foam::GeometricField<double, Foam::fvPatchField, Foam::volMesh>}' is not derived from 'const Foam::tmp<Foam::GeometricField<Type, Foam::fvPatchField, Foam::volMesh> >'
     + alphaLiquid * fSSXS * rhoHydrolysis
       ^
In file included from /opt/openfoam5/src/finiteVolume/lnInclude/fvMatrix.H:1061:0,
                 from /opt/openfoam5/src/finiteVolume/lnInclude/ddtScheme.C:29,
                 from /opt/openfoam5/src/finiteVolume/lnInclude/ddtScheme.H:342,
                 from /opt/openfoam5/src/finiteVolume/lnInclude/fvcDdt.C:28,
                 from /opt/openfoam5/src/finiteVolume/lnInclude/fvcDdt.H:205,
                 from /opt/openfoam5/src/finiteVolume/lnInclude/fvc.H:44,
                 from /opt/openfoam5/src/finiteVolume/lnInclude/fvCFD.H:8,
                 from pamFoam.C:36:
/opt/openfoam5/src/finiteVolume/lnInclude/fvMatrix.C:1800:33: note: candidate: template<class Type> Foam::tmp<Foam::fvMatrix<Type> > Foam::operator+(const Foam::DimensionedField<Type, Foam::volMesh>&, const Foam::tmp<Foam::fvMatrix<Type> >&)
 Foam::tmp<Foam::fvMatrix<Type>> Foam::operator+
                                 ^
/opt/openfoam5/src/finiteVolume/lnInclude/fvMatrix.C:1800:33: note:   template argument deduction/substitution failed:
In file included from pamFoam.C:139:0:
./processModels/SSEqn.H:9:7: note:   candidate expects 2 arguments, 1 provided
     + alphaLiquid * fSSXS * rhoHydrolysis
       ^
In file included from /opt/openfoam5/src/finiteVolume/lnInclude/fvMatrix.H:1061:0,
                 from /opt/openfoam5/src/finiteVolume/lnInclude/ddtScheme.C:29,
                 from /opt/openfoam5/src/finiteVolume/lnInclude/ddtScheme.H:342,
                 from /opt/openfoam5/src/finiteVolume/lnInclude/fvcDdt.C:28,
                 from /opt/openfoam5/src/finiteVolume/lnInclude/fvcDdt.H:205,
                 from /opt/openfoam5/src/finiteVolume/lnInclude/fvc.H:44,
                 from /opt/openfoam5/src/finiteVolume/lnInclude/fvCFD.H:8,
                 from pamFoam.C:36:
/opt/openfoam5/src/finiteVolume/lnInclude/fvMatrix.C:1813:33: note: candidate: template<class Type> Foam::tmp<Foam::fvMatrix<Type> > Foam::operator+(const Foam::tmp<Foam::DimensionedField<Type, Foam::volMesh> >&, const Foam::tmp<Foam::fvMatrix<Type> >&)
 Foam::tmp<Foam::fvMatrix<Type>> Foam::operator+
                                 ^
/opt/openfoam5/src/finiteVolume/lnInclude/fvMatrix.C:1813:33: note:   template argument deduction/substitution failed:
In file included from pamFoam.C:139:0:
./processModels/SSEqn.H:9:7: note:   'const volScalarField {aka const Foam::GeometricField<double, Foam::fvPatchField, Foam::volMesh>}' is not derived from 'const Foam::tmp<Foam::DimensionedField<Type, Foam::volMesh> >'
     + alphaLiquid * fSSXS * rhoHydrolysis
       ^
In file included from /opt/openfoam5/src/finiteVolume/lnInclude/fvMatrix.H:1061:0,
                 from /opt/openfoam5/src/finiteVolume/lnInclude/ddtScheme.C:29,
                 from /opt/openfoam5/src/finiteVolume/lnInclude/ddtScheme.H:342,
                 from /opt/openfoam5/src/finiteVolume/lnInclude/fvcDdt.C:28,
                 from /opt/openfoam5/src/finiteVolume/lnInclude/fvcDdt.H:205,
                 from /opt/openfoam5/src/finiteVolume/lnInclude/fvc.H:44,
                 from /opt/openfoam5/src/finiteVolume/lnInclude/fvCFD.H:8,
                 from pamFoam.C:36:
/opt/openfoam5/src/finiteVolume/lnInclude/fvMatrix.C:1827:33: note: candidate: template<class Type> Foam::tmp<Foam::fvMatrix<Type> > Foam::operator+(const Foam::tmp<Foam::GeometricField<Type, Foam::fvPatchField, Foam::volMesh> >&, const Foam::tmp<Foam::fvMatrix<Type> >&)
 Foam::tmp<Foam::fvMatrix<Type>> Foam::operator+
                                 ^
/opt/openfoam5/src/finiteVolume/lnInclude/fvMatrix.C:1827:33: note:   template argument deduction/substitution failed:
In file included from pamFoam.C:139:0:
./processModels/SSEqn.H:9:7: note:   'const volScalarField {aka const Foam::GeometricField<double, Foam::fvPatchField, Foam::volMesh>}' is not derived from 'const Foam::tmp<Foam::GeometricField<Type, Foam::fvPatchField, Foam::volMesh> >'
     + alphaLiquid * fSSXS * rhoHydrolysis
       ^
In file included from /opt/openfoam5/src/finiteVolume/lnInclude/fvMatrix.H:1061:0,
                 from /opt/openfoam5/src/finiteVolume/lnInclude/ddtScheme.C:29,
                 from /opt/openfoam5/src/finiteVolume/lnInclude/ddtScheme.H:342,
                 from /opt/openfoam5/src/finiteVolume/lnInclude/fvcDdt.C:28,
                 from /opt/openfoam5/src/finiteVolume/lnInclude/fvcDdt.H:205,
                 from /opt/openfoam5/src/finiteVolume/lnInclude/fvc.H:44,
                 from /opt/openfoam5/src/finiteVolume/lnInclude/fvCFD.H:8,
                 from pamFoam.C:36:
/opt/openfoam5/src/finiteVolume/lnInclude/fvMatrix.C:2066:33: note: candidate: template<class Type> Foam::tmp<Foam::fvMatrix<Type> > Foam::operator+(const Foam::fvMatrix<Type>&, const Foam::dimensioned<Type>&)
 Foam::tmp<Foam::fvMatrix<Type>> Foam::operator+
                                 ^
/opt/openfoam5/src/finiteVolume/lnInclude/fvMatrix.C:2066:33: note:   template argument deduction/substitution failed:
In file included from pamFoam.C:139:0:
./processModels/SSEqn.H:9:7: note:   'const volScalarField {aka const Foam::GeometricField<double, Foam::fvPatchField, Foam::volMesh>}' is not derived from 'const Foam::fvMatrix<Type>'
     + alphaLiquid * fSSXS * rhoHydrolysis
       ^
In file included from /opt/openfoam5/src/finiteVolume/lnInclude/fvMatrix.H:1061:0,
                 from /opt/openfoam5/src/finiteVolume/lnInclude/ddtScheme.C:29,
                 from /opt/openfoam5/src/finiteVolume/lnInclude/ddtScheme.H:342,
                 from /opt/openfoam5/src/finiteVolume/lnInclude/fvcDdt.C:28,
                 from /opt/openfoam5/src/finiteVolume/lnInclude/fvcDdt.H:205,
                 from /opt/openfoam5/src/finiteVolume/lnInclude/fvc.H:44,
                 from /opt/openfoam5/src/finiteVolume/lnInclude/fvCFD.H:8,
                 from pamFoam.C:36:
/opt/openfoam5/src/finiteVolume/lnInclude/fvMatrix.C:2079:33: note: candidate: template<class Type> Foam::tmp<Foam::fvMatrix<Type> > Foam::operator+(const Foam::tmp<Foam::fvMatrix<Type> >&, const Foam::dimensioned<Type>&)
 Foam::tmp<Foam::fvMatrix<Type>> Foam::operator+
                                 ^
/opt/openfoam5/src/finiteVolume/lnInclude/fvMatrix.C:2079:33: note:   template argument deduction/substitution failed:
In file included from pamFoam.C:139:0:
./processModels/SSEqn.H:9:7: note:   'const volScalarField {aka const Foam::GeometricField<double, Foam::fvPatchField, Foam::volMesh>}' is not derived from 'const Foam::tmp<Foam::fvMatrix<Type> >'
     + alphaLiquid * fSSXS * rhoHydrolysis
       ^
In file included from /opt/openfoam5/src/finiteVolume/lnInclude/fvMatrix.H:1061:0,
                 from /opt/openfoam5/src/finiteVolume/lnInclude/ddtScheme.C:29,
                 from /opt/openfoam5/src/finiteVolume/lnInclude/ddtScheme.H:342,
                 from /opt/openfoam5/src/finiteVolume/lnInclude/fvcDdt.C:28,
                 from /opt/openfoam5/src/finiteVolume/lnInclude/fvcDdt.H:205,
                 from /opt/openfoam5/src/finiteVolume/lnInclude/fvc.H:44,
                 from /opt/openfoam5/src/finiteVolume/lnInclude/fvCFD.H:8,
                 from pamFoam.C:36:
/opt/openfoam5/src/finiteVolume/lnInclude/fvMatrix.C:2092:33: note: candidate: template<class Type> Foam::tmp<Foam::fvMatrix<Type> > Foam::operator+(const Foam::dimensioned<Type>&, const Foam::fvMatrix<Type>&)
 Foam::tmp<Foam::fvMatrix<Type>> Foam::operator+
                                 ^
/opt/openfoam5/src/finiteVolume/lnInclude/fvMatrix.C:2092:33: note:   template argument deduction/substitution failed:
In file included from pamFoam.C:139:0:
./processModels/SSEqn.H:9:7: note:   'const volScalarField {aka const Foam::GeometricField<double, Foam::fvPatchField, Foam::volMesh>}' is not derived from 'const Foam::dimensioned<Type>'
     + alphaLiquid * fSSXS * rhoHydrolysis
       ^
In file included from /opt/openfoam5/src/finiteVolume/lnInclude/fvMatrix.H:1061:0,
                 from /opt/openfoam5/src/finiteVolume/lnInclude/ddtScheme.C:29,
                 from /opt/openfoam5/src/finiteVolume/lnInclude/ddtScheme.H:342,
                 from /opt/openfoam5/src/finiteVolume/lnInclude/fvcDdt.C:28,
                 from /opt/openfoam5/src/finiteVolume/lnInclude/fvcDdt.H:205,
                 from /opt/openfoam5/src/finiteVolume/lnInclude/fvc.H:44,
                 from /opt/openfoam5/src/finiteVolume/lnInclude/fvCFD.H:8,
                 from pamFoam.C:36:
/opt/openfoam5/src/finiteVolume/lnInclude/fvMatrix.C:2105:33: note: candidate: template<class Type> Foam::tmp<Foam::fvMatrix<Type> > Foam::operator+(const Foam::dimensioned<Type>&, const Foam::tmp<Foam::fvMatrix<Type> >&)
 Foam::tmp<Foam::fvMatrix<Type>> Foam::operator+
                                 ^
/opt/openfoam5/src/finiteVolume/lnInclude/fvMatrix.C:2105:33: note:   template argument deduction/substitution failed:
In file included from pamFoam.C:139:0:
./processModels/SSEqn.H:9:7: note:   'const volScalarField {aka const Foam::GeometricField<double, Foam::fvPatchField, Foam::volMesh>}' is not derived from 'const Foam::dimensioned<Type>'
     + alphaLiquid * fSSXS * rhoHydrolysis
       ^
In file included from pamFoam.C:140:0:
./processModels/XSEqn.H:9:5: error: no match for 'operator+' (operand type is 'const volScalarField {aka const Foam::GeometricField<double, Foam::fvPatchField, Foam::volMesh>}')
     + alphaLiquid*rhoDecay
     ^
In file included from /opt/openfoam5/src/OpenFOAM/lnInclude/zero.H:101:0,
                 from /opt/openfoam5/src/OpenFOAM/lnInclude/UList.H:49,
                 from /opt/openfoam5/src/OpenFOAM/lnInclude/List.H:43,
                 from /opt/openfoam5/src/OpenFOAM/lnInclude/labelList.H:48,
                 from /opt/openfoam5/src/OpenFOAM/lnInclude/UPstream.H:42,
                 from /opt/openfoam5/src/OpenFOAM/lnInclude/Pstream.H:42,
                 from /opt/openfoam5/src/OpenFOAM/lnInclude/parRun.H:35,
                 from /opt/openfoam5/src/finiteVolume/lnInclude/fvCFD.H:4,
                 from pamFoam.C:36:
/opt/openfoam5/src/OpenFOAM/lnInclude/zeroI.H:35:13: note: candidate: Foam::zero Foam::operator+(const Foam::zero&, const Foam::zero&)
 inline zero operator+(const zero&, const zero&)
             ^
/opt/openfoam5/src/OpenFOAM/lnInclude/zeroI.H:35:13: note:   candidate expects 2 arguments, 1 provided
/opt/openfoam5/src/OpenFOAM/lnInclude/zeroI.H:41:20: note: candidate: template<class Type> const Type& Foam::operator+(const Type&, const Foam::zero&)
 inline const Type& operator+(const Type& t, const zero&)
                    ^
/opt/openfoam5/src/OpenFOAM/lnInclude/zeroI.H:41:20: note:   template argument deduction/substitution failed:
In file included from pamFoam.C:140:0:
./processModels/XSEqn.H:9:7: note:   candidate expects 2 arguments, 1 provided
     + alphaLiquid*rhoDecay
       ^
In file included from /opt/openfoam5/src/OpenFOAM/lnInclude/zero.H:101:0,
                 from /opt/openfoam5/src/OpenFOAM/lnInclude/UList.H:49,
                 from /opt/openfoam5/src/OpenFOAM/lnInclude/List.H:43,
                 from /opt/openfoam5/src/OpenFOAM/lnInclude/labelList.H:48,
                 from /opt/openfoam5/src/OpenFOAM/lnInclude/UPstream.H:42,
                 from /opt/openfoam5/src/OpenFOAM/lnInclude/Pstream.H:42,
                 from /opt/openfoam5/src/OpenFOAM/lnInclude/parRun.H:35,
                 from /opt/openfoam5/src/finiteVolume/lnInclude/fvCFD.H:4,
                 from pamFoam.C:36:
/opt/openfoam5/src/OpenFOAM/lnInclude/zeroI.H:47:20: note: candidate: template<class Type> const Type& Foam::operator+(const Foam::zero&, const Type&)
 inline const Type& operator+(const zero&, const Type& t)
                    ^
/opt/openfoam5/src/OpenFOAM/lnInclude/zeroI.H:47:20: note:   template argument deduction/substitution failed:
In file included from pamFoam.C:140:0:
./processModels/XSEqn.H:9:7: note:   cannot convert 'alphaLiquid' (type 'const volScalarField {aka const Foam::GeometricField<double, Foam::fvPatchField, Foam::volMesh>}') to type 'const Foam::zero&'
     + alphaLiquid*rhoDecay
       ^
In file included from /opt/openfoam5/src/OpenFOAM/lnInclude/UPtrList.H:393:0,
                 from /opt/openfoam5/src/OpenFOAM/lnInclude/PtrList.H:44,
                 from /opt/openfoam5/src/OpenFOAM/lnInclude/List.C:29,
                 from /opt/openfoam5/src/OpenFOAM/lnInclude/List.H:309,
                 from /opt/openfoam5/src/OpenFOAM/lnInclude/labelList.H:48,
                 from /opt/openfoam5/src/OpenFOAM/lnInclude/UPstream.H:42,
                 from /opt/openfoam5/src/OpenFOAM/lnInclude/Pstream.H:42,
                 from /opt/openfoam5/src/OpenFOAM/lnInclude/parRun.H:35,
                 from /opt/openfoam5/src/finiteVolume/lnInclude/fvCFD.H:4,
                 from pamFoam.C:36:
/opt/openfoam5/src/OpenFOAM/lnInclude/UPtrListI.H:217:1: note: candidate: template<class T> typename Foam::UPtrList<T>::iterator Foam::operator+(const typename Foam::UPtrList<T>::iterator&, Foam::label)
 Foam::operator+(const typename UPtrList<T>::iterator& iter, label n)
 ^
/opt/openfoam5/src/OpenFOAM/lnInclude/UPtrListI.H:217:1: note:   template argument deduction/substitution failed:
In file included from pamFoam.C:140:0:
./processModels/XSEqn.H:9:7: note:   candidate expects 2 arguments, 1 provided
     + alphaLiquid*rhoDecay
       ^
In file included from /opt/openfoam5/src/OpenFOAM/lnInclude/UPtrList.H:393:0,
                 from /opt/openfoam5/src/OpenFOAM/lnInclude/PtrList.H:44,
                 from /opt/openfoam5/src/OpenFOAM/lnInclude/List.C:29,
                 from /opt/openfoam5/src/OpenFOAM/lnInclude/List.H:309,
                 from /opt/openfoam5/src/OpenFOAM/lnInclude/labelList.H:48,
                 from /opt/openfoam5/src/OpenFOAM/lnInclude/UPstream.H:42,
                 from /opt/openfoam5/src/OpenFOAM/lnInclude/Pstream.H:42,
                 from /opt/openfoam5/src/OpenFOAM/lnInclude/parRun.H:35,
                 from /opt/openfoam5/src/finiteVolume/lnInclude/fvCFD.H:4,
                 from pamFoam.C:36:
/opt/openfoam5/src/OpenFOAM/lnInclude/UPtrListI.H:225:1: note: candidate: template<class T> typename Foam::UPtrList<T>::iterator Foam::operator+(Foam::label, const typename Foam::UPtrList<T>::iterator&)
 Foam::operator+(label n, const typename UPtrList<T>::iterator& iter)
 ^
/opt/openfoam5/src/OpenFOAM/lnInclude/UPtrListI.H:225:1: note:   template argument deduction/substitution failed:
In file included from pamFoam.C:140:0:
./processModels/XSEqn.H:9:7: note:   cannot convert 'alphaLiquid' (type 'const volScalarField {aka const Foam::GeometricField<double, Foam::fvPatchField, Foam::volMesh>}') to type 'Foam::label {aka int}'
     + alphaLiquid*rhoDecay
       ^
In file included from /opt/openfoam5/src/OpenFOAM/lnInclude/UPtrList.H:393:0,
                 from /opt/openfoam5/src/OpenFOAM/lnInclude/PtrList.H:44,
                 from /opt/openfoam5/src/OpenFOAM/lnInclude/List.C:29,
                 from /opt/openfoam5/src/OpenFOAM/lnInclude/List.H:309,
                 from /opt/openfoam5/src/OpenFOAM/lnInclude/labelList.H:48,
                 from /opt/openfoam5/src/OpenFOAM/lnInclude/UPstream.H:42,
                 from /opt/openfoam5/src/OpenFOAM/lnInclude/Pstream.H:42,
                 from /opt/openfoam5/src/OpenFOAM/lnInclude/parRun.H:35,
                 from /opt/openfoam5/src/finiteVolume/lnInclude/fvCFD.H:4,
                 from pamFoam.C:36:
/opt/openfoam5/src/OpenFOAM/lnInclude/UPtrListI.H:401:1: note: candidate: template<class T> typename Foam::UPtrList<T>::const_iterator Foam::operator+(const typename Foam::UPtrList<T>::const_iterator&, Foam::label)
 Foam::operator+(const typename UPtrList<T>::const_iterator& iter, label n)
 ^
/opt/openfoam5/src/OpenFOAM/lnInclude/UPtrListI.H:401:1: note:   template argument deduction/substitution failed:
In file included from pamFoam.C:140:0:
./processModels/XSEqn.H:9:7: note:   candidate expects 2 arguments, 1 provided
     + alphaLiquid*rhoDecay
       ^
In file included from /opt/openfoam5/src/OpenFOAM/lnInclude/UPtrList.H:393:0,
                 from /opt/openfoam5/src/OpenFOAM/lnInclude/PtrList.H:44,
                 from /opt/openfoam5/src/OpenFOAM/lnInclude/List.C:29,
                 from /opt/openfoam5/src/OpenFOAM/lnInclude/List.H:309,
                 from /opt/openfoam5/src/OpenFOAM/lnInclude/labelList.H:48,
                 from /opt/openfoam5/src/OpenFOAM/lnInclude/UPstream.H:42,
                 from /opt/openfoam5/src/OpenFOAM/lnInclude/Pstream.H:42,
                 from /opt/openfoam5/src/OpenFOAM/lnInclude/parRun.H:35,
                 from /opt/openfoam5/src/finiteVolume/lnInclude/fvCFD.H:4,
                 from pamFoam.C:36:
/opt/openfoam5/src/OpenFOAM/lnInclude/UPtrListI.H:410:1: note: candidate: template<class T> typename Foam::UPtrList<T>::const_iterator Foam::operator+(Foam::label, const typename Foam::UPtrList<T>::const_iterator&)
 Foam::operator+(label n, const typename UPtrList<T>::const_iterator& iter)
 ^
/opt/openfoam5/src/OpenFOAM/lnInclude/UPtrListI.H:410:1: note:   template argument deduction/substitution failed:
In file included from pamFoam.C:140:0:
./processModels/XSEqn.H:9:7: note:   cannot convert 'alphaLiquid' (type 'const volScalarField {aka const Foam::GeometricField<double, Foam::fvPatchField, Foam::volMesh>}') to type 'Foam::label {aka int}'
     + alphaLiquid*rhoDecay
       ^
In file included from /opt/openfoam5/src/OpenFOAM/lnInclude/baseIOdictionary.H:43:0,
                 from /opt/openfoam5/src/OpenFOAM/lnInclude/unwatchedIOdictionary.H:37,
                 from /opt/openfoam5/src/OpenFOAM/lnInclude/Time.H:43,
                 from /opt/openfoam5/src/finiteVolume/lnInclude/fvCFD.H:6,
                 from pamFoam.C:36:
/opt/openfoam5/src/OpenFOAM/lnInclude/dictionary.H:575:12: note: candidate: Foam::dictionary Foam::operator+(const Foam::dictionary&, const Foam::dictionary&)
 dictionary operator+(const dictionary& dict1, const dictionary& dict2);
            ^
/opt/openfoam5/src/OpenFOAM/lnInclude/dictionary.H:575:12: note:   candidate expects 2 arguments, 1 provided
In file included from /opt/openfoam5/src/OpenFOAM/lnInclude/VectorSpace.H:230:0,
                 from /opt/openfoam5/src/OpenFOAM/lnInclude/Field.H:46,
                 from /opt/openfoam5/src/OpenFOAM/lnInclude/scalarField.H:38,
                 from /opt/openfoam5/src/OpenFOAM/lnInclude/dimensionSet.H:46,
                 from /opt/openfoam5/src/OpenFOAM/lnInclude/dimensionedType.H:40,
                 from /opt/openfoam5/src/OpenFOAM/lnInclude/dimensionedScalar.H:38,
                 from /opt/openfoam5/src/OpenFOAM/lnInclude/TimeState.H:38,
                 from /opt/openfoam5/src/OpenFOAM/lnInclude/Time.H:47,
                 from /opt/openfoam5/src/finiteVolume/lnInclude/fvCFD.H:6,
                 from pamFoam.C:36:
/opt/openfoam5/src/OpenFOAM/lnInclude/VectorSpaceI.H:647:13: note: candidate: template<class Form, class Cmpt, unsigned char Ncmpts> Form Foam::operator+(const Foam::VectorSpace<Form, Cmpt, Ncmpts>&, const Foam::VectorSpace<Form, Cmpt, Ncmpts>&)
 inline Form operator+
             ^
/opt/openfoam5/src/OpenFOAM/lnInclude/VectorSpaceI.H:647:13: note:   template argument deduction/substitution failed:
In file included from pamFoam.C:140:0:
./processModels/XSEqn.H:9:7: note:   'const volScalarField {aka const Foam::GeometricField<double, Foam::fvPatchField, Foam::volMesh>}' is not derived from 'const Foam::VectorSpace<Form, Cmpt, Ncmpts>'
     + alphaLiquid*rhoDecay
       ^
In file included from /opt/openfoam5/src/OpenFOAM/lnInclude/Field.C:877:0,
                 from /opt/openfoam5/src/OpenFOAM/lnInclude/Field.H:408,
                 from /opt/openfoam5/src/OpenFOAM/lnInclude/scalarField.H:38,
                 from /opt/openfoam5/src/OpenFOAM/lnInclude/dimensionSet.H:46,
                 from /opt/openfoam5/src/OpenFOAM/lnInclude/dimensionedType.H:40,
                 from /opt/openfoam5/src/OpenFOAM/lnInclude/dimensionedScalar.H:38,
                 from /opt/openfoam5/src/OpenFOAM/lnInclude/TimeState.H:38,
                 from /opt/openfoam5/src/OpenFOAM/lnInclude/Time.H:47,
                 from /opt/openfoam5/src/finiteVolume/lnInclude/fvCFD.H:6,
                 from pamFoam.C:36:
/opt/openfoam5/src/OpenFOAM/lnInclude/FieldFunctions.C:652:1: note: candidate: template<class Type1, class Type2> Foam::tmp<Foam::Field<typename Foam::typeOfSum<Type1, Type2>::type> > Foam::operator+(const Foam::UList<T>&, const Foam::UList<Key>&)
 operator Op(const UList<Type1>& f1, const UList<Type2>& f2)                    \
 ^
/opt/openfoam5/src/OpenFOAM/lnInclude/FieldFunctions.C:770:1: note: in expansion of macro 'PRODUCT_OPERATOR'
 PRODUCT_OPERATOR(typeOfSum, +, add)
 ^
/opt/openfoam5/src/OpenFOAM/lnInclude/FieldFunctions.C:652:1: note:   template argument deduction/substitution failed:
 operator Op(const UList<Type1>& f1, const UList<Type2>& f2)                    \
 ^
/opt/openfoam5/src/OpenFOAM/lnInclude/FieldFunctions.C:770:1: note: in expansion of macro 'PRODUCT_OPERATOR'
 PRODUCT_OPERATOR(typeOfSum, +, add)
 ^
In file included from pamFoam.C:140:0:
./processModels/XSEqn.H:9:7: note:   candidate expects 2 arguments, 1 provided
     + alphaLiquid*rhoDecay
       ^
In file included from /opt/openfoam5/src/OpenFOAM/lnInclude/Field.C:877:0,
                 from /opt/openfoam5/src/OpenFOAM/lnInclude/Field.H:408,
                 from /opt/openfoam5/src/OpenFOAM/lnInclude/scalarField.H:38,
                 from /opt/openfoam5/src/OpenFOAM/lnInclude/dimensionSet.H:46,
                 from /opt/openfoam5/src/OpenFOAM/lnInclude/dimensionedType.H:40,
                 from /opt/openfoam5/src/OpenFOAM/lnInclude/dimensionedScalar.H:38,
                 from /opt/openfoam5/src/OpenFOAM/lnInclude/TimeState.H:38,
                 from /opt/openfoam5/src/OpenFOAM/lnInclude/Time.H:47,
                 from /opt/openfoam5/src/finiteVolume/lnInclude/fvCFD.H:6,
                 from pamFoam.C:36:
/opt/openfoam5/src/OpenFOAM/lnInclude/FieldFunctions.C:662:1: note: candidate: template<class Type1, class Type2> Foam::tmp<Foam::Field<typename Foam::typeOfSum<Type1, Type2>::type> > Foam::operator+(const Foam::UList<T>&, const Foam::tmp<Foam::Field<Type2> >&)
 operator Op(const UList<Type1>& f1, const tmp<Field<Type2>>& tf2)              \
 ^
/opt/openfoam5/src/OpenFOAM/lnInclude/FieldFunctions.C:770:1: note: in expansion of macro 'PRODUCT_OPERATOR'
 PRODUCT_OPERATOR(typeOfSum, +, add)
 ^
/opt/openfoam5/src/OpenFOAM/lnInclude/FieldFunctions.C:662:1: note:   template argument deduction/substitution failed:
 operator Op(const UList<Type1>& f1, const tmp<Field<Type2>>& tf2)              \
 ^
/opt/openfoam5/src/OpenFOAM/lnInclude/FieldFunctions.C:770:1: note: in expansion of macro 'PRODUCT_OPERATOR'
 PRODUCT_OPERATOR(typeOfSum, +, add)
 ^
In file included from pamFoam.C:140:0:
./processModels/XSEqn.H:9:7: note:   candidate expects 2 arguments, 1 provided
     + alphaLiquid*rhoDecay
       ^
In file included from /opt/openfoam5/src/OpenFOAM/lnInclude/Field.C:877:0,
                 from /opt/openfoam5/src/OpenFOAM/lnInclude/Field.H:408,
                 from /opt/openfoam5/src/OpenFOAM/lnInclude/scalarField.H:38,
                 from /opt/openfoam5/src/OpenFOAM/lnInclude/dimensionSet.H:46,
                 from /opt/openfoam5/src/OpenFOAM/lnInclude/dimensionedType.H:40,
                 from /opt/openfoam5/src/OpenFOAM/lnInclude/dimensionedScalar.H:38,
                 from /opt/openfoam5/src/OpenFOAM/lnInclude/TimeState.H:38,
                 from /opt/openfoam5/src/OpenFOAM/lnInclude/Time.H:47,
                 from /opt/openfoam5/src/finiteVolume/lnInclude/fvCFD.H:6,
                 from pamFoam.C:36:
/opt/openfoam5/src/OpenFOAM/lnInclude/FieldFunctions.C:673:1: note: candidate: template<class Type1, class Type2> Foam::tmp<Foam::Field<typename Foam::typeOfSum<Type1, Type2>::type> > Foam::operator+(const Foam::tmp<Foam::Field<Type> >&, const Foam::UList<Key>&)
 operator Op(const tmp<Field<Type1>>& tf1, const UList<Type2>& f2)              \
 ^
/opt/openfoam5/src/OpenFOAM/lnInclude/FieldFunctions.C:770:1: note: in expansion of macro 'PRODUCT_OPERATOR'
 PRODUCT_OPERATOR(typeOfSum, +, add)
 ^
/opt/openfoam5/src/OpenFOAM/lnInclude/FieldFunctions.C:673:1: note:   template argument deduction/substitution failed:
 operator Op(const tmp<Field<Type1>>& tf1, const UList<Type2>& f2)              \
 ^
/opt/openfoam5/src/OpenFOAM/lnInclude/FieldFunctions.C:770:1: note: in expansion of macro 'PRODUCT_OPERATOR'
 PRODUCT_OPERATOR(typeOfSum, +, add)
 ^
In file included from pamFoam.C:140:0:
./processModels/XSEqn.H:9:7: note:   'const volScalarField {aka const Foam::GeometricField<double, Foam::fvPatchField, Foam::volMesh>}' is not derived from 'const Foam::tmp<Foam::Field<Type> >'
     + alphaLiquid*rhoDecay
       ^
In file included from /opt/openfoam5/src/OpenFOAM/lnInclude/Field.C:877:0,
                 from /opt/openfoam5/src/OpenFOAM/lnInclude/Field.H:408,
                 from /opt/openfoam5/src/OpenFOAM/lnInclude/scalarField.H:38,
                 from /opt/openfoam5/src/OpenFOAM/lnInclude/dimensionSet.H:46,
                 from /opt/openfoam5/src/OpenFOAM/lnInclude/dimensionedType.H:40,
                 from /opt/openfoam5/src/OpenFOAM/lnInclude/dimensionedScalar.H:38,
                 from /opt/openfoam5/src/OpenFOAM/lnInclude/TimeState.H:38,
                 from /opt/openfoam5/src/OpenFOAM/lnInclude/Time.H:47,
                 from /opt/openfoam5/src/finiteVolume/lnInclude/fvCFD.H:6,
                 from pamFoam.C:36:
/opt/openfoam5/src/OpenFOAM/lnInclude/FieldFunctions.C:684:1: note: candidate: template<class Type1, class Type2> Foam::tmp<Foam::Field<typename Foam::typeOfSum<Type1, Type2>::type> > Foam::operator+(const Foam::tmp<Foam::Field<Type> >&, const Foam::tmp<Foam::Field<Type2> >&)
 operator Op(const tmp<Field<Type1>>& tf1, const tmp<Field<Type2>>& tf2)        \
 ^
/opt/openfoam5/src/OpenFOAM/lnInclude/FieldFunctions.C:770:1: note: in expansion of macro 'PRODUCT_OPERATOR'
 PRODUCT_OPERATOR(typeOfSum, +, add)
 ^
/opt/openfoam5/src/OpenFOAM/lnInclude/FieldFunctions.C:684:1: note:   template argument deduction/substitution failed:
 operator Op(const tmp<Field<Type1>>& tf1, const tmp<Field<Type2>>& tf2)        \
 ^
/opt/openfoam5/src/OpenFOAM/lnInclude/FieldFunctions.C:770:1: note: in expansion of macro 'PRODUCT_OPERATOR'
 PRODUCT_OPERATOR(typeOfSum, +, add)
 ^
In file included from pamFoam.C:140:0:
./processModels/XSEqn.H:9:7: note:   'const volScalarField {aka const Foam::GeometricField<double, Foam::fvPatchField, Foam::volMesh>}' is not derived from 'const Foam::tmp<Foam::Field<Type> >'
     + alphaLiquid*rhoDecay
       ^
In file included from /opt/openfoam5/src/OpenFOAM/lnInclude/Field.C:877:0,
                 from /opt/openfoam5/src/OpenFOAM/lnInclude/Field.H:408,
                 from /opt/openfoam5/src/OpenFOAM/lnInclude/scalarField.H:38,
                 from /opt/openfoam5/src/OpenFOAM/lnInclude/dimensionSet.H:46,
                 from /opt/openfoam5/src/OpenFOAM/lnInclude/dimensionedType.H:40,
                 from /opt/openfoam5/src/OpenFOAM/lnInclude/dimensionedScalar.H:38,
                 from /opt/openfoam5/src/OpenFOAM/lnInclude/TimeState.H:38,
                 from /opt/openfoam5/src/OpenFOAM/lnInclude/Time.H:47,
                 from /opt/openfoam5/src/finiteVolume/lnInclude/fvCFD.H:6,
                 from pamFoam.C:36:
/opt/openfoam5/src/OpenFOAM/lnInclude/FieldFunctions.C:710:1: note: candidate: template<class Type, class Form, class Cmpt, unsigned char nCmpt> Foam::tmp<Foam::Field<typename Foam::typeOfSum<Type1, Type2>::type> > Foam::operator+(const Foam::UList<T>&, const Foam::VectorSpace<Form, Cmpt, nCmpt>&)
 operator Op(const UList<Type>& f1, const VectorSpace<Form,Cmpt,nCmpt>& vs)     \
 ^
/opt/openfoam5/src/OpenFOAM/lnInclude/FieldFunctions.C:770:1: note: in expansion of macro 'PRODUCT_OPERATOR'
 PRODUCT_OPERATOR(typeOfSum, +, add)
 ^
/opt/openfoam5/src/OpenFOAM/lnInclude/FieldFunctions.C:710:1: note:   template argument deduction/substitution failed:
 operator Op(const UList<Type>& f1, const VectorSpace<Form,Cmpt,nCmpt>& vs)     \
 ^
/opt/openfoam5/src/OpenFOAM/lnInclude/FieldFunctions.C:770:1: note: in expansion of macro 'PRODUCT_OPERATOR'
 PRODUCT_OPERATOR(typeOfSum, +, add)
 ^
In file included from pamFoam.C:140:0:
./processModels/XSEqn.H:9:7: note:   candidate expects 2 arguments, 1 provided
     + alphaLiquid*rhoDecay
       ^
In file included from /opt/openfoam5/src/OpenFOAM/lnInclude/Field.C:877:0,
                 from /opt/openfoam5/src/OpenFOAM/lnInclude/Field.H:408,
                 from /opt/openfoam5/src/OpenFOAM/lnInclude/scalarField.H:38,
                 from /opt/openfoam5/src/OpenFOAM/lnInclude/dimensionSet.H:46,
                 from /opt/openfoam5/src/OpenFOAM/lnInclude/dimensionedType.H:40,
                 from /opt/openfoam5/src/OpenFOAM/lnInclude/dimensionedScalar.H:38,
                 from /opt/openfoam5/src/OpenFOAM/lnInclude/TimeState.H:38,
                 from /opt/openfoam5/src/OpenFOAM/lnInclude/Time.H:47,
                 from /opt/openfoam5/src/finiteVolume/lnInclude/fvCFD.H:6,
                 from pamFoam.C:36:
/opt/openfoam5/src/OpenFOAM/lnInclude/FieldFunctions.C:720:1: note: candidate: template<class Type, class Form, class Cmpt, unsigned char nCmpt> Foam::tmp<Foam::Field<typename Foam::typeOfSum<Type1, Type2>::type> > Foam::operator+(const Foam::tmp<Foam::Field<Type> >&, const Foam::VectorSpace<Form, Cmpt, nCmpt>&)
 operator Op                                                                    \
 ^
/opt/openfoam5/src/OpenFOAM/lnInclude/FieldFunctions.C:770:1: note: in expansion of macro 'PRODUCT_OPERATOR'
 PRODUCT_OPERATOR(typeOfSum, +, add)
 ^
/opt/openfoam5/src/OpenFOAM/lnInclude/FieldFunctions.C:720:1: note:   template argument deduction/substitution failed:
 operator Op                                                                    \
 ^
/opt/openfoam5/src/OpenFOAM/lnInclude/FieldFunctions.C:770:1: note: in expansion of macro 'PRODUCT_OPERATOR'
 PRODUCT_OPERATOR(typeOfSum, +, add)
 ^
In file included from pamFoam.C:140:0:
./processModels/XSEqn.H:9:7: note:   'const volScalarField {aka const Foam::GeometricField<double, Foam::fvPatchField, Foam::volMesh>}' is not derived from 'const Foam::tmp<Foam::Field<Type> >'
     + alphaLiquid*rhoDecay
       ^
In file included from /opt/openfoam5/src/OpenFOAM/lnInclude/Field.C:877:0,
                 from /opt/openfoam5/src/OpenFOAM/lnInclude/Field.H:408,
                 from /opt/openfoam5/src/OpenFOAM/lnInclude/scalarField.H:38,
                 from /opt/openfoam5/src/OpenFOAM/lnInclude/dimensionSet.H:46,
                 from /opt/openfoam5/src/OpenFOAM/lnInclude/dimensionedType.H:40,
                 from /opt/openfoam5/src/OpenFOAM/lnInclude/dimensionedScalar.H:38,
                 from /opt/openfoam5/src/OpenFOAM/lnInclude/TimeState.H:38,
                 from /opt/openfoam5/src/OpenFOAM/lnInclude/Time.H:47,
                 from /opt/openfoam5/src/finiteVolume/lnInclude/fvCFD.H:6,
                 from pamFoam.C:36:
/opt/openfoam5/src/OpenFOAM/lnInclude/FieldFunctions.C:748:1: note: candidate: template<class Form, class Cmpt, unsigned char nCmpt, class Type> Foam::tmp<Foam::Field<typename Foam::typeOfSum<Form, Type>::type> > Foam::operator+(const Foam::VectorSpace<Form, Cmpt, Ncmpts>&, const Foam::UList<Type>&)
 operator Op(const VectorSpace<Form,Cmpt,nCmpt>& vs, const UList<Type>& f1)     \
 ^
/opt/openfoam5/src/OpenFOAM/lnInclude/FieldFunctions.C:770:1: note: in expansion of macro 'PRODUCT_OPERATOR'
 PRODUCT_OPERATOR(typeOfSum, +, add)
 ^
/opt/openfoam5/src/OpenFOAM/lnInclude/FieldFunctions.C:748:1: note:   template argument deduction/substitution failed:
 operator Op(const VectorSpace<Form,Cmpt,nCmpt>& vs, const UList<Type>& f1)     \
 ^
/opt/openfoam5/src/OpenFOAM/lnInclude/FieldFunctions.C:770:1: note: in expansion of macro 'PRODUCT_OPERATOR'
 PRODUCT_OPERATOR(typeOfSum, +, add)
 ^
In file included from pamFoam.C:140:0:
./processModels/XSEqn.H:9:7: note:   'const volScalarField {aka const Foam::GeometricField<double, Foam::fvPatchField, Foam::volMesh>}' is not derived from 'const Foam::VectorSpace<Form, Cmpt, Ncmpts>'
     + alphaLiquid*rhoDecay
       ^
In file included from /opt/openfoam5/src/OpenFOAM/lnInclude/Field.C:877:0,
                 from /opt/openfoam5/src/OpenFOAM/lnInclude/Field.H:408,
                 from /opt/openfoam5/src/OpenFOAM/lnInclude/scalarField.H:38,
                 from /opt/openfoam5/src/OpenFOAM/lnInclude/dimensionSet.H:46,
                 from /opt/openfoam5/src/OpenFOAM/lnInclude/dimensionedType.H:40,
                 from /opt/openfoam5/src/OpenFOAM/lnInclude/dimensionedScalar.H:38,
                 from /opt/openfoam5/src/OpenFOAM/lnInclude/TimeState.H:38,
                 from /opt/openfoam5/src/OpenFOAM/lnInclude/Time.H:47,
                 from /opt/openfoam5/src/finiteVolume/lnInclude/fvCFD.H:6,
                 from pamFoam.C:36:
/opt/openfoam5/src/OpenFOAM/lnInclude/FieldFunctions.C:758:1: note: candidate: template<class Form, class Cmpt, unsigned char nCmpt, class Type> Foam::tmp<Foam::Field<typename Foam::typeOfSum<Form, Type>::type> > Foam::operator+(const Foam::VectorSpace<Form, Cmpt, Ncmpts>&, const Foam::tmp<Foam::Field<Type> >&)
 operator Op                                                                    \
 ^
/opt/openfoam5/src/OpenFOAM/lnInclude/FieldFunctions.C:770:1: note: in expansion of macro 'PRODUCT_OPERATOR'
 PRODUCT_OPERATOR(typeOfSum, +, add)
 ^
/opt/openfoam5/src/OpenFOAM/lnInclude/FieldFunctions.C:758:1: note:   template argument deduction/substitution failed:
 operator Op                                                                    \
 ^
/opt/openfoam5/src/OpenFOAM/lnInclude/FieldFunctions.C:770:1: note: in expansion of macro 'PRODUCT_OPERATOR'
 PRODUCT_OPERATOR(typeOfSum, +, add)
 ^
In file included from pamFoam.C:140:0:
./processModels/XSEqn.H:9:7: note:   'const volScalarField {aka const Foam::GeometricField<double, Foam::fvPatchField, Foam::volMesh>}' is not derived from 'const Foam::VectorSpace<Form, Cmpt, Ncmpts>'
     + alphaLiquid*rhoDecay
       ^
In file included from /opt/openfoam5/src/OpenFOAM/lnInclude/Tensor.H:231:0,
                 from /opt/openfoam5/src/OpenFOAM/lnInclude/SymmTensorI.H:27,
                 from /opt/openfoam5/src/OpenFOAM/lnInclude/SymmTensor.H:155,
                 from /opt/openfoam5/src/OpenFOAM/lnInclude/symmTensor.H:38,
                 from /opt/openfoam5/src/OpenFOAM/lnInclude/fieldTypes.H:37,
                 from /opt/openfoam5/src/OpenFOAM/lnInclude/flipOp.H:40,
                 from /opt/openfoam5/src/OpenFOAM/lnInclude/mapDistributeBaseTemplates.C:29,
                 from /opt/openfoam5/src/OpenFOAM/lnInclude/mapDistributeBase.H:489,
                 from /opt/openfoam5/src/OpenFOAM/lnInclude/FieldMapper.H:35,
                 from /opt/openfoam5/src/OpenFOAM/lnInclude/Field.C:26,
                 from /opt/openfoam5/src/OpenFOAM/lnInclude/Field.H:408,
                 from /opt/openfoam5/src/OpenFOAM/lnInclude/scalarField.H:38,
                 from /opt/openfoam5/src/OpenFOAM/lnInclude/dimensionSet.H:46,
                 from /opt/openfoam5/src/OpenFOAM/lnInclude/dimensionedType.H:40,
                 from /opt/openfoam5/src/OpenFOAM/lnInclude/dimensionedScalar.H:38,
                 from /opt/openfoam5/src/OpenFOAM/lnInclude/TimeState.H:38,
                 from /opt/openfoam5/src/OpenFOAM/lnInclude/Time.H:47,
                 from /opt/openfoam5/src/finiteVolume/lnInclude/fvCFD.H:6,
                 from pamFoam.C:36:
/opt/openfoam5/src/OpenFOAM/lnInclude/TensorI.H:680:1: note: candidate: template<class Cmpt> Foam::Tensor<Cmpt> Foam::operator+(const Foam::SphericalTensor<Cmpt>&, const Foam::Tensor<Cmpt>&)
 operator+(const SphericalTensor<Cmpt>& st1, const Tensor<Cmpt>& t2)
 ^
/opt/openfoam5/src/OpenFOAM/lnInclude/TensorI.H:680:1: note:   template argument deduction/substitution failed:
In file included from pamFoam.C:140:0:
./processModels/XSEqn.H:9:7: note:   'const volScalarField {aka const Foam::GeometricField<double, Foam::fvPatchField, Foam::volMesh>}' is not derived from 'const Foam::SphericalTensor<Cmpt>'
     + alphaLiquid*rhoDecay
       ^
In file included from /opt/openfoam5/src/OpenFOAM/lnInclude/Tensor.H:231:0,
                 from /opt/openfoam5/src/OpenFOAM/lnInclude/SymmTensorI.H:27,
                 from /opt/openfoam5/src/OpenFOAM/lnInclude/SymmTensor.H:155,
                 from /opt/openfoam5/src/OpenFOAM/lnInclude/symmTensor.H:38,
                 from /opt/openfoam5/src/OpenFOAM/lnInclude/fieldTypes.H:37,
                 from /opt/openfoam5/src/OpenFOAM/lnInclude/flipOp.H:40,
                 from /opt/openfoam5/src/OpenFOAM/lnInclude/mapDistributeBaseTemplates.C:29,
                 from /opt/openfoam5/src/OpenFOAM/lnInclude/mapDistributeBase.H:489,
                 from /opt/openfoam5/src/OpenFOAM/lnInclude/FieldMapper.H:35,
                 from /opt/openfoam5/src/OpenFOAM/lnInclude/Field.C:26,
                 from /opt/openfoam5/src/OpenFOAM/lnInclude/Field.H:408,
                 from /opt/openfoam5/src/OpenFOAM/lnInclude/scalarField.H:38,
                 from /opt/openfoam5/src/OpenFOAM/lnInclude/dimensionSet.H:46,
                 from /opt/openfoam5/src/OpenFOAM/lnInclude/dimensionedType.H:40,
                 from /opt/openfoam5/src/OpenFOAM/lnInclude/dimensionedScalar.H:38,
                 from /opt/openfoam5/src/OpenFOAM/lnInclude/TimeState.H:38,
                 from /opt/openfoam5/src/OpenFOAM/lnInclude/Time.H:47,
                 from /opt/openfoam5/src/finiteVolume/lnInclude/fvCFD.H:6,
                 from pamFoam.C:36:
/opt/openfoam5/src/OpenFOAM/lnInclude/TensorI.H:693:1: note: candidate: template<class Cmpt> Foam::Tensor<Cmpt> Foam::operator+(const Foam::Tensor<Cmpt>&, const Foam::SphericalTensor<Cmpt>&)
 operator+(const Tensor<Cmpt>& t1, const SphericalTensor<Cmpt>& st2)
 ^
/opt/openfoam5/src/OpenFOAM/lnInclude/TensorI.H:693:1: note:   template argument deduction/substitution failed:
In file included from pamFoam.C:140:0:
./processModels/XSEqn.H:9:7: note:   'const volScalarField {aka const Foam::GeometricField<double, Foam::fvPatchField, Foam::volMesh>}' is not derived from 'const Foam::Tensor<Cmpt>'
     + alphaLiquid*rhoDecay
       ^
In file included from /opt/openfoam5/src/OpenFOAM/lnInclude/Tensor.H:231:0,
                 from /opt/openfoam5/src/OpenFOAM/lnInclude/SymmTensorI.H:27,
                 from /opt/openfoam5/src/OpenFOAM/lnInclude/SymmTensor.H:155,
                 from /opt/openfoam5/src/OpenFOAM/lnInclude/symmTensor.H:38,
                 from /opt/openfoam5/src/OpenFOAM/lnInclude/fieldTypes.H:37,
                 from /opt/openfoam5/src/OpenFOAM/lnInclude/flipOp.H:40,
                 from /opt/openfoam5/src/OpenFOAM/lnInclude/mapDistributeBaseTemplates.C:29,
                 from /opt/openfoam5/src/OpenFOAM/lnInclude/mapDistributeBase.H:489,
                 from /opt/openfoam5/src/OpenFOAM/lnInclude/FieldMapper.H:35,
                 from /opt/openfoam5/src/OpenFOAM/lnInclude/Field.C:26,
                 from /opt/openfoam5/src/OpenFOAM/lnInclude/Field.H:408,
                 from /opt/openfoam5/src/OpenFOAM/lnInclude/scalarField.H:38,
                 from /opt/openfoam5/src/OpenFOAM/lnInclude/dimensionSet.H:46,
                 from /opt/openfoam5/src/OpenFOAM/lnInclude/dimensionedType.H:40,
                 from /opt/openfoam5/src/OpenFOAM/lnInclude/dimensionedScalar.H:38,
                 from /opt/openfoam5/src/OpenFOAM/lnInclude/TimeState.H:38,
                 from /opt/openfoam5/src/OpenFOAM/lnInclude/Time.H:47,
                 from /opt/openfoam5/src/finiteVolume/lnInclude/fvCFD.H:6,
                 from pamFoam.C:36:
/opt/openfoam5/src/OpenFOAM/lnInclude/TensorI.H:816:1: note: candidate: template<class Cmpt> Foam::Tensor<Cmpt> Foam::operator+(const Foam::SymmTensor<Cmpt>&, const Foam::Tensor<Cmpt>&)
 operator+(const SymmTensor<Cmpt>& st1, const Tensor<Cmpt>& t2)
 ^
/opt/openfoam5/src/OpenFOAM/lnInclude/TensorI.H:816:1: note:   template argument deduction/substitution failed:
In file included from pamFoam.C:140:0:
./processModels/XSEqn.H:9:7: note:   'const volScalarField {aka const Foam::GeometricField<double, Foam::fvPatchField, Foam::volMesh>}' is not derived from 'const Foam::SymmTensor<Cmpt>'
     + alphaLiquid*rhoDecay
       ^
In file included from /opt/openfoam5/src/OpenFOAM/lnInclude/Tensor.H:231:0,
                 from /opt/openfoam5/src/OpenFOAM/lnInclude/SymmTensorI.H:27,
                 from /opt/openfoam5/src/OpenFOAM/lnInclude/SymmTensor.H:155,
                 from /opt/openfoam5/src/OpenFOAM/lnInclude/symmTensor.H:38,
                 from /opt/openfoam5/src/OpenFOAM/lnInclude/fieldTypes.H:37,
                 from /opt/openfoam5/src/OpenFOAM/lnInclude/flipOp.H:40,
                 from /opt/openfoam5/src/OpenFOAM/lnInclude/mapDistributeBaseTemplates.C:29,
                 from /opt/openfoam5/src/OpenFOAM/lnInclude/mapDistributeBase.H:489,
                 from /opt/openfoam5/src/OpenFOAM/lnInclude/FieldMapper.H:35,
                 from /opt/openfoam5/src/OpenFOAM/lnInclude/Field.C:26,
                 from /opt/openfoam5/src/OpenFOAM/lnInclude/Field.H:408,
                 from /opt/openfoam5/src/OpenFOAM/lnInclude/scalarField.H:38,
                 from /opt/openfoam5/src/OpenFOAM/lnInclude/dimensionSet.H:46,
                 from /opt/openfoam5/src/OpenFOAM/lnInclude/dimensionedType.H:40,
                 from /opt/openfoam5/src/OpenFOAM/lnInclude/dimensionedScalar.H:38,
                 from /opt/openfoam5/src/OpenFOAM/lnInclude/TimeState.H:38,
                 from /opt/openfoam5/src/OpenFOAM/lnInclude/Time.H:47,
                 from /opt/openfoam5/src/finiteVolume/lnInclude/fvCFD.H:6,
                 from pamFoam.C:36:
/opt/openfoam5/src/OpenFOAM/lnInclude/TensorI.H:829:1: note: candidate: template<class Cmpt> Foam::Tensor<Cmpt> Foam::operator+(const Foam::Tensor<Cmpt>&, const Foam::SymmTensor<Cmpt>&)
 operator+(const Tensor<Cmpt>& t1, const SymmTensor<Cmpt>& st2)
 ^
/opt/openfoam5/src/OpenFOAM/lnInclude/TensorI.H:829:1: note:   template argument deduction/substitution failed:
In file included from pamFoam.C:140:0:
./processModels/XSEqn.H:9:7: note:   'const volScalarField {aka const Foam::GeometricField<double, Foam::fvPatchField, Foam::volMesh>}' is not derived from 'const Foam::Tensor<Cmpt>'
     + alphaLiquid*rhoDecay
       ^
In file included from /opt/openfoam5/src/OpenFOAM/lnInclude/SymmTensor.H:155:0,
                 from /opt/openfoam5/src/OpenFOAM/lnInclude/symmTensor.H:38,
                 from /opt/openfoam5/src/OpenFOAM/lnInclude/fieldTypes.H:37,
                 from /opt/openfoam5/src/OpenFOAM/lnInclude/flipOp.H:40,
                 from /opt/openfoam5/src/OpenFOAM/lnInclude/mapDistributeBaseTemplates.C:29,
                 from /opt/openfoam5/src/OpenFOAM/lnInclude/mapDistributeBase.H:489,
                 from /opt/openfoam5/src/OpenFOAM/lnInclude/FieldMapper.H:35,
                 from /opt/openfoam5/src/OpenFOAM/lnInclude/Field.C:26,
                 from /opt/openfoam5/src/OpenFOAM/lnInclude/Field.H:408,
                 from /opt/openfoam5/src/OpenFOAM/lnInclude/scalarField.H:38,
                 from /opt/openfoam5/src/OpenFOAM/lnInclude/dimensionSet.H:46,
                 from /opt/openfoam5/src/OpenFOAM/lnInclude/dimensionedType.H:40,
                 from /opt/openfoam5/src/OpenFOAM/lnInclude/dimensionedScalar.H:38,
                 from /opt/openfoam5/src/OpenFOAM/lnInclude/TimeState.H:38,
                 from /opt/openfoam5/src/OpenFOAM/lnInclude/Time.H:47,
                 from /opt/openfoam5/src/finiteVolume/lnInclude/fvCFD.H:6,
                 from pamFoam.C:36:
/opt/openfoam5/src/OpenFOAM/lnInclude/SymmTensorI.H:423:1: note: candidate: template<class Cmpt> Foam::SymmTensor<Cmpt> Foam::operator+(const Foam::SphericalTensor<Cmpt>&, const Foam::SymmTensor<Cmpt>&)
 operator+(const SphericalTensor<Cmpt>& spt1, const SymmTensor<Cmpt>& st2)
 ^
/opt/openfoam5/src/OpenFOAM/lnInclude/SymmTensorI.H:423:1: note:   template argument deduction/substitution failed:
In file included from pamFoam.C:140:0:
./processModels/XSEqn.H:9:7: note:   'const volScalarField {aka const Foam::GeometricField<double, Foam::fvPatchField, Foam::volMesh>}' is not derived from 'const Foam::SphericalTensor<Cmpt>'
     + alphaLiquid*rhoDecay
       ^
In file included from /opt/openfoam5/src/OpenFOAM/lnInclude/SymmTensor.H:155:0,
                 from /opt/openfoam5/src/OpenFOAM/lnInclude/symmTensor.H:38,
                 from /opt/openfoam5/src/OpenFOAM/lnInclude/fieldTypes.H:37,
                 from /opt/openfoam5/src/OpenFOAM/lnInclude/flipOp.H:40,
                 from /opt/openfoam5/src/OpenFOAM/lnInclude/mapDistributeBaseTemplates.C:29,
                 from /opt/openfoam5/src/OpenFOAM/lnInclude/mapDistributeBase.H:489,
                 from /opt/openfoam5/src/OpenFOAM/lnInclude/FieldMapper.H:35,
                 from /opt/openfoam5/src/OpenFOAM/lnInclude/Field.C:26,
                 from /opt/openfoam5/src/OpenFOAM/lnInclude/Field.H:408,
                 from /opt/openfoam5/src/OpenFOAM/lnInclude/scalarField.H:38,
                 from /opt/openfoam5/src/OpenFOAM/lnInclude/dimensionSet.H:46,
                 from /opt/openfoam5/src/OpenFOAM/lnInclude/dimensionedType.H:40,
                 from /opt/openfoam5/src/OpenFOAM/lnInclude/dimensionedScalar.H:38,
                 from /opt/openfoam5/src/OpenFOAM/lnInclude/TimeState.H:38,
                 from /opt/openfoam5/src/OpenFOAM/lnInclude/Time.H:47,
                 from /opt/openfoam5/src/finiteVolume/lnInclude/fvCFD.H:6,
                 from pamFoam.C:36:
/opt/openfoam5/src/OpenFOAM/lnInclude/SymmTensorI.H:436:1: note: candidate: template<class Cmpt> Foam::SymmTensor<Cmpt> Foam::operator+(const Foam::SymmTensor<Cmpt>&, const Foam::SphericalTensor<Cmpt>&)
 operator+(const SymmTensor<Cmpt>& st1, const SphericalTensor<Cmpt>& spt2)
 ^
/opt/openfoam5/src/OpenFOAM/lnInclude/SymmTensorI.H:436:1: note:   template argument deduction/substitution failed:
In file included from pamFoam.C:140:0:
./processModels/XSEqn.H:9:7: note:   'const volScalarField {aka const Foam::GeometricField<double, Foam::fvPatchField, Foam::volMesh>}' is not derived from 'const Foam::SymmTensor<Cmpt>'
     + alphaLiquid*rhoDecay
       ^
In file included from /opt/openfoam5/src/OpenFOAM/lnInclude/scalarField.H:42:0,
                 from /opt/openfoam5/src/OpenFOAM/lnInclude/dimensionSet.H:46,
                 from /opt/openfoam5/src/OpenFOAM/lnInclude/dimensionedType.H:40,
                 from /opt/openfoam5/src/OpenFOAM/lnInclude/dimensionedScalar.H:38,
                 from /opt/openfoam5/src/OpenFOAM/lnInclude/TimeState.H:38,
                 from /opt/openfoam5/src/OpenFOAM/lnInclude/Time.H:47,
                 from /opt/openfoam5/src/finiteVolume/lnInclude/fvCFD.H:6,
                 from pamFoam.C:36:
/opt/openfoam5/src/OpenFOAM/lnInclude/FieldFunctionsM.H:207:24: note: candidate: Foam::tmp<Foam::Field<double> > Foam::operator+(const scalar&, const Foam::UList<double>&)
 tmp<Field<ReturnType>> operator Op                                             \
                        ^
/opt/openfoam5/src/OpenFOAM/lnInclude/FieldFunctionsM.H:247:5: note: in expansion of macro 'BINARY_TYPE_OPERATOR_SF'
     BINARY_TYPE_OPERATOR_SF(ReturnType, Type1, Type2, Op, OpFunc)              \
     ^
/opt/openfoam5/src/OpenFOAM/lnInclude/scalarField.H:83:1: note: in expansion of macro 'BINARY_TYPE_OPERATOR'
 BINARY_TYPE_OPERATOR(scalar, scalar, scalar, +, add)
 ^
/opt/openfoam5/src/OpenFOAM/lnInclude/FieldFunctionsM.H:207:24: note:   candidate expects 2 arguments, 1 provided
 tmp<Field<ReturnType>> operator Op                                             \
                        ^
/opt/openfoam5/src/OpenFOAM/lnInclude/FieldFunctionsM.H:247:5: note: in expansion of macro 'BINARY_TYPE_OPERATOR_SF'
     BINARY_TYPE_OPERATOR_SF(ReturnType, Type1, Type2, Op, OpFunc)              \
     ^
/opt/openfoam5/src/OpenFOAM/lnInclude/scalarField.H:83:1: note: in expansion of macro 'BINARY_TYPE_OPERATOR'
 BINARY_TYPE_OPERATOR(scalar, scalar, scalar, +, add)
 ^
/opt/openfoam5/src/OpenFOAM/lnInclude/FieldFunctionsM.H:214:24: note: candidate: Foam::tmp<Foam::Field<double> > Foam::operator+(const scalar&, const Foam::tmp<Foam::Field<double> >&)
 tmp<Field<ReturnType>> operator Op                                             \
                        ^
/opt/openfoam5/src/OpenFOAM/lnInclude/FieldFunctionsM.H:247:5: note: in expansion of macro 'BINARY_TYPE_OPERATOR_SF'
     BINARY_TYPE_OPERATOR_SF(ReturnType, Type1, Type2, Op, OpFunc)              \
     ^
/opt/openfoam5/src/OpenFOAM/lnInclude/scalarField.H:83:1: note: in expansion of macro 'BINARY_TYPE_OPERATOR'
 BINARY_TYPE_OPERATOR(scalar, scalar, scalar, +, add)
 ^
/opt/openfoam5/src/OpenFOAM/lnInclude/FieldFunctionsM.H:214:24: note:   candidate expects 2 arguments, 1 provided
 tmp<Field<ReturnType>> operator Op                                             \
                        ^
/opt/openfoam5/src/OpenFOAM/lnInclude/FieldFunctionsM.H:247:5: note: in expansion of macro 'BINARY_TYPE_OPERATOR_SF'
     BINARY_TYPE_OPERATOR_SF(ReturnType, Type1, Type2, Op, OpFunc)              \
     ^
/opt/openfoam5/src/OpenFOAM/lnInclude/scalarField.H:83:1: note: in expansion of macro 'BINARY_TYPE_OPERATOR'
 BINARY_TYPE_OPERATOR(scalar, scalar, scalar, +, add)
 ^
/opt/openfoam5/src/OpenFOAM/lnInclude/FieldFunctionsM.H:232:24: note: candidate: Foam::tmp<Foam::Field<double> > Foam::operator+(const Foam::UList<double>&, const scalar&)
 tmp<Field<ReturnType>> operator Op                                             \
                        ^
/opt/openfoam5/src/OpenFOAM/lnInclude/FieldFunctionsM.H:248:5: note: in expansion of macro 'BINARY_TYPE_OPERATOR_FS'
     BINARY_TYPE_OPERATOR_FS(ReturnType, Type1, Type2, Op, OpFunc)
     ^
/opt/openfoam5/src/OpenFOAM/lnInclude/scalarField.H:83:1: note: in expansion of macro 'BINARY_TYPE_OPERATOR'
 BINARY_TYPE_OPERATOR(scalar, scalar, scalar, +, add)
 ^
/opt/openfoam5/src/OpenFOAM/lnInclude/FieldFunctionsM.H:232:24: note:   candidate expects 2 arguments, 1 provided
 tmp<Field<ReturnType>> operator Op                                             \
                        ^
/opt/openfoam5/src/OpenFOAM/lnInclude/FieldFunctionsM.H:248:5: note: in expansion of macro 'BINARY_TYPE_OPERATOR_FS'
     BINARY_TYPE_OPERATOR_FS(ReturnType, Type1, Type2, Op, OpFunc)
     ^
/opt/openfoam5/src/OpenFOAM/lnInclude/scalarField.H:83:1: note: in expansion of macro 'BINARY_TYPE_OPERATOR'
 BINARY_TYPE_OPERATOR(scalar, scalar, scalar, +, add)
 ^
/opt/openfoam5/src/OpenFOAM/lnInclude/FieldFunctionsM.H:239:24: note: candidate: Foam::tmp<Foam::Field<double> > Foam::operator+(const Foam::tmp<Foam::Field<double> >&, const scalar&)
 tmp<Field<ReturnType>> operator Op                                             \
                        ^
/opt/openfoam5/src/OpenFOAM/lnInclude/FieldFunctionsM.H:248:5: note: in expansion of macro 'BINARY_TYPE_OPERATOR_FS'
     BINARY_TYPE_OPERATOR_FS(ReturnType, Type1, Type2, Op, OpFunc)
     ^
/opt/openfoam5/src/OpenFOAM/lnInclude/scalarField.H:83:1: note: in expansion of macro 'BINARY_TYPE_OPERATOR'
 BINARY_TYPE_OPERATOR(scalar, scalar, scalar, +, add)
 ^
/opt/openfoam5/src/OpenFOAM/lnInclude/FieldFunctionsM.H:239:24: note:   candidate expects 2 arguments, 1 provided
 tmp<Field<ReturnType>> operator Op                                             \
                        ^
/opt/openfoam5/src/OpenFOAM/lnInclude/FieldFunctionsM.H:248:5: note: in expansion of macro 'BINARY_TYPE_OPERATOR_FS'
     BINARY_TYPE_OPERATOR_FS(ReturnType, Type1, Type2, Op, OpFunc)
     ^
/opt/openfoam5/src/OpenFOAM/lnInclude/scalarField.H:83:1: note: in expansion of macro 'BINARY_TYPE_OPERATOR'
 BINARY_TYPE_OPERATOR(scalar, scalar, scalar, +, add)
 ^
In file included from /opt/openfoam5/src/OpenFOAM/lnInclude/dimensionedType.H:40:0,
                 from /opt/openfoam5/src/OpenFOAM/lnInclude/dimensionedScalar.H:38,
                 from /opt/openfoam5/src/OpenFOAM/lnInclude/TimeState.H:38,
                 from /opt/openfoam5/src/OpenFOAM/lnInclude/Time.H:47,
                 from /opt/openfoam5/src/finiteVolume/lnInclude/fvCFD.H:6,
                 from pamFoam.C:36:
/opt/openfoam5/src/OpenFOAM/lnInclude/dimensionSet.H:383:29: note: candidate: Foam::dimensionSet Foam::operator+(const Foam::dimensionSet&, const Foam::dimensionSet&)
         friend dimensionSet operator+
                             ^
/opt/openfoam5/src/OpenFOAM/lnInclude/dimensionSet.H:383:29: note:   candidate expects 2 arguments, 1 provided
In file included from /opt/openfoam5/src/OpenFOAM/lnInclude/Matrix.H:383:0,
                 from /opt/openfoam5/src/OpenFOAM/lnInclude/RectangularMatrix.H:41,
                 from /opt/openfoam5/src/OpenFOAM/lnInclude/scalarMatrices.H:43,
                 from /opt/openfoam5/src/OpenFOAM/lnInclude/dimensionSets.H:39,
                 from /opt/openfoam5/src/OpenFOAM/lnInclude/dimensionSet.H:439,
                 from /opt/openfoam5/src/OpenFOAM/lnInclude/dimensionedType.H:40,
                 from /opt/openfoam5/src/OpenFOAM/lnInclude/dimensionedScalar.H:38,
                 from /opt/openfoam5/src/OpenFOAM/lnInclude/TimeState.H:38,
                 from /opt/openfoam5/src/OpenFOAM/lnInclude/Time.H:47,
                 from /opt/openfoam5/src/finiteVolume/lnInclude/fvCFD.H:6,
                 from pamFoam.C:36:
/opt/openfoam5/src/OpenFOAM/lnInclude/Matrix.C:464:6: note: candidate: template<class Form, class Type> Form Foam::operator+(const Foam::Matrix<Form, Type>&, const Foam::Matrix<Form, Type>&)
 Form Foam::operator+(const Matrix<Form, Type>& A, const Matrix<Form, Type>& B)
      ^
/opt/openfoam5/src/OpenFOAM/lnInclude/Matrix.C:464:6: note:   template argument deduction/substitution failed:
In file included from pamFoam.C:140:0:
./processModels/XSEqn.H:9:7: note:   'const volScalarField {aka const Foam::GeometricField<double, Foam::fvPatchField, Foam::volMesh>}' is not derived from 'const Foam::Matrix<Form, Type>'
     + alphaLiquid*rhoDecay
       ^
In file included from /opt/openfoam5/src/OpenFOAM/lnInclude/dimensionedType.H:340:0,
                 from /opt/openfoam5/src/OpenFOAM/lnInclude/dimensionedScalar.H:38,
                 from /opt/openfoam5/src/OpenFOAM/lnInclude/TimeState.H:38,
                 from /opt/openfoam5/src/OpenFOAM/lnInclude/Time.H:47,
                 from /opt/openfoam5/src/finiteVolume/lnInclude/fvCFD.H:6,
                 from pamFoam.C:36:
/opt/openfoam5/src/OpenFOAM/lnInclude/dimensionedType.C:657:25: note: candidate: template<class Type> Foam::dimensioned<Type> Foam::operator+(const Foam::dimensioned<Type>&, const Foam::dimensioned<Type>&)
 Foam::dimensioned<Type> Foam::operator+
                         ^
/opt/openfoam5/src/OpenFOAM/lnInclude/dimensionedType.C:657:25: note:   template argument deduction/substitution failed:
In file included from pamFoam.C:140:0:
./processModels/XSEqn.H:9:7: note:   'const volScalarField {aka const Foam::GeometricField<double, Foam::fvPatchField, Foam::volMesh>}' is not derived from 'const Foam::dimensioned<Type>'
     + alphaLiquid*rhoDecay
       ^
In file included from /opt/openfoam5/src/OpenFOAM/lnInclude/TimeState.H:38:0,
                 from /opt/openfoam5/src/OpenFOAM/lnInclude/Time.H:47,
                 from /opt/openfoam5/src/finiteVolume/lnInclude/fvCFD.H:6,
                 from pamFoam.C:36:
/opt/openfoam5/src/OpenFOAM/lnInclude/dimensionedScalar.H:49:19: note: candidate: Foam::dimensionedScalar Foam::operator+(const dimensionedScalar&, Foam::scalar)
 dimensionedScalar operator+(const dimensionedScalar&, const scalar);
                   ^
/opt/openfoam5/src/OpenFOAM/lnInclude/dimensionedScalar.H:49:19: note:   candidate expects 2 arguments, 1 provided
/opt/openfoam5/src/OpenFOAM/lnInclude/dimensionedScalar.H:50:19: note: candidate: Foam::dimensionedScalar Foam::operator+(Foam::scalar, const dimensionedScalar&)
 dimensionedScalar operator+(const scalar, const dimensionedScalar&);
                   ^
/opt/openfoam5/src/OpenFOAM/lnInclude/dimensionedScalar.H:50:19: note:   candidate expects 2 arguments, 1 provided
In file included from /opt/openfoam5/src/OpenFOAM/lnInclude/labelField.H:42:0,
                 from /opt/openfoam5/src/OpenFOAM/lnInclude/primitiveFields.H:37,
                 from /opt/openfoam5/src/OpenFOAM/lnInclude/pointField.H:36,
                 from /opt/openfoam5/src/OpenFOAM/lnInclude/edge.H:40,
                 from /opt/openfoam5/src/OpenFOAM/lnInclude/edgeList.H:32,
                 from /opt/openfoam5/src/OpenFOAM/lnInclude/primitiveMesh.H:54,
                 from /opt/openfoam5/src/OpenFOAM/lnInclude/polyMesh.H:45,
                 from /opt/openfoam5/src/finiteVolume/lnInclude/fvMesh.H:50,
                 from /opt/openfoam5/src/finiteVolume/lnInclude/fvCFD.H:7,
                 from pamFoam.C:36:
/opt/openfoam5/src/OpenFOAM/lnInclude/FieldFunctionsM.H:207:24: note: candidate: Foam::tmp<Foam::Field<int> > Foam::operator+(const label&, const Foam::UList<int>&)
 tmp<Field<ReturnType>> operator Op                                             \
                        ^
/opt/openfoam5/src/OpenFOAM/lnInclude/FieldFunctionsM.H:247:5: note: in expansion of macro 'BINARY_TYPE_OPERATOR_SF'
     BINARY_TYPE_OPERATOR_SF(ReturnType, Type1, Type2, Op, OpFunc)              \
     ^
/opt/openfoam5/src/OpenFOAM/lnInclude/labelField.H:53:1: note: in expansion of macro 'BINARY_TYPE_OPERATOR'
 BINARY_TYPE_OPERATOR(label, label, label, +, add)
 ^
/opt/openfoam5/src/OpenFOAM/lnInclude/FieldFunctionsM.H:207:24: note:   candidate expects 2 arguments, 1 provided
 tmp<Field<ReturnType>> operator Op                                             \
                        ^
/opt/openfoam5/src/OpenFOAM/lnInclude/FieldFunctionsM.H:247:5: note: in expansion of macro 'BINARY_TYPE_OPERATOR_SF'
     BINARY_TYPE_OPERATOR_SF(ReturnType, Type1, Type2, Op, OpFunc)              \
     ^
/opt/openfoam5/src/OpenFOAM/lnInclude/labelField.H:53:1: note: in expansion of macro 'BINARY_TYPE_OPERATOR'
 BINARY_TYPE_OPERATOR(label, label, label, +, add)
 ^
/opt/openfoam5/src/OpenFOAM/lnInclude/FieldFunctionsM.H:214:24: note: candidate: Foam::tmp<Foam::Field<int> > Foam::operator+(const label&, const Foam::tmp<Foam::Field<int> >&)
 tmp<Field<ReturnType>> operator Op                                             \
                        ^
/opt/openfoam5/src/OpenFOAM/lnInclude/FieldFunctionsM.H:247:5: note: in expansion of macro 'BINARY_TYPE_OPERATOR_SF'
     BINARY_TYPE_OPERATOR_SF(ReturnType, Type1, Type2, Op, OpFunc)              \
     ^
/opt/openfoam5/src/OpenFOAM/lnInclude/labelField.H:53:1: note: in expansion of macro 'BINARY_TYPE_OPERATOR'
 BINARY_TYPE_OPERATOR(label, label, label, +, add)
 ^
/opt/openfoam5/src/OpenFOAM/lnInclude/FieldFunctionsM.H:214:24: note:   candidate expects 2 arguments, 1 provided
 tmp<Field<ReturnType>> operator Op                                             \
                        ^
/opt/openfoam5/src/OpenFOAM/lnInclude/FieldFunctionsM.H:247:5: note: in expansion of macro 'BINARY_TYPE_OPERATOR_SF'
     BINARY_TYPE_OPERATOR_SF(ReturnType, Type1, Type2, Op, OpFunc)              \
     ^
/opt/openfoam5/src/OpenFOAM/lnInclude/labelField.H:53:1: note: in expansion of macro 'BINARY_TYPE_OPERATOR'
 BINARY_TYPE_OPERATOR(label, label, label, +, add)
 ^
/opt/openfoam5/src/OpenFOAM/lnInclude/FieldFunctionsM.H:232:24: note: candidate: Foam::tmp<Foam::Field<int> > Foam::operator+(const Foam::UList<int>&, const label&)
 tmp<Field<ReturnType>> operator Op                                             \
                        ^
/opt/openfoam5/src/OpenFOAM/lnInclude/FieldFunctionsM.H:248:5: note: in expansion of macro 'BINARY_TYPE_OPERATOR_FS'
     BINARY_TYPE_OPERATOR_FS(ReturnType, Type1, Type2, Op, OpFunc)
     ^
/opt/openfoam5/src/OpenFOAM/lnInclude/labelField.H:53:1: note: in expansion of macro 'BINARY_TYPE_OPERATOR'
 BINARY_TYPE_OPERATOR(label, label, label, +, add)
 ^
/opt/openfoam5/src/OpenFOAM/lnInclude/FieldFunctionsM.H:232:24: note:   candidate expects 2 arguments, 1 provided
 tmp<Field<ReturnType>> operator Op                                             \
                        ^
/opt/openfoam5/src/OpenFOAM/lnInclude/FieldFunctionsM.H:248:5: note: in expansion of macro 'BINARY_TYPE_OPERATOR_FS'
     BINARY_TYPE_OPERATOR_FS(ReturnType, Type1, Type2, Op, OpFunc)
     ^
/opt/openfoam5/src/OpenFOAM/lnInclude/labelField.H:53:1: note: in expansion of macro 'BINARY_TYPE_OPERATOR'
 BINARY_TYPE_OPERATOR(label, label, label, +, add)
 ^
/opt/openfoam5/src/OpenFOAM/lnInclude/FieldFunctionsM.H:239:24: note: candidate: Foam::tmp<Foam::Field<int> > Foam::operator+(const Foam::tmp<Foam::Field<int> >&, const label&)
 tmp<Field<ReturnType>> operator Op                                             \
                        ^
/opt/openfoam5/src/OpenFOAM/lnInclude/FieldFunctionsM.H:248:5: note: in expansion of macro 'BINARY_TYPE_OPERATOR_FS'
     BINARY_TYPE_OPERATOR_FS(ReturnType, Type1, Type2, Op, OpFunc)
     ^
/opt/openfoam5/src/OpenFOAM/lnInclude/labelField.H:53:1: note: in expansion of macro 'BINARY_TYPE_OPERATOR'
 BINARY_TYPE_OPERATOR(label, label, label, +, add)
 ^
/opt/openfoam5/src/OpenFOAM/lnInclude/FieldFunctionsM.H:239:24: note:   candidate expects 2 arguments, 1 provided
 tmp<Field<ReturnType>> operator Op                                             \
                        ^
/opt/openfoam5/src/OpenFOAM/lnInclude/FieldFunctionsM.H:248:5: note: in expansion of macro 'BINARY_TYPE_OPERATOR_FS'
     BINARY_TYPE_OPERATOR_FS(ReturnType, Type1, Type2, Op, OpFunc)
     ^
/opt/openfoam5/src/OpenFOAM/lnInclude/labelField.H:53:1: note: in expansion of macro 'BINARY_TYPE_OPERATOR'
 BINARY_TYPE_OPERATOR(label, label, label, +, add)
 ^
In file included from /opt/openfoam5/src/OpenFOAM/lnInclude/DimensionedScalarField.C:29:0,
                 from /opt/openfoam5/src/OpenFOAM/lnInclude/DimensionedScalarField.H:157,
                 from /opt/openfoam5/src/OpenFOAM/lnInclude/DimensionedFieldFunctions.H:26,
                 from /opt/openfoam5/src/OpenFOAM/lnInclude/DimensionedField.H:363,
                 from /opt/openfoam5/src/finiteVolume/lnInclude/fvMesh.H:58,
                 from /opt/openfoam5/src/finiteVolume/lnInclude/fvCFD.H:7,
                 from pamFoam.C:36:
/opt/openfoam5/src/OpenFOAM/lnInclude/DimensionedFieldFunctionsM.C:534:44: note: candidate: template<class GeoMesh> Foam::tmp<Foam::DimensionedField<double, GeoMesh> > Foam::operator+(const Foam::dimensioned<double>&, const Foam::DimensionedField<double, GeoMesh>&)
 tmp<DimensionedField<ReturnType, GeoMesh>> operator Op                         \
                                            ^
/opt/openfoam5/src/OpenFOAM/lnInclude/DimensionedFieldFunctionsM.C:685:5: note: in expansion of macro 'BINARY_TYPE_OPERATOR_SF'
     BINARY_TYPE_OPERATOR_SF(ReturnType, Type1, Type2, Op, OpName, OpFunc)      \
     ^
/opt/openfoam5/src/OpenFOAM/lnInclude/DimensionedScalarField.C:92:1: note: in expansion of macro 'BINARY_TYPE_OPERATOR'
 BINARY_TYPE_OPERATOR(scalar, scalar, scalar, +, '+', add)
 ^
/opt/openfoam5/src/OpenFOAM/lnInclude/DimensionedFieldFunctionsM.C:534:44: note:   template argument deduction/substitution failed:
 tmp<DimensionedField<ReturnType, GeoMesh>> operator Op                         \
                                            ^
/opt/openfoam5/src/OpenFOAM/lnInclude/DimensionedFieldFunctionsM.C:685:5: note: in expansion of macro 'BINARY_TYPE_OPERATOR_SF'
     BINARY_TYPE_OPERATOR_SF(ReturnType, Type1, Type2, Op, OpName, OpFunc)      \
     ^
/opt/openfoam5/src/OpenFOAM/lnInclude/DimensionedScalarField.C:92:1: note: in expansion of macro 'BINARY_TYPE_OPERATOR'
 BINARY_TYPE_OPERATOR(scalar, scalar, scalar, +, '+', add)
 ^
In file included from pamFoam.C:140:0:
./processModels/XSEqn.H:9:7: note:   cannot convert 'alphaLiquid' (type 'const volScalarField {aka const Foam::GeometricField<double, Foam::fvPatchField, Foam::volMesh>}') to type 'const Foam::dimensioned<double>&'
     + alphaLiquid*rhoDecay
       ^
In file included from /opt/openfoam5/src/OpenFOAM/lnInclude/DimensionedScalarField.C:29:0,
                 from /opt/openfoam5/src/OpenFOAM/lnInclude/DimensionedScalarField.H:157,
                 from /opt/openfoam5/src/OpenFOAM/lnInclude/DimensionedFieldFunctions.H:26,
                 from /opt/openfoam5/src/OpenFOAM/lnInclude/DimensionedField.H:363,
                 from /opt/openfoam5/src/finiteVolume/lnInclude/fvMesh.H:58,
                 from /opt/openfoam5/src/finiteVolume/lnInclude/fvCFD.H:7,
                 from pamFoam.C:36:
/opt/openfoam5/src/OpenFOAM/lnInclude/DimensionedFieldFunctionsM.C:561:44: note: candidate: template<class GeoMesh> Foam::tmp<Foam::DimensionedField<double, GeoMesh> > Foam::operator+(const scalar&, const Foam::DimensionedField<double, GeoMesh>&)
 tmp<DimensionedField<ReturnType, GeoMesh>> operator Op                         \
                                            ^
/opt/openfoam5/src/OpenFOAM/lnInclude/DimensionedFieldFunctionsM.C:685:5: note: in expansion of macro 'BINARY_TYPE_OPERATOR_SF'
     BINARY_TYPE_OPERATOR_SF(ReturnType, Type1, Type2, Op, OpName, OpFunc)      \
     ^
/opt/openfoam5/src/OpenFOAM/lnInclude/DimensionedScalarField.C:92:1: note: in expansion of macro 'BINARY_TYPE_OPERATOR'
 BINARY_TYPE_OPERATOR(scalar, scalar, scalar, +, '+', add)
 ^
/opt/openfoam5/src/OpenFOAM/lnInclude/DimensionedFieldFunctionsM.C:561:44: note:   template argument deduction/substitution failed:
 tmp<DimensionedField<ReturnType, GeoMesh>> operator Op                         \
                                            ^
/opt/openfoam5/src/OpenFOAM/lnInclude/DimensionedFieldFunctionsM.C:685:5: note: in expansion of macro 'BINARY_TYPE_OPERATOR_SF'
     BINARY_TYPE_OPERATOR_SF(ReturnType, Type1, Type2, Op, OpName, OpFunc)      \
     ^
/opt/openfoam5/src/OpenFOAM/lnInclude/DimensionedScalarField.C:92:1: note: in expansion of macro 'BINARY_TYPE_OPERATOR'
 BINARY_TYPE_OPERATOR(scalar, scalar, scalar, +, '+', add)
 ^
In file included from pamFoam.C:140:0:
./processModels/XSEqn.H:9:7: note:   cannot convert 'alphaLiquid' (type 'const volScalarField {aka const Foam::GeometricField<double, Foam::fvPatchField, Foam::volMesh>}') to type 'const scalar& {aka const double&}'
     + alphaLiquid*rhoDecay
       ^
In file included from /opt/openfoam5/src/OpenFOAM/lnInclude/DimensionedScalarField.C:29:0,
                 from /opt/openfoam5/src/OpenFOAM/lnInclude/DimensionedScalarField.H:157,
                 from /opt/openfoam5/src/OpenFOAM/lnInclude/DimensionedFieldFunctions.H:26,
                 from /opt/openfoam5/src/OpenFOAM/lnInclude/DimensionedField.H:363,
                 from /opt/openfoam5/src/finiteVolume/lnInclude/fvMesh.H:58,
                 from /opt/openfoam5/src/finiteVolume/lnInclude/fvCFD.H:7,
                 from pamFoam.C:36:
/opt/openfoam5/src/OpenFOAM/lnInclude/DimensionedFieldFunctionsM.C:572:44: note: candidate: template<class GeoMesh> Foam::tmp<Foam::DimensionedField<double, GeoMesh> > Foam::operator+(const Foam::dimensioned<double>&, const Foam::tmp<Foam::DimensionedField<double, GeoMesh> >&)
 tmp<DimensionedField<ReturnType, GeoMesh>> operator Op                         \
                                            ^
/opt/openfoam5/src/OpenFOAM/lnInclude/DimensionedFieldFunctionsM.C:685:5: note: in expansion of macro 'BINARY_TYPE_OPERATOR_SF'
     BINARY_TYPE_OPERATOR_SF(ReturnType, Type1, Type2, Op, OpName, OpFunc)      \
     ^
/opt/openfoam5/src/OpenFOAM/lnInclude/DimensionedScalarField.C:92:1: note: in expansion of macro 'BINARY_TYPE_OPERATOR'
 BINARY_TYPE_OPERATOR(scalar, scalar, scalar, +, '+', add)
 ^
/opt/openfoam5/src/OpenFOAM/lnInclude/DimensionedFieldFunctionsM.C:572:44: note:   template argument deduction/substitution failed:
 tmp<DimensionedField<ReturnType, GeoMesh>> operator Op                         \
                                            ^
/opt/openfoam5/src/OpenFOAM/lnInclude/DimensionedFieldFunctionsM.C:685:5: note: in expansion of macro 'BINARY_TYPE_OPERATOR_SF'
     BINARY_TYPE_OPERATOR_SF(ReturnType, Type1, Type2, Op, OpName, OpFunc)      \
     ^
/opt/openfoam5/src/OpenFOAM/lnInclude/DimensionedScalarField.C:92:1: note: in expansion of macro 'BINARY_TYPE_OPERATOR'
 BINARY_TYPE_OPERATOR(scalar, scalar, scalar, +, '+', add)
 ^
In file included from pamFoam.C:140:0:
./processModels/XSEqn.H:9:7: note:   cannot convert 'alphaLiquid' (type 'const volScalarField {aka const Foam::GeometricField<double, Foam::fvPatchField, Foam::volMesh>}') to type 'const Foam::dimensioned<double>&'
     + alphaLiquid*rhoDecay
       ^
In file included from /opt/openfoam5/src/OpenFOAM/lnInclude/DimensionedScalarField.C:29:0,
                 from /opt/openfoam5/src/OpenFOAM/lnInclude/DimensionedScalarField.H:157,
                 from /opt/openfoam5/src/OpenFOAM/lnInclude/DimensionedFieldFunctions.H:26,
                 from /opt/openfoam5/src/OpenFOAM/lnInclude/DimensionedField.H:363,
                 from /opt/openfoam5/src/finiteVolume/lnInclude/fvMesh.H:58,
                 from /opt/openfoam5/src/finiteVolume/lnInclude/fvCFD.H:7,
                 from pamFoam.C:36:
/opt/openfoam5/src/OpenFOAM/lnInclude/DimensionedFieldFunctionsM.C:598:44: note: candidate: template<class GeoMesh> Foam::tmp<Foam::DimensionedField<double, GeoMesh> > Foam::operator+(const scalar&, const Foam::tmp<Foam::DimensionedField<double, GeoMesh> >&)
 tmp<DimensionedField<ReturnType, GeoMesh>> operator Op                         \
                                            ^
/opt/openfoam5/src/OpenFOAM/lnInclude/DimensionedFieldFunctionsM.C:685:5: note: in expansion of macro 'BINARY_TYPE_OPERATOR_SF'
     BINARY_TYPE_OPERATOR_SF(ReturnType, Type1, Type2, Op, OpName, OpFunc)      \
     ^
/opt/openfoam5/src/OpenFOAM/lnInclude/DimensionedScalarField.C:92:1: note: in expansion of macro 'BINARY_TYPE_OPERATOR'
 BINARY_TYPE_OPERATOR(scalar, scalar, scalar, +, '+', add)
 ^
/opt/openfoam5/src/OpenFOAM/lnInclude/DimensionedFieldFunctionsM.C:598:44: note:   template argument deduction/substitution failed:
 tmp<DimensionedField<ReturnType, GeoMesh>> operator Op                         \
                                            ^
/opt/openfoam5/src/OpenFOAM/lnInclude/DimensionedFieldFunctionsM.C:685:5: note: in expansion of macro 'BINARY_TYPE_OPERATOR_SF'
     BINARY_TYPE_OPERATOR_SF(ReturnType, Type1, Type2, Op, OpName, OpFunc)      \
     ^
/opt/openfoam5/src/OpenFOAM/lnInclude/DimensionedScalarField.C:92:1: note: in expansion of macro 'BINARY_TYPE_OPERATOR'
 BINARY_TYPE_OPERATOR(scalar, scalar, scalar, +, '+', add)
 ^
In file included from pamFoam.C:140:0:
./processModels/XSEqn.H:9:7: note:   cannot convert 'alphaLiquid' (type 'const volScalarField {aka const Foam::GeometricField<double, Foam::fvPatchField, Foam::volMesh>}') to type 'const scalar& {aka const double&}'
     + alphaLiquid*rhoDecay
       ^
In file included from /opt/openfoam5/src/OpenFOAM/lnInclude/DimensionedScalarField.C:29:0,
                 from /opt/openfoam5/src/OpenFOAM/lnInclude/DimensionedScalarField.H:157,
                 from /opt/openfoam5/src/OpenFOAM/lnInclude/DimensionedFieldFunctions.H:26,
                 from /opt/openfoam5/src/OpenFOAM/lnInclude/DimensionedField.H:363,
                 from /opt/openfoam5/src/finiteVolume/lnInclude/fvMesh.H:58,
                 from /opt/openfoam5/src/finiteVolume/lnInclude/fvCFD.H:7,
                 from pamFoam.C:36:
/opt/openfoam5/src/OpenFOAM/lnInclude/DimensionedFieldFunctionsM.C:611:44: note: candidate: template<class GeoMesh> Foam::tmp<Foam::DimensionedField<double, GeoMesh> > Foam::operator+(const Foam::DimensionedField<double, GeoMesh>&, const Foam::dimensioned<double>&)
 tmp<DimensionedField<ReturnType, GeoMesh>> operator Op                         \
                                            ^
/opt/openfoam5/src/OpenFOAM/lnInclude/DimensionedFieldFunctionsM.C:686:5: note: in expansion of macro 'BINARY_TYPE_OPERATOR_FS'
     BINARY_TYPE_OPERATOR_FS(ReturnType, Type1, Type2, Op, OpName, OpFunc)
     ^
/opt/openfoam5/src/OpenFOAM/lnInclude/DimensionedScalarField.C:92:1: note: in expansion of macro 'BINARY_TYPE_OPERATOR'
 BINARY_TYPE_OPERATOR(scalar, scalar, scalar, +, '+', add)
 ^
/opt/openfoam5/src/OpenFOAM/lnInclude/DimensionedFieldFunctionsM.C:611:44: note:   template argument deduction/substitution failed:
 tmp<DimensionedField<ReturnType, GeoMesh>> operator Op                         \
                                            ^
/opt/openfoam5/src/OpenFOAM/lnInclude/DimensionedFieldFunctionsM.C:686:5: note: in expansion of macro 'BINARY_TYPE_OPERATOR_FS'
     BINARY_TYPE_OPERATOR_FS(ReturnType, Type1, Type2, Op, OpName, OpFunc)
     ^
/opt/openfoam5/src/OpenFOAM/lnInclude/DimensionedScalarField.C:92:1: note: in expansion of macro 'BINARY_TYPE_OPERATOR'
 BINARY_TYPE_OPERATOR(scalar, scalar, scalar, +, '+', add)
 ^
In file included from pamFoam.C:140:0:
./processModels/XSEqn.H:9:7: note:   candidate expects 2 arguments, 1 provided
     + alphaLiquid*rhoDecay
       ^
In file included from /opt/openfoam5/src/OpenFOAM/lnInclude/DimensionedScalarField.C:29:0,
                 from /opt/openfoam5/src/OpenFOAM/lnInclude/DimensionedScalarField.H:157,
                 from /opt/openfoam5/src/OpenFOAM/lnInclude/DimensionedFieldFunctions.H:26,
                 from /opt/openfoam5/src/OpenFOAM/lnInclude/DimensionedField.H:363,
                 from /opt/openfoam5/src/finiteVolume/lnInclude/fvMesh.H:58,
                 from /opt/openfoam5/src/finiteVolume/lnInclude/fvCFD.H:7,
                 from pamFoam.C:36:
/opt/openfoam5/src/OpenFOAM/lnInclude/DimensionedFieldFunctionsM.C:638:44: note: candidate: template<class GeoMesh> Foam::tmp<Foam::DimensionedField<double, GeoMesh> > Foam::operator+(const Foam::DimensionedField<double, GeoMesh>&, const scalar&)
 tmp<DimensionedField<ReturnType, GeoMesh>> operator Op                         \
                                            ^
/opt/openfoam5/src/OpenFOAM/lnInclude/DimensionedFieldFunctionsM.C:686:5: note: in expansion of macro 'BINARY_TYPE_OPERATOR_FS'
     BINARY_TYPE_OPERATOR_FS(ReturnType, Type1, Type2, Op, OpName, OpFunc)
     ^
/opt/openfoam5/src/OpenFOAM/lnInclude/DimensionedScalarField.C:92:1: note: in expansion of macro 'BINARY_TYPE_OPERATOR'
 BINARY_TYPE_OPERATOR(scalar, scalar, scalar, +, '+', add)
 ^
/opt/openfoam5/src/OpenFOAM/lnInclude/DimensionedFieldFunctionsM.C:638:44: note:   template argument deduction/substitution failed:
 tmp<DimensionedField<ReturnType, GeoMesh>> operator Op                         \
                                            ^
/opt/openfoam5/src/OpenFOAM/lnInclude/DimensionedFieldFunctionsM.C:686:5: note: in expansion of macro 'BINARY_TYPE_OPERATOR_FS'
     BINARY_TYPE_OPERATOR_FS(ReturnType, Type1, Type2, Op, OpName, OpFunc)
     ^
/opt/openfoam5/src/OpenFOAM/lnInclude/DimensionedScalarField.C:92:1: note: in expansion of macro 'BINARY_TYPE_OPERATOR'
 BINARY_TYPE_OPERATOR(scalar, scalar, scalar, +, '+', add)
 ^
In file included from pamFoam.C:140:0:
./processModels/XSEqn.H:9:7: note:   candidate expects 2 arguments, 1 provided
     + alphaLiquid*rhoDecay
       ^
In file included from /opt/openfoam5/src/OpenFOAM/lnInclude/DimensionedScalarField.C:29:0,
                 from /opt/openfoam5/src/OpenFOAM/lnInclude/DimensionedScalarField.H:157,
                 from /opt/openfoam5/src/OpenFOAM/lnInclude/DimensionedFieldFunctions.H:26,
                 from /opt/openfoam5/src/OpenFOAM/lnInclude/DimensionedField.H:363,
                 from /opt/openfoam5/src/finiteVolume/lnInclude/fvMesh.H:58,
                 from /opt/openfoam5/src/finiteVolume/lnInclude/fvCFD.H:7,
                 from pamFoam.C:36:
/opt/openfoam5/src/OpenFOAM/lnInclude/DimensionedFieldFunctionsM.C:649:44: note: candidate: template<class GeoMesh> Foam::tmp<Foam::DimensionedField<double, GeoMesh> > Foam::operator+(const Foam::tmp<Foam::DimensionedField<double, GeoMesh> >&, const Foam::dimensioned<double>&)
 tmp<DimensionedField<ReturnType, GeoMesh>> operator Op                         \
                                            ^
/opt/openfoam5/src/OpenFOAM/lnInclude/DimensionedFieldFunctionsM.C:686:5: note: in expansion of macro 'BINARY_TYPE_OPERATOR_FS'
     BINARY_TYPE_OPERATOR_FS(ReturnType, Type1, Type2, Op, OpName, OpFunc)
     ^
/opt/openfoam5/src/OpenFOAM/lnInclude/DimensionedScalarField.C:92:1: note: in expansion of macro 'BINARY_TYPE_OPERATOR'
 BINARY_TYPE_OPERATOR(scalar, scalar, scalar, +, '+', add)
 ^
/opt/openfoam5/src/OpenFOAM/lnInclude/DimensionedFieldFunctionsM.C:649:44: note:   template argument deduction/substitution failed:
 tmp<DimensionedField<ReturnType, GeoMesh>> operator Op                         \
                                            ^
/opt/openfoam5/src/OpenFOAM/lnInclude/DimensionedFieldFunctionsM.C:686:5: note: in expansion of macro 'BINARY_TYPE_OPERATOR_FS'
     BINARY_TYPE_OPERATOR_FS(ReturnType, Type1, Type2, Op, OpName, OpFunc)
     ^
/opt/openfoam5/src/OpenFOAM/lnInclude/DimensionedScalarField.C:92:1: note: in expansion of macro 'BINARY_TYPE_OPERATOR'
 BINARY_TYPE_OPERATOR(scalar, scalar, scalar, +, '+', add)
 ^
In file included from pamFoam.C:140:0:
./processModels/XSEqn.H:9:7: note:   'const volScalarField {aka const Foam::GeometricField<double, Foam::fvPatchField, Foam::volMesh>}' is not derived from 'const Foam::tmp<Foam::DimensionedField<double, GeoMesh> >'
     + alphaLiquid*rhoDecay
       ^
In file included from /opt/openfoam5/src/OpenFOAM/lnInclude/DimensionedScalarField.C:29:0,
                 from /opt/openfoam5/src/OpenFOAM/lnInclude/DimensionedScalarField.H:157,
                 from /opt/openfoam5/src/OpenFOAM/lnInclude/DimensionedFieldFunctions.H:26,
                 from /opt/openfoam5/src/OpenFOAM/lnInclude/DimensionedField.H:363,
                 from /opt/openfoam5/src/finiteVolume/lnInclude/fvMesh.H:58,
                 from /opt/openfoam5/src/finiteVolume/lnInclude/fvCFD.H:7,
                 from pamFoam.C:36:
/opt/openfoam5/src/OpenFOAM/lnInclude/DimensionedFieldFunctionsM.C:675:44: note: candidate: template<class GeoMesh> Foam::tmp<Foam::DimensionedField<double, GeoMesh> > Foam::operator+(const Foam::tmp<Foam::DimensionedField<double, GeoMesh> >&, const scalar&)
 tmp<DimensionedField<ReturnType, GeoMesh>> operator Op                         \
                                            ^
/opt/openfoam5/src/OpenFOAM/lnInclude/DimensionedFieldFunctionsM.C:686:5: note: in expansion of macro 'BINARY_TYPE_OPERATOR_FS'
     BINARY_TYPE_OPERATOR_FS(ReturnType, Type1, Type2, Op, OpName, OpFunc)
     ^
/opt/openfoam5/src/OpenFOAM/lnInclude/DimensionedScalarField.C:92:1: note: in expansion of macro 'BINARY_TYPE_OPERATOR'
 BINARY_TYPE_OPERATOR(scalar, scalar, scalar, +, '+', add)
 ^
/opt/openfoam5/src/OpenFOAM/lnInclude/DimensionedFieldFunctionsM.C:675:44: note:   template argument deduction/substitution failed:
 tmp<DimensionedField<ReturnType, GeoMesh>> operator Op                         \
                                            ^
/opt/openfoam5/src/OpenFOAM/lnInclude/DimensionedFieldFunctionsM.C:686:5: note: in expansion of macro 'BINARY_TYPE_OPERATOR_FS'
     BINARY_TYPE_OPERATOR_FS(ReturnType, Type1, Type2, Op, OpName, OpFunc)
     ^
/opt/openfoam5/src/OpenFOAM/lnInclude/DimensionedScalarField.C:92:1: note: in expansion of macro 'BINARY_TYPE_OPERATOR'
 BINARY_TYPE_OPERATOR(scalar, scalar, scalar, +, '+', add)
 ^
In file included from pamFoam.C:140:0:
./processModels/XSEqn.H:9:7: note:   'const volScalarField {aka const Foam::GeometricField<double, Foam::fvPatchField, Foam::volMesh>}' is not derived from 'const Foam::tmp<Foam::DimensionedField<double, GeoMesh> >'
     + alphaLiquid*rhoDecay
       ^
In file included from /opt/openfoam5/src/OpenFOAM/lnInclude/DimensionedField.C:532:0,
                 from /opt/openfoam5/src/OpenFOAM/lnInclude/DimensionedField.H:366,
                 from /opt/openfoam5/src/finiteVolume/lnInclude/fvMesh.H:58,
                 from /opt/openfoam5/src/finiteVolume/lnInclude/fvCFD.H:7,
                 from pamFoam.C:36:
/opt/openfoam5/src/OpenFOAM/lnInclude/DimensionedFieldFunctions.C:371:1: note: candidate: template<class Type1, class Type2, class GeoMesh> Foam::tmp<Foam::DimensionedField<typename Foam::typeOfSum<arg1, arg2>::type, GeoMesh> > Foam::operator+(const Foam::DimensionedField<TypeR, GeoMesh>&, const Foam::DimensionedField<Type1, GeoMesh>&)
 operator op                                                                    \
 ^
/opt/openfoam5/src/OpenFOAM/lnInclude/DimensionedFieldFunctions.C:642:1: note: in expansion of macro 'PRODUCT_OPERATOR'
 PRODUCT_OPERATOR(typeOfSum, +, add)
 ^
/opt/openfoam5/src/OpenFOAM/lnInclude/DimensionedFieldFunctions.C:371:1: note:   template argument deduction/substitution failed:
 operator op                                                                    \
 ^
/opt/openfoam5/src/OpenFOAM/lnInclude/DimensionedFieldFunctions.C:642:1: note: in expansion of macro 'PRODUCT_OPERATOR'
 PRODUCT_OPERATOR(typeOfSum, +, add)
 ^
In file included from pamFoam.C:140:0:
./processModels/XSEqn.H:9:7: note:   candidate expects 2 arguments, 1 provided
     + alphaLiquid*rhoDecay
       ^
In file included from /opt/openfoam5/src/OpenFOAM/lnInclude/DimensionedField.C:532:0,
                 from /opt/openfoam5/src/OpenFOAM/lnInclude/DimensionedField.H:366,
                 from /opt/openfoam5/src/finiteVolume/lnInclude/fvMesh.H:58,
                 from /opt/openfoam5/src/finiteVolume/lnInclude/fvCFD.H:7,
                 from pamFoam.C:36:
/opt/openfoam5/src/OpenFOAM/lnInclude/DimensionedFieldFunctions.C:400:1: note: candidate: template<class Type1, class Type2, class GeoMesh> Foam::tmp<Foam::DimensionedField<typename Foam::typeOfSum<arg1, arg2>::type, GeoMesh> > Foam::operator+(const Foam::DimensionedField<TypeR, GeoMesh>&, const Foam::tmp<Foam::DimensionedField<Type1, GeoMesh> >&)
 operator op                                                                    \
 ^
/opt/openfoam5/src/OpenFOAM/lnInclude/DimensionedFieldFunctions.C:642:1: note: in expansion of macro 'PRODUCT_OPERATOR'
 PRODUCT_OPERATOR(typeOfSum, +, add)
 ^
/opt/openfoam5/src/OpenFOAM/lnInclude/DimensionedFieldFunctions.C:400:1: note:   template argument deduction/substitution failed:
 operator op                                                                    \
 ^
/opt/openfoam5/src/OpenFOAM/lnInclude/DimensionedFieldFunctions.C:642:1: note: in expansion of macro 'PRODUCT_OPERATOR'
 PRODUCT_OPERATOR(typeOfSum, +, add)
 ^
In file included from pamFoam.C:140:0:
./processModels/XSEqn.H:9:7: note:   candidate expects 2 arguments, 1 provided
     + alphaLiquid*rhoDecay
       ^
In file included from /opt/openfoam5/src/OpenFOAM/lnInclude/DimensionedField.C:532:0,
                 from /opt/openfoam5/src/OpenFOAM/lnInclude/DimensionedField.H:366,
                 from /opt/openfoam5/src/finiteVolume/lnInclude/fvMesh.H:58,
                 from /opt/openfoam5/src/finiteVolume/lnInclude/fvCFD.H:7,
                 from pamFoam.C:36:
/opt/openfoam5/src/OpenFOAM/lnInclude/DimensionedFieldFunctions.C:427:1: note: candidate: template<class Type1, class Type2, class GeoMesh> Foam::tmp<Foam::DimensionedField<typename Foam::typeOfSum<arg1, arg2>::type, GeoMesh> > Foam::operator+(const Foam::tmp<Foam::DimensionedField<TypeR, GeoMesh> >&, const Foam::DimensionedField<Type1, GeoMesh>&)
 operator op                                                                    \
 ^
/opt/openfoam5/src/OpenFOAM/lnInclude/DimensionedFieldFunctions.C:642:1: note: in expansion of macro 'PRODUCT_OPERATOR'
 PRODUCT_OPERATOR(typeOfSum, +, add)
 ^
/opt/openfoam5/src/OpenFOAM/lnInclude/DimensionedFieldFunctions.C:427:1: note:   template argument deduction/substitution failed:
 operator op                                                                    \
 ^
/opt/openfoam5/src/OpenFOAM/lnInclude/DimensionedFieldFunctions.C:642:1: note: in expansion of macro 'PRODUCT_OPERATOR'
 PRODUCT_OPERATOR(typeOfSum, +, add)
 ^
In file included from pamFoam.C:140:0:
./processModels/XSEqn.H:9:7: note:   'const volScalarField {aka const Foam::GeometricField<double, Foam::fvPatchField, Foam::volMesh>}' is not derived from 'const Foam::tmp<Foam::DimensionedField<TypeR, GeoMesh> >'
     + alphaLiquid*rhoDecay
       ^
In file included from /opt/openfoam5/src/OpenFOAM/lnInclude/DimensionedField.C:532:0,
                 from /opt/openfoam5/src/OpenFOAM/lnInclude/DimensionedField.H:366,
                 from /opt/openfoam5/src/finiteVolume/lnInclude/fvMesh.H:58,
                 from /opt/openfoam5/src/finiteVolume/lnInclude/fvCFD.H:7,
                 from pamFoam.C:36:
/opt/openfoam5/src/OpenFOAM/lnInclude/DimensionedFieldFunctions.C:454:1: note: candidate: template<class Type1, class Type2, class GeoMesh> Foam::tmp<Foam::DimensionedField<typename Foam::typeOfSum<arg1, arg2>::type, GeoMesh> > Foam::operator+(const Foam::tmp<Foam::DimensionedField<TypeR, GeoMesh> >&, const Foam::tmp<Foam::DimensionedField<Type1, GeoMesh> >&)
 operator op                                                                    \
 ^
/opt/openfoam5/src/OpenFOAM/lnInclude/DimensionedFieldFunctions.C:642:1: note: in expansion of macro 'PRODUCT_OPERATOR'
 PRODUCT_OPERATOR(typeOfSum, +, add)
 ^
/opt/openfoam5/src/OpenFOAM/lnInclude/DimensionedFieldFunctions.C:454:1: note:   template argument deduction/substitution failed:
 operator op                                                                    \
 ^
/opt/openfoam5/src/OpenFOAM/lnInclude/DimensionedFieldFunctions.C:642:1: note: in expansion of macro 'PRODUCT_OPERATOR'
 PRODUCT_OPERATOR(typeOfSum, +, add)
 ^
In file included from pamFoam.C:140:0:
./processModels/XSEqn.H:9:7: note:   'const volScalarField {aka const Foam::GeometricField<double, Foam::fvPatchField, Foam::volMesh>}' is not derived from 'const Foam::tmp<Foam::DimensionedField<TypeR, GeoMesh> >'
     + alphaLiquid*rhoDecay
       ^
In file included from /opt/openfoam5/src/OpenFOAM/lnInclude/DimensionedField.C:532:0,
                 from /opt/openfoam5/src/OpenFOAM/lnInclude/DimensionedField.H:366,
                 from /opt/openfoam5/src/finiteVolume/lnInclude/fvMesh.H:58,
                 from /opt/openfoam5/src/finiteVolume/lnInclude/fvCFD.H:7,
                 from pamFoam.C:36:
/opt/openfoam5/src/OpenFOAM/lnInclude/DimensionedFieldFunctions.C:485:1: note: candidate: template<class Form, class Type, class GeoMesh> Foam::tmp<Foam::DimensionedField<typename Foam::typeOfSum<Type, Form>::type, GeoMesh> > Foam::operator+(const Foam::DimensionedField<Type1, GeoMesh>&, const Foam::dimensioned<Type>&)
 operator op                                                                    \
 ^
/opt/openfoam5/src/OpenFOAM/lnInclude/DimensionedFieldFunctions.C:642:1: note: in expansion of macro 'PRODUCT_OPERATOR'
 PRODUCT_OPERATOR(typeOfSum, +, add)
 ^
/opt/openfoam5/src/OpenFOAM/lnInclude/DimensionedFieldFunctions.C:485:1: note:   template argument deduction/substitution failed:
 operator op                                                                    \
 ^
/opt/openfoam5/src/OpenFOAM/lnInclude/DimensionedFieldFunctions.C:642:1: note: in expansion of macro 'PRODUCT_OPERATOR'
 PRODUCT_OPERATOR(typeOfSum, +, add)
 ^
In file included from pamFoam.C:140:0:
./processModels/XSEqn.H:9:7: note:   candidate expects 2 arguments, 1 provided
     + alphaLiquid*rhoDecay
       ^
In file included from /opt/openfoam5/src/OpenFOAM/lnInclude/DimensionedField.C:532:0,
                 from /opt/openfoam5/src/OpenFOAM/lnInclude/DimensionedField.H:366,
                 from /opt/openfoam5/src/finiteVolume/lnInclude/fvMesh.H:58,
                 from /opt/openfoam5/src/finiteVolume/lnInclude/fvCFD.H:7,
                 from pamFoam.C:36:
/opt/openfoam5/src/OpenFOAM/lnInclude/DimensionedFieldFunctions.C:515:1: note: candidate: template<class Form, class Cmpt, unsigned char nCmpt, class Type, class GeoMesh> Foam::tmp<Foam::DimensionedField<typename Foam::typeOfSum<Form, Type>::type, GeoMesh> > Foam::operator+(const Foam::DimensionedField<Type2, GeoMesh>&, const Foam::VectorSpace<Form, Cmpt, Ncmpts>&)
 operator op                                                                    \
 ^
/opt/openfoam5/src/OpenFOAM/lnInclude/DimensionedFieldFunctions.C:642:1: note: in expansion of macro 'PRODUCT_OPERATOR'
 PRODUCT_OPERATOR(typeOfSum, +, add)
 ^
/opt/openfoam5/src/OpenFOAM/lnInclude/DimensionedFieldFunctions.C:515:1: note:   template argument deduction/substitution failed:
 operator op                                                                    \
 ^
/opt/openfoam5/src/OpenFOAM/lnInclude/DimensionedFieldFunctions.C:642:1: note: in expansion of macro 'PRODUCT_OPERATOR'
 PRODUCT_OPERATOR(typeOfSum, +, add)
 ^
In file included from pamFoam.C:140:0:
./processModels/XSEqn.H:9:7: note:   candidate expects 2 arguments, 1 provided
     + alphaLiquid*rhoDecay
       ^
In file included from /opt/openfoam5/src/OpenFOAM/lnInclude/DimensionedField.C:532:0,
                 from /opt/openfoam5/src/OpenFOAM/lnInclude/DimensionedField.H:366,
                 from /opt/openfoam5/src/finiteVolume/lnInclude/fvMesh.H:58,
                 from /opt/openfoam5/src/finiteVolume/lnInclude/fvCFD.H:7,
                 from pamFoam.C:36:
/opt/openfoam5/src/OpenFOAM/lnInclude/DimensionedFieldFunctions.C:527:1: note: candidate: template<class Form, class Type, class GeoMesh> Foam::tmp<Foam::DimensionedField<typename Foam::typeOfSum<Type, Form>::type, GeoMesh> > Foam::operator+(const Foam::tmp<Foam::DimensionedField<Type1, GeoMesh> >&, const Foam::dimensioned<Type>&)
 operator op                                                                    \
 ^
/opt/openfoam5/src/OpenFOAM/lnInclude/DimensionedFieldFunctions.C:642:1: note: in expansion of macro 'PRODUCT_OPERATOR'
 PRODUCT_OPERATOR(typeOfSum, +, add)
 ^
/opt/openfoam5/src/OpenFOAM/lnInclude/DimensionedFieldFunctions.C:527:1: note:   template argument deduction/substitution failed:
 operator op                                                                    \
 ^
/opt/openfoam5/src/OpenFOAM/lnInclude/DimensionedFieldFunctions.C:642:1: note: in expansion of macro 'PRODUCT_OPERATOR'
 PRODUCT_OPERATOR(typeOfSum, +, add)
 ^
In file included from pamFoam.C:140:0:
./processModels/XSEqn.H:9:7: note:   'const volScalarField {aka const Foam::GeometricField<double, Foam::fvPatchField, Foam::volMesh>}' is not derived from 'const Foam::tmp<Foam::DimensionedField<Type1, GeoMesh> >'
     + alphaLiquid*rhoDecay
       ^
In file included from /opt/openfoam5/src/OpenFOAM/lnInclude/DimensionedField.C:532:0,
                 from /opt/openfoam5/src/OpenFOAM/lnInclude/DimensionedField.H:366,
                 from /opt/openfoam5/src/finiteVolume/lnInclude/fvMesh.H:58,
                 from /opt/openfoam5/src/finiteVolume/lnInclude/fvCFD.H:7,
                 from pamFoam.C:36:
/opt/openfoam5/src/OpenFOAM/lnInclude/DimensionedFieldFunctions.C:554:1: note: candidate: template<class Form, class Cmpt, unsigned char nCmpt, class Type, class GeoMesh> Foam::tmp<Foam::DimensionedField<typename Foam::typeOfSum<Form, Type>::type, GeoMesh> > Foam::operator+(const Foam::tmp<Foam::DimensionedField<Type2, GeoMesh> >&, const Foam::VectorSpace<Form, Cmpt, Ncmpts>&)
 operator op                                                                    \
 ^
/opt/openfoam5/src/OpenFOAM/lnInclude/DimensionedFieldFunctions.C:642:1: note: in expansion of macro 'PRODUCT_OPERATOR'
 PRODUCT_OPERATOR(typeOfSum, +, add)
 ^
/opt/openfoam5/src/OpenFOAM/lnInclude/DimensionedFieldFunctions.C:554:1: note:   template argument deduction/substitution failed:
 operator op                                                                    \
 ^
/opt/openfoam5/src/OpenFOAM/lnInclude/DimensionedFieldFunctions.C:642:1: note: in expansion of macro 'PRODUCT_OPERATOR'
 PRODUCT_OPERATOR(typeOfSum, +, add)
 ^
In file included from pamFoam.C:140:0:
./processModels/XSEqn.H:9:7: note:   'const volScalarField {aka const Foam::GeometricField<double, Foam::fvPatchField, Foam::volMesh>}' is not derived from 'const Foam::tmp<Foam::DimensionedField<Type2, GeoMesh> >'
     + alphaLiquid*rhoDecay
       ^
In file included from /opt/openfoam5/src/OpenFOAM/lnInclude/DimensionedField.C:532:0,
                 from /opt/openfoam5/src/OpenFOAM/lnInclude/DimensionedField.H:366,
                 from /opt/openfoam5/src/finiteVolume/lnInclude/fvMesh.H:58,
                 from /opt/openfoam5/src/finiteVolume/lnInclude/fvCFD.H:7,
                 from pamFoam.C:36:
/opt/openfoam5/src/OpenFOAM/lnInclude/DimensionedFieldFunctions.C:566:1: note: candidate: template<class Form, class Type, class GeoMesh> Foam::tmp<Foam::DimensionedField<typename Foam::typeOfSum<arg1, arg2>::type, GeoMesh> > Foam::operator+(const Foam::dimensioned<Type>&, const Foam::DimensionedField<Type1, GeoMesh>&)
 operator op                                                                    \
 ^
/opt/openfoam5/src/OpenFOAM/lnInclude/DimensionedFieldFunctions.C:642:1: note: in expansion of macro 'PRODUCT_OPERATOR'
 PRODUCT_OPERATOR(typeOfSum, +, add)
 ^
/opt/openfoam5/src/OpenFOAM/lnInclude/DimensionedFieldFunctions.C:566:1: note:   template argument deduction/substitution failed:
 operator op                                                                    \
 ^
/opt/openfoam5/src/OpenFOAM/lnInclude/DimensionedFieldFunctions.C:642:1: note: in expansion of macro 'PRODUCT_OPERATOR'
 PRODUCT_OPERATOR(typeOfSum, +, add)
 ^
In file included from pamFoam.C:140:0:
./processModels/XSEqn.H:9:7: note:   'const volScalarField {aka const Foam::GeometricField<double, Foam::fvPatchField, Foam::volMesh>}' is not derived from 'const Foam::dimensioned<Type>'
     + alphaLiquid*rhoDecay
       ^
In file included from /opt/openfoam5/src/OpenFOAM/lnInclude/DimensionedField.C:532:0,
                 from /opt/openfoam5/src/OpenFOAM/lnInclude/DimensionedField.H:366,
                 from /opt/openfoam5/src/finiteVolume/lnInclude/fvMesh.H:58,
                 from /opt/openfoam5/src/finiteVolume/lnInclude/fvCFD.H:7,
                 from pamFoam.C:36:
/opt/openfoam5/src/OpenFOAM/lnInclude/DimensionedFieldFunctions.C:595:1: note: candidate: template<class Form, class Cmpt, unsigned char nCmpt, class Type, class GeoMesh> Foam::tmp<Foam::DimensionedField<typename Foam::typeOfSum<Form, Type>::type, GeoMesh> > Foam::operator+(const Foam::VectorSpace<Form, Cmpt, Ncmpts>&, const Foam::DimensionedField<Type2, GeoMesh>&)
 operator op                                                                    \
 ^
/opt/openfoam5/src/OpenFOAM/lnInclude/DimensionedFieldFunctions.C:642:1: note: in expansion of macro 'PRODUCT_OPERATOR'
 PRODUCT_OPERATOR(typeOfSum, +, add)
 ^
/opt/openfoam5/src/OpenFOAM/lnInclude/DimensionedFieldFunctions.C:595:1: note:   template argument deduction/substitution failed:
 operator op                                                                    \
 ^
/opt/openfoam5/src/OpenFOAM/lnInclude/DimensionedFieldFunctions.C:642:1: note: in expansion of macro 'PRODUCT_OPERATOR'
 PRODUCT_OPERATOR(typeOfSum, +, add)
 ^
In file included from pamFoam.C:140:0:
./processModels/XSEqn.H:9:7: note:   'const volScalarField {aka const Foam::GeometricField<double, Foam::fvPatchField, Foam::volMesh>}' is not derived from 'const Foam::VectorSpace<Form, Cmpt, Ncmpts>'
     + alphaLiquid*rhoDecay
       ^
In file included from /opt/openfoam5/src/OpenFOAM/lnInclude/DimensionedField.C:532:0,
                 from /opt/openfoam5/src/OpenFOAM/lnInclude/DimensionedField.H:366,
                 from /opt/openfoam5/src/finiteVolume/lnInclude/fvMesh.H:58,
                 from /opt/openfoam5/src/finiteVolume/lnInclude/fvCFD.H:7,
                 from pamFoam.C:36:
/opt/openfoam5/src/OpenFOAM/lnInclude/DimensionedFieldFunctions.C:606:1: note: candidate: template<class Form, class Type, class GeoMesh> Foam::tmp<Foam::DimensionedField<typename Foam::typeOfSum<arg1, arg2>::type, GeoMesh> > Foam::operator+(const Foam::dimensioned<Type>&, const Foam::tmp<Foam::DimensionedField<Type1, GeoMesh> >&)
 operator op                                                                    \
 ^
/opt/openfoam5/src/OpenFOAM/lnInclude/DimensionedFieldFunctions.C:642:1: note: in expansion of macro 'PRODUCT_OPERATOR'
 PRODUCT_OPERATOR(typeOfSum, +, add)
 ^
/opt/openfoam5/src/OpenFOAM/lnInclude/DimensionedFieldFunctions.C:606:1: note:   template argument deduction/substitution failed:
 operator op                                                                    \
 ^
/opt/openfoam5/src/OpenFOAM/lnInclude/DimensionedFieldFunctions.C:642:1: note: in expansion of macro 'PRODUCT_OPERATOR'
 PRODUCT_OPERATOR(typeOfSum, +, add)
 ^
In file included from pamFoam.C:140:0:
./processModels/XSEqn.H:9:7: note:   'const volScalarField {aka const Foam::GeometricField<double, Foam::fvPatchField, Foam::volMesh>}' is not derived from 'const Foam::dimensioned<Type>'
     + alphaLiquid*rhoDecay
       ^
In file included from /opt/openfoam5/src/OpenFOAM/lnInclude/DimensionedField.C:532:0,
                 from /opt/openfoam5/src/OpenFOAM/lnInclude/DimensionedField.H:366,
                 from /opt/openfoam5/src/finiteVolume/lnInclude/fvMesh.H:58,
                 from /opt/openfoam5/src/finiteVolume/lnInclude/fvCFD.H:7,
                 from pamFoam.C:36:
/opt/openfoam5/src/OpenFOAM/lnInclude/DimensionedFieldFunctions.C:633:1: note: candidate: template<class Form, class Cmpt, unsigned char nCmpt, class Type, class GeoMesh> Foam::tmp<Foam::DimensionedField<typename Foam::typeOfSum<Form, Type>::type, GeoMesh> > Foam::operator+(const Foam::VectorSpace<Form, Cmpt, Ncmpts>&, const Foam::tmp<Foam::DimensionedField<Type2, GeoMesh> >&)
 operator op                                                                    \
 ^
/opt/openfoam5/src/OpenFOAM/lnInclude/DimensionedFieldFunctions.C:642:1: note: in expansion of macro 'PRODUCT_OPERATOR'
 PRODUCT_OPERATOR(typeOfSum, +, add)
 ^
/opt/openfoam5/src/OpenFOAM/lnInclude/DimensionedFieldFunctions.C:633:1: note:   template argument deduction/substitution failed:
 operator op                                                                    \
 ^
/opt/openfoam5/src/OpenFOAM/lnInclude/DimensionedFieldFunctions.C:642:1: note: in expansion of macro 'PRODUCT_OPERATOR'
 PRODUCT_OPERATOR(typeOfSum, +, add)
 ^
In file included from pamFoam.C:140:0:
./processModels/XSEqn.H:9:7: note:   'const volScalarField {aka const Foam::GeometricField<double, Foam::fvPatchField, Foam::volMesh>}' is not derived from 'const Foam::VectorSpace<Form, Cmpt, Ncmpts>'
     + alphaLiquid*rhoDecay
       ^
In file included from /opt/openfoam5/src/OpenFOAM/lnInclude/scalarFieldField.C:32:0,
                 from /opt/openfoam5/src/OpenFOAM/lnInclude/scalarFieldField.H:158,
                 from /opt/openfoam5/src/OpenFOAM/lnInclude/FieldFieldFunctions.H:26,
                 from /opt/openfoam5/src/OpenFOAM/lnInclude/FieldField.H:195,
                 from /opt/openfoam5/src/OpenFOAM/lnInclude/GeometricField.H:45,
                 from /opt/openfoam5/src/OpenFOAM/lnInclude/GeometricScalarField.H:38,
                 from /opt/openfoam5/src/OpenFOAM/lnInclude/GeometricFields.H:34,
                 from /opt/openfoam5/src/finiteVolume/lnInclude/volFields.H:37,
                 from /opt/openfoam5/src/finiteVolume/lnInclude/surfaceInterpolationScheme.C:27,
                 from /opt/openfoam5/src/finiteVolume/lnInclude/surfaceInterpolationScheme.H:307,
                 from /opt/openfoam5/src/finiteVolume/lnInclude/surfaceInterpolate.H:41,
                 from /opt/openfoam5/src/finiteVolume/lnInclude/fvc.H:39,
                 from /opt/openfoam5/src/finiteVolume/lnInclude/fvCFD.H:8,
                 from pamFoam.C:36:
/opt/openfoam5/src/OpenFOAM/lnInclude/FieldFieldFunctionsM.C:407:36: note: candidate: template<template<class> class Field> Foam::tmp<Foam::FieldField<Field, double> > Foam::operator+(const scalar&, const Foam::FieldField<Field, double>&)
 tmp<FieldField<Field, ReturnType>> operator Op                                 \
                                    ^
/opt/openfoam5/src/OpenFOAM/lnInclude/FieldFieldFunctionsM.C:487:5: note: in expansion of macro 'BINARY_TYPE_OPERATOR_SF'
     BINARY_TYPE_OPERATOR_SF(ReturnType, Type1, Type2, Op, OpFunc)              \
     ^
/opt/openfoam5/src/OpenFOAM/lnInclude/scalarFieldField.C:85:1: note: in expansion of macro 'BINARY_TYPE_OPERATOR'
 BINARY_TYPE_OPERATOR(scalar, scalar, scalar, +, add)
 ^
/opt/openfoam5/src/OpenFOAM/lnInclude/FieldFieldFunctionsM.C:407:36: note:   template argument deduction/substitution failed:
 tmp<FieldField<Field, ReturnType>> operator Op                                 \
                                    ^
/opt/openfoam5/src/OpenFOAM/lnInclude/FieldFieldFunctionsM.C:487:5: note: in expansion of macro 'BINARY_TYPE_OPERATOR_SF'
     BINARY_TYPE_OPERATOR_SF(ReturnType, Type1, Type2, Op, OpFunc)              \
     ^
/opt/openfoam5/src/OpenFOAM/lnInclude/scalarFieldField.C:85:1: note: in expansion of macro 'BINARY_TYPE_OPERATOR'
 BINARY_TYPE_OPERATOR(scalar, scalar, scalar, +, add)
 ^
In file included from pamFoam.C:140:0:
./processModels/XSEqn.H:9:7: note:   cannot convert 'alphaLiquid' (type 'const volScalarField {aka const Foam::GeometricField<double, Foam::fvPatchField, Foam::volMesh>}') to type 'const scalar& {aka const double&}'
     + alphaLiquid*rhoDecay
       ^
In file included from /opt/openfoam5/src/OpenFOAM/lnInclude/scalarFieldField.C:32:0,
                 from /opt/openfoam5/src/OpenFOAM/lnInclude/scalarFieldField.H:158,
                 from /opt/openfoam5/src/OpenFOAM/lnInclude/FieldFieldFunctions.H:26,
                 from /opt/openfoam5/src/OpenFOAM/lnInclude/FieldField.H:195,
                 from /opt/openfoam5/src/OpenFOAM/lnInclude/GeometricField.H:45,
                 from /opt/openfoam5/src/OpenFOAM/lnInclude/GeometricScalarField.H:38,
                 from /opt/openfoam5/src/OpenFOAM/lnInclude/GeometricFields.H:34,
                 from /opt/openfoam5/src/finiteVolume/lnInclude/volFields.H:37,
                 from /opt/openfoam5/src/finiteVolume/lnInclude/surfaceInterpolationScheme.C:27,
                 from /opt/openfoam5/src/finiteVolume/lnInclude/surfaceInterpolationScheme.H:307,
                 from /opt/openfoam5/src/finiteVolume/lnInclude/surfaceInterpolate.H:41,
                 from /opt/openfoam5/src/finiteVolume/lnInclude/fvc.H:39,
                 from /opt/openfoam5/src/finiteVolume/lnInclude/fvCFD.H:8,
                 from pamFoam.C:36:
/opt/openfoam5/src/OpenFOAM/lnInclude/FieldFieldFunctionsM.C:422:36: note: candidate: template<template<class> class Field> Foam::tmp<Foam::FieldField<Field, double> > Foam::operator+(const scalar&, const Foam::tmp<Foam::FieldField<Field, double> >&)
 tmp<FieldField<Field, ReturnType>> operator Op                                 \
                                    ^
/opt/openfoam5/src/OpenFOAM/lnInclude/FieldFieldFunctionsM.C:487:5: note: in expansion of macro 'BINARY_TYPE_OPERATOR_SF'
     BINARY_TYPE_OPERATOR_SF(ReturnType, Type1, Type2, Op, OpFunc)              \
     ^
/opt/openfoam5/src/OpenFOAM/lnInclude/scalarFieldField.C:85:1: note: in expansion of macro 'BINARY_TYPE_OPERATOR'
 BINARY_TYPE_OPERATOR(scalar, scalar, scalar, +, add)
 ^
/opt/openfoam5/src/OpenFOAM/lnInclude/FieldFieldFunctionsM.C:422:36: note:   template argument deduction/substitution failed:
 tmp<FieldField<Field, ReturnType>> operator Op                                 \
                                    ^
/opt/openfoam5/src/OpenFOAM/lnInclude/FieldFieldFunctionsM.C:487:5: note: in expansion of macro 'BINARY_TYPE_OPERATOR_SF'
     BINARY_TYPE_OPERATOR_SF(ReturnType, Type1, Type2, Op, OpFunc)              \
     ^
/opt/openfoam5/src/OpenFOAM/lnInclude/scalarFieldField.C:85:1: note: in expansion of macro 'BINARY_TYPE_OPERATOR'
 BINARY_TYPE_OPERATOR(scalar, scalar, scalar, +, add)
 ^
In file included from pamFoam.C:140:0:
./processModels/XSEqn.H:9:7: note:   cannot convert 'alphaLiquid' (type 'const volScalarField {aka const Foam::GeometricField<double, Foam::fvPatchField, Foam::volMesh>}') to type 'const scalar& {aka const double&}'
     + alphaLiquid*rhoDecay
       ^
In file included from /opt/openfoam5/src/OpenFOAM/lnInclude/scalarFieldField.C:32:0,
                 from /opt/openfoam5/src/OpenFOAM/lnInclude/scalarFieldField.H:158,
                 from /opt/openfoam5/src/OpenFOAM/lnInclude/FieldFieldFunctions.H:26,
                 from /opt/openfoam5/src/OpenFOAM/lnInclude/FieldField.H:195,
                 from /opt/openfoam5/src/OpenFOAM/lnInclude/GeometricField.H:45,
                 from /opt/openfoam5/src/OpenFOAM/lnInclude/GeometricScalarField.H:38,
                 from /opt/openfoam5/src/OpenFOAM/lnInclude/GeometricFields.H:34,
                 from /opt/openfoam5/src/finiteVolume/lnInclude/volFields.H:37,
                 from /opt/openfoam5/src/finiteVolume/lnInclude/surfaceInterpolationScheme.C:27,
                 from /opt/openfoam5/src/finiteVolume/lnInclude/surfaceInterpolationScheme.H:307,
                 from /opt/openfoam5/src/finiteVolume/lnInclude/surfaceInterpolate.H:41,
                 from /opt/openfoam5/src/finiteVolume/lnInclude/fvc.H:39,
                 from /opt/openfoam5/src/finiteVolume/lnInclude/fvCFD.H:8,
                 from pamFoam.C:36:
/opt/openfoam5/src/OpenFOAM/lnInclude/FieldFieldFunctionsM.C:455:36: note: candidate: template<template<class> class Field> Foam::tmp<Foam::FieldField<Field, double> > Foam::operator+(const Foam::FieldField<Field, double>&, const scalar&)
 tmp<FieldField<Field, ReturnType>> operator Op                                 \
                                    ^
/opt/openfoam5/src/OpenFOAM/lnInclude/FieldFieldFunctionsM.C:488:5: note: in expansion of macro 'BINARY_TYPE_OPERATOR_FS'
     BINARY_TYPE_OPERATOR_FS(ReturnType, Type1, Type2, Op, OpFunc)
     ^
/opt/openfoam5/src/OpenFOAM/lnInclude/scalarFieldField.C:85:1: note: in expansion of macro 'BINARY_TYPE_OPERATOR'
 BINARY_TYPE_OPERATOR(scalar, scalar, scalar, +, add)
 ^
/opt/openfoam5/src/OpenFOAM/lnInclude/FieldFieldFunctionsM.C:455:36: note:   template argument deduction/substitution failed:
 tmp<FieldField<Field, ReturnType>> operator Op                                 \
                                    ^
/opt/openfoam5/src/OpenFOAM/lnInclude/FieldFieldFunctionsM.C:488:5: note: in expansion of macro 'BINARY_TYPE_OPERATOR_FS'
     BINARY_TYPE_OPERATOR_FS(ReturnType, Type1, Type2, Op, OpFunc)
     ^
/opt/openfoam5/src/OpenFOAM/lnInclude/scalarFieldField.C:85:1: note: in expansion of macro 'BINARY_TYPE_OPERATOR'
 BINARY_TYPE_OPERATOR(scalar, scalar, scalar, +, add)
 ^
In file included from pamFoam.C:140:0:
./processModels/XSEqn.H:9:7: note:   'const volScalarField {aka const Foam::GeometricField<double, Foam::fvPatchField, Foam::volMesh>}' is not derived from 'const Foam::FieldField<Field, double>'
     + alphaLiquid*rhoDecay
       ^
In file included from /opt/openfoam5/src/OpenFOAM/lnInclude/scalarFieldField.C:32:0,
                 from /opt/openfoam5/src/OpenFOAM/lnInclude/scalarFieldField.H:158,
                 from /opt/openfoam5/src/OpenFOAM/lnInclude/FieldFieldFunctions.H:26,
                 from /opt/openfoam5/src/OpenFOAM/lnInclude/FieldField.H:195,
                 from /opt/openfoam5/src/OpenFOAM/lnInclude/GeometricField.H:45,
                 from /opt/openfoam5/src/OpenFOAM/lnInclude/GeometricScalarField.H:38,
                 from /opt/openfoam5/src/OpenFOAM/lnInclude/GeometricFields.H:34,
                 from /opt/openfoam5/src/finiteVolume/lnInclude/volFields.H:37,
                 from /opt/openfoam5/src/finiteVolume/lnInclude/surfaceInterpolationScheme.C:27,
                 from /opt/openfoam5/src/finiteVolume/lnInclude/surfaceInterpolationScheme.H:307,
                 from /opt/openfoam5/src/finiteVolume/lnInclude/surfaceInterpolate.H:41,
                 from /opt/openfoam5/src/finiteVolume/lnInclude/fvc.H:39,
                 from /opt/openfoam5/src/finiteVolume/lnInclude/fvCFD.H:8,
                 from pamFoam.C:36:
/opt/openfoam5/src/OpenFOAM/lnInclude/FieldFieldFunctionsM.C:470:36: note: candidate: template<template<class> class Field> Foam::tmp<Foam::FieldField<Field, double> > Foam::operator+(const Foam::tmp<Foam::FieldField<Field, double> >&, const scalar&)
 tmp<FieldField<Field, ReturnType>> operator Op                                 \
                                    ^
/opt/openfoam5/src/OpenFOAM/lnInclude/FieldFieldFunctionsM.C:488:5: note: in expansion of macro 'BINARY_TYPE_OPERATOR_FS'
     BINARY_TYPE_OPERATOR_FS(ReturnType, Type1, Type2, Op, OpFunc)
     ^
/opt/openfoam5/src/OpenFOAM/lnInclude/scalarFieldField.C:85:1: note: in expansion of macro 'BINARY_TYPE_OPERATOR'
 BINARY_TYPE_OPERATOR(scalar, scalar, scalar, +, add)
 ^
/opt/openfoam5/src/OpenFOAM/lnInclude/FieldFieldFunctionsM.C:470:36: note:   template argument deduction/substitution failed:
 tmp<FieldField<Field, ReturnType>> operator Op                                 \
                                    ^
/opt/openfoam5/src/OpenFOAM/lnInclude/FieldFieldFunctionsM.C:488:5: note: in expansion of macro 'BINARY_TYPE_OPERATOR_FS'
     BINARY_TYPE_OPERATOR_FS(ReturnType, Type1, Type2, Op, OpFunc)
     ^
/opt/openfoam5/src/OpenFOAM/lnInclude/scalarFieldField.C:85:1: note: in expansion of macro 'BINARY_TYPE_OPERATOR'
 BINARY_TYPE_OPERATOR(scalar, scalar, scalar, +, add)
 ^
In file included from pamFoam.C:140:0:
./processModels/XSEqn.H:9:7: note:   'const volScalarField {aka const Foam::GeometricField<double, Foam::fvPatchField, Foam::volMesh>}' is not derived from 'const Foam::tmp<Foam::FieldField<Field, double> >'
     + alphaLiquid*rhoDecay
       ^
In file included from /opt/openfoam5/src/OpenFOAM/lnInclude/FieldField.C:390:0,
                 from /opt/openfoam5/src/OpenFOAM/lnInclude/FieldField.H:198,
                 from /opt/openfoam5/src/OpenFOAM/lnInclude/GeometricField.H:45,
                 from /opt/openfoam5/src/OpenFOAM/lnInclude/GeometricScalarField.H:38,
                 from /opt/openfoam5/src/OpenFOAM/lnInclude/GeometricFields.H:34,
                 from /opt/openfoam5/src/finiteVolume/lnInclude/volFields.H:37,
                 from /opt/openfoam5/src/finiteVolume/lnInclude/surfaceInterpolationScheme.C:27,
                 from /opt/openfoam5/src/finiteVolume/lnInclude/surfaceInterpolationScheme.H:307,
                 from /opt/openfoam5/src/finiteVolume/lnInclude/surfaceInterpolate.H:41,
                 from /opt/openfoam5/src/finiteVolume/lnInclude/fvc.H:39,
                 from /opt/openfoam5/src/finiteVolume/lnInclude/fvCFD.H:8,
                 from pamFoam.C:36:
/opt/openfoam5/src/OpenFOAM/lnInclude/FieldFieldFunctions.C:654:1: note: candidate: template<template<class> class Field1, template<class> class Field2, class Type1, class Type2> Foam::tmp<Foam::FieldField<Field1, typename Foam::typeOfSum<Type1, Type2>::type> > Foam::operator+(const Foam::FieldField<Field, Type1>&, const Foam::FieldField<Field2, Type2>&)
 operator op                                                                    \
 ^
/opt/openfoam5/src/OpenFOAM/lnInclude/FieldFieldFunctions.C:901:1: note: in expansion of macro 'PRODUCT_OPERATOR'
 PRODUCT_OPERATOR(typeOfSum, +, add)
 ^
/opt/openfoam5/src/OpenFOAM/lnInclude/FieldFieldFunctions.C:654:1: note:   template argument deduction/substitution failed:
 operator op                                                                    \
 ^
/opt/openfoam5/src/OpenFOAM/lnInclude/FieldFieldFunctions.C:901:1: note: in expansion of macro 'PRODUCT_OPERATOR'
 PRODUCT_OPERATOR(typeOfSum, +, add)
 ^
In file included from pamFoam.C:140:0:
./processModels/XSEqn.H:9:7: note:   'const volScalarField {aka const Foam::GeometricField<double, Foam::fvPatchField, Foam::volMesh>}' is not derived from 'const Foam::FieldField<Field, Type1>'
     + alphaLiquid*rhoDecay
       ^
In file included from /opt/openfoam5/src/OpenFOAM/lnInclude/FieldField.C:390:0,
                 from /opt/openfoam5/src/OpenFOAM/lnInclude/FieldField.H:198,
                 from /opt/openfoam5/src/OpenFOAM/lnInclude/GeometricField.H:45,
                 from /opt/openfoam5/src/OpenFOAM/lnInclude/GeometricScalarField.H:38,
                 from /opt/openfoam5/src/OpenFOAM/lnInclude/GeometricFields.H:34,
                 from /opt/openfoam5/src/finiteVolume/lnInclude/volFields.H:37,
                 from /opt/openfoam5/src/finiteVolume/lnInclude/surfaceInterpolationScheme.C:27,
                 from /opt/openfoam5/src/finiteVolume/lnInclude/surfaceInterpolationScheme.H:307,
                 from /opt/openfoam5/src/finiteVolume/lnInclude/surfaceInterpolate.H:41,
                 from /opt/openfoam5/src/finiteVolume/lnInclude/fvc.H:39,
                 from /opt/openfoam5/src/finiteVolume/lnInclude/fvCFD.H:8,
                 from pamFoam.C:36:
/opt/openfoam5/src/OpenFOAM/lnInclude/FieldFieldFunctions.C:671:1: note: candidate: template<template<class> class Field, class Type1, class Type2> Foam::tmp<Foam::FieldField<Field, typename Foam::typeOfSum<Type1, Type2>::type> > Foam::operator+(const Foam::FieldField<Field, Type>&, const Foam::tmp<Foam::FieldField<Field, Type1> >&)
 operator op                                                                    \
 ^
/opt/openfoam5/src/OpenFOAM/lnInclude/FieldFieldFunctions.C:901:1: note: in expansion of macro 'PRODUCT_OPERATOR'
 PRODUCT_OPERATOR(typeOfSum, +, add)
 ^
/opt/openfoam5/src/OpenFOAM/lnInclude/FieldFieldFunctions.C:671:1: note:   template argument deduction/substitution failed:
 operator op                                                                    \
 ^
/opt/openfoam5/src/OpenFOAM/lnInclude/FieldFieldFunctions.C:901:1: note: in expansion of macro 'PRODUCT_OPERATOR'
 PRODUCT_OPERATOR(typeOfSum, +, add)
 ^
In file included from pamFoam.C:140:0:
./processModels/XSEqn.H:9:7: note:   'const volScalarField {aka const Foam::GeometricField<double, Foam::fvPatchField, Foam::volMesh>}' is not derived from 'const Foam::FieldField<Field, Type>'
     + alphaLiquid*rhoDecay
       ^
In file included from /opt/openfoam5/src/OpenFOAM/lnInclude/FieldField.H:195:0,
                 from /opt/openfoam5/src/OpenFOAM/lnInclude/GeometricField.H:45,
                 from /opt/openfoam5/src/OpenFOAM/lnInclude/GeometricScalarField.H:38,
                 from /opt/openfoam5/src/OpenFOAM/lnInclude/GeometricFields.H:34,
                 from /opt/openfoam5/src/finiteVolume/lnInclude/volFields.H:37,
                 from /opt/openfoam5/src/finiteVolume/lnInclude/surfaceInterpolationScheme.C:27,
                 from /opt/openfoam5/src/finiteVolume/lnInclude/surfaceInterpolationScheme.H:307,
                 from /opt/openfoam5/src/finiteVolume/lnInclude/surfaceInterpolate.H:41,
                 from /opt/openfoam5/src/finiteVolume/lnInclude/fvc.H:39,
                 from /opt/openfoam5/src/finiteVolume/lnInclude/fvCFD.H:8,
                 from pamFoam.C:36:
/opt/openfoam5/src/OpenFOAM/lnInclude/FieldFieldFunctions.H:314:1: note: candidate: template<template<class> class Field1, template<class> class Field2, class Type1, class Type2> Foam::tmp<Foam::FieldField<Field1, typename Foam::typeOfSum<Type1, Type2>::type> > Foam::operator+(const Foam::FieldField<Field, Type1>&, const Foam::tmp<Foam::FieldField<Field2, Type2> >&)
 operator op                                                                    \
 ^
/opt/openfoam5/src/OpenFOAM/lnInclude/FieldFieldFunctions.H:438:1: note: in expansion of macro 'PRODUCT_OPERATOR'
 PRODUCT_OPERATOR(typeOfSum, +, add)
 ^
/opt/openfoam5/src/OpenFOAM/lnInclude/FieldFieldFunctions.H:314:1: note:   template argument deduction/substitution failed:
 operator op                                                                    \
 ^
/opt/openfoam5/src/OpenFOAM/lnInclude/FieldFieldFunctions.H:438:1: note: in expansion of macro 'PRODUCT_OPERATOR'
 PRODUCT_OPERATOR(typeOfSum, +, add)
 ^
In file included from pamFoam.C:140:0:
./processModels/XSEqn.H:9:7: note:   'const volScalarField {aka const Foam::GeometricField<double, Foam::fvPatchField, Foam::volMesh>}' is not derived from 'const Foam::FieldField<Field, Type1>'
     + alphaLiquid*rhoDecay
       ^
In file included from /opt/openfoam5/src/OpenFOAM/lnInclude/FieldField.C:390:0,
                 from /opt/openfoam5/src/OpenFOAM/lnInclude/FieldField.H:198,
                 from /opt/openfoam5/src/OpenFOAM/lnInclude/GeometricField.H:45,
                 from /opt/openfoam5/src/OpenFOAM/lnInclude/GeometricScalarField.H:38,
                 from /opt/openfoam5/src/OpenFOAM/lnInclude/GeometricFields.H:34,
                 from /opt/openfoam5/src/finiteVolume/lnInclude/volFields.H:37,
                 from /opt/openfoam5/src/finiteVolume/lnInclude/surfaceInterpolationScheme.C:27,
                 from /opt/openfoam5/src/finiteVolume/lnInclude/surfaceInterpolationScheme.H:307,
                 from /opt/openfoam5/src/finiteVolume/lnInclude/surfaceInterpolate.H:41,
                 from /opt/openfoam5/src/finiteVolume/lnInclude/fvc.H:39,
                 from /opt/openfoam5/src/finiteVolume/lnInclude/fvCFD.H:8,
                 from pamFoam.C:36:
/opt/openfoam5/src/OpenFOAM/lnInclude/FieldFieldFunctions.C:719:1: note: candidate: template<template<class> class Field1, template<class> class Field2, class Type1, class Type2> Foam::tmp<Foam::FieldField<Field1, typename Foam::typeOfSum<Type1, Type2>::type> > Foam::operator+(const Foam::tmp<Foam::FieldField<Field, Type1> >&, const Foam::FieldField<Field2, Type2>&)
 operator op                                                                    \
 ^
/opt/openfoam5/src/OpenFOAM/lnInclude/FieldFieldFunctions.C:901:1: note: in expansion of macro 'PRODUCT_OPERATOR'
 PRODUCT_OPERATOR(typeOfSum, +, add)
 ^
/opt/openfoam5/src/OpenFOAM/lnInclude/FieldFieldFunctions.C:719:1: note:   template argument deduction/substitution failed:
 operator op                                                                    \
 ^
/opt/openfoam5/src/OpenFOAM/lnInclude/FieldFieldFunctions.C:901:1: note: in expansion of macro 'PRODUCT_OPERATOR'
 PRODUCT_OPERATOR(typeOfSum, +, add)
 ^
In file included from pamFoam.C:140:0:
./processModels/XSEqn.H:9:7: note:   'const volScalarField {aka const Foam::GeometricField<double, Foam::fvPatchField, Foam::volMesh>}' is not derived from 'const Foam::tmp<Foam::FieldField<Field, Type1> >'
     + alphaLiquid*rhoDecay
       ^
In file included from /opt/openfoam5/src/OpenFOAM/lnInclude/FieldField.C:390:0,
                 from /opt/openfoam5/src/OpenFOAM/lnInclude/FieldField.H:198,
                 from /opt/openfoam5/src/OpenFOAM/lnInclude/GeometricField.H:45,
                 from /opt/openfoam5/src/OpenFOAM/lnInclude/GeometricScalarField.H:38,
                 from /opt/openfoam5/src/OpenFOAM/lnInclude/GeometricFields.H:34,
                 from /opt/openfoam5/src/finiteVolume/lnInclude/volFields.H:37,
                 from /opt/openfoam5/src/finiteVolume/lnInclude/surfaceInterpolationScheme.C:27,
                 from /opt/openfoam5/src/finiteVolume/lnInclude/surfaceInterpolationScheme.H:307,
                 from /opt/openfoam5/src/finiteVolume/lnInclude/surfaceInterpolate.H:41,
                 from /opt/openfoam5/src/finiteVolume/lnInclude/fvc.H:39,
                 from /opt/openfoam5/src/finiteVolume/lnInclude/fvCFD.H:8,
                 from pamFoam.C:36:
/opt/openfoam5/src/OpenFOAM/lnInclude/FieldFieldFunctions.C:743:1: note: candidate: template<template<class> class Field1, template<class> class Field2, class Type1, class Type2> Foam::tmp<Foam::FieldField<Field1, typename Foam::typeOfSum<Type1, Type2>::type> > Foam::operator+(const Foam::tmp<Foam::FieldField<Field, Type1> >&, const Foam::tmp<Foam::FieldField<Field2, Type2> >&)
 operator op                                                                    \
 ^
/opt/openfoam5/src/OpenFOAM/lnInclude/FieldFieldFunctions.C:901:1: note: in expansion of macro 'PRODUCT_OPERATOR'
 PRODUCT_OPERATOR(typeOfSum, +, add)
 ^
/opt/openfoam5/src/OpenFOAM/lnInclude/FieldFieldFunctions.C:743:1: note:   template argument deduction/substitution failed:
 operator op                                                                    \
 ^
/opt/openfoam5/src/OpenFOAM/lnInclude/FieldFieldFunctions.C:901:1: note: in expansion of macro 'PRODUCT_OPERATOR'
 PRODUCT_OPERATOR(typeOfSum, +, add)
 ^
In file included from pamFoam.C:140:0:
./processModels/XSEqn.H:9:7: note:   'const volScalarField {aka const Foam::GeometricField<double, Foam::fvPatchField, Foam::volMesh>}' is not derived from 'const Foam::tmp<Foam::FieldField<Field, Type1> >'
     + alphaLiquid*rhoDecay
       ^
In file included from /opt/openfoam5/src/OpenFOAM/lnInclude/FieldField.C:390:0,
                 from /opt/openfoam5/src/OpenFOAM/lnInclude/FieldField.H:198,
                 from /opt/openfoam5/src/OpenFOAM/lnInclude/GeometricField.H:45,
                 from /opt/openfoam5/src/OpenFOAM/lnInclude/GeometricScalarField.H:38,
                 from /opt/openfoam5/src/OpenFOAM/lnInclude/GeometricFields.H:34,
                 from /opt/openfoam5/src/finiteVolume/lnInclude/volFields.H:37,
                 from /opt/openfoam5/src/finiteVolume/lnInclude/surfaceInterpolationScheme.C:27,
                 from /opt/openfoam5/src/finiteVolume/lnInclude/surfaceInterpolationScheme.H:307,
                 from /opt/openfoam5/src/finiteVolume/lnInclude/surfaceInterpolate.H:41,
                 from /opt/openfoam5/src/finiteVolume/lnInclude/fvc.H:39,
                 from /opt/openfoam5/src/finiteVolume/lnInclude/fvCFD.H:8,
                 from pamFoam.C:36:
/opt/openfoam5/src/OpenFOAM/lnInclude/FieldFieldFunctions.C:791:1: note: candidate: template<template<class> class Field, class Type, class Form, class Cmpt, unsigned char nCmpt> Foam::tmp<Foam::FieldField<Field, typename Foam::typeOfSum<Type1, Type2>::type> > Foam::operator+(const Foam::FieldField<Field, Type>&, const Foam::VectorSpace<Form, Cmpt, nCmpt>&)
 operator op                                                                    \
 ^
/opt/openfoam5/src/OpenFOAM/lnInclude/FieldFieldFunctions.C:901:1: note: in expansion of macro 'PRODUCT_OPERATOR'
 PRODUCT_OPERATOR(typeOfSum, +, add)
 ^
/opt/openfoam5/src/OpenFOAM/lnInclude/FieldFieldFunctions.C:791:1: note:   template argument deduction/substitution failed:
 operator op                                                                    \
 ^
/opt/openfoam5/src/OpenFOAM/lnInclude/FieldFieldFunctions.C:901:1: note: in expansion of macro 'PRODUCT_OPERATOR'
 PRODUCT_OPERATOR(typeOfSum, +, add)
 ^
In file included from pamFoam.C:140:0:
./processModels/XSEqn.H:9:7: note:   'const volScalarField {aka const Foam::GeometricField<double, Foam::fvPatchField, Foam::volMesh>}' is not derived from 'const Foam::FieldField<Field, Type>'
     + alphaLiquid*rhoDecay
       ^
In file included from /opt/openfoam5/src/OpenFOAM/lnInclude/FieldField.C:390:0,
                 from /opt/openfoam5/src/OpenFOAM/lnInclude/FieldField.H:198,
                 from /opt/openfoam5/src/OpenFOAM/lnInclude/GeometricField.H:45,
                 from /opt/openfoam5/src/OpenFOAM/lnInclude/GeometricScalarField.H:38,
                 from /opt/openfoam5/src/OpenFOAM/lnInclude/GeometricFields.H:34,
                 from /opt/openfoam5/src/finiteVolume/lnInclude/volFields.H:37,
                 from /opt/openfoam5/src/finiteVolume/lnInclude/surfaceInterpolationScheme.C:27,
                 from /opt/openfoam5/src/finiteVolume/lnInclude/surfaceInterpolationScheme.H:307,
                 from /opt/openfoam5/src/finiteVolume/lnInclude/surfaceInterpolate.H:41,
                 from /opt/openfoam5/src/finiteVolume/lnInclude/fvc.H:39,
                 from /opt/openfoam5/src/finiteVolume/lnInclude/fvCFD.H:8,
                 from pamFoam.C:36:
/opt/openfoam5/src/OpenFOAM/lnInclude/FieldFieldFunctions.C:815:1: note: candidate: template<template<class> class Field, class Type, class Form, class Cmpt, unsigned char nCmpt> Foam::tmp<Foam::FieldField<Field, typename Foam::typeOfSum<Type1, Type2>::type> > Foam::operator+(const Foam::tmp<Foam::FieldField<Field, Type> >&, const Foam::VectorSpace<Form, Cmpt, nCmpt>&)
 operator op                                                                    \
 ^
/opt/openfoam5/src/OpenFOAM/lnInclude/FieldFieldFunctions.C:901:1: note: in expansion of macro 'PRODUCT_OPERATOR'
 PRODUCT_OPERATOR(typeOfSum, +, add)
 ^
/opt/openfoam5/src/OpenFOAM/lnInclude/FieldFieldFunctions.C:815:1: note:   template argument deduction/substitution failed:
 operator op                                                                    \
 ^
/opt/openfoam5/src/OpenFOAM/lnInclude/FieldFieldFunctions.C:901:1: note: in expansion of macro 'PRODUCT_OPERATOR'
 PRODUCT_OPERATOR(typeOfSum, +, add)
 ^
In file included from pamFoam.C:140:0:
./processModels/XSEqn.H:9:7: note:   'const volScalarField {aka const Foam::GeometricField<double, Foam::fvPatchField, Foam::volMesh>}' is not derived from 'const Foam::tmp<Foam::FieldField<Field, Type> >'
     + alphaLiquid*rhoDecay
       ^
In file included from /opt/openfoam5/src/OpenFOAM/lnInclude/FieldField.C:390:0,
                 from /opt/openfoam5/src/OpenFOAM/lnInclude/FieldField.H:198,
                 from /opt/openfoam5/src/OpenFOAM/lnInclude/GeometricField.H:45,
                 from /opt/openfoam5/src/OpenFOAM/lnInclude/GeometricScalarField.H:38,
                 from /opt/openfoam5/src/OpenFOAM/lnInclude/GeometricFields.H:34,
                 from /opt/openfoam5/src/finiteVolume/lnInclude/volFields.H:37,
                 from /opt/openfoam5/src/finiteVolume/lnInclude/surfaceInterpolationScheme.C:27,
                 from /opt/openfoam5/src/finiteVolume/lnInclude/surfaceInterpolationScheme.H:307,
                 from /opt/openfoam5/src/finiteVolume/lnInclude/surfaceInterpolate.H:41,
                 from /opt/openfoam5/src/finiteVolume/lnInclude/fvc.H:39,
                 from /opt/openfoam5/src/finiteVolume/lnInclude/fvCFD.H:8,
                 from pamFoam.C:36:
/opt/openfoam5/src/OpenFOAM/lnInclude/FieldFieldFunctions.C:861:1: note: candidate: template<template<class> class Field, class Type, class Form, class Cmpt, unsigned char nCmpt> Foam::tmp<Foam::FieldField<Field, typename Foam::typeOfSum<Form, Type>::type> > Foam::operator+(const Foam::VectorSpace<Form, Cmpt, nCmpt>&, const Foam::FieldField<Field, Type>&)
 operator op                                                                    \
 ^
/opt/openfoam5/src/OpenFOAM/lnInclude/FieldFieldFunctions.C:901:1: note: in expansion of macro 'PRODUCT_OPERATOR'
 PRODUCT_OPERATOR(typeOfSum, +, add)
 ^
/opt/openfoam5/src/OpenFOAM/lnInclude/FieldFieldFunctions.C:861:1: note:   template argument deduction/substitution failed:
 operator op                                                                    \
 ^
/opt/openfoam5/src/OpenFOAM/lnInclude/FieldFieldFunctions.C:901:1: note: in expansion of macro 'PRODUCT_OPERATOR'
 PRODUCT_OPERATOR(typeOfSum, +, add)
 ^
In file included from pamFoam.C:140:0:
./processModels/XSEqn.H:9:7: note:   'const volScalarField {aka const Foam::GeometricField<double, Foam::fvPatchField, Foam::volMesh>}' is not derived from 'const Foam::VectorSpace<Form, Cmpt, nCmpt>'
     + alphaLiquid*rhoDecay
       ^
In file included from /opt/openfoam5/src/OpenFOAM/lnInclude/FieldField.C:390:0,
                 from /opt/openfoam5/src/OpenFOAM/lnInclude/FieldField.H:198,
                 from /opt/openfoam5/src/OpenFOAM/lnInclude/GeometricField.H:45,
                 from /opt/openfoam5/src/OpenFOAM/lnInclude/GeometricScalarField.H:38,
                 from /opt/openfoam5/src/OpenFOAM/lnInclude/GeometricFields.H:34,
                 from /opt/openfoam5/src/finiteVolume/lnInclude/volFields.H:37,
                 from /opt/openfoam5/src/finiteVolume/lnInclude/surfaceInterpolationScheme.C:27,
                 from /opt/openfoam5/src/finiteVolume/lnInclude/surfaceInterpolationScheme.H:307,
                 from /opt/openfoam5/src/finiteVolume/lnInclude/surfaceInterpolate.H:41,
                 from /opt/openfoam5/src/finiteVolume/lnInclude/fvc.H:39,
                 from /opt/openfoam5/src/finiteVolume/lnInclude/fvCFD.H:8,
                 from pamFoam.C:36:
/opt/openfoam5/src/OpenFOAM/lnInclude/FieldFieldFunctions.C:885:1: note: candidate: template<template<class> class Field, class Type, class Form, class Cmpt, unsigned char nCmpt> Foam::tmp<Foam::FieldField<Field, typename Foam::typeOfSum<Form, Type>::type> > Foam::operator+(const Foam::VectorSpace<Form, Cmpt, nCmpt>&, const Foam::tmp<Foam::FieldField<Field, Type> >&)
 operator op                                                                    \
 ^
/opt/openfoam5/src/OpenFOAM/lnInclude/FieldFieldFunctions.C:901:1: note: in expansion of macro 'PRODUCT_OPERATOR'
 PRODUCT_OPERATOR(typeOfSum, +, add)
 ^
/opt/openfoam5/src/OpenFOAM/lnInclude/FieldFieldFunctions.C:885:1: note:   template argument deduction/substitution failed:
 operator op                                                                    \
 ^
/opt/openfoam5/src/OpenFOAM/lnInclude/FieldFieldFunctions.C:901:1: note: in expansion of macro 'PRODUCT_OPERATOR'
 PRODUCT_OPERATOR(typeOfSum, +, add)
 ^
In file included from pamFoam.C:140:0:
./processModels/XSEqn.H:9:7: note:   'const volScalarField {aka const Foam::GeometricField<double, Foam::fvPatchField, Foam::volMesh>}' is not derived from 'const Foam::VectorSpace<Form, Cmpt, nCmpt>'
     + alphaLiquid*rhoDecay
       ^
In file included from /opt/openfoam5/src/OpenFOAM/lnInclude/FieldField.C:390:0,
                 from /opt/openfoam5/src/OpenFOAM/lnInclude/FieldField.H:198,
                 from /opt/openfoam5/src/OpenFOAM/lnInclude/GeometricField.H:45,
                 from /opt/openfoam5/src/OpenFOAM/lnInclude/GeometricScalarField.H:38,
                 from /opt/openfoam5/src/OpenFOAM/lnInclude/GeometricFields.H:34,
                 from /opt/openfoam5/src/finiteVolume/lnInclude/volFields.H:37,
                 from /opt/openfoam5/src/finiteVolume/lnInclude/surfaceInterpolationScheme.C:27,
                 from /opt/openfoam5/src/finiteVolume/lnInclude/surfaceInterpolationScheme.H:307,
                 from /opt/openfoam5/src/finiteVolume/lnInclude/surfaceInterpolate.H:41,
                 from /opt/openfoam5/src/finiteVolume/lnInclude/fvc.H:39,
                 from /opt/openfoam5/src/finiteVolume/lnInclude/fvCFD.H:8,
                 from pamFoam.C:36:
/opt/openfoam5/src/OpenFOAM/lnInclude/FieldFieldFunctions.C:695:1: note: candidate: template<template<class> class Field1, template<class> class Field2, class Type1, class Type2> Foam::tmp<Foam::FieldField<Foam::Field, typename Foam::typeOfSum<Type1, Type2>::type> > Foam::operator+(const Foam::FieldField<Field, Type1>&, const Foam::tmp<Foam::FieldField<Field2, Type2> >&)
 operator op                                                                    \
 ^
/opt/openfoam5/src/OpenFOAM/lnInclude/FieldFieldFunctions.C:901:1: note: in expansion of macro 'PRODUCT_OPERATOR'
 PRODUCT_OPERATOR(typeOfSum, +, add)
 ^
/opt/openfoam5/src/OpenFOAM/lnInclude/FieldFieldFunctions.C:695:1: note:   template argument deduction/substitution failed:
 operator op                                                                    \
 ^
/opt/openfoam5/src/OpenFOAM/lnInclude/FieldFieldFunctions.C:901:1: note: in expansion of macro 'PRODUCT_OPERATOR'
 PRODUCT_OPERATOR(typeOfSum, +, add)
 ^
In file included from pamFoam.C:140:0:
./processModels/XSEqn.H:9:7: note:   'const volScalarField {aka const Foam::GeometricField<double, Foam::fvPatchField, Foam::volMesh>}' is not derived from 'const Foam::FieldField<Field, Type1>'
     + alphaLiquid*rhoDecay
       ^
In file included from /opt/openfoam5/src/OpenFOAM/lnInclude/DiagTensor.H:115:0,
                 from /opt/openfoam5/src/OpenFOAM/lnInclude/diagTensor.H:38,
                 from /opt/openfoam5/src/OpenFOAM/lnInclude/diagTensorField.H:39,
                 from /opt/openfoam5/src/OpenFOAM/lnInclude/coupledPolyPatch.H:41,
                 from /opt/openfoam5/src/OpenFOAM/lnInclude/processorPolyPatch.H:42,
                 from /opt/openfoam5/src/OpenFOAM/lnInclude/processorTopology.H:30,
                 from /opt/openfoam5/src/OpenFOAM/lnInclude/globalMeshData.H:84,
                 from /opt/openfoam5/src/OpenFOAM/lnInclude/GeometricBoundaryField.C:28,
                 from /opt/openfoam5/src/OpenFOAM/lnInclude/GeometricField.C:1352,
                 from /opt/openfoam5/src/OpenFOAM/lnInclude/GeometricField.H:660,
                 from /opt/openfoam5/src/OpenFOAM/lnInclude/GeometricScalarField.H:38,
                 from /opt/openfoam5/src/OpenFOAM/lnInclude/GeometricFields.H:34,
                 from /opt/openfoam5/src/finiteVolume/lnInclude/volFields.H:37,
                 from /opt/openfoam5/src/finiteVolume/lnInclude/surfaceInterpolationScheme.C:27,
                 from /opt/openfoam5/src/finiteVolume/lnInclude/surfaceInterpolationScheme.H:307,
                 from /opt/openfoam5/src/finiteVolume/lnInclude/surfaceInterpolate.H:41,
                 from /opt/openfoam5/src/finiteVolume/lnInclude/fvc.H:39,
                 from /opt/openfoam5/src/finiteVolume/lnInclude/fvCFD.H:8,
                 from pamFoam.C:36:
/opt/openfoam5/src/OpenFOAM/lnInclude/DiagTensorI.H:124:1: note: candidate: template<class Cmpt> Foam::Tensor<Cmpt> Foam::operator+(const Foam::DiagTensor<Cmpt>&, const Foam::Tensor<Cmpt>&)
 operator+(const DiagTensor<Cmpt>& dt1, const Tensor<Cmpt>& t2)
 ^
/opt/openfoam5/src/OpenFOAM/lnInclude/DiagTensorI.H:124:1: note:   template argument deduction/substitution failed:
In file included from pamFoam.C:140:0:
./processModels/XSEqn.H:9:7: note:   'const volScalarField {aka const Foam::GeometricField<double, Foam::fvPatchField, Foam::volMesh>}' is not derived from 'const Foam::DiagTensor<Cmpt>'
     + alphaLiquid*rhoDecay
       ^
In file included from /opt/openfoam5/src/OpenFOAM/lnInclude/DiagTensor.H:115:0,
                 from /opt/openfoam5/src/OpenFOAM/lnInclude/diagTensor.H:38,
                 from /opt/openfoam5/src/OpenFOAM/lnInclude/diagTensorField.H:39,
                 from /opt/openfoam5/src/OpenFOAM/lnInclude/coupledPolyPatch.H:41,
                 from /opt/openfoam5/src/OpenFOAM/lnInclude/processorPolyPatch.H:42,
                 from /opt/openfoam5/src/OpenFOAM/lnInclude/processorTopology.H:30,
                 from /opt/openfoam5/src/OpenFOAM/lnInclude/globalMeshData.H:84,
                 from /opt/openfoam5/src/OpenFOAM/lnInclude/GeometricBoundaryField.C:28,
                 from /opt/openfoam5/src/OpenFOAM/lnInclude/GeometricField.C:1352,
                 from /opt/openfoam5/src/OpenFOAM/lnInclude/GeometricField.H:660,
                 from /opt/openfoam5/src/OpenFOAM/lnInclude/GeometricScalarField.H:38,
                 from /opt/openfoam5/src/OpenFOAM/lnInclude/GeometricFields.H:34,
                 from /opt/openfoam5/src/finiteVolume/lnInclude/volFields.H:37,
                 from /opt/openfoam5/src/finiteVolume/lnInclude/surfaceInterpolationScheme.C:27,
                 from /opt/openfoam5/src/finiteVolume/lnInclude/surfaceInterpolationScheme.H:307,
                 from /opt/openfoam5/src/finiteVolume/lnInclude/surfaceInterpolate.H:41,
                 from /opt/openfoam5/src/finiteVolume/lnInclude/fvc.H:39,
                 from /opt/openfoam5/src/finiteVolume/lnInclude/fvCFD.H:8,
                 from pamFoam.C:36:
/opt/openfoam5/src/OpenFOAM/lnInclude/DiagTensorI.H:137:1: note: candidate: template<class Cmpt> Foam::Tensor<Cmpt> Foam::operator+(const Foam::Tensor<Cmpt>&, const Foam::DiagTensor<Cmpt>&)
 operator+(const Tensor<Cmpt>& t1, const DiagTensor<Cmpt>& dt2)
 ^
/opt/openfoam5/src/OpenFOAM/lnInclude/DiagTensorI.H:137:1: note:   template argument deduction/substitution failed:
In file included from pamFoam.C:140:0:
./processModels/XSEqn.H:9:7: note:   'const volScalarField {aka const Foam::GeometricField<double, Foam::fvPatchField, Foam::volMesh>}' is not derived from 'const Foam::Tensor<Cmpt>'
     + alphaLiquid*rhoDecay
       ^
In file included from /opt/openfoam5/src/OpenFOAM/lnInclude/diagTensorField.H:42:0,
                 from /opt/openfoam5/src/OpenFOAM/lnInclude/coupledPolyPatch.H:41,
                 from /opt/openfoam5/src/OpenFOAM/lnInclude/processorPolyPatch.H:42,
                 from /opt/openfoam5/src/OpenFOAM/lnInclude/processorTopology.H:30,
                 from /opt/openfoam5/src/OpenFOAM/lnInclude/globalMeshData.H:84,
                 from /opt/openfoam5/src/OpenFOAM/lnInclude/GeometricBoundaryField.C:28,
                 from /opt/openfoam5/src/OpenFOAM/lnInclude/GeometricField.C:1352,
                 from /opt/openfoam5/src/OpenFOAM/lnInclude/GeometricField.H:660,
                 from /opt/openfoam5/src/OpenFOAM/lnInclude/GeometricScalarField.H:38,
                 from /opt/openfoam5/src/OpenFOAM/lnInclude/GeometricFields.H:34,
                 from /opt/openfoam5/src/finiteVolume/lnInclude/volFields.H:37,
                 from /opt/openfoam5/src/finiteVolume/lnInclude/surfaceInterpolationScheme.C:27,
                 from /opt/openfoam5/src/finiteVolume/lnInclude/surfaceInterpolationScheme.H:307,
                 from /opt/openfoam5/src/finiteVolume/lnInclude/surfaceInterpolate.H:41,
                 from /opt/openfoam5/src/finiteVolume/lnInclude/fvc.H:39,
                 from /opt/openfoam5/src/finiteVolume/lnInclude/fvCFD.H:8,
                 from pamFoam.C:36:
/opt/openfoam5/src/OpenFOAM/lnInclude/FieldFunctionsM.H:166:24: note: candidate: Foam::tmp<Foam::Field<Foam::Tensor<double> > > Foam::operator+(const Foam::UList<Foam::DiagTensor<double> >&, const Foam::UList<Foam::Tensor<double> >&)
 tmp<Field<ReturnType>> operator Op                                             \
                        ^
/opt/openfoam5/src/OpenFOAM/lnInclude/diagTensorField.H:60:1: note: in expansion of macro 'BINARY_OPERATOR'
 BINARY_OPERATOR(tensor, diagTensor, tensor, +, add)
 ^
/opt/openfoam5/src/OpenFOAM/lnInclude/FieldFunctionsM.H:166:24: note:   candidate expects 2 arguments, 1 provided
 tmp<Field<ReturnType>> operator Op                                             \
                        ^
/opt/openfoam5/src/OpenFOAM/lnInclude/diagTensorField.H:60:1: note: in expansion of macro 'BINARY_OPERATOR'
 BINARY_OPERATOR(tensor, diagTensor, tensor, +, add)
 ^
/opt/openfoam5/src/OpenFOAM/lnInclude/FieldFunctionsM.H:173:24: note: candidate: Foam::tmp<Foam::Field<Foam::Tensor<double> > > Foam::operator+(const Foam::UList<Foam::DiagTensor<double> >&, const Foam::tmp<Foam::Field<Foam::Tensor<double> > >&)
 tmp<Field<ReturnType>> operator Op                                             \
                        ^
/opt/openfoam5/src/OpenFOAM/lnInclude/diagTensorField.H:60:1: note: in expansion of macro 'BINARY_OPERATOR'
 BINARY_OPERATOR(tensor, diagTensor, tensor, +, add)
 ^
/opt/openfoam5/src/OpenFOAM/lnInclude/FieldFunctionsM.H:173:24: note:   candidate expects 2 arguments, 1 provided
 tmp<Field<ReturnType>> operator Op                                             \
                        ^
/opt/openfoam5/src/OpenFOAM/lnInclude/diagTensorField.H:60:1: note: in expansion of macro 'BINARY_OPERATOR'
 BINARY_OPERATOR(tensor, diagTensor, tensor, +, add)
 ^
/opt/openfoam5/src/OpenFOAM/lnInclude/FieldFunctionsM.H:180:24: note: candidate: Foam::tmp<Foam::Field<Foam::Tensor<double> > > Foam::operator+(const Foam::tmp<Foam::Field<Foam::DiagTensor<double> > >&, const Foam::UList<Foam::Tensor<double> >&)
 tmp<Field<ReturnType>> operator Op                                             \
                        ^
/opt/openfoam5/src/OpenFOAM/lnInclude/diagTensorField.H:60:1: note: in expansion of macro 'BINARY_OPERATOR'
 BINARY_OPERATOR(tensor, diagTensor, tensor, +, add)
 ^
/opt/openfoam5/src/OpenFOAM/lnInclude/FieldFunctionsM.H:180:24: note:   candidate expects 2 arguments, 1 provided
 tmp<Field<ReturnType>> operator Op                                             \
                        ^
/opt/openfoam5/src/OpenFOAM/lnInclude/diagTensorField.H:60:1: note: in expansion of macro 'BINARY_OPERATOR'
 BINARY_OPERATOR(tensor, diagTensor, tensor, +, add)
 ^
/opt/openfoam5/src/OpenFOAM/lnInclude/FieldFunctionsM.H:187:24: note: candidate: Foam::tmp<Foam::Field<Foam::Tensor<double> > > Foam::operator+(const Foam::tmp<Foam::Field<Foam::DiagTensor<double> > >&, const Foam::tmp<Foam::Field<Foam::Tensor<double> > >&)
 tmp<Field<ReturnType>> operator Op                                             \
                        ^
/opt/openfoam5/src/OpenFOAM/lnInclude/diagTensorField.H:60:1: note: in expansion of macro 'BINARY_OPERATOR'
 BINARY_OPERATOR(tensor, diagTensor, tensor, +, add)
 ^
/opt/openfoam5/src/OpenFOAM/lnInclude/FieldFunctionsM.H:187:24: note:   candidate expects 2 arguments, 1 provided
 tmp<Field<ReturnType>> operator Op                                             \
                        ^
/opt/openfoam5/src/OpenFOAM/lnInclude/diagTensorField.H:60:1: note: in expansion of macro 'BINARY_OPERATOR'
 BINARY_OPERATOR(tensor, diagTensor, tensor, +, add)
 ^
/opt/openfoam5/src/OpenFOAM/lnInclude/FieldFunctionsM.H:207:24: note: candidate: Foam::tmp<Foam::Field<Foam::Tensor<double> > > Foam::operator+(const diagTensor&, const Foam::UList<Foam::Tensor<double> >&)
 tmp<Field<ReturnType>> operator Op                                             \
                        ^
/opt/openfoam5/src/OpenFOAM/lnInclude/FieldFunctionsM.H:247:5: note: in expansion of macro 'BINARY_TYPE_OPERATOR_SF'
     BINARY_TYPE_OPERATOR_SF(ReturnType, Type1, Type2, Op, OpFunc)              \
     ^
/opt/openfoam5/src/OpenFOAM/lnInclude/diagTensorField.H:63:1: note: in expansion of macro 'BINARY_TYPE_OPERATOR'
 BINARY_TYPE_OPERATOR(tensor, diagTensor, tensor, +, add)
 ^
/opt/openfoam5/src/OpenFOAM/lnInclude/FieldFunctionsM.H:207:24: note:   candidate expects 2 arguments, 1 provided
 tmp<Field<ReturnType>> operator Op                                             \
                        ^
/opt/openfoam5/src/OpenFOAM/lnInclude/FieldFunctionsM.H:247:5: note: in expansion of macro 'BINARY_TYPE_OPERATOR_SF'
     BINARY_TYPE_OPERATOR_SF(ReturnType, Type1, Type2, Op, OpFunc)              \
     ^
/opt/openfoam5/src/OpenFOAM/lnInclude/diagTensorField.H:63:1: note: in expansion of macro 'BINARY_TYPE_OPERATOR'
 BINARY_TYPE_OPERATOR(tensor, diagTensor, tensor, +, add)
 ^
/opt/openfoam5/src/OpenFOAM/lnInclude/FieldFunctionsM.H:214:24: note: candidate: Foam::tmp<Foam::Field<Foam::Tensor<double> > > Foam::operator+(const diagTensor&, const Foam::tmp<Foam::Field<Foam::Tensor<double> > >&)
 tmp<Field<ReturnType>> operator Op                                             \
                        ^
/opt/openfoam5/src/OpenFOAM/lnInclude/FieldFunctionsM.H:247:5: note: in expansion of macro 'BINARY_TYPE_OPERATOR_SF'
     BINARY_TYPE_OPERATOR_SF(ReturnType, Type1, Type2, Op, OpFunc)              \
     ^
/opt/openfoam5/src/OpenFOAM/lnInclude/diagTensorField.H:63:1: note: in expansion of macro 'BINARY_TYPE_OPERATOR'
 BINARY_TYPE_OPERATOR(tensor, diagTensor, tensor, +, add)
 ^
/opt/openfoam5/src/OpenFOAM/lnInclude/FieldFunctionsM.H:214:24: note:   candidate expects 2 arguments, 1 provided
 tmp<Field<ReturnType>> operator Op                                             \
                        ^
/opt/openfoam5/src/OpenFOAM/lnInclude/FieldFunctionsM.H:247:5: note: in expansion of macro 'BINARY_TYPE_OPERATOR_SF'
     BINARY_TYPE_OPERATOR_SF(ReturnType, Type1, Type2, Op, OpFunc)              \
     ^
/opt/openfoam5/src/OpenFOAM/lnInclude/diagTensorField.H:63:1: note: in expansion of macro 'BINARY_TYPE_OPERATOR'
 BINARY_TYPE_OPERATOR(tensor, diagTensor, tensor, +, add)
 ^
/opt/openfoam5/src/OpenFOAM/lnInclude/FieldFunctionsM.H:232:24: note: candidate: Foam::tmp<Foam::Field<Foam::Tensor<double> > > Foam::operator+(const Foam::UList<Foam::DiagTensor<double> >&, const tensor&)
 tmp<Field<ReturnType>> operator Op                                             \
                        ^
/opt/openfoam5/src/OpenFOAM/lnInclude/FieldFunctionsM.H:248:5: note: in expansion of macro 'BINARY_TYPE_OPERATOR_FS'
     BINARY_TYPE_OPERATOR_FS(ReturnType, Type1, Type2, Op, OpFunc)
     ^
/opt/openfoam5/src/OpenFOAM/lnInclude/diagTensorField.H:63:1: note: in expansion of macro 'BINARY_TYPE_OPERATOR'
 BINARY_TYPE_OPERATOR(tensor, diagTensor, tensor, +, add)
 ^
/opt/openfoam5/src/OpenFOAM/lnInclude/FieldFunctionsM.H:232:24: note:   candidate expects 2 arguments, 1 provided
 tmp<Field<ReturnType>> operator Op                                             \
                        ^
/opt/openfoam5/src/OpenFOAM/lnInclude/FieldFunctionsM.H:248:5: note: in expansion of macro 'BINARY_TYPE_OPERATOR_FS'
     BINARY_TYPE_OPERATOR_FS(ReturnType, Type1, Type2, Op, OpFunc)
     ^
/opt/openfoam5/src/OpenFOAM/lnInclude/diagTensorField.H:63:1: note: in expansion of macro 'BINARY_TYPE_OPERATOR'
 BINARY_TYPE_OPERATOR(tensor, diagTensor, tensor, +, add)
 ^
/opt/openfoam5/src/OpenFOAM/lnInclude/FieldFunctionsM.H:239:24: note: candidate: Foam::tmp<Foam::Field<Foam::Tensor<double> > > Foam::operator+(const Foam::tmp<Foam::Field<Foam::DiagTensor<double> > >&, const tensor&)
 tmp<Field<ReturnType>> operator Op                                             \
                        ^
/opt/openfoam5/src/OpenFOAM/lnInclude/FieldFunctionsM.H:248:5: note: in expansion of macro 'BINARY_TYPE_OPERATOR_FS'
     BINARY_TYPE_OPERATOR_FS(ReturnType, Type1, Type2, Op, OpFunc)
     ^
/opt/openfoam5/src/OpenFOAM/lnInclude/diagTensorField.H:63:1: note: in expansion of macro 'BINARY_TYPE_OPERATOR'
 BINARY_TYPE_OPERATOR(tensor, diagTensor, tensor, +, add)
 ^
/opt/openfoam5/src/OpenFOAM/lnInclude/FieldFunctionsM.H:239:24: note:   candidate expects 2 arguments, 1 provided
 tmp<Field<ReturnType>> operator Op                                             \
                        ^
/opt/openfoam5/src/OpenFOAM/lnInclude/FieldFunctionsM.H:248:5: note: in expansion of macro 'BINARY_TYPE_OPERATOR_FS'
     BINARY_TYPE_OPERATOR_FS(ReturnType, Type1, Type2, Op, OpFunc)
     ^
/opt/openfoam5/src/OpenFOAM/lnInclude/diagTensorField.H:63:1: note: in expansion of macro 'BINARY_TYPE_OPERATOR'
 BINARY_TYPE_OPERATOR(tensor, diagTensor, tensor, +, add)
 ^
In file included from /opt/openfoam5/src/OpenFOAM/lnInclude/vectorTensorTransform.H:248:0,
                 from /opt/openfoam5/src/OpenFOAM/lnInclude/mapDistribute.H:138,
                 from /opt/openfoam5/src/OpenFOAM/lnInclude/globalMeshDataTemplates.C:28,
                 from /opt/openfoam5/src/OpenFOAM/lnInclude/globalMeshData.H:627,
                 from /opt/openfoam5/src/OpenFOAM/lnInclude/GeometricBoundaryField.C:28,
                 from /opt/openfoam5/src/OpenFOAM/lnInclude/GeometricField.C:1352,
                 from /opt/openfoam5/src/OpenFOAM/lnInclude/GeometricField.H:660,
                 from /opt/openfoam5/src/OpenFOAM/lnInclude/GeometricScalarField.H:38,
                 from /opt/openfoam5/src/OpenFOAM/lnInclude/GeometricFields.H:34,
                 from /opt/openfoam5/src/finiteVolume/lnInclude/volFields.H:37,
                 from /opt/openfoam5/src/finiteVolume/lnInclude/surfaceInterpolationScheme.C:27,
                 from /opt/openfoam5/src/finiteVolume/lnInclude/surfaceInterpolationScheme.H:307,
                 from /opt/openfoam5/src/finiteVolume/lnInclude/surfaceInterpolate.H:41,
                 from /opt/openfoam5/src/finiteVolume/lnInclude/fvc.H:39,
                 from /opt/openfoam5/src/finiteVolume/lnInclude/fvCFD.H:8,
                 from pamFoam.C:36:
/opt/openfoam5/src/OpenFOAM/lnInclude/vectorTensorTransformI.H:263:36: note: candidate: Foam::vectorTensorTransform Foam::operator+(const Foam::vectorTensorTransform&, const vector&)
 inline Foam::vectorTensorTransform Foam::operator+
                                    ^
/opt/openfoam5/src/OpenFOAM/lnInclude/vectorTensorTransformI.H:263:36: note:   candidate expects 2 arguments, 1 provided
/opt/openfoam5/src/OpenFOAM/lnInclude/vectorTensorTransformI.H:273:36: note: candidate: Foam::vectorTensorTransform Foam::operator+(const vector&, const Foam::vectorTensorTransform&)
 inline Foam::vectorTensorTransform Foam::operator+
                                    ^
/opt/openfoam5/src/OpenFOAM/lnInclude/vectorTensorTransformI.H:273:36: note:   candidate expects 2 arguments, 1 provided
In file included from /opt/openfoam5/src/OpenFOAM/lnInclude/quaternion.H:304:0,
                 from /opt/openfoam5/src/OpenFOAM/lnInclude/transformField.H:39,
                 from /opt/openfoam5/src/OpenFOAM/lnInclude/mapDistributeTemplates.C:30,
                 from /opt/openfoam5/src/OpenFOAM/lnInclude/mapDistribute.H:655,
                 from /opt/openfoam5/src/OpenFOAM/lnInclude/globalMeshDataTemplates.C:28,
                 from /opt/openfoam5/src/OpenFOAM/lnInclude/globalMeshData.H:627,
                 from /opt/openfoam5/src/OpenFOAM/lnInclude/GeometricBoundaryField.C:28,
                 from /opt/openfoam5/src/OpenFOAM/lnInclude/GeometricField.C:1352,
                 from /opt/openfoam5/src/OpenFOAM/lnInclude/GeometricField.H:660,
                 from /opt/openfoam5/src/OpenFOAM/lnInclude/GeometricScalarField.H:38,
                 from /opt/openfoam5/src/OpenFOAM/lnInclude/GeometricFields.H:34,
                 from /opt/openfoam5/src/finiteVolume/lnInclude/volFields.H:37,
                 from /opt/openfoam5/src/finiteVolume/lnInclude/surfaceInterpolationScheme.C:27,
                 from /opt/openfoam5/src/finiteVolume/lnInclude/surfaceInterpolationScheme.H:307,
                 from /opt/openfoam5/src/finiteVolume/lnInclude/surfaceInterpolate.H:41,
                 from /opt/openfoam5/src/finiteVolume/lnInclude/fvc.H:39,
                 from /opt/openfoam5/src/finiteVolume/lnInclude/fvCFD.H:8,
                 from pamFoam.C:36:
/opt/openfoam5/src/OpenFOAM/lnInclude/quaternionI.H:629:25: note: candidate: Foam::quaternion Foam::operator+(const Foam::quaternion&, const Foam::quaternion&)
 inline Foam::quaternion Foam::operator+
                         ^
/opt/openfoam5/src/OpenFOAM/lnInclude/quaternionI.H:629:25: note:   candidate expects 2 arguments, 1 provided
In file included from /opt/openfoam5/src/OpenFOAM/lnInclude/septernion.H:206:0,
                 from /opt/openfoam5/src/OpenFOAM/lnInclude/transformField.H:40,
                 from /opt/openfoam5/src/OpenFOAM/lnInclude/mapDistributeTemplates.C:30,
                 from /opt/openfoam5/src/OpenFOAM/lnInclude/mapDistribute.H:655,
                 from /opt/openfoam5/src/OpenFOAM/lnInclude/globalMeshDataTemplates.C:28,
                 from /opt/openfoam5/src/OpenFOAM/lnInclude/globalMeshData.H:627,
                 from /opt/openfoam5/src/OpenFOAM/lnInclude/GeometricBoundaryField.C:28,
                 from /opt/openfoam5/src/OpenFOAM/lnInclude/GeometricField.C:1352,
                 from /opt/openfoam5/src/OpenFOAM/lnInclude/GeometricField.H:660,
                 from /opt/openfoam5/src/OpenFOAM/lnInclude/GeometricScalarField.H:38,
                 from /opt/openfoam5/src/OpenFOAM/lnInclude/GeometricFields.H:34,
                 from /opt/openfoam5/src/finiteVolume/lnInclude/volFields.H:37,
                 from /opt/openfoam5/src/finiteVolume/lnInclude/surfaceInterpolationScheme.C:27,
                 from /opt/openfoam5/src/finiteVolume/lnInclude/surfaceInterpolationScheme.H:307,
                 from /opt/openfoam5/src/finiteVolume/lnInclude/surfaceInterpolate.H:41,
                 from /opt/openfoam5/src/finiteVolume/lnInclude/fvc.H:39,
                 from /opt/openfoam5/src/finiteVolume/lnInclude/fvCFD.H:8,
                 from pamFoam.C:36:
/opt/openfoam5/src/OpenFOAM/lnInclude/septernionI.H:180:25: note: candidate: Foam::septernion Foam::operator+(const Foam::septernion&, const vector&)
 inline Foam::septernion Foam::operator+
                         ^
/opt/openfoam5/src/OpenFOAM/lnInclude/septernionI.H:180:25: note:   candidate expects 2 arguments, 1 provided
/opt/openfoam5/src/OpenFOAM/lnInclude/septernionI.H:190:25: note: candidate: Foam::septernion Foam::operator+(const vector&, const Foam::septernion&)
 inline Foam::septernion Foam::operator+
                         ^
/opt/openfoam5/src/OpenFOAM/lnInclude/septernionI.H:190:25: note:   candidate expects 2 arguments, 1 provided
In file included from /opt/openfoam5/src/OpenFOAM/lnInclude/GeometricField.C:1353:0,
                 from /opt/openfoam5/src/OpenFOAM/lnInclude/GeometricField.H:660,
                 from /opt/openfoam5/src/OpenFOAM/lnInclude/GeometricScalarField.H:38,
                 from /opt/openfoam5/src/OpenFOAM/lnInclude/GeometricFields.H:34,
                 from /opt/openfoam5/src/finiteVolume/lnInclude/volFields.H:37,
                 from /opt/openfoam5/src/finiteVolume/lnInclude/surfaceInterpolationScheme.C:27,
                 from /opt/openfoam5/src/finiteVolume/lnInclude/surfaceInterpolationScheme.H:307,
                 from /opt/openfoam5/src/finiteVolume/lnInclude/surfaceInterpolate.H:41,
                 from /opt/openfoam5/src/finiteVolume/lnInclude/fvc.H:39,
                 from /opt/openfoam5/src/finiteVolume/lnInclude/fvCFD.H:8,
                 from pamFoam.C:36:
/opt/openfoam5/src/OpenFOAM/lnInclude/GeometricFieldFunctions.C:622:1: note: candidate: template<class Type1, class Type2, template<class> class PatchField, class GeoMesh> Foam::tmp<Foam::GeometricField<typename Foam::typeOfSum<Type1, Type2>::type, PatchField, GeoMesh> > Foam::operator+(const Foam::GeometricField<TypeR, PatchField, GeoMesh>&, const Foam::GeometricField<Type1, PatchField, GeoMesh>&)
 operator op                                                                    \
 ^
/opt/openfoam5/src/OpenFOAM/lnInclude/GeometricFieldFunctions.C:971:1: note: in expansion of macro 'PRODUCT_OPERATOR'
 PRODUCT_OPERATOR(typeOfSum, +, add)
 ^
/opt/openfoam5/src/OpenFOAM/lnInclude/GeometricFieldFunctions.C:622:1: note:   template argument deduction/substitution failed:
 operator op                                                                    \
 ^
/opt/openfoam5/src/OpenFOAM/lnInclude/GeometricFieldFunctions.C:971:1: note: in expansion of macro 'PRODUCT_OPERATOR'
 PRODUCT_OPERATOR(typeOfSum, +, add)
 ^
In file included from pamFoam.C:140:0:
./processModels/XSEqn.H:9:7: note:   candidate expects 2 arguments, 1 provided
     + alphaLiquid*rhoDecay
       ^
In file included from /opt/openfoam5/src/OpenFOAM/lnInclude/GeometricField.C:1353:0,
                 from /opt/openfoam5/src/OpenFOAM/lnInclude/GeometricField.H:660,
                 from /opt/openfoam5/src/OpenFOAM/lnInclude/GeometricScalarField.H:38,
                 from /opt/openfoam5/src/OpenFOAM/lnInclude/GeometricFields.H:34,
                 from /opt/openfoam5/src/finiteVolume/lnInclude/volFields.H:37,
                 from /opt/openfoam5/src/finiteVolume/lnInclude/surfaceInterpolationScheme.C:27,
                 from /opt/openfoam5/src/finiteVolume/lnInclude/surfaceInterpolationScheme.H:307,
                 from /opt/openfoam5/src/finiteVolume/lnInclude/surfaceInterpolate.H:41,
                 from /opt/openfoam5/src/finiteVolume/lnInclude/fvc.H:39,
                 from /opt/openfoam5/src/finiteVolume/lnInclude/fvCFD.H:8,
                 from pamFoam.C:36:
/opt/openfoam5/src/OpenFOAM/lnInclude/GeometricFieldFunctions.C:657:1: note: candidate: template<class Type1, class Type2, template<class> class PatchField, class GeoMesh> Foam::tmp<Foam::GeometricField<typename Foam::typeOfSum<Type1, Type2>::type, PatchField, GeoMesh> > Foam::operator+(const Foam::GeometricField<TypeR, PatchField, GeoMesh>&, const Foam::tmp<Foam::GeometricField<Type1, PatchField, GeoMesh> >&)
 operator op                                                                    \
 ^
/opt/openfoam5/src/OpenFOAM/lnInclude/GeometricFieldFunctions.C:971:1: note: in expansion of macro 'PRODUCT_OPERATOR'
 PRODUCT_OPERATOR(typeOfSum, +, add)
 ^
/opt/openfoam5/src/OpenFOAM/lnInclude/GeometricFieldFunctions.C:657:1: note:   template argument deduction/substitution failed:
 operator op                                                                    \
 ^
/opt/openfoam5/src/OpenFOAM/lnInclude/GeometricFieldFunctions.C:971:1: note: in expansion of macro 'PRODUCT_OPERATOR'
 PRODUCT_OPERATOR(typeOfSum, +, add)
 ^
In file included from pamFoam.C:140:0:
./processModels/XSEqn.H:9:7: note:   candidate expects 2 arguments, 1 provided
     + alphaLiquid*rhoDecay
       ^
In file included from /opt/openfoam5/src/OpenFOAM/lnInclude/GeometricField.C:1353:0,
                 from /opt/openfoam5/src/OpenFOAM/lnInclude/GeometricField.H:660,
                 from /opt/openfoam5/src/OpenFOAM/lnInclude/GeometricScalarField.H:38,
                 from /opt/openfoam5/src/OpenFOAM/lnInclude/GeometricFields.H:34,
                 from /opt/openfoam5/src/finiteVolume/lnInclude/volFields.H:37,
                 from /opt/openfoam5/src/finiteVolume/lnInclude/surfaceInterpolationScheme.C:27,
                 from /opt/openfoam5/src/finiteVolume/lnInclude/surfaceInterpolationScheme.H:307,
                 from /opt/openfoam5/src/finiteVolume/lnInclude/surfaceInterpolate.H:41,
                 from /opt/openfoam5/src/finiteVolume/lnInclude/fvc.H:39,
                 from /opt/openfoam5/src/finiteVolume/lnInclude/fvCFD.H:8,
                 from pamFoam.C:36:
/opt/openfoam5/src/OpenFOAM/lnInclude/GeometricFieldFunctions.C:688:1: note: candidate: template<class Type1, class Type2, template<class> class PatchField, class GeoMesh> Foam::tmp<Foam::GeometricField<typename Foam::typeOfSum<Type1, Type2>::type, PatchField, GeoMesh> > Foam::operator+(const Foam::tmp<Foam::GeometricField<TypeR, PatchField, GeoMesh> >&, const Foam::GeometricField<Type1, PatchField, GeoMesh>&)
 operator op                                                                    \
 ^
/opt/openfoam5/src/OpenFOAM/lnInclude/GeometricFieldFunctions.C:971:1: note: in expansion of macro 'PRODUCT_OPERATOR'
 PRODUCT_OPERATOR(typeOfSum, +, add)
 ^
/opt/openfoam5/src/OpenFOAM/lnInclude/GeometricFieldFunctions.C:688:1: note:   template argument deduction/substitution failed:
 operator op                                                                    \
 ^
/opt/openfoam5/src/OpenFOAM/lnInclude/GeometricFieldFunctions.C:971:1: note: in expansion of macro 'PRODUCT_OPERATOR'
 PRODUCT_OPERATOR(typeOfSum, +, add)
 ^
In file included from pamFoam.C:140:0:
./processModels/XSEqn.H:9:7: note:   'const volScalarField {aka const Foam::GeometricField<double, Foam::fvPatchField, Foam::volMesh>}' is not derived from 'const Foam::tmp<Foam::GeometricField<TypeR, PatchField, GeoMesh> >'
     + alphaLiquid*rhoDecay
       ^
In file included from /opt/openfoam5/src/OpenFOAM/lnInclude/GeometricField.C:1353:0,
                 from /opt/openfoam5/src/OpenFOAM/lnInclude/GeometricField.H:660,
                 from /opt/openfoam5/src/OpenFOAM/lnInclude/GeometricScalarField.H:38,
                 from /opt/openfoam5/src/OpenFOAM/lnInclude/GeometricFields.H:34,
                 from /opt/openfoam5/src/finiteVolume/lnInclude/volFields.H:37,
                 from /opt/openfoam5/src/finiteVolume/lnInclude/surfaceInterpolationScheme.C:27,
                 from /opt/openfoam5/src/finiteVolume/lnInclude/surfaceInterpolationScheme.H:307,
                 from /opt/openfoam5/src/finiteVolume/lnInclude/surfaceInterpolate.H:41,
                 from /opt/openfoam5/src/finiteVolume/lnInclude/fvc.H:39,
                 from /opt/openfoam5/src/finiteVolume/lnInclude/fvCFD.H:8,
                 from pamFoam.C:36:
/opt/openfoam5/src/OpenFOAM/lnInclude/GeometricFieldFunctions.C:719:1: note: candidate: template<class Type1, class Type2, template<class> class PatchField, class GeoMesh> Foam::tmp<Foam::GeometricField<typename Foam::typeOfSum<Type1, Type2>::type, PatchField, GeoMesh> > Foam::operator+(const Foam::tmp<Foam::GeometricField<TypeR, PatchField, GeoMesh> >&, const Foam::tmp<Foam::GeometricField<Type1, PatchField, GeoMesh> >&)
 operator op                                                                    \
 ^
/opt/openfoam5/src/OpenFOAM/lnInclude/GeometricFieldFunctions.C:971:1: note: in expansion of macro 'PRODUCT_OPERATOR'
 PRODUCT_OPERATOR(typeOfSum, +, add)
 ^
/opt/openfoam5/src/OpenFOAM/lnInclude/GeometricFieldFunctions.C:719:1: note:   template argument deduction/substitution failed:
 operator op                                                                    \
 ^
/opt/openfoam5/src/OpenFOAM/lnInclude/GeometricFieldFunctions.C:971:1: note: in expansion of macro 'PRODUCT_OPERATOR'
 PRODUCT_OPERATOR(typeOfSum, +, add)
 ^
In file included from pamFoam.C:140:0:
./processModels/XSEqn.H:9:7: note:   'const volScalarField {aka const Foam::GeometricField<double, Foam::fvPatchField, Foam::volMesh>}' is not derived from 'const Foam::tmp<Foam::GeometricField<TypeR, PatchField, GeoMesh> >'
     + alphaLiquid*rhoDecay
       ^
In file included from /opt/openfoam5/src/OpenFOAM/lnInclude/GeometricField.C:1353:0,
                 from /opt/openfoam5/src/OpenFOAM/lnInclude/GeometricField.H:660,
                 from /opt/openfoam5/src/OpenFOAM/lnInclude/GeometricScalarField.H:38,
                 from /opt/openfoam5/src/OpenFOAM/lnInclude/GeometricFields.H:34,
                 from /opt/openfoam5/src/finiteVolume/lnInclude/volFields.H:37,
                 from /opt/openfoam5/src/finiteVolume/lnInclude/surfaceInterpolationScheme.C:27,
                 from /opt/openfoam5/src/finiteVolume/lnInclude/surfaceInterpolationScheme.H:307,
                 from /opt/openfoam5/src/finiteVolume/lnInclude/surfaceInterpolate.H:41,
                 from /opt/openfoam5/src/finiteVolume/lnInclude/fvc.H:39,
                 from /opt/openfoam5/src/finiteVolume/lnInclude/fvCFD.H:8,
                 from pamFoam.C:36:
/opt/openfoam5/src/OpenFOAM/lnInclude/GeometricFieldFunctions.C:765:1: note: candidate: template<class Form, class Type, template<class> class PatchField, class GeoMesh> Foam::tmp<Foam::GeometricField<typename Foam::typeOfSum<Type, Form>::type, PatchField, GeoMesh> > Foam::operator+(const Foam::GeometricField<Type1, PatchField, GeoMesh>&, const Foam::dimensioned<Type>&)
 operator op                                                                    \
 ^
/opt/openfoam5/src/OpenFOAM/lnInclude/GeometricFieldFunctions.C:971:1: note: in expansion of macro 'PRODUCT_OPERATOR'
 PRODUCT_OPERATOR(typeOfSum, +, add)
 ^
/opt/openfoam5/src/OpenFOAM/lnInclude/GeometricFieldFunctions.C:765:1: note:   template argument deduction/substitution failed:
 operator op                                                                    \
 ^
/opt/openfoam5/src/OpenFOAM/lnInclude/GeometricFieldFunctions.C:971:1: note: in expansion of macro 'PRODUCT_OPERATOR'
 PRODUCT_OPERATOR(typeOfSum, +, add)
 ^
In file included from pamFoam.C:140:0:
./processModels/XSEqn.H:9:7: note:   candidate expects 2 arguments, 1 provided
     + alphaLiquid*rhoDecay
       ^
In file included from /opt/openfoam5/src/OpenFOAM/lnInclude/GeometricField.C:1353:0,
                 from /opt/openfoam5/src/OpenFOAM/lnInclude/GeometricField.H:660,
                 from /opt/openfoam5/src/OpenFOAM/lnInclude/GeometricScalarField.H:38,
                 from /opt/openfoam5/src/OpenFOAM/lnInclude/GeometricFields.H:34,
                 from /opt/openfoam5/src/finiteVolume/lnInclude/volFields.H:37,
                 from /opt/openfoam5/src/finiteVolume/lnInclude/surfaceInterpolationScheme.C:27,
                 from /opt/openfoam5/src/finiteVolume/lnInclude/surfaceInterpolationScheme.H:307,
                 from /opt/openfoam5/src/finiteVolume/lnInclude/surfaceInterpolate.H:41,
                 from /opt/openfoam5/src/finiteVolume/lnInclude/fvc.H:39,
                 from /opt/openfoam5/src/finiteVolume/lnInclude/fvCFD.H:8,
                 from pamFoam.C:36:
/opt/openfoam5/src/OpenFOAM/lnInclude/GeometricFieldFunctions.C:804:1: note: candidate: template<class Form, class Cmpt, unsigned char nCmpt, class Type, template<class> class PatchField, class GeoMesh> Foam::tmp<Foam::GeometricField<typename Foam::typeOfSum<Form, Type>::type, PatchField, GeoMesh> > Foam::operator+(const Foam::GeometricField<Type2, PatchField, GeoMesh>&, const Foam::VectorSpace<Form, Cmpt, Ncmpts>&)
 operator op                                                                    \
 ^
/opt/openfoam5/src/OpenFOAM/lnInclude/GeometricFieldFunctions.C:971:1: note: in expansion of macro 'PRODUCT_OPERATOR'
 PRODUCT_OPERATOR(typeOfSum, +, add)
 ^
/opt/openfoam5/src/OpenFOAM/lnInclude/GeometricFieldFunctions.C:804:1: note:   template argument deduction/substitution failed:
 operator op                                                                    \
 ^
/opt/openfoam5/src/OpenFOAM/lnInclude/GeometricFieldFunctions.C:971:1: note: in expansion of macro 'PRODUCT_OPERATOR'
 PRODUCT_OPERATOR(typeOfSum, +, add)
 ^
In file included from pamFoam.C:140:0:
./processModels/XSEqn.H:9:7: note:   candidate expects 2 arguments, 1 provided
     + alphaLiquid*rhoDecay
       ^
In file included from /opt/openfoam5/src/OpenFOAM/lnInclude/GeometricField.C:1353:0,
                 from /opt/openfoam5/src/OpenFOAM/lnInclude/GeometricField.H:660,
                 from /opt/openfoam5/src/OpenFOAM/lnInclude/GeometricScalarField.H:38,
                 from /opt/openfoam5/src/OpenFOAM/lnInclude/GeometricFields.H:34,
                 from /opt/openfoam5/src/finiteVolume/lnInclude/volFields.H:37,
                 from /opt/openfoam5/src/finiteVolume/lnInclude/surfaceInterpolationScheme.C:27,
                 from /opt/openfoam5/src/finiteVolume/lnInclude/surfaceInterpolationScheme.H:307,
                 from /opt/openfoam5/src/finiteVolume/lnInclude/surfaceInterpolate.H:41,
                 from /opt/openfoam5/src/finiteVolume/lnInclude/fvc.H:39,
                 from /opt/openfoam5/src/finiteVolume/lnInclude/fvCFD.H:8,
                 from pamFoam.C:36:
/opt/openfoam5/src/OpenFOAM/lnInclude/GeometricFieldFunctions.C:817:1: note: candidate: template<class Form, class Type, template<class> class PatchField, class GeoMesh> Foam::tmp<Foam::GeometricField<typename Foam::typeOfSum<Type, Form>::type, PatchField, GeoMesh> > Foam::operator+(const Foam::tmp<Foam::GeometricField<Type1, PatchField, GeoMesh> >&, const Foam::dimensioned<Type>&)
 operator op                                                                    \
 ^
/opt/openfoam5/src/OpenFOAM/lnInclude/GeometricFieldFunctions.C:971:1: note: in expansion of macro 'PRODUCT_OPERATOR'
 PRODUCT_OPERATOR(typeOfSum, +, add)
 ^
/opt/openfoam5/src/OpenFOAM/lnInclude/GeometricFieldFunctions.C:817:1: note:   template argument deduction/substitution failed:
 operator op                                                                    \
 ^
/opt/openfoam5/src/OpenFOAM/lnInclude/GeometricFieldFunctions.C:971:1: note: in expansion of macro 'PRODUCT_OPERATOR'
 PRODUCT_OPERATOR(typeOfSum, +, add)
 ^
In file included from pamFoam.C:140:0:
./processModels/XSEqn.H:9:7: note:   'const volScalarField {aka const Foam::GeometricField<double, Foam::fvPatchField, Foam::volMesh>}' is not derived from 'const Foam::tmp<Foam::GeometricField<Type1, PatchField, GeoMesh> >'
     + alphaLiquid*rhoDecay
       ^
In file included from /opt/openfoam5/src/OpenFOAM/lnInclude/GeometricField.C:1353:0,
                 from /opt/openfoam5/src/OpenFOAM/lnInclude/GeometricField.H:660,
                 from /opt/openfoam5/src/OpenFOAM/lnInclude/GeometricScalarField.H:38,
                 from /opt/openfoam5/src/OpenFOAM/lnInclude/GeometricFields.H:34,
                 from /opt/openfoam5/src/finiteVolume/lnInclude/volFields.H:37,
                 from /opt/openfoam5/src/finiteVolume/lnInclude/surfaceInterpolationScheme.C:27,
                 from /opt/openfoam5/src/finiteVolume/lnInclude/surfaceInterpolationScheme.H:307,
                 from /opt/openfoam5/src/finiteVolume/lnInclude/surfaceInterpolate.H:41,
                 from /opt/openfoam5/src/finiteVolume/lnInclude/fvc.H:39,
                 from /opt/openfoam5/src/finiteVolume/lnInclude/fvCFD.H:8,
                 from pamFoam.C:36:
/opt/openfoam5/src/OpenFOAM/lnInclude/GeometricFieldFunctions.C:851:1: note: candidate: template<class Form, class Cmpt, unsigned char nCmpt, class Type, template<class> class PatchField, class GeoMesh> Foam::tmp<Foam::GeometricField<typename Foam::typeOfSum<Form, Type>::type, PatchField, GeoMesh> > Foam::operator+(const Foam::tmp<Foam::GeometricField<Type2, PatchField, GeoMesh> >&, const Foam::VectorSpace<Form, Cmpt, Ncmpts>&)
 operator op                                                                    \
 ^
/opt/openfoam5/src/OpenFOAM/lnInclude/GeometricFieldFunctions.C:971:1: note: in expansion of macro 'PRODUCT_OPERATOR'
 PRODUCT_OPERATOR(typeOfSum, +, add)
 ^
/opt/openfoam5/src/OpenFOAM/lnInclude/GeometricFieldFunctions.C:851:1: note:   template argument deduction/substitution failed:
 operator op                                                                    \
 ^
/opt/openfoam5/src/OpenFOAM/lnInclude/GeometricFieldFunctions.C:971:1: note: in expansion of macro 'PRODUCT_OPERATOR'
 PRODUCT_OPERATOR(typeOfSum, +, add)
 ^
In file included from pamFoam.C:140:0:
./processModels/XSEqn.H:9:7: note:   'const volScalarField {aka const Foam::GeometricField<double, Foam::fvPatchField, Foam::volMesh>}' is not derived from 'const Foam::tmp<Foam::GeometricField<Type2, PatchField, GeoMesh> >'
     + alphaLiquid*rhoDecay
       ^
In file included from /opt/openfoam5/src/OpenFOAM/lnInclude/GeometricField.C:1353:0,
                 from /opt/openfoam5/src/OpenFOAM/lnInclude/GeometricField.H:660,
                 from /opt/openfoam5/src/OpenFOAM/lnInclude/GeometricScalarField.H:38,
                 from /opt/openfoam5/src/OpenFOAM/lnInclude/GeometricFields.H:34,
                 from /opt/openfoam5/src/finiteVolume/lnInclude/volFields.H:37,
                 from /opt/openfoam5/src/finiteVolume/lnInclude/surfaceInterpolationScheme.C:27,
                 from /opt/openfoam5/src/finiteVolume/lnInclude/surfaceInterpolationScheme.H:307,
                 from /opt/openfoam5/src/finiteVolume/lnInclude/surfaceInterpolate.H:41,
                 from /opt/openfoam5/src/finiteVolume/lnInclude/fvc.H:39,
                 from /opt/openfoam5/src/finiteVolume/lnInclude/fvCFD.H:8,
                 from pamFoam.C:36:
/opt/openfoam5/src/OpenFOAM/lnInclude/GeometricFieldFunctions.C:878:1: note: candidate: template<class Form, class Type, template<class> class PatchField, class GeoMesh> Foam::tmp<Foam::GeometricField<typename Foam::typeOfSum<Type1, Type2>::type, PatchField, GeoMesh> > Foam::operator+(const Foam::dimensioned<Type>&, const Foam::GeometricField<Type1, PatchField, GeoMesh>&)
 operator op                                                                    \
 ^
/opt/openfoam5/src/OpenFOAM/lnInclude/GeometricFieldFunctions.C:971:1: note: in expansion of macro 'PRODUCT_OPERATOR'
 PRODUCT_OPERATOR(typeOfSum, +, add)
 ^
/opt/openfoam5/src/OpenFOAM/lnInclude/GeometricFieldFunctions.C:878:1: note:   template argument deduction/substitution failed:
 operator op                                                                    \
 ^
/opt/openfoam5/src/OpenFOAM/lnInclude/GeometricFieldFunctions.C:971:1: note: in expansion of macro 'PRODUCT_OPERATOR'
 PRODUCT_OPERATOR(typeOfSum, +, add)
 ^
In file included from pamFoam.C:140:0:
./processModels/XSEqn.H:9:7: note:   'const volScalarField {aka const Foam::GeometricField<double, Foam::fvPatchField, Foam::volMesh>}' is not derived from 'const Foam::dimensioned<Type>'
     + alphaLiquid*rhoDecay
       ^
In file included from /opt/openfoam5/src/OpenFOAM/lnInclude/GeometricField.C:1353:0,
                 from /opt/openfoam5/src/OpenFOAM/lnInclude/GeometricField.H:660,
                 from /opt/openfoam5/src/OpenFOAM/lnInclude/GeometricScalarField.H:38,
                 from /opt/openfoam5/src/OpenFOAM/lnInclude/GeometricFields.H:34,
                 from /opt/openfoam5/src/finiteVolume/lnInclude/volFields.H:37,
                 from /opt/openfoam5/src/finiteVolume/lnInclude/surfaceInterpolationScheme.C:27,
                 from /opt/openfoam5/src/finiteVolume/lnInclude/surfaceInterpolationScheme.H:307,
                 from /opt/openfoam5/src/finiteVolume/lnInclude/surfaceInterpolate.H:41,
                 from /opt/openfoam5/src/finiteVolume/lnInclude/fvc.H:39,
                 from /opt/openfoam5/src/finiteVolume/lnInclude/fvCFD.H:8,
                 from pamFoam.C:36:
/opt/openfoam5/src/OpenFOAM/lnInclude/GeometricFieldFunctions.C:916:1: note: candidate: template<class Form, class Cmpt, unsigned char nCmpt, class Type, template<class> class PatchField, class GeoMesh> Foam::tmp<Foam::GeometricField<typename Foam::typeOfSum<Form, Type>::type, PatchField, GeoMesh> > Foam::operator+(const Foam::VectorSpace<Form, Cmpt, Ncmpts>&, const Foam::GeometricField<Type2, PatchField, GeoMesh>&)
 operator op                                                                    \
 ^
/opt/openfoam5/src/OpenFOAM/lnInclude/GeometricFieldFunctions.C:971:1: note: in expansion of macro 'PRODUCT_OPERATOR'
 PRODUCT_OPERATOR(typeOfSum, +, add)
 ^
/opt/openfoam5/src/OpenFOAM/lnInclude/GeometricFieldFunctions.C:916:1: note:   template argument deduction/substitution failed:
 operator op                                                                    \
 ^
/opt/openfoam5/src/OpenFOAM/lnInclude/GeometricFieldFunctions.C:971:1: note: in expansion of macro 'PRODUCT_OPERATOR'
 PRODUCT_OPERATOR(typeOfSum, +, add)
 ^
In file included from pamFoam.C:140:0:
./processModels/XSEqn.H:9:7: note:   'const volScalarField {aka const Foam::GeometricField<double, Foam::fvPatchField, Foam::volMesh>}' is not derived from 'const Foam::VectorSpace<Form, Cmpt, Ncmpts>'
     + alphaLiquid*rhoDecay
       ^
In file included from /opt/openfoam5/src/OpenFOAM/lnInclude/GeometricField.C:1353:0,
                 from /opt/openfoam5/src/OpenFOAM/lnInclude/GeometricField.H:660,
                 from /opt/openfoam5/src/OpenFOAM/lnInclude/GeometricScalarField.H:38,
                 from /opt/openfoam5/src/OpenFOAM/lnInclude/GeometricFields.H:34,
                 from /opt/openfoam5/src/finiteVolume/lnInclude/volFields.H:37,
                 from /opt/openfoam5/src/finiteVolume/lnInclude/surfaceInterpolationScheme.C:27,
                 from /opt/openfoam5/src/finiteVolume/lnInclude/surfaceInterpolationScheme.H:307,
                 from /opt/openfoam5/src/finiteVolume/lnInclude/surfaceInterpolate.H:41,
                 from /opt/openfoam5/src/finiteVolume/lnInclude/fvc.H:39,
                 from /opt/openfoam5/src/finiteVolume/lnInclude/fvCFD.H:8,
                 from pamFoam.C:36:
/opt/openfoam5/src/OpenFOAM/lnInclude/GeometricFieldFunctions.C:928:1: note: candidate: template<class Form, class Type, template<class> class PatchField, class GeoMesh> Foam::tmp<Foam::GeometricField<typename Foam::typeOfSum<Type1, Type2>::type, PatchField, GeoMesh> > Foam::operator+(const Foam::dimensioned<Type>&, const Foam::tmp<Foam::GeometricField<Type1, PatchField, GeoMesh> >&)
 operator op                                                                    \
 ^
/opt/openfoam5/src/OpenFOAM/lnInclude/GeometricFieldFunctions.C:971:1: note: in expansion of macro 'PRODUCT_OPERATOR'
 PRODUCT_OPERATOR(typeOfSum, +, add)
 ^
/opt/openfoam5/src/OpenFOAM/lnInclude/GeometricFieldFunctions.C:928:1: note:   template argument deduction/substitution failed:
 operator op                                                                    \
 ^
/opt/openfoam5/src/OpenFOAM/lnInclude/GeometricFieldFunctions.C:971:1: note: in expansion of macro 'PRODUCT_OPERATOR'
 PRODUCT_OPERATOR(typeOfSum, +, add)
 ^
In file included from pamFoam.C:140:0:
./processModels/XSEqn.H:9:7: note:   'const volScalarField {aka const Foam::GeometricField<double, Foam::fvPatchField, Foam::volMesh>}' is not derived from 'const Foam::dimensioned<Type>'
     + alphaLiquid*rhoDecay
       ^
In file included from /opt/openfoam5/src/OpenFOAM/lnInclude/GeometricField.C:1353:0,
                 from /opt/openfoam5/src/OpenFOAM/lnInclude/GeometricField.H:660,
                 from /opt/openfoam5/src/OpenFOAM/lnInclude/GeometricScalarField.H:38,
                 from /opt/openfoam5/src/OpenFOAM/lnInclude/GeometricFields.H:34,
                 from /opt/openfoam5/src/finiteVolume/lnInclude/volFields.H:37,
                 from /opt/openfoam5/src/finiteVolume/lnInclude/surfaceInterpolationScheme.C:27,
                 from /opt/openfoam5/src/finiteVolume/lnInclude/surfaceInterpolationScheme.H:307,
                 from /opt/openfoam5/src/finiteVolume/lnInclude/surfaceInterpolate.H:41,
                 from /opt/openfoam5/src/finiteVolume/lnInclude/fvc.H:39,
                 from /opt/openfoam5/src/finiteVolume/lnInclude/fvCFD.H:8,
                 from pamFoam.C:36:
/opt/openfoam5/src/OpenFOAM/lnInclude/GeometricFieldFunctions.C:962:1: note: candidate: template<class Form, class Cmpt, unsigned char nCmpt, class Type, template<class> class PatchField, class GeoMesh> Foam::tmp<Foam::GeometricField<typename Foam::typeOfSum<Form, Type>::type, PatchField, GeoMesh> > Foam::operator+(const Foam::VectorSpace<Form, Cmpt, Ncmpts>&, const Foam::tmp<Foam::GeometricField<Type2, PatchField, GeoMesh> >&)
 operator op                                                                    \
 ^
/opt/openfoam5/src/OpenFOAM/lnInclude/GeometricFieldFunctions.C:971:1: note: in expansion of macro 'PRODUCT_OPERATOR'
 PRODUCT_OPERATOR(typeOfSum, +, add)
 ^
/opt/openfoam5/src/OpenFOAM/lnInclude/GeometricFieldFunctions.C:962:1: note:   template argument deduction/substitution failed:
 operator op                                                                    \
 ^
/opt/openfoam5/src/OpenFOAM/lnInclude/GeometricFieldFunctions.C:971:1: note: in expansion of macro 'PRODUCT_OPERATOR'
 PRODUCT_OPERATOR(typeOfSum, +, add)
 ^
In file included from pamFoam.C:140:0:
./processModels/XSEqn.H:9:7: note:   'const volScalarField {aka const Foam::GeometricField<double, Foam::fvPatchField, Foam::volMesh>}' is not derived from 'const Foam::VectorSpace<Form, Cmpt, Ncmpts>'
     + alphaLiquid*rhoDecay
       ^
In file included from /opt/openfoam5/src/OpenFOAM/lnInclude/GeometricScalarField.C:29:0,
                 from /opt/openfoam5/src/OpenFOAM/lnInclude/GeometricScalarField.H:173,
                 from /opt/openfoam5/src/OpenFOAM/lnInclude/GeometricFields.H:34,
                 from /opt/openfoam5/src/finiteVolume/lnInclude/volFields.H:37,
                 from /opt/openfoam5/src/finiteVolume/lnInclude/surfaceInterpolationScheme.C:27,
                 from /opt/openfoam5/src/finiteVolume/lnInclude/surfaceInterpolationScheme.H:307,
                 from /opt/openfoam5/src/finiteVolume/lnInclude/surfaceInterpolate.H:41,
                 from /opt/openfoam5/src/finiteVolume/lnInclude/fvc.H:39,
                 from /opt/openfoam5/src/finiteVolume/lnInclude/fvCFD.H:8,
                 from pamFoam.C:36:
/opt/openfoam5/src/OpenFOAM/lnInclude/GeometricFieldFunctionsM.C:645:54: note: candidate: template<template<class> class PatchField, class GeoMesh> Foam::tmp<Foam::GeometricField<double, PatchField, GeoMesh> > Foam::operator+(const Foam::dimensioned<double>&, const Foam::GeometricField<double, PatchField, GeoMesh>&)
 tmp<GeometricField<ReturnType, PatchField, GeoMesh>> operator Op               \
                                                      ^
/opt/openfoam5/src/OpenFOAM/lnInclude/GeometricFieldFunctionsM.C:813:5: note: in expansion of macro 'BINARY_TYPE_OPERATOR_SF'
     BINARY_TYPE_OPERATOR_SF(ReturnType, Type1, Type2, Op, OpName, OpFunc)      \
     ^
/opt/openfoam5/src/OpenFOAM/lnInclude/GeometricScalarField.C:110:1: note: in expansion of macro 'BINARY_TYPE_OPERATOR'
 BINARY_TYPE_OPERATOR(scalar, scalar, scalar, +, '+', add)
 ^
/opt/openfoam5/src/OpenFOAM/lnInclude/GeometricFieldFunctionsM.C:645:54: note:   template argument deduction/substitution failed:
 tmp<GeometricField<ReturnType, PatchField, GeoMesh>> operator Op               \
                                                      ^
/opt/openfoam5/src/OpenFOAM/lnInclude/GeometricFieldFunctionsM.C:813:5: note: in expansion of macro 'BINARY_TYPE_OPERATOR_SF'
     BINARY_TYPE_OPERATOR_SF(ReturnType, Type1, Type2, Op, OpName, OpFunc)      \
     ^
/opt/openfoam5/src/OpenFOAM/lnInclude/GeometricScalarField.C:110:1: note: in expansion of macro 'BINARY_TYPE_OPERATOR'
 BINARY_TYPE_OPERATOR(scalar, scalar, scalar, +, '+', add)
 ^
In file included from pamFoam.C:140:0:
./processModels/XSEqn.H:9:7: note:   cannot convert 'alphaLiquid' (type 'const volScalarField {aka const Foam::GeometricField<double, Foam::fvPatchField, Foam::volMesh>}') to type 'const Foam::dimensioned<double>&'
     + alphaLiquid*rhoDecay
       ^
In file included from /opt/openfoam5/src/OpenFOAM/lnInclude/GeometricScalarField.C:29:0,
                 from /opt/openfoam5/src/OpenFOAM/lnInclude/GeometricScalarField.H:173,
                 from /opt/openfoam5/src/OpenFOAM/lnInclude/GeometricFields.H:34,
                 from /opt/openfoam5/src/finiteVolume/lnInclude/volFields.H:37,
                 from /opt/openfoam5/src/finiteVolume/lnInclude/surfaceInterpolationScheme.C:27,
                 from /opt/openfoam5/src/finiteVolume/lnInclude/surfaceInterpolationScheme.H:307,
                 from /opt/openfoam5/src/finiteVolume/lnInclude/surfaceInterpolate.H:41,
                 from /opt/openfoam5/src/finiteVolume/lnInclude/fvc.H:39,
                 from /opt/openfoam5/src/finiteVolume/lnInclude/fvCFD.H:8,
                 from pamFoam.C:36:
/opt/openfoam5/src/OpenFOAM/lnInclude/GeometricFieldFunctionsM.C:674:54: note: candidate: template<template<class> class PatchField, class GeoMesh> Foam::tmp<Foam::GeometricField<double, PatchField, GeoMesh> > Foam::operator+(const scalar&, const Foam::GeometricField<double, PatchField, GeoMesh>&)
 tmp<GeometricField<ReturnType, PatchField, GeoMesh>> operator Op               \
                                                      ^
/opt/openfoam5/src/OpenFOAM/lnInclude/GeometricFieldFunctionsM.C:813:5: note: in expansion of macro 'BINARY_TYPE_OPERATOR_SF'
     BINARY_TYPE_OPERATOR_SF(ReturnType, Type1, Type2, Op, OpName, OpFunc)      \
     ^
/opt/openfoam5/src/OpenFOAM/lnInclude/GeometricScalarField.C:110:1: note: in expansion of macro 'BINARY_TYPE_OPERATOR'
 BINARY_TYPE_OPERATOR(scalar, scalar, scalar, +, '+', add)
 ^
/opt/openfoam5/src/OpenFOAM/lnInclude/GeometricFieldFunctionsM.C:674:54: note:   template argument deduction/substitution failed:
 tmp<GeometricField<ReturnType, PatchField, GeoMesh>> operator Op               \
                                                      ^
/opt/openfoam5/src/OpenFOAM/lnInclude/GeometricFieldFunctionsM.C:813:5: note: in expansion of macro 'BINARY_TYPE_OPERATOR_SF'
     BINARY_TYPE_OPERATOR_SF(ReturnType, Type1, Type2, Op, OpName, OpFunc)      \
     ^
/opt/openfoam5/src/OpenFOAM/lnInclude/GeometricScalarField.C:110:1: note: in expansion of macro 'BINARY_TYPE_OPERATOR'
 BINARY_TYPE_OPERATOR(scalar, scalar, scalar, +, '+', add)
 ^
In file included from pamFoam.C:140:0:
./processModels/XSEqn.H:9:7: note:   cannot convert 'alphaLiquid' (type 'const volScalarField {aka const Foam::GeometricField<double, Foam::fvPatchField, Foam::volMesh>}') to type 'const scalar& {aka const double&}'
     + alphaLiquid*rhoDecay
       ^
In file included from /opt/openfoam5/src/OpenFOAM/lnInclude/GeometricScalarField.C:29:0,
                 from /opt/openfoam5/src/OpenFOAM/lnInclude/GeometricScalarField.H:173,
                 from /opt/openfoam5/src/OpenFOAM/lnInclude/GeometricFields.H:34,
                 from /opt/openfoam5/src/finiteVolume/lnInclude/volFields.H:37,
                 from /opt/openfoam5/src/finiteVolume/lnInclude/surfaceInterpolationScheme.C:27,
                 from /opt/openfoam5/src/finiteVolume/lnInclude/surfaceInterpolationScheme.H:307,
                 from /opt/openfoam5/src/finiteVolume/lnInclude/surfaceInterpolate.H:41,
                 from /opt/openfoam5/src/finiteVolume/lnInclude/fvc.H:39,
                 from /opt/openfoam5/src/finiteVolume/lnInclude/fvCFD.H:8,
                 from pamFoam.C:36:
/opt/openfoam5/src/OpenFOAM/lnInclude/GeometricFieldFunctionsM.C:685:54: note: candidate: template<template<class> class PatchField, class GeoMesh> Foam::tmp<Foam::GeometricField<double, PatchField, GeoMesh> > Foam::operator+(const Foam::dimensioned<double>&, const Foam::tmp<Foam::GeometricField<double, PatchField, GeoMesh> >&)
 tmp<GeometricField<ReturnType, PatchField, GeoMesh>> operator Op               \
                                                      ^
/opt/openfoam5/src/OpenFOAM/lnInclude/GeometricFieldFunctionsM.C:813:5: note: in expansion of macro 'BINARY_TYPE_OPERATOR_SF'
     BINARY_TYPE_OPERATOR_SF(ReturnType, Type1, Type2, Op, OpName, OpFunc)      \
     ^
/opt/openfoam5/src/OpenFOAM/lnInclude/GeometricScalarField.C:110:1: note: in expansion of macro 'BINARY_TYPE_OPERATOR'
 BINARY_TYPE_OPERATOR(scalar, scalar, scalar, +, '+', add)
 ^
/opt/openfoam5/src/OpenFOAM/lnInclude/GeometricFieldFunctionsM.C:685:54: note:   template argument deduction/substitution failed:
 tmp<GeometricField<ReturnType, PatchField, GeoMesh>> operator Op               \
                                                      ^
/opt/openfoam5/src/OpenFOAM/lnInclude/GeometricFieldFunctionsM.C:813:5: note: in expansion of macro 'BINARY_TYPE_OPERATOR_SF'
     BINARY_TYPE_OPERATOR_SF(ReturnType, Type1, Type2, Op, OpName, OpFunc)      \
     ^
/opt/openfoam5/src/OpenFOAM/lnInclude/GeometricScalarField.C:110:1: note: in expansion of macro 'BINARY_TYPE_OPERATOR'
 BINARY_TYPE_OPERATOR(scalar, scalar, scalar, +, '+', add)
 ^
In file included from pamFoam.C:140:0:
./processModels/XSEqn.H:9:7: note:   cannot convert 'alphaLiquid' (type 'const volScalarField {aka const Foam::GeometricField<double, Foam::fvPatchField, Foam::volMesh>}') to type 'const Foam::dimensioned<double>&'
     + alphaLiquid*rhoDecay
       ^
In file included from /opt/openfoam5/src/OpenFOAM/lnInclude/GeometricScalarField.C:29:0,
                 from /opt/openfoam5/src/OpenFOAM/lnInclude/GeometricScalarField.H:173,
                 from /opt/openfoam5/src/OpenFOAM/lnInclude/GeometricFields.H:34,
                 from /opt/openfoam5/src/finiteVolume/lnInclude/volFields.H:37,
                 from /opt/openfoam5/src/finiteVolume/lnInclude/surfaceInterpolationScheme.C:27,
                 from /opt/openfoam5/src/finiteVolume/lnInclude/surfaceInterpolationScheme.H:307,
                 from /opt/openfoam5/src/finiteVolume/lnInclude/surfaceInterpolate.H:41,
                 from /opt/openfoam5/src/finiteVolume/lnInclude/fvc.H:39,
                 from /opt/openfoam5/src/finiteVolume/lnInclude/fvCFD.H:8,
                 from pamFoam.C:36:
/opt/openfoam5/src/OpenFOAM/lnInclude/GeometricFieldFunctionsM.C:711:54: note: candidate: template<template<class> class PatchField, class GeoMesh> Foam::tmp<Foam::GeometricField<double, PatchField, GeoMesh> > Foam::operator+(const scalar&, const Foam::tmp<Foam::GeometricField<double, PatchField, GeoMesh> >&)
 tmp<GeometricField<ReturnType, PatchField, GeoMesh>> operator Op               \
                                                      ^
/opt/openfoam5/src/OpenFOAM/lnInclude/GeometricFieldFunctionsM.C:813:5: note: in expansion of macro 'BINARY_TYPE_OPERATOR_SF'
     BINARY_TYPE_OPERATOR_SF(ReturnType, Type1, Type2, Op, OpName, OpFunc)      \
     ^
/opt/openfoam5/src/OpenFOAM/lnInclude/GeometricScalarField.C:110:1: note: in expansion of macro 'BINARY_TYPE_OPERATOR'
 BINARY_TYPE_OPERATOR(scalar, scalar, scalar, +, '+', add)
 ^
/opt/openfoam5/src/OpenFOAM/lnInclude/GeometricFieldFunctionsM.C:711:54: note:   template argument deduction/substitution failed:
 tmp<GeometricField<ReturnType, PatchField, GeoMesh>> operator Op               \
                                                      ^
/opt/openfoam5/src/OpenFOAM/lnInclude/GeometricFieldFunctionsM.C:813:5: note: in expansion of macro 'BINARY_TYPE_OPERATOR_SF'
     BINARY_TYPE_OPERATOR_SF(ReturnType, Type1, Type2, Op, OpName, OpFunc)      \
     ^
/opt/openfoam5/src/OpenFOAM/lnInclude/GeometricScalarField.C:110:1: note: in expansion of macro 'BINARY_TYPE_OPERATOR'
 BINARY_TYPE_OPERATOR(scalar, scalar, scalar, +, '+', add)
 ^
In file included from pamFoam.C:140:0:
./processModels/XSEqn.H:9:7: note:   cannot convert 'alphaLiquid' (type 'const volScalarField {aka const Foam::GeometricField<double, Foam::fvPatchField, Foam::volMesh>}') to type 'const scalar& {aka const double&}'
     + alphaLiquid*rhoDecay
       ^
In file included from /opt/openfoam5/src/OpenFOAM/lnInclude/GeometricScalarField.C:29:0,
                 from /opt/openfoam5/src/OpenFOAM/lnInclude/GeometricScalarField.H:173,
                 from /opt/openfoam5/src/OpenFOAM/lnInclude/GeometricFields.H:34,
                 from /opt/openfoam5/src/finiteVolume/lnInclude/volFields.H:37,
                 from /opt/openfoam5/src/finiteVolume/lnInclude/surfaceInterpolationScheme.C:27,
                 from /opt/openfoam5/src/finiteVolume/lnInclude/surfaceInterpolationScheme.H:307,
                 from /opt/openfoam5/src/finiteVolume/lnInclude/surfaceInterpolate.H:41,
                 from /opt/openfoam5/src/finiteVolume/lnInclude/fvc.H:39,
                 from /opt/openfoam5/src/finiteVolume/lnInclude/fvCFD.H:8,
                 from pamFoam.C:36:
/opt/openfoam5/src/OpenFOAM/lnInclude/GeometricFieldFunctionsM.C:736:54: note: candidate: template<template<class> class PatchField, class GeoMesh> Foam::tmp<Foam::GeometricField<double, PatchField, GeoMesh> > Foam::operator+(const Foam::GeometricField<double, PatchField, GeoMesh>&, const Foam::dimensioned<double>&)
 tmp<GeometricField<ReturnType, PatchField, GeoMesh>> operator Op               \
                                                      ^
/opt/openfoam5/src/OpenFOAM/lnInclude/GeometricFieldFunctionsM.C:814:5: note: in expansion of macro 'BINARY_TYPE_OPERATOR_FS'
     BINARY_TYPE_OPERATOR_FS(ReturnType, Type1, Type2, Op, OpName, OpFunc)
     ^
/opt/openfoam5/src/OpenFOAM/lnInclude/GeometricScalarField.C:110:1: note: in expansion of macro 'BINARY_TYPE_OPERATOR'
 BINARY_TYPE_OPERATOR(scalar, scalar, scalar, +, '+', add)
 ^
/opt/openfoam5/src/OpenFOAM/lnInclude/GeometricFieldFunctionsM.C:736:54: note:   template argument deduction/substitution failed:
 tmp<GeometricField<ReturnType, PatchField, GeoMesh>> operator Op               \
                                                      ^
/opt/openfoam5/src/OpenFOAM/lnInclude/GeometricFieldFunctionsM.C:814:5: note: in expansion of macro 'BINARY_TYPE_OPERATOR_FS'
     BINARY_TYPE_OPERATOR_FS(ReturnType, Type1, Type2, Op, OpName, OpFunc)
     ^
/opt/openfoam5/src/OpenFOAM/lnInclude/GeometricScalarField.C:110:1: note: in expansion of macro 'BINARY_TYPE_OPERATOR'
 BINARY_TYPE_OPERATOR(scalar, scalar, scalar, +, '+', add)
 ^
In file included from pamFoam.C:140:0:
./processModels/XSEqn.H:9:7: note:   candidate expects 2 arguments, 1 provided
     + alphaLiquid*rhoDecay
       ^
In file included from /opt/openfoam5/src/OpenFOAM/lnInclude/GeometricScalarField.C:29:0,
                 from /opt/openfoam5/src/OpenFOAM/lnInclude/GeometricScalarField.H:173,
                 from /opt/openfoam5/src/OpenFOAM/lnInclude/GeometricFields.H:34,
                 from /opt/openfoam5/src/finiteVolume/lnInclude/volFields.H:37,
                 from /opt/openfoam5/src/finiteVolume/lnInclude/surfaceInterpolationScheme.C:27,
                 from /opt/openfoam5/src/finiteVolume/lnInclude/surfaceInterpolationScheme.H:307,
                 from /opt/openfoam5/src/finiteVolume/lnInclude/surfaceInterpolate.H:41,
                 from /opt/openfoam5/src/finiteVolume/lnInclude/fvc.H:39,
                 from /opt/openfoam5/src/finiteVolume/lnInclude/fvCFD.H:8,
                 from pamFoam.C:36:
/opt/openfoam5/src/OpenFOAM/lnInclude/GeometricFieldFunctionsM.C:765:54: note: candidate: template<template<class> class PatchField, class GeoMesh> Foam::tmp<Foam::GeometricField<double, PatchField, GeoMesh> > Foam::operator+(const Foam::GeometricField<double, PatchField, GeoMesh>&, const scalar&)
 tmp<GeometricField<ReturnType, PatchField, GeoMesh>> operator Op               \
                                                      ^
/opt/openfoam5/src/OpenFOAM/lnInclude/GeometricFieldFunctionsM.C:814:5: note: in expansion of macro 'BINARY_TYPE_OPERATOR_FS'
     BINARY_TYPE_OPERATOR_FS(ReturnType, Type1, Type2, Op, OpName, OpFunc)
     ^
/opt/openfoam5/src/OpenFOAM/lnInclude/GeometricScalarField.C:110:1: note: in expansion of macro 'BINARY_TYPE_OPERATOR'
 BINARY_TYPE_OPERATOR(scalar, scalar, scalar, +, '+', add)
 ^
/opt/openfoam5/src/OpenFOAM/lnInclude/GeometricFieldFunctionsM.C:765:54: note:   template argument deduction/substitution failed:
 tmp<GeometricField<ReturnType, PatchField, GeoMesh>> operator Op               \
                                                      ^
/opt/openfoam5/src/OpenFOAM/lnInclude/GeometricFieldFunctionsM.C:814:5: note: in expansion of macro 'BINARY_TYPE_OPERATOR_FS'
     BINARY_TYPE_OPERATOR_FS(ReturnType, Type1, Type2, Op, OpName, OpFunc)
     ^
/opt/openfoam5/src/OpenFOAM/lnInclude/GeometricScalarField.C:110:1: note: in expansion of macro 'BINARY_TYPE_OPERATOR'
 BINARY_TYPE_OPERATOR(scalar, scalar, scalar, +, '+', add)
 ^
In file included from pamFoam.C:140:0:
./processModels/XSEqn.H:9:7: note:   candidate expects 2 arguments, 1 provided
     + alphaLiquid*rhoDecay
       ^
In file included from /opt/openfoam5/src/OpenFOAM/lnInclude/GeometricScalarField.C:29:0,
                 from /opt/openfoam5/src/OpenFOAM/lnInclude/GeometricScalarField.H:173,
                 from /opt/openfoam5/src/OpenFOAM/lnInclude/GeometricFields.H:34,
                 from /opt/openfoam5/src/finiteVolume/lnInclude/volFields.H:37,
                 from /opt/openfoam5/src/finiteVolume/lnInclude/surfaceInterpolationScheme.C:27,
                 from /opt/openfoam5/src/finiteVolume/lnInclude/surfaceInterpolationScheme.H:307,
                 from /opt/openfoam5/src/finiteVolume/lnInclude/surfaceInterpolate.H:41,
                 from /opt/openfoam5/src/finiteVolume/lnInclude/fvc.H:39,
                 from /opt/openfoam5/src/finiteVolume/lnInclude/fvCFD.H:8,
                 from pamFoam.C:36:
/opt/openfoam5/src/OpenFOAM/lnInclude/GeometricFieldFunctionsM.C:776:54: note: candidate: template<template<class> class PatchField, class GeoMesh> Foam::tmp<Foam::GeometricField<double, PatchField, GeoMesh> > Foam::operator+(const Foam::tmp<Foam::GeometricField<double, PatchField, GeoMesh> >&, const Foam::dimensioned<double>&)
 tmp<GeometricField<ReturnType, PatchField, GeoMesh>> operator Op               \
                                                      ^
/opt/openfoam5/src/OpenFOAM/lnInclude/GeometricFieldFunctionsM.C:814:5: note: in expansion of macro 'BINARY_TYPE_OPERATOR_FS'
     BINARY_TYPE_OPERATOR_FS(ReturnType, Type1, Type2, Op, OpName, OpFunc)
     ^
/opt/openfoam5/src/OpenFOAM/lnInclude/GeometricScalarField.C:110:1: note: in expansion of macro 'BINARY_TYPE_OPERATOR'
 BINARY_TYPE_OPERATOR(scalar, scalar, scalar, +, '+', add)
 ^
/opt/openfoam5/src/OpenFOAM/lnInclude/GeometricFieldFunctionsM.C:776:54: note:   template argument deduction/substitution failed:
 tmp<GeometricField<ReturnType, PatchField, GeoMesh>> operator Op               \
                                                      ^
/opt/openfoam5/src/OpenFOAM/lnInclude/GeometricFieldFunctionsM.C:814:5: note: in expansion of macro 'BINARY_TYPE_OPERATOR_FS'
     BINARY_TYPE_OPERATOR_FS(ReturnType, Type1, Type2, Op, OpName, OpFunc)
     ^
/opt/openfoam5/src/OpenFOAM/lnInclude/GeometricScalarField.C:110:1: note: in expansion of macro 'BINARY_TYPE_OPERATOR'
 BINARY_TYPE_OPERATOR(scalar, scalar, scalar, +, '+', add)
 ^
In file included from pamFoam.C:140:0:
./processModels/XSEqn.H:9:7: note:   'const volScalarField {aka const Foam::GeometricField<double, Foam::fvPatchField, Foam::volMesh>}' is not derived from 'const Foam::tmp<Foam::GeometricField<double, PatchField, GeoMesh> >'
     + alphaLiquid*rhoDecay
       ^
In file included from /opt/openfoam5/src/OpenFOAM/lnInclude/GeometricScalarField.C:29:0,
                 from /opt/openfoam5/src/OpenFOAM/lnInclude/GeometricScalarField.H:173,
                 from /opt/openfoam5/src/OpenFOAM/lnInclude/GeometricFields.H:34,
                 from /opt/openfoam5/src/finiteVolume/lnInclude/volFields.H:37,
                 from /opt/openfoam5/src/finiteVolume/lnInclude/surfaceInterpolationScheme.C:27,
                 from /opt/openfoam5/src/finiteVolume/lnInclude/surfaceInterpolationScheme.H:307,
                 from /opt/openfoam5/src/finiteVolume/lnInclude/surfaceInterpolate.H:41,
                 from /opt/openfoam5/src/finiteVolume/lnInclude/fvc.H:39,
                 from /opt/openfoam5/src/finiteVolume/lnInclude/fvCFD.H:8,
                 from pamFoam.C:36:
/opt/openfoam5/src/OpenFOAM/lnInclude/GeometricFieldFunctionsM.C:802:54: note: candidate: template<template<class> class PatchField, class GeoMesh> Foam::tmp<Foam::GeometricField<double, PatchField, GeoMesh> > Foam::operator+(const Foam::tmp<Foam::GeometricField<double, PatchField, GeoMesh> >&, const scalar&)
 tmp<GeometricField<ReturnType, PatchField, GeoMesh>> operator Op               \
                                                      ^
/opt/openfoam5/src/OpenFOAM/lnInclude/GeometricFieldFunctionsM.C:814:5: note: in expansion of macro 'BINARY_TYPE_OPERATOR_FS'
     BINARY_TYPE_OPERATOR_FS(ReturnType, Type1, Type2, Op, OpName, OpFunc)
     ^
/opt/openfoam5/src/OpenFOAM/lnInclude/GeometricScalarField.C:110:1: note: in expansion of macro 'BINARY_TYPE_OPERATOR'
 BINARY_TYPE_OPERATOR(scalar, scalar, scalar, +, '+', add)
 ^
/opt/openfoam5/src/OpenFOAM/lnInclude/GeometricFieldFunctionsM.C:802:54: note:   template argument deduction/substitution failed:
 tmp<GeometricField<ReturnType, PatchField, GeoMesh>> operator Op               \
                                                      ^
/opt/openfoam5/src/OpenFOAM/lnInclude/GeometricFieldFunctionsM.C:814:5: note: in expansion of macro 'BINARY_TYPE_OPERATOR_FS'
     BINARY_TYPE_OPERATOR_FS(ReturnType, Type1, Type2, Op, OpName, OpFunc)
     ^
/opt/openfoam5/src/OpenFOAM/lnInclude/GeometricScalarField.C:110:1: note: in expansion of macro 'BINARY_TYPE_OPERATOR'
 BINARY_TYPE_OPERATOR(scalar, scalar, scalar, +, '+', add)
 ^
In file included from pamFoam.C:140:0:
./processModels/XSEqn.H:9:7: note:   'const volScalarField {aka const Foam::GeometricField<double, Foam::fvPatchField, Foam::volMesh>}' is not derived from 'const Foam::tmp<Foam::GeometricField<double, PatchField, GeoMesh> >'
     + alphaLiquid*rhoDecay
       ^
In file included from /opt/openfoam5/src/OpenFOAM/lnInclude/zeroField.H:82:0,
                 from /opt/openfoam5/src/OpenFOAM/lnInclude/zeroFieldField.H:40,
                 from /opt/openfoam5/src/OpenFOAM/lnInclude/geometricZeroField.H:40,
                 from /opt/openfoam5/src/finiteVolume/lnInclude/fvcDdt.H:43,
                 from /opt/openfoam5/src/finiteVolume/lnInclude/fvc.H:44,
                 from /opt/openfoam5/src/finiteVolume/lnInclude/fvCFD.H:8,
                 from pamFoam.C:36:
/opt/openfoam5/src/OpenFOAM/lnInclude/zeroFieldI.H:61:24: note: candidate: const Foam::zeroField Foam::operator+(const Foam::zeroField&, const Foam::zeroField&)
 inline const zeroField operator+(const zeroField&, const zeroField&)
                        ^
/opt/openfoam5/src/OpenFOAM/lnInclude/zeroFieldI.H:61:24: note:   candidate expects 2 arguments, 1 provided
/opt/openfoam5/src/OpenFOAM/lnInclude/zeroFieldI.H:67:20: note: candidate: template<class Type> const Type& Foam::operator+(const Type&, const Foam::zeroField&)
 inline const Type& operator+(const Type& t, const zeroField&)
                    ^
/opt/openfoam5/src/OpenFOAM/lnInclude/zeroFieldI.H:67:20: note:   template argument deduction/substitution failed:
In file included from pamFoam.C:140:0:
./processModels/XSEqn.H:9:7: note:   candidate expects 2 arguments, 1 provided
     + alphaLiquid*rhoDecay
       ^
In file included from /opt/openfoam5/src/OpenFOAM/lnInclude/zeroField.H:82:0,
                 from /opt/openfoam5/src/OpenFOAM/lnInclude/zeroFieldField.H:40,
                 from /opt/openfoam5/src/OpenFOAM/lnInclude/geometricZeroField.H:40,
                 from /opt/openfoam5/src/finiteVolume/lnInclude/fvcDdt.H:43,
                 from /opt/openfoam5/src/finiteVolume/lnInclude/fvc.H:44,
                 from /opt/openfoam5/src/finiteVolume/lnInclude/fvCFD.H:8,
                 from pamFoam.C:36:
/opt/openfoam5/src/OpenFOAM/lnInclude/zeroFieldI.H:73:20: note: candidate: template<class Type> const Type& Foam::operator+(const Foam::zeroField&, const Type&)
 inline const Type& operator+(const zeroField&, const Type& t)
                    ^
/opt/openfoam5/src/OpenFOAM/lnInclude/zeroFieldI.H:73:20: note:   template argument deduction/substitution failed:
In file included from pamFoam.C:140:0:
./processModels/XSEqn.H:9:7: note:   cannot convert 'alphaLiquid' (type 'const volScalarField {aka const Foam::GeometricField<double, Foam::fvPatchField, Foam::volMesh>}') to type 'const Foam::zeroField&'
     + alphaLiquid*rhoDecay
       ^
In file included from /opt/openfoam5/src/finiteVolume/lnInclude/fvMatrix.H:1061:0,
                 from /opt/openfoam5/src/finiteVolume/lnInclude/ddtScheme.C:29,
                 from /opt/openfoam5/src/finiteVolume/lnInclude/ddtScheme.H:342,
                 from /opt/openfoam5/src/finiteVolume/lnInclude/fvcDdt.C:28,
                 from /opt/openfoam5/src/finiteVolume/lnInclude/fvcDdt.H:205,
                 from /opt/openfoam5/src/finiteVolume/lnInclude/fvc.H:44,
                 from /opt/openfoam5/src/finiteVolume/lnInclude/fvCFD.H:8,
                 from pamFoam.C:36:
/opt/openfoam5/src/finiteVolume/lnInclude/fvMatrix.C:1624:33: note: candidate: template<class Type> Foam::tmp<Foam::fvMatrix<Type> > Foam::operator+(const Foam::fvMatrix<Type>&, const Foam::fvMatrix<Type>&)
 Foam::tmp<Foam::fvMatrix<Type>> Foam::operator+
                                 ^
/opt/openfoam5/src/finiteVolume/lnInclude/fvMatrix.C:1624:33: note:   template argument deduction/substitution failed:
In file included from pamFoam.C:140:0:
./processModels/XSEqn.H:9:7: note:   'const volScalarField {aka const Foam::GeometricField<double, Foam::fvPatchField, Foam::volMesh>}' is not derived from 'const Foam::fvMatrix<Type>'
     + alphaLiquid*rhoDecay
       ^
In file included from /opt/openfoam5/src/finiteVolume/lnInclude/fvMatrix.H:1061:0,
                 from /opt/openfoam5/src/finiteVolume/lnInclude/ddtScheme.C:29,
                 from /opt/openfoam5/src/finiteVolume/lnInclude/ddtScheme.H:342,
                 from /opt/openfoam5/src/finiteVolume/lnInclude/fvcDdt.C:28,
                 from /opt/openfoam5/src/finiteVolume/lnInclude/fvcDdt.H:205,
                 from /opt/openfoam5/src/finiteVolume/lnInclude/fvc.H:44,
                 from /opt/openfoam5/src/finiteVolume/lnInclude/fvCFD.H:8,
                 from pamFoam.C:36:
/opt/openfoam5/src/finiteVolume/lnInclude/fvMatrix.C:1637:33: note: candidate: template<class Type> Foam::tmp<Foam::fvMatrix<Type> > Foam::operator+(const Foam::tmp<Foam::fvMatrix<Type> >&, const Foam::fvMatrix<Type>&)
 Foam::tmp<Foam::fvMatrix<Type>> Foam::operator+
                                 ^
/opt/openfoam5/src/finiteVolume/lnInclude/fvMatrix.C:1637:33: note:   template argument deduction/substitution failed:
In file included from pamFoam.C:140:0:
./processModels/XSEqn.H:9:7: note:   'const volScalarField {aka const Foam::GeometricField<double, Foam::fvPatchField, Foam::volMesh>}' is not derived from 'const Foam::tmp<Foam::fvMatrix<Type> >'
     + alphaLiquid*rhoDecay
       ^
In file included from /opt/openfoam5/src/finiteVolume/lnInclude/fvMatrix.H:1061:0,
                 from /opt/openfoam5/src/finiteVolume/lnInclude/ddtScheme.C:29,
                 from /opt/openfoam5/src/finiteVolume/lnInclude/ddtScheme.H:342,
                 from /opt/openfoam5/src/finiteVolume/lnInclude/fvcDdt.C:28,
                 from /opt/openfoam5/src/finiteVolume/lnInclude/fvcDdt.H:205,
                 from /opt/openfoam5/src/finiteVolume/lnInclude/fvc.H:44,
                 from /opt/openfoam5/src/finiteVolume/lnInclude/fvCFD.H:8,
                 from pamFoam.C:36:
/opt/openfoam5/src/finiteVolume/lnInclude/fvMatrix.C:1650:33: note: candidate: template<class Type> Foam::tmp<Foam::fvMatrix<Type> > Foam::operator+(const Foam::fvMatrix<Type>&, const Foam::tmp<Foam::fvMatrix<Type> >&)
 Foam::tmp<Foam::fvMatrix<Type>> Foam::operator+
                                 ^
/opt/openfoam5/src/finiteVolume/lnInclude/fvMatrix.C:1650:33: note:   template argument deduction/substitution failed:
In file included from pamFoam.C:140:0:
./processModels/XSEqn.H:9:7: note:   'const volScalarField {aka const Foam::GeometricField<double, Foam::fvPatchField, Foam::volMesh>}' is not derived from 'const Foam::fvMatrix<Type>'
     + alphaLiquid*rhoDecay
       ^
In file included from /opt/openfoam5/src/finiteVolume/lnInclude/fvMatrix.H:1061:0,
                 from /opt/openfoam5/src/finiteVolume/lnInclude/ddtScheme.C:29,
                 from /opt/openfoam5/src/finiteVolume/lnInclude/ddtScheme.H:342,
                 from /opt/openfoam5/src/finiteVolume/lnInclude/fvcDdt.C:28,
                 from /opt/openfoam5/src/finiteVolume/lnInclude/fvcDdt.H:205,
                 from /opt/openfoam5/src/finiteVolume/lnInclude/fvc.H:44,
                 from /opt/openfoam5/src/finiteVolume/lnInclude/fvCFD.H:8,
                 from pamFoam.C:36:
/opt/openfoam5/src/finiteVolume/lnInclude/fvMatrix.C:1663:33: note: candidate: template<class Type> Foam::tmp<Foam::fvMatrix<Type> > Foam::operator+(const Foam::tmp<Foam::fvMatrix<Type> >&, const Foam::tmp<Foam::fvMatrix<Type> >&)
 Foam::tmp<Foam::fvMatrix<Type>> Foam::operator+
                                 ^
/opt/openfoam5/src/finiteVolume/lnInclude/fvMatrix.C:1663:33: note:   template argument deduction/substitution failed:
In file included from pamFoam.C:140:0:
./processModels/XSEqn.H:9:7: note:   'const volScalarField {aka const Foam::GeometricField<double, Foam::fvPatchField, Foam::volMesh>}' is not derived from 'const Foam::tmp<Foam::fvMatrix<Type> >'
     + alphaLiquid*rhoDecay
       ^
In file included from /opt/openfoam5/src/finiteVolume/lnInclude/fvMatrix.H:1061:0,
                 from /opt/openfoam5/src/finiteVolume/lnInclude/ddtScheme.C:29,
                 from /opt/openfoam5/src/finiteVolume/lnInclude/ddtScheme.H:342,
                 from /opt/openfoam5/src/finiteVolume/lnInclude/fvcDdt.C:28,
                 from /opt/openfoam5/src/finiteVolume/lnInclude/fvcDdt.H:205,
                 from /opt/openfoam5/src/finiteVolume/lnInclude/fvc.H:44,
                 from /opt/openfoam5/src/finiteVolume/lnInclude/fvCFD.H:8,
                 from pamFoam.C:36:
/opt/openfoam5/src/finiteVolume/lnInclude/fvMatrix.C:1677:33: note: candidate: template<class Type> Foam::tmp<Foam::fvMatrix<Type> > Foam::operator+(const Foam::fvMatrix<Type>&, const Foam::DimensionedField<Type, Foam::volMesh>&)
 Foam::tmp<Foam::fvMatrix<Type>> Foam::operator+
                                 ^
/opt/openfoam5/src/finiteVolume/lnInclude/fvMatrix.C:1677:33: note:   template argument deduction/substitution failed:
In file included from pamFoam.C:140:0:
./processModels/XSEqn.H:9:7: note:   'const volScalarField {aka const Foam::GeometricField<double, Foam::fvPatchField, Foam::volMesh>}' is not derived from 'const Foam::fvMatrix<Type>'
     + alphaLiquid*rhoDecay
       ^
In file included from /opt/openfoam5/src/finiteVolume/lnInclude/fvMatrix.H:1061:0,
                 from /opt/openfoam5/src/finiteVolume/lnInclude/ddtScheme.C:29,
                 from /opt/openfoam5/src/finiteVolume/lnInclude/ddtScheme.H:342,
                 from /opt/openfoam5/src/finiteVolume/lnInclude/fvcDdt.C:28,
                 from /opt/openfoam5/src/finiteVolume/lnInclude/fvcDdt.H:205,
                 from /opt/openfoam5/src/finiteVolume/lnInclude/fvc.H:44,
                 from /opt/openfoam5/src/finiteVolume/lnInclude/fvCFD.H:8,
                 from pamFoam.C:36:
/opt/openfoam5/src/finiteVolume/lnInclude/fvMatrix.C:1690:33: note: candidate: template<class Type> Foam::tmp<Foam::fvMatrix<Type> > Foam::operator+(const Foam::fvMatrix<Type>&, const Foam::tmp<Foam::DimensionedField<Type, Foam::volMesh> >&)
 Foam::tmp<Foam::fvMatrix<Type>> Foam::operator+
                                 ^
/opt/openfoam5/src/finiteVolume/lnInclude/fvMatrix.C:1690:33: note:   template argument deduction/substitution failed:
In file included from pamFoam.C:140:0:
./processModels/XSEqn.H:9:7: note:   'const volScalarField {aka const Foam::GeometricField<double, Foam::fvPatchField, Foam::volMesh>}' is not derived from 'const Foam::fvMatrix<Type>'
     + alphaLiquid*rhoDecay
       ^
In file included from /opt/openfoam5/src/finiteVolume/lnInclude/fvMatrix.H:1061:0,
                 from /opt/openfoam5/src/finiteVolume/lnInclude/ddtScheme.C:29,
                 from /opt/openfoam5/src/finiteVolume/lnInclude/ddtScheme.H:342,
                 from /opt/openfoam5/src/finiteVolume/lnInclude/fvcDdt.C:28,
                 from /opt/openfoam5/src/finiteVolume/lnInclude/fvcDdt.H:205,
                 from /opt/openfoam5/src/finiteVolume/lnInclude/fvc.H:44,
                 from /opt/openfoam5/src/finiteVolume/lnInclude/fvCFD.H:8,
                 from pamFoam.C:36:
/opt/openfoam5/src/finiteVolume/lnInclude/fvMatrix.C:1704:33: note: candidate: template<class Type> Foam::tmp<Foam::fvMatrix<Type> > Foam::operator+(const Foam::fvMatrix<Type>&, const Foam::tmp<Foam::GeometricField<Type, Foam::fvPatchField, Foam::volMesh> >&)
 Foam::tmp<Foam::fvMatrix<Type>> Foam::operator+
                                 ^
/opt/openfoam5/src/finiteVolume/lnInclude/fvMatrix.C:1704:33: note:   template argument deduction/substitution failed:
In file included from pamFoam.C:140:0:
./processModels/XSEqn.H:9:7: note:   'const volScalarField {aka const Foam::GeometricField<double, Foam::fvPatchField, Foam::volMesh>}' is not derived from 'const Foam::fvMatrix<Type>'
     + alphaLiquid*rhoDecay
       ^
In file included from /opt/openfoam5/src/finiteVolume/lnInclude/fvMatrix.H:1061:0,
                 from /opt/openfoam5/src/finiteVolume/lnInclude/ddtScheme.C:29,
                 from /opt/openfoam5/src/finiteVolume/lnInclude/ddtScheme.H:342,
                 from /opt/openfoam5/src/finiteVolume/lnInclude/fvcDdt.C:28,
                 from /opt/openfoam5/src/finiteVolume/lnInclude/fvcDdt.H:205,
                 from /opt/openfoam5/src/finiteVolume/lnInclude/fvc.H:44,
                 from /opt/openfoam5/src/finiteVolume/lnInclude/fvCFD.H:8,
                 from pamFoam.C:36:
/opt/openfoam5/src/finiteVolume/lnInclude/fvMatrix.C:1718:33: note: candidate: template<class Type> Foam::tmp<Foam::fvMatrix<Type> > Foam::operator+(const Foam::tmp<Foam::fvMatrix<Type> >&, const Foam::DimensionedField<Type, Foam::volMesh>&)
 Foam::tmp<Foam::fvMatrix<Type>> Foam::operator+
                                 ^
/opt/openfoam5/src/finiteVolume/lnInclude/fvMatrix.C:1718:33: note:   template argument deduction/substitution failed:
In file included from pamFoam.C:140:0:
./processModels/XSEqn.H:9:7: note:   'const volScalarField {aka const Foam::GeometricField<double, Foam::fvPatchField, Foam::volMesh>}' is not derived from 'const Foam::tmp<Foam::fvMatrix<Type> >'
     + alphaLiquid*rhoDecay
       ^
In file included from /opt/openfoam5/src/finiteVolume/lnInclude/fvMatrix.H:1061:0,
                 from /opt/openfoam5/src/finiteVolume/lnInclude/ddtScheme.C:29,
                 from /opt/openfoam5/src/finiteVolume/lnInclude/ddtScheme.H:342,
                 from /opt/openfoam5/src/finiteVolume/lnInclude/fvcDdt.C:28,
                 from /opt/openfoam5/src/finiteVolume/lnInclude/fvcDdt.H:205,
                 from /opt/openfoam5/src/finiteVolume/lnInclude/fvc.H:44,
                 from /opt/openfoam5/src/finiteVolume/lnInclude/fvCFD.H:8,
                 from pamFoam.C:36:
/opt/openfoam5/src/finiteVolume/lnInclude/fvMatrix.C:1731:33: note: candidate: template<class Type> Foam::tmp<Foam::fvMatrix<Type> > Foam::operator+(const Foam::tmp<Foam::fvMatrix<Type> >&, const Foam::tmp<Foam::DimensionedField<Type, Foam::volMesh> >&)
 Foam::tmp<Foam::fvMatrix<Type>> Foam::operator+
                                 ^
/opt/openfoam5/src/finiteVolume/lnInclude/fvMatrix.C:1731:33: note:   template argument deduction/substitution failed:
In file included from pamFoam.C:140:0:
./processModels/XSEqn.H:9:7: note:   'const volScalarField {aka const Foam::GeometricField<double, Foam::fvPatchField, Foam::volMesh>}' is not derived from 'const Foam::tmp<Foam::fvMatrix<Type> >'
     + alphaLiquid*rhoDecay
       ^
In file included from /opt/openfoam5/src/finiteVolume/lnInclude/fvMatrix.H:1061:0,
                 from /opt/openfoam5/src/finiteVolume/lnInclude/ddtScheme.C:29,
                 from /opt/openfoam5/src/finiteVolume/lnInclude/ddtScheme.H:342,
                 from /opt/openfoam5/src/finiteVolume/lnInclude/fvcDdt.C:28,
                 from /opt/openfoam5/src/finiteVolume/lnInclude/fvcDdt.H:205,
                 from /opt/openfoam5/src/finiteVolume/lnInclude/fvc.H:44,
                 from /opt/openfoam5/src/finiteVolume/lnInclude/fvCFD.H:8,
                 from pamFoam.C:36:
/opt/openfoam5/src/finiteVolume/lnInclude/fvMatrix.C:1745:33: note: candidate: template<class Type> Foam::tmp<Foam::fvMatrix<Type> > Foam::operator+(const Foam::tmp<Foam::fvMatrix<Type> >&, const Foam::tmp<Foam::GeometricField<Type, Foam::fvPatchField, Foam::volMesh> >&)
 Foam::tmp<Foam::fvMatrix<Type>> Foam::operator+
                                 ^
/opt/openfoam5/src/finiteVolume/lnInclude/fvMatrix.C:1745:33: note:   template argument deduction/substitution failed:
In file included from pamFoam.C:140:0:
./processModels/XSEqn.H:9:7: note:   'const volScalarField {aka const Foam::GeometricField<double, Foam::fvPatchField, Foam::volMesh>}' is not derived from 'const Foam::tmp<Foam::fvMatrix<Type> >'
     + alphaLiquid*rhoDecay
       ^
In file included from /opt/openfoam5/src/finiteVolume/lnInclude/fvMatrix.H:1061:0,
                 from /opt/openfoam5/src/finiteVolume/lnInclude/ddtScheme.C:29,
                 from /opt/openfoam5/src/finiteVolume/lnInclude/ddtScheme.H:342,
                 from /opt/openfoam5/src/finiteVolume/lnInclude/fvcDdt.C:28,
                 from /opt/openfoam5/src/finiteVolume/lnInclude/fvcDdt.H:205,
                 from /opt/openfoam5/src/finiteVolume/lnInclude/fvc.H:44,
                 from /opt/openfoam5/src/finiteVolume/lnInclude/fvCFD.H:8,
                 from pamFoam.C:36:
/opt/openfoam5/src/finiteVolume/lnInclude/fvMatrix.C:1759:33: note: candidate: template<class Type> Foam::tmp<Foam::fvMatrix<Type> > Foam::operator+(const Foam::DimensionedField<Type, Foam::volMesh>&, const Foam::fvMatrix<Type>&)
 Foam::tmp<Foam::fvMatrix<Type>> Foam::operator+
                                 ^
/opt/openfoam5/src/finiteVolume/lnInclude/fvMatrix.C:1759:33: note:   template argument deduction/substitution failed:
In file included from pamFoam.C:140:0:
./processModels/XSEqn.H:9:7: note:   candidate expects 2 arguments, 1 provided
     + alphaLiquid*rhoDecay
       ^
In file included from /opt/openfoam5/src/finiteVolume/lnInclude/fvMatrix.H:1061:0,
                 from /opt/openfoam5/src/finiteVolume/lnInclude/ddtScheme.C:29,
                 from /opt/openfoam5/src/finiteVolume/lnInclude/ddtScheme.H:342,
                 from /opt/openfoam5/src/finiteVolume/lnInclude/fvcDdt.C:28,
                 from /opt/openfoam5/src/finiteVolume/lnInclude/fvcDdt.H:205,
                 from /opt/openfoam5/src/finiteVolume/lnInclude/fvc.H:44,
                 from /opt/openfoam5/src/finiteVolume/lnInclude/fvCFD.H:8,
                 from pamFoam.C:36:
/opt/openfoam5/src/finiteVolume/lnInclude/fvMatrix.C:1772:33: note: candidate: template<class Type> Foam::tmp<Foam::fvMatrix<Type> > Foam::operator+(const Foam::tmp<Foam::DimensionedField<Type, Foam::volMesh> >&, const Foam::fvMatrix<Type>&)
 Foam::tmp<Foam::fvMatrix<Type>> Foam::operator+
                                 ^
/opt/openfoam5/src/finiteVolume/lnInclude/fvMatrix.C:1772:33: note:   template argument deduction/substitution failed:
In file included from pamFoam.C:140:0:
./processModels/XSEqn.H:9:7: note:   'const volScalarField {aka const Foam::GeometricField<double, Foam::fvPatchField, Foam::volMesh>}' is not derived from 'const Foam::tmp<Foam::DimensionedField<Type, Foam::volMesh> >'
     + alphaLiquid*rhoDecay
       ^
In file included from /opt/openfoam5/src/finiteVolume/lnInclude/fvMatrix.H:1061:0,
                 from /opt/openfoam5/src/finiteVolume/lnInclude/ddtScheme.C:29,
                 from /opt/openfoam5/src/finiteVolume/lnInclude/ddtScheme.H:342,
                 from /opt/openfoam5/src/finiteVolume/lnInclude/fvcDdt.C:28,
                 from /opt/openfoam5/src/finiteVolume/lnInclude/fvcDdt.H:205,
                 from /opt/openfoam5/src/finiteVolume/lnInclude/fvc.H:44,
                 from /opt/openfoam5/src/finiteVolume/lnInclude/fvCFD.H:8,
                 from pamFoam.C:36:
/opt/openfoam5/src/finiteVolume/lnInclude/fvMatrix.C:1786:33: note: candidate: template<class Type> Foam::tmp<Foam::fvMatrix<Type> > Foam::operator+(const Foam::tmp<Foam::GeometricField<Type, Foam::fvPatchField, Foam::volMesh> >&, const Foam::fvMatrix<Type>&)
 Foam::tmp<Foam::fvMatrix<Type>> Foam::operator+
                                 ^
/opt/openfoam5/src/finiteVolume/lnInclude/fvMatrix.C:1786:33: note:   template argument deduction/substitution failed:
In file included from pamFoam.C:140:0:
./processModels/XSEqn.H:9:7: note:   'const volScalarField {aka const Foam::GeometricField<double, Foam::fvPatchField, Foam::volMesh>}' is not derived from 'const Foam::tmp<Foam::GeometricField<Type, Foam::fvPatchField, Foam::volMesh> >'
     + alphaLiquid*rhoDecay
       ^
In file included from /opt/openfoam5/src/finiteVolume/lnInclude/fvMatrix.H:1061:0,
                 from /opt/openfoam5/src/finiteVolume/lnInclude/ddtScheme.C:29,
                 from /opt/openfoam5/src/finiteVolume/lnInclude/ddtScheme.H:342,
                 from /opt/openfoam5/src/finiteVolume/lnInclude/fvcDdt.C:28,
                 from /opt/openfoam5/src/finiteVolume/lnInclude/fvcDdt.H:205,
                 from /opt/openfoam5/src/finiteVolume/lnInclude/fvc.H:44,
                 from /opt/openfoam5/src/finiteVolume/lnInclude/fvCFD.H:8,
                 from pamFoam.C:36:
/opt/openfoam5/src/finiteVolume/lnInclude/fvMatrix.C:1800:33: note: candidate: template<class Type> Foam::tmp<Foam::fvMatrix<Type> > Foam::operator+(const Foam::DimensionedField<Type, Foam::volMesh>&, const Foam::tmp<Foam::fvMatrix<Type> >&)
 Foam::tmp<Foam::fvMatrix<Type>> Foam::operator+
                                 ^
/opt/openfoam5/src/finiteVolume/lnInclude/fvMatrix.C:1800:33: note:   template argument deduction/substitution failed:
In file included from pamFoam.C:140:0:
./processModels/XSEqn.H:9:7: note:   candidate expects 2 arguments, 1 provided
     + alphaLiquid*rhoDecay
       ^
In file included from /opt/openfoam5/src/finiteVolume/lnInclude/fvMatrix.H:1061:0,
                 from /opt/openfoam5/src/finiteVolume/lnInclude/ddtScheme.C:29,
                 from /opt/openfoam5/src/finiteVolume/lnInclude/ddtScheme.H:342,
                 from /opt/openfoam5/src/finiteVolume/lnInclude/fvcDdt.C:28,
                 from /opt/openfoam5/src/finiteVolume/lnInclude/fvcDdt.H:205,
                 from /opt/openfoam5/src/finiteVolume/lnInclude/fvc.H:44,
                 from /opt/openfoam5/src/finiteVolume/lnInclude/fvCFD.H:8,
                 from pamFoam.C:36:
/opt/openfoam5/src/finiteVolume/lnInclude/fvMatrix.C:1813:33: note: candidate: template<class Type> Foam::tmp<Foam::fvMatrix<Type> > Foam::operator+(const Foam::tmp<Foam::DimensionedField<Type, Foam::volMesh> >&, const Foam::tmp<Foam::fvMatrix<Type> >&)
 Foam::tmp<Foam::fvMatrix<Type>> Foam::operator+
                                 ^
/opt/openfoam5/src/finiteVolume/lnInclude/fvMatrix.C:1813:33: note:   template argument deduction/substitution failed:
In file included from pamFoam.C:140:0:
./processModels/XSEqn.H:9:7: note:   'const volScalarField {aka const Foam::GeometricField<double, Foam::fvPatchField, Foam::volMesh>}' is not derived from 'const Foam::tmp<Foam::DimensionedField<Type, Foam::volMesh> >'
     + alphaLiquid*rhoDecay
       ^
In file included from /opt/openfoam5/src/finiteVolume/lnInclude/fvMatrix.H:1061:0,
                 from /opt/openfoam5/src/finiteVolume/lnInclude/ddtScheme.C:29,
                 from /opt/openfoam5/src/finiteVolume/lnInclude/ddtScheme.H:342,
                 from /opt/openfoam5/src/finiteVolume/lnInclude/fvcDdt.C:28,
                 from /opt/openfoam5/src/finiteVolume/lnInclude/fvcDdt.H:205,
                 from /opt/openfoam5/src/finiteVolume/lnInclude/fvc.H:44,
                 from /opt/openfoam5/src/finiteVolume/lnInclude/fvCFD.H:8,
                 from pamFoam.C:36:
/opt/openfoam5/src/finiteVolume/lnInclude/fvMatrix.C:1827:33: note: candidate: template<class Type> Foam::tmp<Foam::fvMatrix<Type> > Foam::operator+(const Foam::tmp<Foam::GeometricField<Type, Foam::fvPatchField, Foam::volMesh> >&, const Foam::tmp<Foam::fvMatrix<Type> >&)
 Foam::tmp<Foam::fvMatrix<Type>> Foam::operator+
                                 ^
/opt/openfoam5/src/finiteVolume/lnInclude/fvMatrix.C:1827:33: note:   template argument deduction/substitution failed:
In file included from pamFoam.C:140:0:
./processModels/XSEqn.H:9:7: note:   'const volScalarField {aka const Foam::GeometricField<double, Foam::fvPatchField, Foam::volMesh>}' is not derived from 'const Foam::tmp<Foam::GeometricField<Type, Foam::fvPatchField, Foam::volMesh> >'
     + alphaLiquid*rhoDecay
       ^
In file included from /opt/openfoam5/src/finiteVolume/lnInclude/fvMatrix.H:1061:0,
                 from /opt/openfoam5/src/finiteVolume/lnInclude/ddtScheme.C:29,
                 from /opt/openfoam5/src/finiteVolume/lnInclude/ddtScheme.H:342,
                 from /opt/openfoam5/src/finiteVolume/lnInclude/fvcDdt.C:28,
                 from /opt/openfoam5/src/finiteVolume/lnInclude/fvcDdt.H:205,
                 from /opt/openfoam5/src/finiteVolume/lnInclude/fvc.H:44,
                 from /opt/openfoam5/src/finiteVolume/lnInclude/fvCFD.H:8,
                 from pamFoam.C:36:
/opt/openfoam5/src/finiteVolume/lnInclude/fvMatrix.C:2066:33: note: candidate: template<class Type> Foam::tmp<Foam::fvMatrix<Type> > Foam::operator+(const Foam::fvMatrix<Type>&, const Foam::dimensioned<Type>&)
 Foam::tmp<Foam::fvMatrix<Type>> Foam::operator+
                                 ^
/opt/openfoam5/src/finiteVolume/lnInclude/fvMatrix.C:2066:33: note:   template argument deduction/substitution failed:
In file included from pamFoam.C:140:0:
./processModels/XSEqn.H:9:7: note:   'const volScalarField {aka const Foam::GeometricField<double, Foam::fvPatchField, Foam::volMesh>}' is not derived from 'const Foam::fvMatrix<Type>'
     + alphaLiquid*rhoDecay
       ^
In file included from /opt/openfoam5/src/finiteVolume/lnInclude/fvMatrix.H:1061:0,
                 from /opt/openfoam5/src/finiteVolume/lnInclude/ddtScheme.C:29,
                 from /opt/openfoam5/src/finiteVolume/lnInclude/ddtScheme.H:342,
                 from /opt/openfoam5/src/finiteVolume/lnInclude/fvcDdt.C:28,
                 from /opt/openfoam5/src/finiteVolume/lnInclude/fvcDdt.H:205,
                 from /opt/openfoam5/src/finiteVolume/lnInclude/fvc.H:44,
                 from /opt/openfoam5/src/finiteVolume/lnInclude/fvCFD.H:8,
                 from pamFoam.C:36:
/opt/openfoam5/src/finiteVolume/lnInclude/fvMatrix.C:2079:33: note: candidate: template<class Type> Foam::tmp<Foam::fvMatrix<Type> > Foam::operator+(const Foam::tmp<Foam::fvMatrix<Type> >&, const Foam::dimensioned<Type>&)
 Foam::tmp<Foam::fvMatrix<Type>> Foam::operator+
                                 ^
/opt/openfoam5/src/finiteVolume/lnInclude/fvMatrix.C:2079:33: note:   template argument deduction/substitution failed:
In file included from pamFoam.C:140:0:
./processModels/XSEqn.H:9:7: note:   'const volScalarField {aka const Foam::GeometricField<double, Foam::fvPatchField, Foam::volMesh>}' is not derived from 'const Foam::tmp<Foam::fvMatrix<Type> >'
     + alphaLiquid*rhoDecay
       ^
In file included from /opt/openfoam5/src/finiteVolume/lnInclude/fvMatrix.H:1061:0,
                 from /opt/openfoam5/src/finiteVolume/lnInclude/ddtScheme.C:29,
                 from /opt/openfoam5/src/finiteVolume/lnInclude/ddtScheme.H:342,
                 from /opt/openfoam5/src/finiteVolume/lnInclude/fvcDdt.C:28,
                 from /opt/openfoam5/src/finiteVolume/lnInclude/fvcDdt.H:205,
                 from /opt/openfoam5/src/finiteVolume/lnInclude/fvc.H:44,
                 from /opt/openfoam5/src/finiteVolume/lnInclude/fvCFD.H:8,
                 from pamFoam.C:36:
/opt/openfoam5/src/finiteVolume/lnInclude/fvMatrix.C:2092:33: note: candidate: template<class Type> Foam::tmp<Foam::fvMatrix<Type> > Foam::operator+(const Foam::dimensioned<Type>&, const Foam::fvMatrix<Type>&)
 Foam::tmp<Foam::fvMatrix<Type>> Foam::operator+
                                 ^
/opt/openfoam5/src/finiteVolume/lnInclude/fvMatrix.C:2092:33: note:   template argument deduction/substitution failed:
In file included from pamFoam.C:140:0:
./processModels/XSEqn.H:9:7: note:   'const volScalarField {aka const Foam::GeometricField<double, Foam::fvPatchField, Foam::volMesh>}' is not derived from 'const Foam::dimensioned<Type>'
     + alphaLiquid*rhoDecay
       ^
In file included from /opt/openfoam5/src/finiteVolume/lnInclude/fvMatrix.H:1061:0,
                 from /opt/openfoam5/src/finiteVolume/lnInclude/ddtScheme.C:29,
                 from /opt/openfoam5/src/finiteVolume/lnInclude/ddtScheme.H:342,
                 from /opt/openfoam5/src/finiteVolume/lnInclude/fvcDdt.C:28,
                 from /opt/openfoam5/src/finiteVolume/lnInclude/fvcDdt.H:205,
                 from /opt/openfoam5/src/finiteVolume/lnInclude/fvc.H:44,
                 from /opt/openfoam5/src/finiteVolume/lnInclude/fvCFD.H:8,
                 from pamFoam.C:36:
/opt/openfoam5/src/finiteVolume/lnInclude/fvMatrix.C:2105:33: note: candidate: template<class Type> Foam::tmp<Foam::fvMatrix<Type> > Foam::operator+(const Foam::dimensioned<Type>&, const Foam::tmp<Foam::fvMatrix<Type> >&)
 Foam::tmp<Foam::fvMatrix<Type>> Foam::operator+
                                 ^
/opt/openfoam5/src/finiteVolume/lnInclude/fvMatrix.C:2105:33: note:   template argument deduction/substitution failed:
In file included from pamFoam.C:140:0:
./processModels/XSEqn.H:9:7: note:   'const volScalarField {aka const Foam::GeometricField<double, Foam::fvPatchField, Foam::volMesh>}' is not derived from 'const Foam::dimensioned<Type>'
     + alphaLiquid*rhoDecay
       ^
In file included from pamFoam.C:141:0:
./processModels/XPBEqn.H:9:5: error: no match for 'operator+' (operand type is 'const volScalarField {aka const Foam::GeometricField<double, Foam::fvPatchField, Foam::volMesh>}')
     + alphaLiquid*YPBPH*rhoAcetateUptake
     ^
In file included from /opt/openfoam5/src/OpenFOAM/lnInclude/zero.H:101:0,
                 from /opt/openfoam5/src/OpenFOAM/lnInclude/UList.H:49,
                 from /opt/openfoam5/src/OpenFOAM/lnInclude/List.H:43,
                 from /opt/openfoam5/src/OpenFOAM/lnInclude/labelList.H:48,
                 from /opt/openfoam5/src/OpenFOAM/lnInclude/UPstream.H:42,
                 from /opt/openfoam5/src/OpenFOAM/lnInclude/Pstream.H:42,
                 from /opt/openfoam5/src/OpenFOAM/lnInclude/parRun.H:35,
                 from /opt/openfoam5/src/finiteVolume/lnInclude/fvCFD.H:4,
                 from pamFoam.C:36:
/opt/openfoam5/src/OpenFOAM/lnInclude/zeroI.H:35:13: note: candidate: Foam::zero Foam::operator+(const Foam::zero&, const Foam::zero&)
 inline zero operator+(const zero&, const zero&)
             ^
/opt/openfoam5/src/OpenFOAM/lnInclude/zeroI.H:35:13: note:   candidate expects 2 arguments, 1 provided
/opt/openfoam5/src/OpenFOAM/lnInclude/zeroI.H:41:20: note: candidate: template<class Type> const Type& Foam::operator+(const Type&, const Foam::zero&)
 inline const Type& operator+(const Type& t, const zero&)
                    ^
/opt/openfoam5/src/OpenFOAM/lnInclude/zeroI.H:41:20: note:   template argument deduction/substitution failed:
In file included from pamFoam.C:141:0:
./processModels/XPBEqn.H:9:7: note:   candidate expects 2 arguments, 1 provided
     + alphaLiquid*YPBPH*rhoAcetateUptake
       ^
In file included from /opt/openfoam5/src/OpenFOAM/lnInclude/zero.H:101:0,
                 from /opt/openfoam5/src/OpenFOAM/lnInclude/UList.H:49,
                 from /opt/openfoam5/src/OpenFOAM/lnInclude/List.H:43,
                 from /opt/openfoam5/src/OpenFOAM/lnInclude/labelList.H:48,
                 from /opt/openfoam5/src/OpenFOAM/lnInclude/UPstream.H:42,
                 from /opt/openfoam5/src/OpenFOAM/lnInclude/Pstream.H:42,
                 from /opt/openfoam5/src/OpenFOAM/lnInclude/parRun.H:35,
                 from /opt/openfoam5/src/finiteVolume/lnInclude/fvCFD.H:4,
                 from pamFoam.C:36:
/opt/openfoam5/src/OpenFOAM/lnInclude/zeroI.H:47:20: note: candidate: template<class Type> const Type& Foam::operator+(const Foam::zero&, const Type&)
 inline const Type& operator+(const zero&, const Type& t)
                    ^
/opt/openfoam5/src/OpenFOAM/lnInclude/zeroI.H:47:20: note:   template argument deduction/substitution failed:
In file included from pamFoam.C:141:0:
./processModels/XPBEqn.H:9:7: note:   cannot convert 'alphaLiquid' (type 'const volScalarField {aka const Foam::GeometricField<double, Foam::fvPatchField, Foam::volMesh>}') to type 'const Foam::zero&'
     + alphaLiquid*YPBPH*rhoAcetateUptake
       ^
In file included from /opt/openfoam5/src/OpenFOAM/lnInclude/UPtrList.H:393:0,
                 from /opt/openfoam5/src/OpenFOAM/lnInclude/PtrList.H:44,
                 from /opt/openfoam5/src/OpenFOAM/lnInclude/List.C:29,
                 from /opt/openfoam5/src/OpenFOAM/lnInclude/List.H:309,
                 from /opt/openfoam5/src/OpenFOAM/lnInclude/labelList.H:48,
                 from /opt/openfoam5/src/OpenFOAM/lnInclude/UPstream.H:42,
                 from /opt/openfoam5/src/OpenFOAM/lnInclude/Pstream.H:42,
                 from /opt/openfoam5/src/OpenFOAM/lnInclude/parRun.H:35,
                 from /opt/openfoam5/src/finiteVolume/lnInclude/fvCFD.H:4,
                 from pamFoam.C:36:
/opt/openfoam5/src/OpenFOAM/lnInclude/UPtrListI.H:217:1: note: candidate: template<class T> typename Foam::UPtrList<T>::iterator Foam::operator+(const typename Foam::UPtrList<T>::iterator&, Foam::label)
 Foam::operator+(const typename UPtrList<T>::iterator& iter, label n)
 ^
/opt/openfoam5/src/OpenFOAM/lnInclude/UPtrListI.H:217:1: note:   template argument deduction/substitution failed:
In file included from pamFoam.C:141:0:
./processModels/XPBEqn.H:9:7: note:   candidate expects 2 arguments, 1 provided
     + alphaLiquid*YPBPH*rhoAcetateUptake
       ^
In file included from /opt/openfoam5/src/OpenFOAM/lnInclude/UPtrList.H:393:0,
                 from /opt/openfoam5/src/OpenFOAM/lnInclude/PtrList.H:44,
                 from /opt/openfoam5/src/OpenFOAM/lnInclude/List.C:29,
                 from /opt/openfoam5/src/OpenFOAM/lnInclude/List.H:309,
                 from /opt/openfoam5/src/OpenFOAM/lnInclude/labelList.H:48,
                 from /opt/openfoam5/src/OpenFOAM/lnInclude/UPstream.H:42,
                 from /opt/openfoam5/src/OpenFOAM/lnInclude/Pstream.H:42,
                 from /opt/openfoam5/src/OpenFOAM/lnInclude/parRun.H:35,
                 from /opt/openfoam5/src/finiteVolume/lnInclude/fvCFD.H:4,
                 from pamFoam.C:36:
/opt/openfoam5/src/OpenFOAM/lnInclude/UPtrListI.H:225:1: note: candidate: template<class T> typename Foam::UPtrList<T>::iterator Foam::operator+(Foam::label, const typename Foam::UPtrList<T>::iterator&)
 Foam::operator+(label n, const typename UPtrList<T>::iterator& iter)
 ^
/opt/openfoam5/src/OpenFOAM/lnInclude/UPtrListI.H:225:1: note:   template argument deduction/substitution failed:
In file included from pamFoam.C:141:0:
./processModels/XPBEqn.H:9:7: note:   cannot convert 'alphaLiquid' (type 'const volScalarField {aka const Foam::GeometricField<double, Foam::fvPatchField, Foam::volMesh>}') to type 'Foam::label {aka int}'
     + alphaLiquid*YPBPH*rhoAcetateUptake
       ^
In file included from /opt/openfoam5/src/OpenFOAM/lnInclude/UPtrList.H:393:0,
                 from /opt/openfoam5/src/OpenFOAM/lnInclude/PtrList.H:44,
                 from /opt/openfoam5/src/OpenFOAM/lnInclude/List.C:29,
                 from /opt/openfoam5/src/OpenFOAM/lnInclude/List.H:309,
                 from /opt/openfoam5/src/OpenFOAM/lnInclude/labelList.H:48,
                 from /opt/openfoam5/src/OpenFOAM/lnInclude/UPstream.H:42,
                 from /opt/openfoam5/src/OpenFOAM/lnInclude/Pstream.H:42,
                 from /opt/openfoam5/src/OpenFOAM/lnInclude/parRun.H:35,
                 from /opt/openfoam5/src/finiteVolume/lnInclude/fvCFD.H:4,
                 from pamFoam.C:36:
/opt/openfoam5/src/OpenFOAM/lnInclude/UPtrListI.H:401:1: note: candidate: template<class T> typename Foam::UPtrList<T>::const_iterator Foam::operator+(const typename Foam::UPtrList<T>::const_iterator&, Foam::label)
 Foam::operator+(const typename UPtrList<T>::const_iterator& iter, label n)
 ^
/opt/openfoam5/src/OpenFOAM/lnInclude/UPtrListI.H:401:1: note:   template argument deduction/substitution failed:
In file included from pamFoam.C:141:0:
./processModels/XPBEqn.H:9:7: note:   candidate expects 2 arguments, 1 provided
     + alphaLiquid*YPBPH*rhoAcetateUptake
       ^
In file included from /opt/openfoam5/src/OpenFOAM/lnInclude/UPtrList.H:393:0,
                 from /opt/openfoam5/src/OpenFOAM/lnInclude/PtrList.H:44,
                 from /opt/openfoam5/src/OpenFOAM/lnInclude/List.C:29,
                 from /opt/openfoam5/src/OpenFOAM/lnInclude/List.H:309,
                 from /opt/openfoam5/src/OpenFOAM/lnInclude/labelList.H:48,
                 from /opt/openfoam5/src/OpenFOAM/lnInclude/UPstream.H:42,
                 from /opt/openfoam5/src/OpenFOAM/lnInclude/Pstream.H:42,
                 from /opt/openfoam5/src/OpenFOAM/lnInclude/parRun.H:35,
                 from /opt/openfoam5/src/finiteVolume/lnInclude/fvCFD.H:4,
                 from pamFoam.C:36:
/opt/openfoam5/src/OpenFOAM/lnInclude/UPtrListI.H:410:1: note: candidate: template<class T> typename Foam::UPtrList<T>::const_iterator Foam::operator+(Foam::label, const typename Foam::UPtrList<T>::const_iterator&)
 Foam::operator+(label n, const typename UPtrList<T>::const_iterator& iter)
 ^
/opt/openfoam5/src/OpenFOAM/lnInclude/UPtrListI.H:410:1: note:   template argument deduction/substitution failed:
In file included from pamFoam.C:141:0:
./processModels/XPBEqn.H:9:7: note:   cannot convert 'alphaLiquid' (type 'const volScalarField {aka const Foam::GeometricField<double, Foam::fvPatchField, Foam::volMesh>}') to type 'Foam::label {aka int}'
     + alphaLiquid*YPBPH*rhoAcetateUptake
       ^
In file included from /opt/openfoam5/src/OpenFOAM/lnInclude/baseIOdictionary.H:43:0,
                 from /opt/openfoam5/src/OpenFOAM/lnInclude/unwatchedIOdictionary.H:37,
                 from /opt/openfoam5/src/OpenFOAM/lnInclude/Time.H:43,
                 from /opt/openfoam5/src/finiteVolume/lnInclude/fvCFD.H:6,
                 from pamFoam.C:36:
/opt/openfoam5/src/OpenFOAM/lnInclude/dictionary.H:575:12: note: candidate: Foam::dictionary Foam::operator+(const Foam::dictionary&, const Foam::dictionary&)
 dictionary operator+(const dictionary& dict1, const dictionary& dict2);
            ^
/opt/openfoam5/src/OpenFOAM/lnInclude/dictionary.H:575:12: note:   candidate expects 2 arguments, 1 provided
In file included from /opt/openfoam5/src/OpenFOAM/lnInclude/VectorSpace.H:230:0,
                 from /opt/openfoam5/src/OpenFOAM/lnInclude/Field.H:46,
                 from /opt/openfoam5/src/OpenFOAM/lnInclude/scalarField.H:38,
                 from /opt/openfoam5/src/OpenFOAM/lnInclude/dimensionSet.H:46,
                 from /opt/openfoam5/src/OpenFOAM/lnInclude/dimensionedType.H:40,
                 from /opt/openfoam5/src/OpenFOAM/lnInclude/dimensionedScalar.H:38,
                 from /opt/openfoam5/src/OpenFOAM/lnInclude/TimeState.H:38,
                 from /opt/openfoam5/src/OpenFOAM/lnInclude/Time.H:47,
                 from /opt/openfoam5/src/finiteVolume/lnInclude/fvCFD.H:6,
                 from pamFoam.C:36:
/opt/openfoam5/src/OpenFOAM/lnInclude/VectorSpaceI.H:647:13: note: candidate: template<class Form, class Cmpt, unsigned char Ncmpts> Form Foam::operator+(const Foam::VectorSpace<Form, Cmpt, Ncmpts>&, const Foam::VectorSpace<Form, Cmpt, Ncmpts>&)
 inline Form operator+
             ^
/opt/openfoam5/src/OpenFOAM/lnInclude/VectorSpaceI.H:647:13: note:   template argument deduction/substitution failed:
In file included from pamFoam.C:141:0:
./processModels/XPBEqn.H:9:7: note:   'const volScalarField {aka const Foam::GeometricField<double, Foam::fvPatchField, Foam::volMesh>}' is not derived from 'const Foam::VectorSpace<Form, Cmpt, Ncmpts>'
     + alphaLiquid*YPBPH*rhoAcetateUptake
       ^
In file included from /opt/openfoam5/src/OpenFOAM/lnInclude/Field.C:877:0,
                 from /opt/openfoam5/src/OpenFOAM/lnInclude/Field.H:408,
                 from /opt/openfoam5/src/OpenFOAM/lnInclude/scalarField.H:38,
                 from /opt/openfoam5/src/OpenFOAM/lnInclude/dimensionSet.H:46,
                 from /opt/openfoam5/src/OpenFOAM/lnInclude/dimensionedType.H:40,
                 from /opt/openfoam5/src/OpenFOAM/lnInclude/dimensionedScalar.H:38,
                 from /opt/openfoam5/src/OpenFOAM/lnInclude/TimeState.H:38,
                 from /opt/openfoam5/src/OpenFOAM/lnInclude/Time.H:47,
                 from /opt/openfoam5/src/finiteVolume/lnInclude/fvCFD.H:6,
                 from pamFoam.C:36:
/opt/openfoam5/src/OpenFOAM/lnInclude/FieldFunctions.C:652:1: note: candidate: template<class Type1, class Type2> Foam::tmp<Foam::Field<typename Foam::typeOfSum<Type1, Type2>::type> > Foam::operator+(const Foam::UList<T>&, const Foam::UList<Key>&)
 operator Op(const UList<Type1>& f1, const UList<Type2>& f2)                    \
 ^
/opt/openfoam5/src/OpenFOAM/lnInclude/FieldFunctions.C:770:1: note: in expansion of macro 'PRODUCT_OPERATOR'
 PRODUCT_OPERATOR(typeOfSum, +, add)
 ^
/opt/openfoam5/src/OpenFOAM/lnInclude/FieldFunctions.C:652:1: note:   template argument deduction/substitution failed:
 operator Op(const UList<Type1>& f1, const UList<Type2>& f2)                    \
 ^
/opt/openfoam5/src/OpenFOAM/lnInclude/FieldFunctions.C:770:1: note: in expansion of macro 'PRODUCT_OPERATOR'
 PRODUCT_OPERATOR(typeOfSum, +, add)
 ^
In file included from pamFoam.C:141:0:
./processModels/XPBEqn.H:9:7: note:   candidate expects 2 arguments, 1 provided
     + alphaLiquid*YPBPH*rhoAcetateUptake
       ^
In file included from /opt/openfoam5/src/OpenFOAM/lnInclude/Field.C:877:0,
                 from /opt/openfoam5/src/OpenFOAM/lnInclude/Field.H:408,
                 from /opt/openfoam5/src/OpenFOAM/lnInclude/scalarField.H:38,
                 from /opt/openfoam5/src/OpenFOAM/lnInclude/dimensionSet.H:46,
                 from /opt/openfoam5/src/OpenFOAM/lnInclude/dimensionedType.H:40,
                 from /opt/openfoam5/src/OpenFOAM/lnInclude/dimensionedScalar.H:38,
                 from /opt/openfoam5/src/OpenFOAM/lnInclude/TimeState.H:38,
                 from /opt/openfoam5/src/OpenFOAM/lnInclude/Time.H:47,
                 from /opt/openfoam5/src/finiteVolume/lnInclude/fvCFD.H:6,
                 from pamFoam.C:36:
/opt/openfoam5/src/OpenFOAM/lnInclude/FieldFunctions.C:662:1: note: candidate: template<class Type1, class Type2> Foam::tmp<Foam::Field<typename Foam::typeOfSum<Type1, Type2>::type> > Foam::operator+(const Foam::UList<T>&, const Foam::tmp<Foam::Field<Type2> >&)
 operator Op(const UList<Type1>& f1, const tmp<Field<Type2>>& tf2)              \
 ^
/opt/openfoam5/src/OpenFOAM/lnInclude/FieldFunctions.C:770:1: note: in expansion of macro 'PRODUCT_OPERATOR'
 PRODUCT_OPERATOR(typeOfSum, +, add)
 ^
/opt/openfoam5/src/OpenFOAM/lnInclude/FieldFunctions.C:662:1: note:   template argument deduction/substitution failed:
 operator Op(const UList<Type1>& f1, const tmp<Field<Type2>>& tf2)              \
 ^
/opt/openfoam5/src/OpenFOAM/lnInclude/FieldFunctions.C:770:1: note: in expansion of macro 'PRODUCT_OPERATOR'
 PRODUCT_OPERATOR(typeOfSum, +, add)
 ^
In file included from pamFoam.C:141:0:
./processModels/XPBEqn.H:9:7: note:   candidate expects 2 arguments, 1 provided
     + alphaLiquid*YPBPH*rhoAcetateUptake
       ^
In file included from /opt/openfoam5/src/OpenFOAM/lnInclude/Field.C:877:0,
                 from /opt/openfoam5/src/OpenFOAM/lnInclude/Field.H:408,
                 from /opt/openfoam5/src/OpenFOAM/lnInclude/scalarField.H:38,
                 from /opt/openfoam5/src/OpenFOAM/lnInclude/dimensionSet.H:46,
                 from /opt/openfoam5/src/OpenFOAM/lnInclude/dimensionedType.H:40,
                 from /opt/openfoam5/src/OpenFOAM/lnInclude/dimensionedScalar.H:38,
                 from /opt/openfoam5/src/OpenFOAM/lnInclude/TimeState.H:38,
                 from /opt/openfoam5/src/OpenFOAM/lnInclude/Time.H:47,
                 from /opt/openfoam5/src/finiteVolume/lnInclude/fvCFD.H:6,
                 from pamFoam.C:36:
/opt/openfoam5/src/OpenFOAM/lnInclude/FieldFunctions.C:673:1: note: candidate: template<class Type1, class Type2> Foam::tmp<Foam::Field<typename Foam::typeOfSum<Type1, Type2>::type> > Foam::operator+(const Foam::tmp<Foam::Field<Type> >&, const Foam::UList<Key>&)
 operator Op(const tmp<Field<Type1>>& tf1, const UList<Type2>& f2)              \
 ^
/opt/openfoam5/src/OpenFOAM/lnInclude/FieldFunctions.C:770:1: note: in expansion of macro 'PRODUCT_OPERATOR'
 PRODUCT_OPERATOR(typeOfSum, +, add)
 ^
/opt/openfoam5/src/OpenFOAM/lnInclude/FieldFunctions.C:673:1: note:   template argument deduction/substitution failed:
 operator Op(const tmp<Field<Type1>>& tf1, const UList<Type2>& f2)              \
 ^
/opt/openfoam5/src/OpenFOAM/lnInclude/FieldFunctions.C:770:1: note: in expansion of macro 'PRODUCT_OPERATOR'
 PRODUCT_OPERATOR(typeOfSum, +, add)
 ^
In file included from pamFoam.C:141:0:
./processModels/XPBEqn.H:9:7: note:   'const volScalarField {aka const Foam::GeometricField<double, Foam::fvPatchField, Foam::volMesh>}' is not derived from 'const Foam::tmp<Foam::Field<Type> >'
     + alphaLiquid*YPBPH*rhoAcetateUptake
       ^
In file included from /opt/openfoam5/src/OpenFOAM/lnInclude/Field.C:877:0,
                 from /opt/openfoam5/src/OpenFOAM/lnInclude/Field.H:408,
                 from /opt/openfoam5/src/OpenFOAM/lnInclude/scalarField.H:38,
                 from /opt/openfoam5/src/OpenFOAM/lnInclude/dimensionSet.H:46,
                 from /opt/openfoam5/src/OpenFOAM/lnInclude/dimensionedType.H:40,
                 from /opt/openfoam5/src/OpenFOAM/lnInclude/dimensionedScalar.H:38,
                 from /opt/openfoam5/src/OpenFOAM/lnInclude/TimeState.H:38,
                 from /opt/openfoam5/src/OpenFOAM/lnInclude/Time.H:47,
                 from /opt/openfoam5/src/finiteVolume/lnInclude/fvCFD.H:6,
                 from pamFoam.C:36:
/opt/openfoam5/src/OpenFOAM/lnInclude/FieldFunctions.C:684:1: note: candidate: template<class Type1, class Type2> Foam::tmp<Foam::Field<typename Foam::typeOfSum<Type1, Type2>::type> > Foam::operator+(const Foam::tmp<Foam::Field<Type> >&, const Foam::tmp<Foam::Field<Type2> >&)
 operator Op(const tmp<Field<Type1>>& tf1, const tmp<Field<Type2>>& tf2)        \
 ^
/opt/openfoam5/src/OpenFOAM/lnInclude/FieldFunctions.C:770:1: note: in expansion of macro 'PRODUCT_OPERATOR'
 PRODUCT_OPERATOR(typeOfSum, +, add)
 ^
/opt/openfoam5/src/OpenFOAM/lnInclude/FieldFunctions.C:684:1: note:   template argument deduction/substitution failed:
 operator Op(const tmp<Field<Type1>>& tf1, const tmp<Field<Type2>>& tf2)        \
 ^
/opt/openfoam5/src/OpenFOAM/lnInclude/FieldFunctions.C:770:1: note: in expansion of macro 'PRODUCT_OPERATOR'
 PRODUCT_OPERATOR(typeOfSum, +, add)
 ^
In file included from pamFoam.C:141:0:
./processModels/XPBEqn.H:9:7: note:   'const volScalarField {aka const Foam::GeometricField<double, Foam::fvPatchField, Foam::volMesh>}' is not derived from 'const Foam::tmp<Foam::Field<Type> >'
     + alphaLiquid*YPBPH*rhoAcetateUptake
       ^
In file included from /opt/openfoam5/src/OpenFOAM/lnInclude/Field.C:877:0,
                 from /opt/openfoam5/src/OpenFOAM/lnInclude/Field.H:408,
                 from /opt/openfoam5/src/OpenFOAM/lnInclude/scalarField.H:38,
                 from /opt/openfoam5/src/OpenFOAM/lnInclude/dimensionSet.H:46,
                 from /opt/openfoam5/src/OpenFOAM/lnInclude/dimensionedType.H:40,
                 from /opt/openfoam5/src/OpenFOAM/lnInclude/dimensionedScalar.H:38,
                 from /opt/openfoam5/src/OpenFOAM/lnInclude/TimeState.H:38,
                 from /opt/openfoam5/src/OpenFOAM/lnInclude/Time.H:47,
                 from /opt/openfoam5/src/finiteVolume/lnInclude/fvCFD.H:6,
                 from pamFoam.C:36:
/opt/openfoam5/src/OpenFOAM/lnInclude/FieldFunctions.C:710:1: note: candidate: template<class Type, class Form, class Cmpt, unsigned char nCmpt> Foam::tmp<Foam::Field<typename Foam::typeOfSum<Type1, Type2>::type> > Foam::operator+(const Foam::UList<T>&, const Foam::VectorSpace<Form, Cmpt, nCmpt>&)
 operator Op(const UList<Type>& f1, const VectorSpace<Form,Cmpt,nCmpt>& vs)     \
 ^
/opt/openfoam5/src/OpenFOAM/lnInclude/FieldFunctions.C:770:1: note: in expansion of macro 'PRODUCT_OPERATOR'
 PRODUCT_OPERATOR(typeOfSum, +, add)
 ^
/opt/openfoam5/src/OpenFOAM/lnInclude/FieldFunctions.C:710:1: note:   template argument deduction/substitution failed:
 operator Op(const UList<Type>& f1, const VectorSpace<Form,Cmpt,nCmpt>& vs)     \
 ^
/opt/openfoam5/src/OpenFOAM/lnInclude/FieldFunctions.C:770:1: note: in expansion of macro 'PRODUCT_OPERATOR'
 PRODUCT_OPERATOR(typeOfSum, +, add)
 ^
In file included from pamFoam.C:141:0:
./processModels/XPBEqn.H:9:7: note:   candidate expects 2 arguments, 1 provided
     + alphaLiquid*YPBPH*rhoAcetateUptake
       ^
In file included from /opt/openfoam5/src/OpenFOAM/lnInclude/Field.C:877:0,
                 from /opt/openfoam5/src/OpenFOAM/lnInclude/Field.H:408,
                 from /opt/openfoam5/src/OpenFOAM/lnInclude/scalarField.H:38,
                 from /opt/openfoam5/src/OpenFOAM/lnInclude/dimensionSet.H:46,
                 from /opt/openfoam5/src/OpenFOAM/lnInclude/dimensionedType.H:40,
                 from /opt/openfoam5/src/OpenFOAM/lnInclude/dimensionedScalar.H:38,
                 from /opt/openfoam5/src/OpenFOAM/lnInclude/TimeState.H:38,
                 from /opt/openfoam5/src/OpenFOAM/lnInclude/Time.H:47,
                 from /opt/openfoam5/src/finiteVolume/lnInclude/fvCFD.H:6,
                 from pamFoam.C:36:
/opt/openfoam5/src/OpenFOAM/lnInclude/FieldFunctions.C:720:1: note: candidate: template<class Type, class Form, class Cmpt, unsigned char nCmpt> Foam::tmp<Foam::Field<typename Foam::typeOfSum<Type1, Type2>::type> > Foam::operator+(const Foam::tmp<Foam::Field<Type> >&, const Foam::VectorSpace<Form, Cmpt, nCmpt>&)
 operator Op                                                                    \
 ^
/opt/openfoam5/src/OpenFOAM/lnInclude/FieldFunctions.C:770:1: note: in expansion of macro 'PRODUCT_OPERATOR'
 PRODUCT_OPERATOR(typeOfSum, +, add)
 ^
/opt/openfoam5/src/OpenFOAM/lnInclude/FieldFunctions.C:720:1: note:   template argument deduction/substitution failed:
 operator Op                                                                    \
 ^
/opt/openfoam5/src/OpenFOAM/lnInclude/FieldFunctions.C:770:1: note: in expansion of macro 'PRODUCT_OPERATOR'
 PRODUCT_OPERATOR(typeOfSum, +, add)
 ^
In file included from pamFoam.C:141:0:
./processModels/XPBEqn.H:9:7: note:   'const volScalarField {aka const Foam::GeometricField<double, Foam::fvPatchField, Foam::volMesh>}' is not derived from 'const Foam::tmp<Foam::Field<Type> >'
     + alphaLiquid*YPBPH*rhoAcetateUptake
       ^
In file included from /opt/openfoam5/src/OpenFOAM/lnInclude/Field.C:877:0,
                 from /opt/openfoam5/src/OpenFOAM/lnInclude/Field.H:408,
                 from /opt/openfoam5/src/OpenFOAM/lnInclude/scalarField.H:38,
                 from /opt/openfoam5/src/OpenFOAM/lnInclude/dimensionSet.H:46,
                 from /opt/openfoam5/src/OpenFOAM/lnInclude/dimensionedType.H:40,
                 from /opt/openfoam5/src/OpenFOAM/lnInclude/dimensionedScalar.H:38,
                 from /opt/openfoam5/src/OpenFOAM/lnInclude/TimeState.H:38,
                 from /opt/openfoam5/src/OpenFOAM/lnInclude/Time.H:47,
                 from /opt/openfoam5/src/finiteVolume/lnInclude/fvCFD.H:6,
                 from pamFoam.C:36:
/opt/openfoam5/src/OpenFOAM/lnInclude/FieldFunctions.C:748:1: note: candidate: template<class Form, class Cmpt, unsigned char nCmpt, class Type> Foam::tmp<Foam::Field<typename Foam::typeOfSum<Form, Type>::type> > Foam::operator+(const Foam::VectorSpace<Form, Cmpt, Ncmpts>&, const Foam::UList<Type>&)
 operator Op(const VectorSpace<Form,Cmpt,nCmpt>& vs, const UList<Type>& f1)     \
 ^
/opt/openfoam5/src/OpenFOAM/lnInclude/FieldFunctions.C:770:1: note: in expansion of macro 'PRODUCT_OPERATOR'
 PRODUCT_OPERATOR(typeOfSum, +, add)
 ^
/opt/openfoam5/src/OpenFOAM/lnInclude/FieldFunctions.C:748:1: note:   template argument deduction/substitution failed:
 operator Op(const VectorSpace<Form,Cmpt,nCmpt>& vs, const UList<Type>& f1)     \
 ^
/opt/openfoam5/src/OpenFOAM/lnInclude/FieldFunctions.C:770:1: note: in expansion of macro 'PRODUCT_OPERATOR'
 PRODUCT_OPERATOR(typeOfSum, +, add)
 ^
In file included from pamFoam.C:141:0:
./processModels/XPBEqn.H:9:7: note:   'const volScalarField {aka const Foam::GeometricField<double, Foam::fvPatchField, Foam::volMesh>}' is not derived from 'const Foam::VectorSpace<Form, Cmpt, Ncmpts>'
     + alphaLiquid*YPBPH*rhoAcetateUptake
       ^
In file included from /opt/openfoam5/src/OpenFOAM/lnInclude/Field.C:877:0,
                 from /opt/openfoam5/src/OpenFOAM/lnInclude/Field.H:408,
                 from /opt/openfoam5/src/OpenFOAM/lnInclude/scalarField.H:38,
                 from /opt/openfoam5/src/OpenFOAM/lnInclude/dimensionSet.H:46,
                 from /opt/openfoam5/src/OpenFOAM/lnInclude/dimensionedType.H:40,
                 from /opt/openfoam5/src/OpenFOAM/lnInclude/dimensionedScalar.H:38,
                 from /opt/openfoam5/src/OpenFOAM/lnInclude/TimeState.H:38,
                 from /opt/openfoam5/src/OpenFOAM/lnInclude/Time.H:47,
                 from /opt/openfoam5/src/finiteVolume/lnInclude/fvCFD.H:6,
                 from pamFoam.C:36:
/opt/openfoam5/src/OpenFOAM/lnInclude/FieldFunctions.C:758:1: note: candidate: template<class Form, class Cmpt, unsigned char nCmpt, class Type> Foam::tmp<Foam::Field<typename Foam::typeOfSum<Form, Type>::type> > Foam::operator+(const Foam::VectorSpace<Form, Cmpt, Ncmpts>&, const Foam::tmp<Foam::Field<Type> >&)
 operator Op                                                                    \
 ^
/opt/openfoam5/src/OpenFOAM/lnInclude/FieldFunctions.C:770:1: note: in expansion of macro 'PRODUCT_OPERATOR'
 PRODUCT_OPERATOR(typeOfSum, +, add)
 ^
/opt/openfoam5/src/OpenFOAM/lnInclude/FieldFunctions.C:758:1: note:   template argument deduction/substitution failed:
 operator Op                                                                    \
 ^
/opt/openfoam5/src/OpenFOAM/lnInclude/FieldFunctions.C:770:1: note: in expansion of macro 'PRODUCT_OPERATOR'
 PRODUCT_OPERATOR(typeOfSum, +, add)
 ^
In file included from pamFoam.C:141:0:
./processModels/XPBEqn.H:9:7: note:   'const volScalarField {aka const Foam::GeometricField<double, Foam::fvPatchField, Foam::volMesh>}' is not derived from 'const Foam::VectorSpace<Form, Cmpt, Ncmpts>'
     + alphaLiquid*YPBPH*rhoAcetateUptake
       ^
In file included from /opt/openfoam5/src/OpenFOAM/lnInclude/Tensor.H:231:0,
                 from /opt/openfoam5/src/OpenFOAM/lnInclude/SymmTensorI.H:27,
                 from /opt/openfoam5/src/OpenFOAM/lnInclude/SymmTensor.H:155,
                 from /opt/openfoam5/src/OpenFOAM/lnInclude/symmTensor.H:38,
                 from /opt/openfoam5/src/OpenFOAM/lnInclude/fieldTypes.H:37,
                 from /opt/openfoam5/src/OpenFOAM/lnInclude/flipOp.H:40,
                 from /opt/openfoam5/src/OpenFOAM/lnInclude/mapDistributeBaseTemplates.C:29,
                 from /opt/openfoam5/src/OpenFOAM/lnInclude/mapDistributeBase.H:489,
                 from /opt/openfoam5/src/OpenFOAM/lnInclude/FieldMapper.H:35,
                 from /opt/openfoam5/src/OpenFOAM/lnInclude/Field.C:26,
                 from /opt/openfoam5/src/OpenFOAM/lnInclude/Field.H:408,
                 from /opt/openfoam5/src/OpenFOAM/lnInclude/scalarField.H:38,
                 from /opt/openfoam5/src/OpenFOAM/lnInclude/dimensionSet.H:46,
                 from /opt/openfoam5/src/OpenFOAM/lnInclude/dimensionedType.H:40,
                 from /opt/openfoam5/src/OpenFOAM/lnInclude/dimensionedScalar.H:38,
                 from /opt/openfoam5/src/OpenFOAM/lnInclude/TimeState.H:38,
                 from /opt/openfoam5/src/OpenFOAM/lnInclude/Time.H:47,
                 from /opt/openfoam5/src/finiteVolume/lnInclude/fvCFD.H:6,
                 from pamFoam.C:36:
/opt/openfoam5/src/OpenFOAM/lnInclude/TensorI.H:680:1: note: candidate: template<class Cmpt> Foam::Tensor<Cmpt> Foam::operator+(const Foam::SphericalTensor<Cmpt>&, const Foam::Tensor<Cmpt>&)
 operator+(const SphericalTensor<Cmpt>& st1, const Tensor<Cmpt>& t2)
 ^
/opt/openfoam5/src/OpenFOAM/lnInclude/TensorI.H:680:1: note:   template argument deduction/substitution failed:
In file included from pamFoam.C:141:0:
./processModels/XPBEqn.H:9:7: note:   'const volScalarField {aka const Foam::GeometricField<double, Foam::fvPatchField, Foam::volMesh>}' is not derived from 'const Foam::SphericalTensor<Cmpt>'
     + alphaLiquid*YPBPH*rhoAcetateUptake
       ^
In file included from /opt/openfoam5/src/OpenFOAM/lnInclude/Tensor.H:231:0,
                 from /opt/openfoam5/src/OpenFOAM/lnInclude/SymmTensorI.H:27,
                 from /opt/openfoam5/src/OpenFOAM/lnInclude/SymmTensor.H:155,
                 from /opt/openfoam5/src/OpenFOAM/lnInclude/symmTensor.H:38,
                 from /opt/openfoam5/src/OpenFOAM/lnInclude/fieldTypes.H:37,
                 from /opt/openfoam5/src/OpenFOAM/lnInclude/flipOp.H:40,
                 from /opt/openfoam5/src/OpenFOAM/lnInclude/mapDistributeBaseTemplates.C:29,
                 from /opt/openfoam5/src/OpenFOAM/lnInclude/mapDistributeBase.H:489,
                 from /opt/openfoam5/src/OpenFOAM/lnInclude/FieldMapper.H:35,
                 from /opt/openfoam5/src/OpenFOAM/lnInclude/Field.C:26,
                 from /opt/openfoam5/src/OpenFOAM/lnInclude/Field.H:408,
                 from /opt/openfoam5/src/OpenFOAM/lnInclude/scalarField.H:38,
                 from /opt/openfoam5/src/OpenFOAM/lnInclude/dimensionSet.H:46,
                 from /opt/openfoam5/src/OpenFOAM/lnInclude/dimensionedType.H:40,
                 from /opt/openfoam5/src/OpenFOAM/lnInclude/dimensionedScalar.H:38,
                 from /opt/openfoam5/src/OpenFOAM/lnInclude/TimeState.H:38,
                 from /opt/openfoam5/src/OpenFOAM/lnInclude/Time.H:47,
                 from /opt/openfoam5/src/finiteVolume/lnInclude/fvCFD.H:6,
                 from pamFoam.C:36:
/opt/openfoam5/src/OpenFOAM/lnInclude/TensorI.H:693:1: note: candidate: template<class Cmpt> Foam::Tensor<Cmpt> Foam::operator+(const Foam::Tensor<Cmpt>&, const Foam::SphericalTensor<Cmpt>&)
 operator+(const Tensor<Cmpt>& t1, const SphericalTensor<Cmpt>& st2)
 ^
/opt/openfoam5/src/OpenFOAM/lnInclude/TensorI.H:693:1: note:   template argument deduction/substitution failed:
In file included from pamFoam.C:141:0:
./processModels/XPBEqn.H:9:7: note:   'const volScalarField {aka const Foam::GeometricField<double, Foam::fvPatchField, Foam::volMesh>}' is not derived from 'const Foam::Tensor<Cmpt>'
     + alphaLiquid*YPBPH*rhoAcetateUptake
       ^
In file included from /opt/openfoam5/src/OpenFOAM/lnInclude/Tensor.H:231:0,
                 from /opt/openfoam5/src/OpenFOAM/lnInclude/SymmTensorI.H:27,
                 from /opt/openfoam5/src/OpenFOAM/lnInclude/SymmTensor.H:155,
                 from /opt/openfoam5/src/OpenFOAM/lnInclude/symmTensor.H:38,
                 from /opt/openfoam5/src/OpenFOAM/lnInclude/fieldTypes.H:37,
                 from /opt/openfoam5/src/OpenFOAM/lnInclude/flipOp.H:40,
                 from /opt/openfoam5/src/OpenFOAM/lnInclude/mapDistributeBaseTemplates.C:29,
                 from /opt/openfoam5/src/OpenFOAM/lnInclude/mapDistributeBase.H:489,
                 from /opt/openfoam5/src/OpenFOAM/lnInclude/FieldMapper.H:35,
                 from /opt/openfoam5/src/OpenFOAM/lnInclude/Field.C:26,
                 from /opt/openfoam5/src/OpenFOAM/lnInclude/Field.H:408,
                 from /opt/openfoam5/src/OpenFOAM/lnInclude/scalarField.H:38,
                 from /opt/openfoam5/src/OpenFOAM/lnInclude/dimensionSet.H:46,
                 from /opt/openfoam5/src/OpenFOAM/lnInclude/dimensionedType.H:40,
                 from /opt/openfoam5/src/OpenFOAM/lnInclude/dimensionedScalar.H:38,
                 from /opt/openfoam5/src/OpenFOAM/lnInclude/TimeState.H:38,
                 from /opt/openfoam5/src/OpenFOAM/lnInclude/Time.H:47,
                 from /opt/openfoam5/src/finiteVolume/lnInclude/fvCFD.H:6,
                 from pamFoam.C:36:
/opt/openfoam5/src/OpenFOAM/lnInclude/TensorI.H:816:1: note: candidate: template<class Cmpt> Foam::Tensor<Cmpt> Foam::operator+(const Foam::SymmTensor<Cmpt>&, const Foam::Tensor<Cmpt>&)
 operator+(const SymmTensor<Cmpt>& st1, const Tensor<Cmpt>& t2)
 ^
/opt/openfoam5/src/OpenFOAM/lnInclude/TensorI.H:816:1: note:   template argument deduction/substitution failed:
In file included from pamFoam.C:141:0:
./processModels/XPBEqn.H:9:7: note:   'const volScalarField {aka const Foam::GeometricField<double, Foam::fvPatchField, Foam::volMesh>}' is not derived from 'const Foam::SymmTensor<Cmpt>'
     + alphaLiquid*YPBPH*rhoAcetateUptake
       ^
In file included from /opt/openfoam5/src/OpenFOAM/lnInclude/Tensor.H:231:0,
                 from /opt/openfoam5/src/OpenFOAM/lnInclude/SymmTensorI.H:27,
                 from /opt/openfoam5/src/OpenFOAM/lnInclude/SymmTensor.H:155,
                 from /opt/openfoam5/src/OpenFOAM/lnInclude/symmTensor.H:38,
                 from /opt/openfoam5/src/OpenFOAM/lnInclude/fieldTypes.H:37,
                 from /opt/openfoam5/src/OpenFOAM/lnInclude/flipOp.H:40,
                 from /opt/openfoam5/src/OpenFOAM/lnInclude/mapDistributeBaseTemplates.C:29,
                 from /opt/openfoam5/src/OpenFOAM/lnInclude/mapDistributeBase.H:489,
                 from /opt/openfoam5/src/OpenFOAM/lnInclude/FieldMapper.H:35,
                 from /opt/openfoam5/src/OpenFOAM/lnInclude/Field.C:26,
                 from /opt/openfoam5/src/OpenFOAM/lnInclude/Field.H:408,
                 from /opt/openfoam5/src/OpenFOAM/lnInclude/scalarField.H:38,
                 from /opt/openfoam5/src/OpenFOAM/lnInclude/dimensionSet.H:46,
                 from /opt/openfoam5/src/OpenFOAM/lnInclude/dimensionedType.H:40,
                 from /opt/openfoam5/src/OpenFOAM/lnInclude/dimensionedScalar.H:38,
                 from /opt/openfoam5/src/OpenFOAM/lnInclude/TimeState.H:38,
                 from /opt/openfoam5/src/OpenFOAM/lnInclude/Time.H:47,
                 from /opt/openfoam5/src/finiteVolume/lnInclude/fvCFD.H:6,
                 from pamFoam.C:36:
/opt/openfoam5/src/OpenFOAM/lnInclude/TensorI.H:829:1: note: candidate: template<class Cmpt> Foam::Tensor<Cmpt> Foam::operator+(const Foam::Tensor<Cmpt>&, const Foam::SymmTensor<Cmpt>&)
 operator+(const Tensor<Cmpt>& t1, const SymmTensor<Cmpt>& st2)
 ^
/opt/openfoam5/src/OpenFOAM/lnInclude/TensorI.H:829:1: note:   template argument deduction/substitution failed:
In file included from pamFoam.C:141:0:
./processModels/XPBEqn.H:9:7: note:   'const volScalarField {aka const Foam::GeometricField<double, Foam::fvPatchField, Foam::volMesh>}' is not derived from 'const Foam::Tensor<Cmpt>'
     + alphaLiquid*YPBPH*rhoAcetateUptake
       ^
In file included from /opt/openfoam5/src/OpenFOAM/lnInclude/SymmTensor.H:155:0,
                 from /opt/openfoam5/src/OpenFOAM/lnInclude/symmTensor.H:38,
                 from /opt/openfoam5/src/OpenFOAM/lnInclude/fieldTypes.H:37,
                 from /opt/openfoam5/src/OpenFOAM/lnInclude/flipOp.H:40,
                 from /opt/openfoam5/src/OpenFOAM/lnInclude/mapDistributeBaseTemplates.C:29,
                 from /opt/openfoam5/src/OpenFOAM/lnInclude/mapDistributeBase.H:489,
                 from /opt/openfoam5/src/OpenFOAM/lnInclude/FieldMapper.H:35,
                 from /opt/openfoam5/src/OpenFOAM/lnInclude/Field.C:26,
                 from /opt/openfoam5/src/OpenFOAM/lnInclude/Field.H:408,
                 from /opt/openfoam5/src/OpenFOAM/lnInclude/scalarField.H:38,
                 from /opt/openfoam5/src/OpenFOAM/lnInclude/dimensionSet.H:46,
                 from /opt/openfoam5/src/OpenFOAM/lnInclude/dimensionedType.H:40,
                 from /opt/openfoam5/src/OpenFOAM/lnInclude/dimensionedScalar.H:38,
                 from /opt/openfoam5/src/OpenFOAM/lnInclude/TimeState.H:38,
                 from /opt/openfoam5/src/OpenFOAM/lnInclude/Time.H:47,
                 from /opt/openfoam5/src/finiteVolume/lnInclude/fvCFD.H:6,
                 from pamFoam.C:36:
/opt/openfoam5/src/OpenFOAM/lnInclude/SymmTensorI.H:423:1: note: candidate: template<class Cmpt> Foam::SymmTensor<Cmpt> Foam::operator+(const Foam::SphericalTensor<Cmpt>&, const Foam::SymmTensor<Cmpt>&)
 operator+(const SphericalTensor<Cmpt>& spt1, const SymmTensor<Cmpt>& st2)
 ^
/opt/openfoam5/src/OpenFOAM/lnInclude/SymmTensorI.H:423:1: note:   template argument deduction/substitution failed:
In file included from pamFoam.C:141:0:
./processModels/XPBEqn.H:9:7: note:   'const volScalarField {aka const Foam::GeometricField<double, Foam::fvPatchField, Foam::volMesh>}' is not derived from 'const Foam::SphericalTensor<Cmpt>'
     + alphaLiquid*YPBPH*rhoAcetateUptake
       ^
In file included from /opt/openfoam5/src/OpenFOAM/lnInclude/SymmTensor.H:155:0,
                 from /opt/openfoam5/src/OpenFOAM/lnInclude/symmTensor.H:38,
                 from /opt/openfoam5/src/OpenFOAM/lnInclude/fieldTypes.H:37,
                 from /opt/openfoam5/src/OpenFOAM/lnInclude/flipOp.H:40,
                 from /opt/openfoam5/src/OpenFOAM/lnInclude/mapDistributeBaseTemplates.C:29,
                 from /opt/openfoam5/src/OpenFOAM/lnInclude/mapDistributeBase.H:489,
                 from /opt/openfoam5/src/OpenFOAM/lnInclude/FieldMapper.H:35,
                 from /opt/openfoam5/src/OpenFOAM/lnInclude/Field.C:26,
                 from /opt/openfoam5/src/OpenFOAM/lnInclude/Field.H:408,
                 from /opt/openfoam5/src/OpenFOAM/lnInclude/scalarField.H:38,
                 from /opt/openfoam5/src/OpenFOAM/lnInclude/dimensionSet.H:46,
                 from /opt/openfoam5/src/OpenFOAM/lnInclude/dimensionedType.H:40,
                 from /opt/openfoam5/src/OpenFOAM/lnInclude/dimensionedScalar.H:38,
                 from /opt/openfoam5/src/OpenFOAM/lnInclude/TimeState.H:38,
                 from /opt/openfoam5/src/OpenFOAM/lnInclude/Time.H:47,
                 from /opt/openfoam5/src/finiteVolume/lnInclude/fvCFD.H:6,
                 from pamFoam.C:36:
/opt/openfoam5/src/OpenFOAM/lnInclude/SymmTensorI.H:436:1: note: candidate: template<class Cmpt> Foam::SymmTensor<Cmpt> Foam::operator+(const Foam::SymmTensor<Cmpt>&, const Foam::SphericalTensor<Cmpt>&)
 operator+(const SymmTensor<Cmpt>& st1, const SphericalTensor<Cmpt>& spt2)
 ^
/opt/openfoam5/src/OpenFOAM/lnInclude/SymmTensorI.H:436:1: note:   template argument deduction/substitution failed:
In file included from pamFoam.C:141:0:
./processModels/XPBEqn.H:9:7: note:   'const volScalarField {aka const Foam::GeometricField<double, Foam::fvPatchField, Foam::volMesh>}' is not derived from 'const Foam::SymmTensor<Cmpt>'
     + alphaLiquid*YPBPH*rhoAcetateUptake
       ^
In file included from /opt/openfoam5/src/OpenFOAM/lnInclude/scalarField.H:42:0,
                 from /opt/openfoam5/src/OpenFOAM/lnInclude/dimensionSet.H:46,
                 from /opt/openfoam5/src/OpenFOAM/lnInclude/dimensionedType.H:40,
                 from /opt/openfoam5/src/OpenFOAM/lnInclude/dimensionedScalar.H:38,
                 from /opt/openfoam5/src/OpenFOAM/lnInclude/TimeState.H:38,
                 from /opt/openfoam5/src/OpenFOAM/lnInclude/Time.H:47,
                 from /opt/openfoam5/src/finiteVolume/lnInclude/fvCFD.H:6,
                 from pamFoam.C:36:
/opt/openfoam5/src/OpenFOAM/lnInclude/FieldFunctionsM.H:207:24: note: candidate: Foam::tmp<Foam::Field<double> > Foam::operator+(const scalar&, const Foam::UList<double>&)
 tmp<Field<ReturnType>> operator Op                                             \
                        ^
/opt/openfoam5/src/OpenFOAM/lnInclude/FieldFunctionsM.H:247:5: note: in expansion of macro 'BINARY_TYPE_OPERATOR_SF'
     BINARY_TYPE_OPERATOR_SF(ReturnType, Type1, Type2, Op, OpFunc)              \
     ^
/opt/openfoam5/src/OpenFOAM/lnInclude/scalarField.H:83:1: note: in expansion of macro 'BINARY_TYPE_OPERATOR'
 BINARY_TYPE_OPERATOR(scalar, scalar, scalar, +, add)
 ^
/opt/openfoam5/src/OpenFOAM/lnInclude/FieldFunctionsM.H:207:24: note:   candidate expects 2 arguments, 1 provided
 tmp<Field<ReturnType>> operator Op                                             \
                        ^
/opt/openfoam5/src/OpenFOAM/lnInclude/FieldFunctionsM.H:247:5: note: in expansion of macro 'BINARY_TYPE_OPERATOR_SF'
     BINARY_TYPE_OPERATOR_SF(ReturnType, Type1, Type2, Op, OpFunc)              \
     ^
/opt/openfoam5/src/OpenFOAM/lnInclude/scalarField.H:83:1: note: in expansion of macro 'BINARY_TYPE_OPERATOR'
 BINARY_TYPE_OPERATOR(scalar, scalar, scalar, +, add)
 ^
/opt/openfoam5/src/OpenFOAM/lnInclude/FieldFunctionsM.H:214:24: note: candidate: Foam::tmp<Foam::Field<double> > Foam::operator+(const scalar&, const Foam::tmp<Foam::Field<double> >&)
 tmp<Field<ReturnType>> operator Op                                             \
                        ^
/opt/openfoam5/src/OpenFOAM/lnInclude/FieldFunctionsM.H:247:5: note: in expansion of macro 'BINARY_TYPE_OPERATOR_SF'
     BINARY_TYPE_OPERATOR_SF(ReturnType, Type1, Type2, Op, OpFunc)              \
     ^
/opt/openfoam5/src/OpenFOAM/lnInclude/scalarField.H:83:1: note: in expansion of macro 'BINARY_TYPE_OPERATOR'
 BINARY_TYPE_OPERATOR(scalar, scalar, scalar, +, add)
 ^
/opt/openfoam5/src/OpenFOAM/lnInclude/FieldFunctionsM.H:214:24: note:   candidate expects 2 arguments, 1 provided
 tmp<Field<ReturnType>> operator Op                                             \
                        ^
/opt/openfoam5/src/OpenFOAM/lnInclude/FieldFunctionsM.H:247:5: note: in expansion of macro 'BINARY_TYPE_OPERATOR_SF'
     BINARY_TYPE_OPERATOR_SF(ReturnType, Type1, Type2, Op, OpFunc)              \
     ^
/opt/openfoam5/src/OpenFOAM/lnInclude/scalarField.H:83:1: note: in expansion of macro 'BINARY_TYPE_OPERATOR'
 BINARY_TYPE_OPERATOR(scalar, scalar, scalar, +, add)
 ^
/opt/openfoam5/src/OpenFOAM/lnInclude/FieldFunctionsM.H:232:24: note: candidate: Foam::tmp<Foam::Field<double> > Foam::operator+(const Foam::UList<double>&, const scalar&)
 tmp<Field<ReturnType>> operator Op                                             \
                        ^
/opt/openfoam5/src/OpenFOAM/lnInclude/FieldFunctionsM.H:248:5: note: in expansion of macro 'BINARY_TYPE_OPERATOR_FS'
     BINARY_TYPE_OPERATOR_FS(ReturnType, Type1, Type2, Op, OpFunc)
     ^
/opt/openfoam5/src/OpenFOAM/lnInclude/scalarField.H:83:1: note: in expansion of macro 'BINARY_TYPE_OPERATOR'
 BINARY_TYPE_OPERATOR(scalar, scalar, scalar, +, add)
 ^
/opt/openfoam5/src/OpenFOAM/lnInclude/FieldFunctionsM.H:232:24: note:   candidate expects 2 arguments, 1 provided
 tmp<Field<ReturnType>> operator Op                                             \
                        ^
/opt/openfoam5/src/OpenFOAM/lnInclude/FieldFunctionsM.H:248:5: note: in expansion of macro 'BINARY_TYPE_OPERATOR_FS'
     BINARY_TYPE_OPERATOR_FS(ReturnType, Type1, Type2, Op, OpFunc)
     ^
/opt/openfoam5/src/OpenFOAM/lnInclude/scalarField.H:83:1: note: in expansion of macro 'BINARY_TYPE_OPERATOR'
 BINARY_TYPE_OPERATOR(scalar, scalar, scalar, +, add)
 ^
/opt/openfoam5/src/OpenFOAM/lnInclude/FieldFunctionsM.H:239:24: note: candidate: Foam::tmp<Foam::Field<double> > Foam::operator+(const Foam::tmp<Foam::Field<double> >&, const scalar&)
 tmp<Field<ReturnType>> operator Op                                             \
                        ^
/opt/openfoam5/src/OpenFOAM/lnInclude/FieldFunctionsM.H:248:5: note: in expansion of macro 'BINARY_TYPE_OPERATOR_FS'
     BINARY_TYPE_OPERATOR_FS(ReturnType, Type1, Type2, Op, OpFunc)
     ^
/opt/openfoam5/src/OpenFOAM/lnInclude/scalarField.H:83:1: note: in expansion of macro 'BINARY_TYPE_OPERATOR'
 BINARY_TYPE_OPERATOR(scalar, scalar, scalar, +, add)
 ^
/opt/openfoam5/src/OpenFOAM/lnInclude/FieldFunctionsM.H:239:24: note:   candidate expects 2 arguments, 1 provided
 tmp<Field<ReturnType>> operator Op                                             \
                        ^
/opt/openfoam5/src/OpenFOAM/lnInclude/FieldFunctionsM.H:248:5: note: in expansion of macro 'BINARY_TYPE_OPERATOR_FS'
     BINARY_TYPE_OPERATOR_FS(ReturnType, Type1, Type2, Op, OpFunc)
     ^
/opt/openfoam5/src/OpenFOAM/lnInclude/scalarField.H:83:1: note: in expansion of macro 'BINARY_TYPE_OPERATOR'
 BINARY_TYPE_OPERATOR(scalar, scalar, scalar, +, add)
 ^
In file included from /opt/openfoam5/src/OpenFOAM/lnInclude/dimensionedType.H:40:0,
                 from /opt/openfoam5/src/OpenFOAM/lnInclude/dimensionedScalar.H:38,
                 from /opt/openfoam5/src/OpenFOAM/lnInclude/TimeState.H:38,
                 from /opt/openfoam5/src/OpenFOAM/lnInclude/Time.H:47,
                 from /opt/openfoam5/src/finiteVolume/lnInclude/fvCFD.H:6,
                 from pamFoam.C:36:
/opt/openfoam5/src/OpenFOAM/lnInclude/dimensionSet.H:383:29: note: candidate: Foam::dimensionSet Foam::operator+(const Foam::dimensionSet&, const Foam::dimensionSet&)
         friend dimensionSet operator+
                             ^
/opt/openfoam5/src/OpenFOAM/lnInclude/dimensionSet.H:383:29: note:   candidate expects 2 arguments, 1 provided
In file included from /opt/openfoam5/src/OpenFOAM/lnInclude/Matrix.H:383:0,
                 from /opt/openfoam5/src/OpenFOAM/lnInclude/RectangularMatrix.H:41,
                 from /opt/openfoam5/src/OpenFOAM/lnInclude/scalarMatrices.H:43,
                 from /opt/openfoam5/src/OpenFOAM/lnInclude/dimensionSets.H:39,
                 from /opt/openfoam5/src/OpenFOAM/lnInclude/dimensionSet.H:439,
                 from /opt/openfoam5/src/OpenFOAM/lnInclude/dimensionedType.H:40,
                 from /opt/openfoam5/src/OpenFOAM/lnInclude/dimensionedScalar.H:38,
                 from /opt/openfoam5/src/OpenFOAM/lnInclude/TimeState.H:38,
                 from /opt/openfoam5/src/OpenFOAM/lnInclude/Time.H:47,
                 from /opt/openfoam5/src/finiteVolume/lnInclude/fvCFD.H:6,
                 from pamFoam.C:36:
/opt/openfoam5/src/OpenFOAM/lnInclude/Matrix.C:464:6: note: candidate: template<class Form, class Type> Form Foam::operator+(const Foam::Matrix<Form, Type>&, const Foam::Matrix<Form, Type>&)
 Form Foam::operator+(const Matrix<Form, Type>& A, const Matrix<Form, Type>& B)
      ^
/opt/openfoam5/src/OpenFOAM/lnInclude/Matrix.C:464:6: note:   template argument deduction/substitution failed:
In file included from pamFoam.C:141:0:
./processModels/XPBEqn.H:9:7: note:   'const volScalarField {aka const Foam::GeometricField<double, Foam::fvPatchField, Foam::volMesh>}' is not derived from 'const Foam::Matrix<Form, Type>'
     + alphaLiquid*YPBPH*rhoAcetateUptake
       ^
In file included from /opt/openfoam5/src/OpenFOAM/lnInclude/dimensionedType.H:340:0,
                 from /opt/openfoam5/src/OpenFOAM/lnInclude/dimensionedScalar.H:38,
                 from /opt/openfoam5/src/OpenFOAM/lnInclude/TimeState.H:38,
                 from /opt/openfoam5/src/OpenFOAM/lnInclude/Time.H:47,
                 from /opt/openfoam5/src/finiteVolume/lnInclude/fvCFD.H:6,
                 from pamFoam.C:36:
/opt/openfoam5/src/OpenFOAM/lnInclude/dimensionedType.C:657:25: note: candidate: template<class Type> Foam::dimensioned<Type> Foam::operator+(const Foam::dimensioned<Type>&, const Foam::dimensioned<Type>&)
 Foam::dimensioned<Type> Foam::operator+
                         ^
/opt/openfoam5/src/OpenFOAM/lnInclude/dimensionedType.C:657:25: note:   template argument deduction/substitution failed:
In file included from pamFoam.C:141:0:
./processModels/XPBEqn.H:9:7: note:   'const volScalarField {aka const Foam::GeometricField<double, Foam::fvPatchField, Foam::volMesh>}' is not derived from 'const Foam::dimensioned<Type>'
     + alphaLiquid*YPBPH*rhoAcetateUptake
       ^
In file included from /opt/openfoam5/src/OpenFOAM/lnInclude/TimeState.H:38:0,
                 from /opt/openfoam5/src/OpenFOAM/lnInclude/Time.H:47,
                 from /opt/openfoam5/src/finiteVolume/lnInclude/fvCFD.H:6,
                 from pamFoam.C:36:
/opt/openfoam5/src/OpenFOAM/lnInclude/dimensionedScalar.H:49:19: note: candidate: Foam::dimensionedScalar Foam::operator+(const dimensionedScalar&, Foam::scalar)
 dimensionedScalar operator+(const dimensionedScalar&, const scalar);
                   ^
/opt/openfoam5/src/OpenFOAM/lnInclude/dimensionedScalar.H:49:19: note:   candidate expects 2 arguments, 1 provided
/opt/openfoam5/src/OpenFOAM/lnInclude/dimensionedScalar.H:50:19: note: candidate: Foam::dimensionedScalar Foam::operator+(Foam::scalar, const dimensionedScalar&)
 dimensionedScalar operator+(const scalar, const dimensionedScalar&);
                   ^
/opt/openfoam5/src/OpenFOAM/lnInclude/dimensionedScalar.H:50:19: note:   candidate expects 2 arguments, 1 provided
In file included from /opt/openfoam5/src/OpenFOAM/lnInclude/labelField.H:42:0,
                 from /opt/openfoam5/src/OpenFOAM/lnInclude/primitiveFields.H:37,
                 from /opt/openfoam5/src/OpenFOAM/lnInclude/pointField.H:36,
                 from /opt/openfoam5/src/OpenFOAM/lnInclude/edge.H:40,
                 from /opt/openfoam5/src/OpenFOAM/lnInclude/edgeList.H:32,
                 from /opt/openfoam5/src/OpenFOAM/lnInclude/primitiveMesh.H:54,
                 from /opt/openfoam5/src/OpenFOAM/lnInclude/polyMesh.H:45,
                 from /opt/openfoam5/src/finiteVolume/lnInclude/fvMesh.H:50,
                 from /opt/openfoam5/src/finiteVolume/lnInclude/fvCFD.H:7,
                 from pamFoam.C:36:
/opt/openfoam5/src/OpenFOAM/lnInclude/FieldFunctionsM.H:207:24: note: candidate: Foam::tmp<Foam::Field<int> > Foam::operator+(const label&, const Foam::UList<int>&)
 tmp<Field<ReturnType>> operator Op                                             \
                        ^
/opt/openfoam5/src/OpenFOAM/lnInclude/FieldFunctionsM.H:247:5: note: in expansion of macro 'BINARY_TYPE_OPERATOR_SF'
     BINARY_TYPE_OPERATOR_SF(ReturnType, Type1, Type2, Op, OpFunc)              \
     ^
/opt/openfoam5/src/OpenFOAM/lnInclude/labelField.H:53:1: note: in expansion of macro 'BINARY_TYPE_OPERATOR'
 BINARY_TYPE_OPERATOR(label, label, label, +, add)
 ^
/opt/openfoam5/src/OpenFOAM/lnInclude/FieldFunctionsM.H:207:24: note:   candidate expects 2 arguments, 1 provided
 tmp<Field<ReturnType>> operator Op                                             \
                        ^
/opt/openfoam5/src/OpenFOAM/lnInclude/FieldFunctionsM.H:247:5: note: in expansion of macro 'BINARY_TYPE_OPERATOR_SF'
     BINARY_TYPE_OPERATOR_SF(ReturnType, Type1, Type2, Op, OpFunc)              \
     ^
/opt/openfoam5/src/OpenFOAM/lnInclude/labelField.H:53:1: note: in expansion of macro 'BINARY_TYPE_OPERATOR'
 BINARY_TYPE_OPERATOR(label, label, label, +, add)
 ^
/opt/openfoam5/src/OpenFOAM/lnInclude/FieldFunctionsM.H:214:24: note: candidate: Foam::tmp<Foam::Field<int> > Foam::operator+(const label&, const Foam::tmp<Foam::Field<int> >&)
 tmp<Field<ReturnType>> operator Op                                             \
                        ^
/opt/openfoam5/src/OpenFOAM/lnInclude/FieldFunctionsM.H:247:5: note: in expansion of macro 'BINARY_TYPE_OPERATOR_SF'
     BINARY_TYPE_OPERATOR_SF(ReturnType, Type1, Type2, Op, OpFunc)              \
     ^
/opt/openfoam5/src/OpenFOAM/lnInclude/labelField.H:53:1: note: in expansion of macro 'BINARY_TYPE_OPERATOR'
 BINARY_TYPE_OPERATOR(label, label, label, +, add)
 ^
/opt/openfoam5/src/OpenFOAM/lnInclude/FieldFunctionsM.H:214:24: note:   candidate expects 2 arguments, 1 provided
 tmp<Field<ReturnType>> operator Op                                             \
                        ^
/opt/openfoam5/src/OpenFOAM/lnInclude/FieldFunctionsM.H:247:5: note: in expansion of macro 'BINARY_TYPE_OPERATOR_SF'
     BINARY_TYPE_OPERATOR_SF(ReturnType, Type1, Type2, Op, OpFunc)              \
     ^
/opt/openfoam5/src/OpenFOAM/lnInclude/labelField.H:53:1: note: in expansion of macro 'BINARY_TYPE_OPERATOR'
 BINARY_TYPE_OPERATOR(label, label, label, +, add)
 ^
/opt/openfoam5/src/OpenFOAM/lnInclude/FieldFunctionsM.H:232:24: note: candidate: Foam::tmp<Foam::Field<int> > Foam::operator+(const Foam::UList<int>&, const label&)
 tmp<Field<ReturnType>> operator Op                                             \
                        ^
/opt/openfoam5/src/OpenFOAM/lnInclude/FieldFunctionsM.H:248:5: note: in expansion of macro 'BINARY_TYPE_OPERATOR_FS'
     BINARY_TYPE_OPERATOR_FS(ReturnType, Type1, Type2, Op, OpFunc)
     ^
/opt/openfoam5/src/OpenFOAM/lnInclude/labelField.H:53:1: note: in expansion of macro 'BINARY_TYPE_OPERATOR'
 BINARY_TYPE_OPERATOR(label, label, label, +, add)
 ^
/opt/openfoam5/src/OpenFOAM/lnInclude/FieldFunctionsM.H:232:24: note:   candidate expects 2 arguments, 1 provided
 tmp<Field<ReturnType>> operator Op                                             \
                        ^
/opt/openfoam5/src/OpenFOAM/lnInclude/FieldFunctionsM.H:248:5: note: in expansion of macro 'BINARY_TYPE_OPERATOR_FS'
     BINARY_TYPE_OPERATOR_FS(ReturnType, Type1, Type2, Op, OpFunc)
     ^
/opt/openfoam5/src/OpenFOAM/lnInclude/labelField.H:53:1: note: in expansion of macro 'BINARY_TYPE_OPERATOR'
 BINARY_TYPE_OPERATOR(label, label, label, +, add)
 ^
/opt/openfoam5/src/OpenFOAM/lnInclude/FieldFunctionsM.H:239:24: note: candidate: Foam::tmp<Foam::Field<int> > Foam::operator+(const Foam::tmp<Foam::Field<int> >&, const label&)
 tmp<Field<ReturnType>> operator Op                                             \
                        ^
/opt/openfoam5/src/OpenFOAM/lnInclude/FieldFunctionsM.H:248:5: note: in expansion of macro 'BINARY_TYPE_OPERATOR_FS'
     BINARY_TYPE_OPERATOR_FS(ReturnType, Type1, Type2, Op, OpFunc)
     ^
/opt/openfoam5/src/OpenFOAM/lnInclude/labelField.H:53:1: note: in expansion of macro 'BINARY_TYPE_OPERATOR'
 BINARY_TYPE_OPERATOR(label, label, label, +, add)
 ^
/opt/openfoam5/src/OpenFOAM/lnInclude/FieldFunctionsM.H:239:24: note:   candidate expects 2 arguments, 1 provided
 tmp<Field<ReturnType>> operator Op                                             \
                        ^
/opt/openfoam5/src/OpenFOAM/lnInclude/FieldFunctionsM.H:248:5: note: in expansion of macro 'BINARY_TYPE_OPERATOR_FS'
     BINARY_TYPE_OPERATOR_FS(ReturnType, Type1, Type2, Op, OpFunc)
     ^
/opt/openfoam5/src/OpenFOAM/lnInclude/labelField.H:53:1: note: in expansion of macro 'BINARY_TYPE_OPERATOR'
 BINARY_TYPE_OPERATOR(label, label, label, +, add)
 ^
In file included from /opt/openfoam5/src/OpenFOAM/lnInclude/DimensionedScalarField.C:29:0,
                 from /opt/openfoam5/src/OpenFOAM/lnInclude/DimensionedScalarField.H:157,
                 from /opt/openfoam5/src/OpenFOAM/lnInclude/DimensionedFieldFunctions.H:26,
                 from /opt/openfoam5/src/OpenFOAM/lnInclude/DimensionedField.H:363,
                 from /opt/openfoam5/src/finiteVolume/lnInclude/fvMesh.H:58,
                 from /opt/openfoam5/src/finiteVolume/lnInclude/fvCFD.H:7,
                 from pamFoam.C:36:
/opt/openfoam5/src/OpenFOAM/lnInclude/DimensionedFieldFunctionsM.C:534:44: note: candidate: template<class GeoMesh> Foam::tmp<Foam::DimensionedField<double, GeoMesh> > Foam::operator+(const Foam::dimensioned<double>&, const Foam::DimensionedField<double, GeoMesh>&)
 tmp<DimensionedField<ReturnType, GeoMesh>> operator Op                         \
                                            ^
/opt/openfoam5/src/OpenFOAM/lnInclude/DimensionedFieldFunctionsM.C:685:5: note: in expansion of macro 'BINARY_TYPE_OPERATOR_SF'
     BINARY_TYPE_OPERATOR_SF(ReturnType, Type1, Type2, Op, OpName, OpFunc)      \
     ^
/opt/openfoam5/src/OpenFOAM/lnInclude/DimensionedScalarField.C:92:1: note: in expansion of macro 'BINARY_TYPE_OPERATOR'
 BINARY_TYPE_OPERATOR(scalar, scalar, scalar, +, '+', add)
 ^
/opt/openfoam5/src/OpenFOAM/lnInclude/DimensionedFieldFunctionsM.C:534:44: note:   template argument deduction/substitution failed:
 tmp<DimensionedField<ReturnType, GeoMesh>> operator Op                         \
                                            ^
/opt/openfoam5/src/OpenFOAM/lnInclude/DimensionedFieldFunctionsM.C:685:5: note: in expansion of macro 'BINARY_TYPE_OPERATOR_SF'
     BINARY_TYPE_OPERATOR_SF(ReturnType, Type1, Type2, Op, OpName, OpFunc)      \
     ^
/opt/openfoam5/src/OpenFOAM/lnInclude/DimensionedScalarField.C:92:1: note: in expansion of macro 'BINARY_TYPE_OPERATOR'
 BINARY_TYPE_OPERATOR(scalar, scalar, scalar, +, '+', add)
 ^
In file included from pamFoam.C:141:0:
./processModels/XPBEqn.H:9:7: note:   cannot convert 'alphaLiquid' (type 'const volScalarField {aka const Foam::GeometricField<double, Foam::fvPatchField, Foam::volMesh>}') to type 'const Foam::dimensioned<double>&'
     + alphaLiquid*YPBPH*rhoAcetateUptake
       ^
In file included from /opt/openfoam5/src/OpenFOAM/lnInclude/DimensionedScalarField.C:29:0,
                 from /opt/openfoam5/src/OpenFOAM/lnInclude/DimensionedScalarField.H:157,
                 from /opt/openfoam5/src/OpenFOAM/lnInclude/DimensionedFieldFunctions.H:26,
                 from /opt/openfoam5/src/OpenFOAM/lnInclude/DimensionedField.H:363,
                 from /opt/openfoam5/src/finiteVolume/lnInclude/fvMesh.H:58,
                 from /opt/openfoam5/src/finiteVolume/lnInclude/fvCFD.H:7,
                 from pamFoam.C:36:
/opt/openfoam5/src/OpenFOAM/lnInclude/DimensionedFieldFunctionsM.C:561:44: note: candidate: template<class GeoMesh> Foam::tmp<Foam::DimensionedField<double, GeoMesh> > Foam::operator+(const scalar&, const Foam::DimensionedField<double, GeoMesh>&)
 tmp<DimensionedField<ReturnType, GeoMesh>> operator Op                         \
                                            ^
/opt/openfoam5/src/OpenFOAM/lnInclude/DimensionedFieldFunctionsM.C:685:5: note: in expansion of macro 'BINARY_TYPE_OPERATOR_SF'
     BINARY_TYPE_OPERATOR_SF(ReturnType, Type1, Type2, Op, OpName, OpFunc)      \
     ^
/opt/openfoam5/src/OpenFOAM/lnInclude/DimensionedScalarField.C:92:1: note: in expansion of macro 'BINARY_TYPE_OPERATOR'
 BINARY_TYPE_OPERATOR(scalar, scalar, scalar, +, '+', add)
 ^
/opt/openfoam5/src/OpenFOAM/lnInclude/DimensionedFieldFunctionsM.C:561:44: note:   template argument deduction/substitution failed:
 tmp<DimensionedField<ReturnType, GeoMesh>> operator Op                         \
                                            ^
/opt/openfoam5/src/OpenFOAM/lnInclude/DimensionedFieldFunctionsM.C:685:5: note: in expansion of macro 'BINARY_TYPE_OPERATOR_SF'
     BINARY_TYPE_OPERATOR_SF(ReturnType, Type1, Type2, Op, OpName, OpFunc)      \
     ^
/opt/openfoam5/src/OpenFOAM/lnInclude/DimensionedScalarField.C:92:1: note: in expansion of macro 'BINARY_TYPE_OPERATOR'
 BINARY_TYPE_OPERATOR(scalar, scalar, scalar, +, '+', add)
 ^
In file included from pamFoam.C:141:0:
./processModels/XPBEqn.H:9:7: note:   cannot convert 'alphaLiquid' (type 'const volScalarField {aka const Foam::GeometricField<double, Foam::fvPatchField, Foam::volMesh>}') to type 'const scalar& {aka const double&}'
     + alphaLiquid*YPBPH*rhoAcetateUptake
       ^
In file included from /opt/openfoam5/src/OpenFOAM/lnInclude/DimensionedScalarField.C:29:0,
                 from /opt/openfoam5/src/OpenFOAM/lnInclude/DimensionedScalarField.H:157,
                 from /opt/openfoam5/src/OpenFOAM/lnInclude/DimensionedFieldFunctions.H:26,
                 from /opt/openfoam5/src/OpenFOAM/lnInclude/DimensionedField.H:363,
                 from /opt/openfoam5/src/finiteVolume/lnInclude/fvMesh.H:58,
                 from /opt/openfoam5/src/finiteVolume/lnInclude/fvCFD.H:7,
                 from pamFoam.C:36:
/opt/openfoam5/src/OpenFOAM/lnInclude/DimensionedFieldFunctionsM.C:572:44: note: candidate: template<class GeoMesh> Foam::tmp<Foam::DimensionedField<double, GeoMesh> > Foam::operator+(const Foam::dimensioned<double>&, const Foam::tmp<Foam::DimensionedField<double, GeoMesh> >&)
 tmp<DimensionedField<ReturnType, GeoMesh>> operator Op                         \
                                            ^
/opt/openfoam5/src/OpenFOAM/lnInclude/DimensionedFieldFunctionsM.C:685:5: note: in expansion of macro 'BINARY_TYPE_OPERATOR_SF'
     BINARY_TYPE_OPERATOR_SF(ReturnType, Type1, Type2, Op, OpName, OpFunc)      \
     ^
/opt/openfoam5/src/OpenFOAM/lnInclude/DimensionedScalarField.C:92:1: note: in expansion of macro 'BINARY_TYPE_OPERATOR'
 BINARY_TYPE_OPERATOR(scalar, scalar, scalar, +, '+', add)
 ^
/opt/openfoam5/src/OpenFOAM/lnInclude/DimensionedFieldFunctionsM.C:572:44: note:   template argument deduction/substitution failed:
 tmp<DimensionedField<ReturnType, GeoMesh>> operator Op                         \
                                            ^
/opt/openfoam5/src/OpenFOAM/lnInclude/DimensionedFieldFunctionsM.C:685:5: note: in expansion of macro 'BINARY_TYPE_OPERATOR_SF'
     BINARY_TYPE_OPERATOR_SF(ReturnType, Type1, Type2, Op, OpName, OpFunc)      \
     ^
/opt/openfoam5/src/OpenFOAM/lnInclude/DimensionedScalarField.C:92:1: note: in expansion of macro 'BINARY_TYPE_OPERATOR'
 BINARY_TYPE_OPERATOR(scalar, scalar, scalar, +, '+', add)
 ^
In file included from pamFoam.C:141:0:
./processModels/XPBEqn.H:9:7: note:   cannot convert 'alphaLiquid' (type 'const volScalarField {aka const Foam::GeometricField<double, Foam::fvPatchField, Foam::volMesh>}') to type 'const Foam::dimensioned<double>&'
     + alphaLiquid*YPBPH*rhoAcetateUptake
       ^
In file included from /opt/openfoam5/src/OpenFOAM/lnInclude/DimensionedScalarField.C:29:0,
                 from /opt/openfoam5/src/OpenFOAM/lnInclude/DimensionedScalarField.H:157,
                 from /opt/openfoam5/src/OpenFOAM/lnInclude/DimensionedFieldFunctions.H:26,
                 from /opt/openfoam5/src/OpenFOAM/lnInclude/DimensionedField.H:363,
                 from /opt/openfoam5/src/finiteVolume/lnInclude/fvMesh.H:58,
                 from /opt/openfoam5/src/finiteVolume/lnInclude/fvCFD.H:7,
                 from pamFoam.C:36:
/opt/openfoam5/src/OpenFOAM/lnInclude/DimensionedFieldFunctionsM.C:598:44: note: candidate: template<class GeoMesh> Foam::tmp<Foam::DimensionedField<double, GeoMesh> > Foam::operator+(const scalar&, const Foam::tmp<Foam::DimensionedField<double, GeoMesh> >&)
 tmp<DimensionedField<ReturnType, GeoMesh>> operator Op                         \
                                            ^
/opt/openfoam5/src/OpenFOAM/lnInclude/DimensionedFieldFunctionsM.C:685:5: note: in expansion of macro 'BINARY_TYPE_OPERATOR_SF'
     BINARY_TYPE_OPERATOR_SF(ReturnType, Type1, Type2, Op, OpName, OpFunc)      \
     ^
/opt/openfoam5/src/OpenFOAM/lnInclude/DimensionedScalarField.C:92:1: note: in expansion of macro 'BINARY_TYPE_OPERATOR'
 BINARY_TYPE_OPERATOR(scalar, scalar, scalar, +, '+', add)
 ^
/opt/openfoam5/src/OpenFOAM/lnInclude/DimensionedFieldFunctionsM.C:598:44: note:   template argument deduction/substitution failed:
 tmp<DimensionedField<ReturnType, GeoMesh>> operator Op                         \
                                            ^
/opt/openfoam5/src/OpenFOAM/lnInclude/DimensionedFieldFunctionsM.C:685:5: note: in expansion of macro 'BINARY_TYPE_OPERATOR_SF'
     BINARY_TYPE_OPERATOR_SF(ReturnType, Type1, Type2, Op, OpName, OpFunc)      \
     ^
/opt/openfoam5/src/OpenFOAM/lnInclude/DimensionedScalarField.C:92:1: note: in expansion of macro 'BINARY_TYPE_OPERATOR'
 BINARY_TYPE_OPERATOR(scalar, scalar, scalar, +, '+', add)
 ^
In file included from pamFoam.C:141:0:
./processModels/XPBEqn.H:9:7: note:   cannot convert 'alphaLiquid' (type 'const volScalarField {aka const Foam::GeometricField<double, Foam::fvPatchField, Foam::volMesh>}') to type 'const scalar& {aka const double&}'
     + alphaLiquid*YPBPH*rhoAcetateUptake
       ^
In file included from /opt/openfoam5/src/OpenFOAM/lnInclude/DimensionedScalarField.C:29:0,
                 from /opt/openfoam5/src/OpenFOAM/lnInclude/DimensionedScalarField.H:157,
                 from /opt/openfoam5/src/OpenFOAM/lnInclude/DimensionedFieldFunctions.H:26,
                 from /opt/openfoam5/src/OpenFOAM/lnInclude/DimensionedField.H:363,
                 from /opt/openfoam5/src/finiteVolume/lnInclude/fvMesh.H:58,
                 from /opt/openfoam5/src/finiteVolume/lnInclude/fvCFD.H:7,
                 from pamFoam.C:36:
/opt/openfoam5/src/OpenFOAM/lnInclude/DimensionedFieldFunctionsM.C:611:44: note: candidate: template<class GeoMesh> Foam::tmp<Foam::DimensionedField<double, GeoMesh> > Foam::operator+(const Foam::DimensionedField<double, GeoMesh>&, const Foam::dimensioned<double>&)
 tmp<DimensionedField<ReturnType, GeoMesh>> operator Op                         \
                                            ^
/opt/openfoam5/src/OpenFOAM/lnInclude/DimensionedFieldFunctionsM.C:686:5: note: in expansion of macro 'BINARY_TYPE_OPERATOR_FS'
     BINARY_TYPE_OPERATOR_FS(ReturnType, Type1, Type2, Op, OpName, OpFunc)
     ^
/opt/openfoam5/src/OpenFOAM/lnInclude/DimensionedScalarField.C:92:1: note: in expansion of macro 'BINARY_TYPE_OPERATOR'
 BINARY_TYPE_OPERATOR(scalar, scalar, scalar, +, '+', add)
 ^
/opt/openfoam5/src/OpenFOAM/lnInclude/DimensionedFieldFunctionsM.C:611:44: note:   template argument deduction/substitution failed:
 tmp<DimensionedField<ReturnType, GeoMesh>> operator Op                         \
                                            ^
/opt/openfoam5/src/OpenFOAM/lnInclude/DimensionedFieldFunctionsM.C:686:5: note: in expansion of macro 'BINARY_TYPE_OPERATOR_FS'
     BINARY_TYPE_OPERATOR_FS(ReturnType, Type1, Type2, Op, OpName, OpFunc)
     ^
/opt/openfoam5/src/OpenFOAM/lnInclude/DimensionedScalarField.C:92:1: note: in expansion of macro 'BINARY_TYPE_OPERATOR'
 BINARY_TYPE_OPERATOR(scalar, scalar, scalar, +, '+', add)
 ^
In file included from pamFoam.C:141:0:
./processModels/XPBEqn.H:9:7: note:   candidate expects 2 arguments, 1 provided
     + alphaLiquid*YPBPH*rhoAcetateUptake
       ^
In file included from /opt/openfoam5/src/OpenFOAM/lnInclude/DimensionedScalarField.C:29:0,
                 from /opt/openfoam5/src/OpenFOAM/lnInclude/DimensionedScalarField.H:157,
                 from /opt/openfoam5/src/OpenFOAM/lnInclude/DimensionedFieldFunctions.H:26,
                 from /opt/openfoam5/src/OpenFOAM/lnInclude/DimensionedField.H:363,
                 from /opt/openfoam5/src/finiteVolume/lnInclude/fvMesh.H:58,
                 from /opt/openfoam5/src/finiteVolume/lnInclude/fvCFD.H:7,
                 from pamFoam.C:36:
/opt/openfoam5/src/OpenFOAM/lnInclude/DimensionedFieldFunctionsM.C:638:44: note: candidate: template<class GeoMesh> Foam::tmp<Foam::DimensionedField<double, GeoMesh> > Foam::operator+(const Foam::DimensionedField<double, GeoMesh>&, const scalar&)
 tmp<DimensionedField<ReturnType, GeoMesh>> operator Op                         \
                                            ^
/opt/openfoam5/src/OpenFOAM/lnInclude/DimensionedFieldFunctionsM.C:686:5: note: in expansion of macro 'BINARY_TYPE_OPERATOR_FS'
     BINARY_TYPE_OPERATOR_FS(ReturnType, Type1, Type2, Op, OpName, OpFunc)
     ^
/opt/openfoam5/src/OpenFOAM/lnInclude/DimensionedScalarField.C:92:1: note: in expansion of macro 'BINARY_TYPE_OPERATOR'
 BINARY_TYPE_OPERATOR(scalar, scalar, scalar, +, '+', add)
 ^
/opt/openfoam5/src/OpenFOAM/lnInclude/DimensionedFieldFunctionsM.C:638:44: note:   template argument deduction/substitution failed:
 tmp<DimensionedField<ReturnType, GeoMesh>> operator Op                         \
                                            ^
/opt/openfoam5/src/OpenFOAM/lnInclude/DimensionedFieldFunctionsM.C:686:5: note: in expansion of macro 'BINARY_TYPE_OPERATOR_FS'
     BINARY_TYPE_OPERATOR_FS(ReturnType, Type1, Type2, Op, OpName, OpFunc)
     ^
/opt/openfoam5/src/OpenFOAM/lnInclude/DimensionedScalarField.C:92:1: note: in expansion of macro 'BINARY_TYPE_OPERATOR'
 BINARY_TYPE_OPERATOR(scalar, scalar, scalar, +, '+', add)
 ^
In file included from pamFoam.C:141:0:
./processModels/XPBEqn.H:9:7: note:   candidate expects 2 arguments, 1 provided
     + alphaLiquid*YPBPH*rhoAcetateUptake
       ^
In file included from /opt/openfoam5/src/OpenFOAM/lnInclude/DimensionedScalarField.C:29:0,
                 from /opt/openfoam5/src/OpenFOAM/lnInclude/DimensionedScalarField.H:157,
                 from /opt/openfoam5/src/OpenFOAM/lnInclude/DimensionedFieldFunctions.H:26,
                 from /opt/openfoam5/src/OpenFOAM/lnInclude/DimensionedField.H:363,
                 from /opt/openfoam5/src/finiteVolume/lnInclude/fvMesh.H:58,
                 from /opt/openfoam5/src/finiteVolume/lnInclude/fvCFD.H:7,
                 from pamFoam.C:36:
/opt/openfoam5/src/OpenFOAM/lnInclude/DimensionedFieldFunctionsM.C:649:44: note: candidate: template<class GeoMesh> Foam::tmp<Foam::DimensionedField<double, GeoMesh> > Foam::operator+(const Foam::tmp<Foam::DimensionedField<double, GeoMesh> >&, const Foam::dimensioned<double>&)
 tmp<DimensionedField<ReturnType, GeoMesh>> operator Op                         \
                                            ^
/opt/openfoam5/src/OpenFOAM/lnInclude/DimensionedFieldFunctionsM.C:686:5: note: in expansion of macro 'BINARY_TYPE_OPERATOR_FS'
     BINARY_TYPE_OPERATOR_FS(ReturnType, Type1, Type2, Op, OpName, OpFunc)
     ^
/opt/openfoam5/src/OpenFOAM/lnInclude/DimensionedScalarField.C:92:1: note: in expansion of macro 'BINARY_TYPE_OPERATOR'
 BINARY_TYPE_OPERATOR(scalar, scalar, scalar, +, '+', add)
 ^
/opt/openfoam5/src/OpenFOAM/lnInclude/DimensionedFieldFunctionsM.C:649:44: note:   template argument deduction/substitution failed:
 tmp<DimensionedField<ReturnType, GeoMesh>> operator Op                         \
                                            ^
/opt/openfoam5/src/OpenFOAM/lnInclude/DimensionedFieldFunctionsM.C:686:5: note: in expansion of macro 'BINARY_TYPE_OPERATOR_FS'
     BINARY_TYPE_OPERATOR_FS(ReturnType, Type1, Type2, Op, OpName, OpFunc)
     ^
/opt/openfoam5/src/OpenFOAM/lnInclude/DimensionedScalarField.C:92:1: note: in expansion of macro 'BINARY_TYPE_OPERATOR'
 BINARY_TYPE_OPERATOR(scalar, scalar, scalar, +, '+', add)
 ^
In file included from pamFoam.C:141:0:
./processModels/XPBEqn.H:9:7: note:   'const volScalarField {aka const Foam::GeometricField<double, Foam::fvPatchField, Foam::volMesh>}' is not derived from 'const Foam::tmp<Foam::DimensionedField<double, GeoMesh> >'
     + alphaLiquid*YPBPH*rhoAcetateUptake
       ^
In file included from /opt/openfoam5/src/OpenFOAM/lnInclude/DimensionedScalarField.C:29:0,
                 from /opt/openfoam5/src/OpenFOAM/lnInclude/DimensionedScalarField.H:157,
                 from /opt/openfoam5/src/OpenFOAM/lnInclude/DimensionedFieldFunctions.H:26,
                 from /opt/openfoam5/src/OpenFOAM/lnInclude/DimensionedField.H:363,
                 from /opt/openfoam5/src/finiteVolume/lnInclude/fvMesh.H:58,
                 from /opt/openfoam5/src/finiteVolume/lnInclude/fvCFD.H:7,
                 from pamFoam.C:36:
/opt/openfoam5/src/OpenFOAM/lnInclude/DimensionedFieldFunctionsM.C:675:44: note: candidate: template<class GeoMesh> Foam::tmp<Foam::DimensionedField<double, GeoMesh> > Foam::operator+(const Foam::tmp<Foam::DimensionedField<double, GeoMesh> >&, const scalar&)
 tmp<DimensionedField<ReturnType, GeoMesh>> operator Op                         \
                                            ^
/opt/openfoam5/src/OpenFOAM/lnInclude/DimensionedFieldFunctionsM.C:686:5: note: in expansion of macro 'BINARY_TYPE_OPERATOR_FS'
     BINARY_TYPE_OPERATOR_FS(ReturnType, Type1, Type2, Op, OpName, OpFunc)
     ^
/opt/openfoam5/src/OpenFOAM/lnInclude/DimensionedScalarField.C:92:1: note: in expansion of macro 'BINARY_TYPE_OPERATOR'
 BINARY_TYPE_OPERATOR(scalar, scalar, scalar, +, '+', add)
 ^
/opt/openfoam5/src/OpenFOAM/lnInclude/DimensionedFieldFunctionsM.C:675:44: note:   template argument deduction/substitution failed:
 tmp<DimensionedField<ReturnType, GeoMesh>> operator Op                         \
                                            ^
/opt/openfoam5/src/OpenFOAM/lnInclude/DimensionedFieldFunctionsM.C:686:5: note: in expansion of macro 'BINARY_TYPE_OPERATOR_FS'
     BINARY_TYPE_OPERATOR_FS(ReturnType, Type1, Type2, Op, OpName, OpFunc)
     ^
/opt/openfoam5/src/OpenFOAM/lnInclude/DimensionedScalarField.C:92:1: note: in expansion of macro 'BINARY_TYPE_OPERATOR'
 BINARY_TYPE_OPERATOR(scalar, scalar, scalar, +, '+', add)
 ^
In file included from pamFoam.C:141:0:
./processModels/XPBEqn.H:9:7: note:   'const volScalarField {aka const Foam::GeometricField<double, Foam::fvPatchField, Foam::volMesh>}' is not derived from 'const Foam::tmp<Foam::DimensionedField<double, GeoMesh> >'
     + alphaLiquid*YPBPH*rhoAcetateUptake
       ^
In file included from /opt/openfoam5/src/OpenFOAM/lnInclude/DimensionedField.C:532:0,
                 from /opt/openfoam5/src/OpenFOAM/lnInclude/DimensionedField.H:366,
                 from /opt/openfoam5/src/finiteVolume/lnInclude/fvMesh.H:58,
                 from /opt/openfoam5/src/finiteVolume/lnInclude/fvCFD.H:7,
                 from pamFoam.C:36:
/opt/openfoam5/src/OpenFOAM/lnInclude/DimensionedFieldFunctions.C:371:1: note: candidate: template<class Type1, class Type2, class GeoMesh> Foam::tmp<Foam::DimensionedField<typename Foam::typeOfSum<arg1, arg2>::type, GeoMesh> > Foam::operator+(const Foam::DimensionedField<TypeR, GeoMesh>&, const Foam::DimensionedField<Type1, GeoMesh>&)
 operator op                                                                    \
 ^
/opt/openfoam5/src/OpenFOAM/lnInclude/DimensionedFieldFunctions.C:642:1: note: in expansion of macro 'PRODUCT_OPERATOR'
 PRODUCT_OPERATOR(typeOfSum, +, add)
 ^
/opt/openfoam5/src/OpenFOAM/lnInclude/DimensionedFieldFunctions.C:371:1: note:   template argument deduction/substitution failed:
 operator op                                                                    \
 ^
/opt/openfoam5/src/OpenFOAM/lnInclude/DimensionedFieldFunctions.C:642:1: note: in expansion of macro 'PRODUCT_OPERATOR'
 PRODUCT_OPERATOR(typeOfSum, +, add)
 ^
In file included from pamFoam.C:141:0:
./processModels/XPBEqn.H:9:7: note:   candidate expects 2 arguments, 1 provided
     + alphaLiquid*YPBPH*rhoAcetateUptake
       ^
In file included from /opt/openfoam5/src/OpenFOAM/lnInclude/DimensionedField.C:532:0,
                 from /opt/openfoam5/src/OpenFOAM/lnInclude/DimensionedField.H:366,
                 from /opt/openfoam5/src/finiteVolume/lnInclude/fvMesh.H:58,
                 from /opt/openfoam5/src/finiteVolume/lnInclude/fvCFD.H:7,
                 from pamFoam.C:36:
/opt/openfoam5/src/OpenFOAM/lnInclude/DimensionedFieldFunctions.C:400:1: note: candidate: template<class Type1, class Type2, class GeoMesh> Foam::tmp<Foam::DimensionedField<typename Foam::typeOfSum<arg1, arg2>::type, GeoMesh> > Foam::operator+(const Foam::DimensionedField<TypeR, GeoMesh>&, const Foam::tmp<Foam::DimensionedField<Type1, GeoMesh> >&)
 operator op                                                                    \
 ^
/opt/openfoam5/src/OpenFOAM/lnInclude/DimensionedFieldFunctions.C:642:1: note: in expansion of macro 'PRODUCT_OPERATOR'
 PRODUCT_OPERATOR(typeOfSum, +, add)
 ^
/opt/openfoam5/src/OpenFOAM/lnInclude/DimensionedFieldFunctions.C:400:1: note:   template argument deduction/substitution failed:
 operator op                                                                    \
 ^
/opt/openfoam5/src/OpenFOAM/lnInclude/DimensionedFieldFunctions.C:642:1: note: in expansion of macro 'PRODUCT_OPERATOR'
 PRODUCT_OPERATOR(typeOfSum, +, add)
 ^
In file included from pamFoam.C:141:0:
./processModels/XPBEqn.H:9:7: note:   candidate expects 2 arguments, 1 provided
     + alphaLiquid*YPBPH*rhoAcetateUptake
       ^
In file included from /opt/openfoam5/src/OpenFOAM/lnInclude/DimensionedField.C:532:0,
                 from /opt/openfoam5/src/OpenFOAM/lnInclude/DimensionedField.H:366,
                 from /opt/openfoam5/src/finiteVolume/lnInclude/fvMesh.H:58,
                 from /opt/openfoam5/src/finiteVolume/lnInclude/fvCFD.H:7,
                 from pamFoam.C:36:
/opt/openfoam5/src/OpenFOAM/lnInclude/DimensionedFieldFunctions.C:427:1: note: candidate: template<class Type1, class Type2, class GeoMesh> Foam::tmp<Foam::DimensionedField<typename Foam::typeOfSum<arg1, arg2>::type, GeoMesh> > Foam::operator+(const Foam::tmp<Foam::DimensionedField<TypeR, GeoMesh> >&, const Foam::DimensionedField<Type1, GeoMesh>&)
 operator op                                                                    \
 ^
/opt/openfoam5/src/OpenFOAM/lnInclude/DimensionedFieldFunctions.C:642:1: note: in expansion of macro 'PRODUCT_OPERATOR'
 PRODUCT_OPERATOR(typeOfSum, +, add)
 ^
/opt/openfoam5/src/OpenFOAM/lnInclude/DimensionedFieldFunctions.C:427:1: note:   template argument deduction/substitution failed:
 operator op                                                                    \
 ^
/opt/openfoam5/src/OpenFOAM/lnInclude/DimensionedFieldFunctions.C:642:1: note: in expansion of macro 'PRODUCT_OPERATOR'
 PRODUCT_OPERATOR(typeOfSum, +, add)
 ^
In file included from pamFoam.C:141:0:
./processModels/XPBEqn.H:9:7: note:   'const volScalarField {aka const Foam::GeometricField<double, Foam::fvPatchField, Foam::volMesh>}' is not derived from 'const Foam::tmp<Foam::DimensionedField<TypeR, GeoMesh> >'
     + alphaLiquid*YPBPH*rhoAcetateUptake
       ^
In file included from /opt/openfoam5/src/OpenFOAM/lnInclude/DimensionedField.C:532:0,
                 from /opt/openfoam5/src/OpenFOAM/lnInclude/DimensionedField.H:366,
                 from /opt/openfoam5/src/finiteVolume/lnInclude/fvMesh.H:58,
                 from /opt/openfoam5/src/finiteVolume/lnInclude/fvCFD.H:7,
                 from pamFoam.C:36:
/opt/openfoam5/src/OpenFOAM/lnInclude/DimensionedFieldFunctions.C:454:1: note: candidate: template<class Type1, class Type2, class GeoMesh> Foam::tmp<Foam::DimensionedField<typename Foam::typeOfSum<arg1, arg2>::type, GeoMesh> > Foam::operator+(const Foam::tmp<Foam::DimensionedField<TypeR, GeoMesh> >&, const Foam::tmp<Foam::DimensionedField<Type1, GeoMesh> >&)
 operator op                                                                    \
 ^
/opt/openfoam5/src/OpenFOAM/lnInclude/DimensionedFieldFunctions.C:642:1: note: in expansion of macro 'PRODUCT_OPERATOR'
 PRODUCT_OPERATOR(typeOfSum, +, add)
 ^
/opt/openfoam5/src/OpenFOAM/lnInclude/DimensionedFieldFunctions.C:454:1: note:   template argument deduction/substitution failed:
 operator op                                                                    \
 ^
/opt/openfoam5/src/OpenFOAM/lnInclude/DimensionedFieldFunctions.C:642:1: note: in expansion of macro 'PRODUCT_OPERATOR'
 PRODUCT_OPERATOR(typeOfSum, +, add)
 ^
In file included from pamFoam.C:141:0:
./processModels/XPBEqn.H:9:7: note:   'const volScalarField {aka const Foam::GeometricField<double, Foam::fvPatchField, Foam::volMesh>}' is not derived from 'const Foam::tmp<Foam::DimensionedField<TypeR, GeoMesh> >'
     + alphaLiquid*YPBPH*rhoAcetateUptake
       ^
In file included from /opt/openfoam5/src/OpenFOAM/lnInclude/DimensionedField.C:532:0,
                 from /opt/openfoam5/src/OpenFOAM/lnInclude/DimensionedField.H:366,
                 from /opt/openfoam5/src/finiteVolume/lnInclude/fvMesh.H:58,
                 from /opt/openfoam5/src/finiteVolume/lnInclude/fvCFD.H:7,
                 from pamFoam.C:36:
/opt/openfoam5/src/OpenFOAM/lnInclude/DimensionedFieldFunctions.C:485:1: note: candidate: template<class Form, class Type, class GeoMesh> Foam::tmp<Foam::DimensionedField<typename Foam::typeOfSum<Type, Form>::type, GeoMesh> > Foam::operator+(const Foam::DimensionedField<Type1, GeoMesh>&, const Foam::dimensioned<Type>&)
 operator op                                                                    \
 ^
/opt/openfoam5/src/OpenFOAM/lnInclude/DimensionedFieldFunctions.C:642:1: note: in expansion of macro 'PRODUCT_OPERATOR'
 PRODUCT_OPERATOR(typeOfSum, +, add)
 ^
/opt/openfoam5/src/OpenFOAM/lnInclude/DimensionedFieldFunctions.C:485:1: note:   template argument deduction/substitution failed:
 operator op                                                                    \
 ^
/opt/openfoam5/src/OpenFOAM/lnInclude/DimensionedFieldFunctions.C:642:1: note: in expansion of macro 'PRODUCT_OPERATOR'
 PRODUCT_OPERATOR(typeOfSum, +, add)
 ^
In file included from pamFoam.C:141:0:
./processModels/XPBEqn.H:9:7: note:   candidate expects 2 arguments, 1 provided
     + alphaLiquid*YPBPH*rhoAcetateUptake
       ^
In file included from /opt/openfoam5/src/OpenFOAM/lnInclude/DimensionedField.C:532:0,
                 from /opt/openfoam5/src/OpenFOAM/lnInclude/DimensionedField.H:366,
                 from /opt/openfoam5/src/finiteVolume/lnInclude/fvMesh.H:58,
                 from /opt/openfoam5/src/finiteVolume/lnInclude/fvCFD.H:7,
                 from pamFoam.C:36:
/opt/openfoam5/src/OpenFOAM/lnInclude/DimensionedFieldFunctions.C:515:1: note: candidate: template<class Form, class Cmpt, unsigned char nCmpt, class Type, class GeoMesh> Foam::tmp<Foam::DimensionedField<typename Foam::typeOfSum<Form, Type>::type, GeoMesh> > Foam::operator+(const Foam::DimensionedField<Type2, GeoMesh>&, const Foam::VectorSpace<Form, Cmpt, Ncmpts>&)
 operator op                                                                    \
 ^
/opt/openfoam5/src/OpenFOAM/lnInclude/DimensionedFieldFunctions.C:642:1: note: in expansion of macro 'PRODUCT_OPERATOR'
 PRODUCT_OPERATOR(typeOfSum, +, add)
 ^
/opt/openfoam5/src/OpenFOAM/lnInclude/DimensionedFieldFunctions.C:515:1: note:   template argument deduction/substitution failed:
 operator op                                                                    \
 ^
/opt/openfoam5/src/OpenFOAM/lnInclude/DimensionedFieldFunctions.C:642:1: note: in expansion of macro 'PRODUCT_OPERATOR'
 PRODUCT_OPERATOR(typeOfSum, +, add)
 ^
In file included from pamFoam.C:141:0:
./processModels/XPBEqn.H:9:7: note:   candidate expects 2 arguments, 1 provided
     + alphaLiquid*YPBPH*rhoAcetateUptake
       ^
In file included from /opt/openfoam5/src/OpenFOAM/lnInclude/DimensionedField.C:532:0,
                 from /opt/openfoam5/src/OpenFOAM/lnInclude/DimensionedField.H:366,
                 from /opt/openfoam5/src/finiteVolume/lnInclude/fvMesh.H:58,
                 from /opt/openfoam5/src/finiteVolume/lnInclude/fvCFD.H:7,
                 from pamFoam.C:36:
/opt/openfoam5/src/OpenFOAM/lnInclude/DimensionedFieldFunctions.C:527:1: note: candidate: template<class Form, class Type, class GeoMesh> Foam::tmp<Foam::DimensionedField<typename Foam::typeOfSum<Type, Form>::type, GeoMesh> > Foam::operator+(const Foam::tmp<Foam::DimensionedField<Type1, GeoMesh> >&, const Foam::dimensioned<Type>&)
 operator op                                                                    \
 ^
/opt/openfoam5/src/OpenFOAM/lnInclude/DimensionedFieldFunctions.C:642:1: note: in expansion of macro 'PRODUCT_OPERATOR'
 PRODUCT_OPERATOR(typeOfSum, +, add)
 ^
/opt/openfoam5/src/OpenFOAM/lnInclude/DimensionedFieldFunctions.C:527:1: note:   template argument deduction/substitution failed:
 operator op                                                                    \
 ^
/opt/openfoam5/src/OpenFOAM/lnInclude/DimensionedFieldFunctions.C:642:1: note: in expansion of macro 'PRODUCT_OPERATOR'
 PRODUCT_OPERATOR(typeOfSum, +, add)
 ^
In file included from pamFoam.C:141:0:
./processModels/XPBEqn.H:9:7: note:   'const volScalarField {aka const Foam::GeometricField<double, Foam::fvPatchField, Foam::volMesh>}' is not derived from 'const Foam::tmp<Foam::DimensionedField<Type1, GeoMesh> >'
     + alphaLiquid*YPBPH*rhoAcetateUptake
       ^
In file included from /opt/openfoam5/src/OpenFOAM/lnInclude/DimensionedField.C:532:0,
                 from /opt/openfoam5/src/OpenFOAM/lnInclude/DimensionedField.H:366,
                 from /opt/openfoam5/src/finiteVolume/lnInclude/fvMesh.H:58,
                 from /opt/openfoam5/src/finiteVolume/lnInclude/fvCFD.H:7,
                 from pamFoam.C:36:
/opt/openfoam5/src/OpenFOAM/lnInclude/DimensionedFieldFunctions.C:554:1: note: candidate: template<class Form, class Cmpt, unsigned char nCmpt, class Type, class GeoMesh> Foam::tmp<Foam::DimensionedField<typename Foam::typeOfSum<Form, Type>::type, GeoMesh> > Foam::operator+(const Foam::tmp<Foam::DimensionedField<Type2, GeoMesh> >&, const Foam::VectorSpace<Form, Cmpt, Ncmpts>&)
 operator op                                                                    \
 ^
/opt/openfoam5/src/OpenFOAM/lnInclude/DimensionedFieldFunctions.C:642:1: note: in expansion of macro 'PRODUCT_OPERATOR'
 PRODUCT_OPERATOR(typeOfSum, +, add)
 ^
/opt/openfoam5/src/OpenFOAM/lnInclude/DimensionedFieldFunctions.C:554:1: note:   template argument deduction/substitution failed:
 operator op                                                                    \
 ^
/opt/openfoam5/src/OpenFOAM/lnInclude/DimensionedFieldFunctions.C:642:1: note: in expansion of macro 'PRODUCT_OPERATOR'
 PRODUCT_OPERATOR(typeOfSum, +, add)
 ^
In file included from pamFoam.C:141:0:
./processModels/XPBEqn.H:9:7: note:   'const volScalarField {aka const Foam::GeometricField<double, Foam::fvPatchField, Foam::volMesh>}' is not derived from 'const Foam::tmp<Foam::DimensionedField<Type2, GeoMesh> >'
     + alphaLiquid*YPBPH*rhoAcetateUptake
       ^
In file included from /opt/openfoam5/src/OpenFOAM/lnInclude/DimensionedField.C:532:0,
                 from /opt/openfoam5/src/OpenFOAM/lnInclude/DimensionedField.H:366,
                 from /opt/openfoam5/src/finiteVolume/lnInclude/fvMesh.H:58,
                 from /opt/openfoam5/src/finiteVolume/lnInclude/fvCFD.H:7,
                 from pamFoam.C:36:
/opt/openfoam5/src/OpenFOAM/lnInclude/DimensionedFieldFunctions.C:566:1: note: candidate: template<class Form, class Type, class GeoMesh> Foam::tmp<Foam::DimensionedField<typename Foam::typeOfSum<arg1, arg2>::type, GeoMesh> > Foam::operator+(const Foam::dimensioned<Type>&, const Foam::DimensionedField<Type1, GeoMesh>&)
 operator op                                                                    \
 ^
/opt/openfoam5/src/OpenFOAM/lnInclude/DimensionedFieldFunctions.C:642:1: note: in expansion of macro 'PRODUCT_OPERATOR'
 PRODUCT_OPERATOR(typeOfSum, +, add)
 ^
/opt/openfoam5/src/OpenFOAM/lnInclude/DimensionedFieldFunctions.C:566:1: note:   template argument deduction/substitution failed:
 operator op                                                                    \
 ^
/opt/openfoam5/src/OpenFOAM/lnInclude/DimensionedFieldFunctions.C:642:1: note: in expansion of macro 'PRODUCT_OPERATOR'
 PRODUCT_OPERATOR(typeOfSum, +, add)
 ^
In file included from pamFoam.C:141:0:
./processModels/XPBEqn.H:9:7: note:   'const volScalarField {aka const Foam::GeometricField<double, Foam::fvPatchField, Foam::volMesh>}' is not derived from 'const Foam::dimensioned<Type>'
     + alphaLiquid*YPBPH*rhoAcetateUptake
       ^
In file included from /opt/openfoam5/src/OpenFOAM/lnInclude/DimensionedField.C:532:0,
                 from /opt/openfoam5/src/OpenFOAM/lnInclude/DimensionedField.H:366,
                 from /opt/openfoam5/src/finiteVolume/lnInclude/fvMesh.H:58,
                 from /opt/openfoam5/src/finiteVolume/lnInclude/fvCFD.H:7,
                 from pamFoam.C:36:
/opt/openfoam5/src/OpenFOAM/lnInclude/DimensionedFieldFunctions.C:595:1: note: candidate: template<class Form, class Cmpt, unsigned char nCmpt, class Type, class GeoMesh> Foam::tmp<Foam::DimensionedField<typename Foam::typeOfSum<Form, Type>::type, GeoMesh> > Foam::operator+(const Foam::VectorSpace<Form, Cmpt, Ncmpts>&, const Foam::DimensionedField<Type2, GeoMesh>&)
 operator op                                                                    \
 ^
/opt/openfoam5/src/OpenFOAM/lnInclude/DimensionedFieldFunctions.C:642:1: note: in expansion of macro 'PRODUCT_OPERATOR'
 PRODUCT_OPERATOR(typeOfSum, +, add)
 ^
/opt/openfoam5/src/OpenFOAM/lnInclude/DimensionedFieldFunctions.C:595:1: note:   template argument deduction/substitution failed:
 operator op                                                                    \
 ^
/opt/openfoam5/src/OpenFOAM/lnInclude/DimensionedFieldFunctions.C:642:1: note: in expansion of macro 'PRODUCT_OPERATOR'
 PRODUCT_OPERATOR(typeOfSum, +, add)
 ^
In file included from pamFoam.C:141:0:
./processModels/XPBEqn.H:9:7: note:   'const volScalarField {aka const Foam::GeometricField<double, Foam::fvPatchField, Foam::volMesh>}' is not derived from 'const Foam::VectorSpace<Form, Cmpt, Ncmpts>'
     + alphaLiquid*YPBPH*rhoAcetateUptake
       ^
In file included from /opt/openfoam5/src/OpenFOAM/lnInclude/DimensionedField.C:532:0,
                 from /opt/openfoam5/src/OpenFOAM/lnInclude/DimensionedField.H:366,
                 from /opt/openfoam5/src/finiteVolume/lnInclude/fvMesh.H:58,
                 from /opt/openfoam5/src/finiteVolume/lnInclude/fvCFD.H:7,
                 from pamFoam.C:36:
/opt/openfoam5/src/OpenFOAM/lnInclude/DimensionedFieldFunctions.C:606:1: note: candidate: template<class Form, class Type, class GeoMesh> Foam::tmp<Foam::DimensionedField<typename Foam::typeOfSum<arg1, arg2>::type, GeoMesh> > Foam::operator+(const Foam::dimensioned<Type>&, const Foam::tmp<Foam::DimensionedField<Type1, GeoMesh> >&)
 operator op                                                                    \
 ^
/opt/openfoam5/src/OpenFOAM/lnInclude/DimensionedFieldFunctions.C:642:1: note: in expansion of macro 'PRODUCT_OPERATOR'
 PRODUCT_OPERATOR(typeOfSum, +, add)
 ^
/opt/openfoam5/src/OpenFOAM/lnInclude/DimensionedFieldFunctions.C:606:1: note:   template argument deduction/substitution failed:
 operator op                                                                    \
 ^
/opt/openfoam5/src/OpenFOAM/lnInclude/DimensionedFieldFunctions.C:642:1: note: in expansion of macro 'PRODUCT_OPERATOR'
 PRODUCT_OPERATOR(typeOfSum, +, add)
 ^
In file included from pamFoam.C:141:0:
./processModels/XPBEqn.H:9:7: note:   'const volScalarField {aka const Foam::GeometricField<double, Foam::fvPatchField, Foam::volMesh>}' is not derived from 'const Foam::dimensioned<Type>'
     + alphaLiquid*YPBPH*rhoAcetateUptake
       ^
In file included from /opt/openfoam5/src/OpenFOAM/lnInclude/DimensionedField.C:532:0,
                 from /opt/openfoam5/src/OpenFOAM/lnInclude/DimensionedField.H:366,
                 from /opt/openfoam5/src/finiteVolume/lnInclude/fvMesh.H:58,
                 from /opt/openfoam5/src/finiteVolume/lnInclude/fvCFD.H:7,
                 from pamFoam.C:36:
/opt/openfoam5/src/OpenFOAM/lnInclude/DimensionedFieldFunctions.C:633:1: note: candidate: template<class Form, class Cmpt, unsigned char nCmpt, class Type, class GeoMesh> Foam::tmp<Foam::DimensionedField<typename Foam::typeOfSum<Form, Type>::type, GeoMesh> > Foam::operator+(const Foam::VectorSpace<Form, Cmpt, Ncmpts>&, const Foam::tmp<Foam::DimensionedField<Type2, GeoMesh> >&)
 operator op                                                                    \
 ^
/opt/openfoam5/src/OpenFOAM/lnInclude/DimensionedFieldFunctions.C:642:1: note: in expansion of macro 'PRODUCT_OPERATOR'
 PRODUCT_OPERATOR(typeOfSum, +, add)
 ^
/opt/openfoam5/src/OpenFOAM/lnInclude/DimensionedFieldFunctions.C:633:1: note:   template argument deduction/substitution failed:
 operator op                                                                    \
 ^
/opt/openfoam5/src/OpenFOAM/lnInclude/DimensionedFieldFunctions.C:642:1: note: in expansion of macro 'PRODUCT_OPERATOR'
 PRODUCT_OPERATOR(typeOfSum, +, add)
 ^
In file included from pamFoam.C:141:0:
./processModels/XPBEqn.H:9:7: note:   'const volScalarField {aka const Foam::GeometricField<double, Foam::fvPatchField, Foam::volMesh>}' is not derived from 'const Foam::VectorSpace<Form, Cmpt, Ncmpts>'
     + alphaLiquid*YPBPH*rhoAcetateUptake
       ^
In file included from /opt/openfoam5/src/OpenFOAM/lnInclude/scalarFieldField.C:32:0,
                 from /opt/openfoam5/src/OpenFOAM/lnInclude/scalarFieldField.H:158,
                 from /opt/openfoam5/src/OpenFOAM/lnInclude/FieldFieldFunctions.H:26,
                 from /opt/openfoam5/src/OpenFOAM/lnInclude/FieldField.H:195,
                 from /opt/openfoam5/src/OpenFOAM/lnInclude/GeometricField.H:45,
                 from /opt/openfoam5/src/OpenFOAM/lnInclude/GeometricScalarField.H:38,
                 from /opt/openfoam5/src/OpenFOAM/lnInclude/GeometricFields.H:34,
                 from /opt/openfoam5/src/finiteVolume/lnInclude/volFields.H:37,
                 from /opt/openfoam5/src/finiteVolume/lnInclude/surfaceInterpolationScheme.C:27,
                 from /opt/openfoam5/src/finiteVolume/lnInclude/surfaceInterpolationScheme.H:307,
                 from /opt/openfoam5/src/finiteVolume/lnInclude/surfaceInterpolate.H:41,
                 from /opt/openfoam5/src/finiteVolume/lnInclude/fvc.H:39,
                 from /opt/openfoam5/src/finiteVolume/lnInclude/fvCFD.H:8,
                 from pamFoam.C:36:
/opt/openfoam5/src/OpenFOAM/lnInclude/FieldFieldFunctionsM.C:407:36: note: candidate: template<template<class> class Field> Foam::tmp<Foam::FieldField<Field, double> > Foam::operator+(const scalar&, const Foam::FieldField<Field, double>&)
 tmp<FieldField<Field, ReturnType>> operator Op                                 \
                                    ^
/opt/openfoam5/src/OpenFOAM/lnInclude/FieldFieldFunctionsM.C:487:5: note: in expansion of macro 'BINARY_TYPE_OPERATOR_SF'
     BINARY_TYPE_OPERATOR_SF(ReturnType, Type1, Type2, Op, OpFunc)              \
     ^
/opt/openfoam5/src/OpenFOAM/lnInclude/scalarFieldField.C:85:1: note: in expansion of macro 'BINARY_TYPE_OPERATOR'
 BINARY_TYPE_OPERATOR(scalar, scalar, scalar, +, add)
 ^
/opt/openfoam5/src/OpenFOAM/lnInclude/FieldFieldFunctionsM.C:407:36: note:   template argument deduction/substitution failed:
 tmp<FieldField<Field, ReturnType>> operator Op                                 \
                                    ^
/opt/openfoam5/src/OpenFOAM/lnInclude/FieldFieldFunctionsM.C:487:5: note: in expansion of macro 'BINARY_TYPE_OPERATOR_SF'
     BINARY_TYPE_OPERATOR_SF(ReturnType, Type1, Type2, Op, OpFunc)              \
     ^
/opt/openfoam5/src/OpenFOAM/lnInclude/scalarFieldField.C:85:1: note: in expansion of macro 'BINARY_TYPE_OPERATOR'
 BINARY_TYPE_OPERATOR(scalar, scalar, scalar, +, add)
 ^
In file included from pamFoam.C:141:0:
./processModels/XPBEqn.H:9:7: note:   cannot convert 'alphaLiquid' (type 'const volScalarField {aka const Foam::GeometricField<double, Foam::fvPatchField, Foam::volMesh>}') to type 'const scalar& {aka const double&}'
     + alphaLiquid*YPBPH*rhoAcetateUptake
       ^
In file included from /opt/openfoam5/src/OpenFOAM/lnInclude/scalarFieldField.C:32:0,
                 from /opt/openfoam5/src/OpenFOAM/lnInclude/scalarFieldField.H:158,
                 from /opt/openfoam5/src/OpenFOAM/lnInclude/FieldFieldFunctions.H:26,
                 from /opt/openfoam5/src/OpenFOAM/lnInclude/FieldField.H:195,
                 from /opt/openfoam5/src/OpenFOAM/lnInclude/GeometricField.H:45,
                 from /opt/openfoam5/src/OpenFOAM/lnInclude/GeometricScalarField.H:38,
                 from /opt/openfoam5/src/OpenFOAM/lnInclude/GeometricFields.H:34,
                 from /opt/openfoam5/src/finiteVolume/lnInclude/volFields.H:37,
                 from /opt/openfoam5/src/finiteVolume/lnInclude/surfaceInterpolationScheme.C:27,
                 from /opt/openfoam5/src/finiteVolume/lnInclude/surfaceInterpolationScheme.H:307,
                 from /opt/openfoam5/src/finiteVolume/lnInclude/surfaceInterpolate.H:41,
                 from /opt/openfoam5/src/finiteVolume/lnInclude/fvc.H:39,
                 from /opt/openfoam5/src/finiteVolume/lnInclude/fvCFD.H:8,
                 from pamFoam.C:36:
/opt/openfoam5/src/OpenFOAM/lnInclude/FieldFieldFunctionsM.C:422:36: note: candidate: template<template<class> class Field> Foam::tmp<Foam::FieldField<Field, double> > Foam::operator+(const scalar&, const Foam::tmp<Foam::FieldField<Field, double> >&)
 tmp<FieldField<Field, ReturnType>> operator Op                                 \
                                    ^
/opt/openfoam5/src/OpenFOAM/lnInclude/FieldFieldFunctionsM.C:487:5: note: in expansion of macro 'BINARY_TYPE_OPERATOR_SF'
     BINARY_TYPE_OPERATOR_SF(ReturnType, Type1, Type2, Op, OpFunc)              \
     ^
/opt/openfoam5/src/OpenFOAM/lnInclude/scalarFieldField.C:85:1: note: in expansion of macro 'BINARY_TYPE_OPERATOR'
 BINARY_TYPE_OPERATOR(scalar, scalar, scalar, +, add)
 ^
/opt/openfoam5/src/OpenFOAM/lnInclude/FieldFieldFunctionsM.C:422:36: note:   template argument deduction/substitution failed:
 tmp<FieldField<Field, ReturnType>> operator Op                                 \
                                    ^
/opt/openfoam5/src/OpenFOAM/lnInclude/FieldFieldFunctionsM.C:487:5: note: in expansion of macro 'BINARY_TYPE_OPERATOR_SF'
     BINARY_TYPE_OPERATOR_SF(ReturnType, Type1, Type2, Op, OpFunc)              \
     ^
/opt/openfoam5/src/OpenFOAM/lnInclude/scalarFieldField.C:85:1: note: in expansion of macro 'BINARY_TYPE_OPERATOR'
 BINARY_TYPE_OPERATOR(scalar, scalar, scalar, +, add)
 ^
In file included from pamFoam.C:141:0:
./processModels/XPBEqn.H:9:7: note:   cannot convert 'alphaLiquid' (type 'const volScalarField {aka const Foam::GeometricField<double, Foam::fvPatchField, Foam::volMesh>}') to type 'const scalar& {aka const double&}'
     + alphaLiquid*YPBPH*rhoAcetateUptake
       ^
In file included from /opt/openfoam5/src/OpenFOAM/lnInclude/scalarFieldField.C:32:0,
                 from /opt/openfoam5/src/OpenFOAM/lnInclude/scalarFieldField.H:158,
                 from /opt/openfoam5/src/OpenFOAM/lnInclude/FieldFieldFunctions.H:26,
                 from /opt/openfoam5/src/OpenFOAM/lnInclude/FieldField.H:195,
                 from /opt/openfoam5/src/OpenFOAM/lnInclude/GeometricField.H:45,
                 from /opt/openfoam5/src/OpenFOAM/lnInclude/GeometricScalarField.H:38,
                 from /opt/openfoam5/src/OpenFOAM/lnInclude/GeometricFields.H:34,
                 from /opt/openfoam5/src/finiteVolume/lnInclude/volFields.H:37,
                 from /opt/openfoam5/src/finiteVolume/lnInclude/surfaceInterpolationScheme.C:27,
                 from /opt/openfoam5/src/finiteVolume/lnInclude/surfaceInterpolationScheme.H:307,
                 from /opt/openfoam5/src/finiteVolume/lnInclude/surfaceInterpolate.H:41,
                 from /opt/openfoam5/src/finiteVolume/lnInclude/fvc.H:39,
                 from /opt/openfoam5/src/finiteVolume/lnInclude/fvCFD.H:8,
                 from pamFoam.C:36:
/opt/openfoam5/src/OpenFOAM/lnInclude/FieldFieldFunctionsM.C:455:36: note: candidate: template<template<class> class Field> Foam::tmp<Foam::FieldField<Field, double> > Foam::operator+(const Foam::FieldField<Field, double>&, const scalar&)
 tmp<FieldField<Field, ReturnType>> operator Op                                 \
                                    ^
/opt/openfoam5/src/OpenFOAM/lnInclude/FieldFieldFunctionsM.C:488:5: note: in expansion of macro 'BINARY_TYPE_OPERATOR_FS'
     BINARY_TYPE_OPERATOR_FS(ReturnType, Type1, Type2, Op, OpFunc)
     ^
/opt/openfoam5/src/OpenFOAM/lnInclude/scalarFieldField.C:85:1: note: in expansion of macro 'BINARY_TYPE_OPERATOR'
 BINARY_TYPE_OPERATOR(scalar, scalar, scalar, +, add)
 ^
/opt/openfoam5/src/OpenFOAM/lnInclude/FieldFieldFunctionsM.C:455:36: note:   template argument deduction/substitution failed:
 tmp<FieldField<Field, ReturnType>> operator Op                                 \
                                    ^
/opt/openfoam5/src/OpenFOAM/lnInclude/FieldFieldFunctionsM.C:488:5: note: in expansion of macro 'BINARY_TYPE_OPERATOR_FS'
     BINARY_TYPE_OPERATOR_FS(ReturnType, Type1, Type2, Op, OpFunc)
     ^
/opt/openfoam5/src/OpenFOAM/lnInclude/scalarFieldField.C:85:1: note: in expansion of macro 'BINARY_TYPE_OPERATOR'
 BINARY_TYPE_OPERATOR(scalar, scalar, scalar, +, add)
 ^
In file included from pamFoam.C:141:0:
./processModels/XPBEqn.H:9:7: note:   'const volScalarField {aka const Foam::GeometricField<double, Foam::fvPatchField, Foam::volMesh>}' is not derived from 'const Foam::FieldField<Field, double>'
     + alphaLiquid*YPBPH*rhoAcetateUptake
       ^
In file included from /opt/openfoam5/src/OpenFOAM/lnInclude/scalarFieldField.C:32:0,
                 from /opt/openfoam5/src/OpenFOAM/lnInclude/scalarFieldField.H:158,
                 from /opt/openfoam5/src/OpenFOAM/lnInclude/FieldFieldFunctions.H:26,
                 from /opt/openfoam5/src/OpenFOAM/lnInclude/FieldField.H:195,
                 from /opt/openfoam5/src/OpenFOAM/lnInclude/GeometricField.H:45,
                 from /opt/openfoam5/src/OpenFOAM/lnInclude/GeometricScalarField.H:38,
                 from /opt/openfoam5/src/OpenFOAM/lnInclude/GeometricFields.H:34,
                 from /opt/openfoam5/src/finiteVolume/lnInclude/volFields.H:37,
                 from /opt/openfoam5/src/finiteVolume/lnInclude/surfaceInterpolationScheme.C:27,
                 from /opt/openfoam5/src/finiteVolume/lnInclude/surfaceInterpolationScheme.H:307,
                 from /opt/openfoam5/src/finiteVolume/lnInclude/surfaceInterpolate.H:41,
                 from /opt/openfoam5/src/finiteVolume/lnInclude/fvc.H:39,
                 from /opt/openfoam5/src/finiteVolume/lnInclude/fvCFD.H:8,
                 from pamFoam.C:36:
/opt/openfoam5/src/OpenFOAM/lnInclude/FieldFieldFunctionsM.C:470:36: note: candidate: template<template<class> class Field> Foam::tmp<Foam::FieldField<Field, double> > Foam::operator+(const Foam::tmp<Foam::FieldField<Field, double> >&, const scalar&)
 tmp<FieldField<Field, ReturnType>> operator Op                                 \
                                    ^
/opt/openfoam5/src/OpenFOAM/lnInclude/FieldFieldFunctionsM.C:488:5: note: in expansion of macro 'BINARY_TYPE_OPERATOR_FS'
     BINARY_TYPE_OPERATOR_FS(ReturnType, Type1, Type2, Op, OpFunc)
     ^
/opt/openfoam5/src/OpenFOAM/lnInclude/scalarFieldField.C:85:1: note: in expansion of macro 'BINARY_TYPE_OPERATOR'
 BINARY_TYPE_OPERATOR(scalar, scalar, scalar, +, add)
 ^
/opt/openfoam5/src/OpenFOAM/lnInclude/FieldFieldFunctionsM.C:470:36: note:   template argument deduction/substitution failed:
 tmp<FieldField<Field, ReturnType>> operator Op                                 \
                                    ^
/opt/openfoam5/src/OpenFOAM/lnInclude/FieldFieldFunctionsM.C:488:5: note: in expansion of macro 'BINARY_TYPE_OPERATOR_FS'
     BINARY_TYPE_OPERATOR_FS(ReturnType, Type1, Type2, Op, OpFunc)
     ^
/opt/openfoam5/src/OpenFOAM/lnInclude/scalarFieldField.C:85:1: note: in expansion of macro 'BINARY_TYPE_OPERATOR'
 BINARY_TYPE_OPERATOR(scalar, scalar, scalar, +, add)
 ^
In file included from pamFoam.C:141:0:
./processModels/XPBEqn.H:9:7: note:   'const volScalarField {aka const Foam::GeometricField<double, Foam::fvPatchField, Foam::volMesh>}' is not derived from 'const Foam::tmp<Foam::FieldField<Field, double> >'
     + alphaLiquid*YPBPH*rhoAcetateUptake
       ^
In file included from /opt/openfoam5/src/OpenFOAM/lnInclude/FieldField.C:390:0,
                 from /opt/openfoam5/src/OpenFOAM/lnInclude/FieldField.H:198,
                 from /opt/openfoam5/src/OpenFOAM/lnInclude/GeometricField.H:45,
                 from /opt/openfoam5/src/OpenFOAM/lnInclude/GeometricScalarField.H:38,
                 from /opt/openfoam5/src/OpenFOAM/lnInclude/GeometricFields.H:34,
                 from /opt/openfoam5/src/finiteVolume/lnInclude/volFields.H:37,
                 from /opt/openfoam5/src/finiteVolume/lnInclude/surfaceInterpolationScheme.C:27,
                 from /opt/openfoam5/src/finiteVolume/lnInclude/surfaceInterpolationScheme.H:307,
                 from /opt/openfoam5/src/finiteVolume/lnInclude/surfaceInterpolate.H:41,
                 from /opt/openfoam5/src/finiteVolume/lnInclude/fvc.H:39,
                 from /opt/openfoam5/src/finiteVolume/lnInclude/fvCFD.H:8,
                 from pamFoam.C:36:
/opt/openfoam5/src/OpenFOAM/lnInclude/FieldFieldFunctions.C:654:1: note: candidate: template<template<class> class Field1, template<class> class Field2, class Type1, class Type2> Foam::tmp<Foam::FieldField<Field1, typename Foam::typeOfSum<Type1, Type2>::type> > Foam::operator+(const Foam::FieldField<Field, Type1>&, const Foam::FieldField<Field2, Type2>&)
 operator op                                                                    \
 ^
/opt/openfoam5/src/OpenFOAM/lnInclude/FieldFieldFunctions.C:901:1: note: in expansion of macro 'PRODUCT_OPERATOR'
 PRODUCT_OPERATOR(typeOfSum, +, add)
 ^
/opt/openfoam5/src/OpenFOAM/lnInclude/FieldFieldFunctions.C:654:1: note:   template argument deduction/substitution failed:
 operator op                                                                    \
 ^
/opt/openfoam5/src/OpenFOAM/lnInclude/FieldFieldFunctions.C:901:1: note: in expansion of macro 'PRODUCT_OPERATOR'
 PRODUCT_OPERATOR(typeOfSum, +, add)
 ^
In file included from pamFoam.C:141:0:
./processModels/XPBEqn.H:9:7: note:   'const volScalarField {aka const Foam::GeometricField<double, Foam::fvPatchField, Foam::volMesh>}' is not derived from 'const Foam::FieldField<Field, Type1>'
     + alphaLiquid*YPBPH*rhoAcetateUptake
       ^
In file included from /opt/openfoam5/src/OpenFOAM/lnInclude/FieldField.C:390:0,
                 from /opt/openfoam5/src/OpenFOAM/lnInclude/FieldField.H:198,
                 from /opt/openfoam5/src/OpenFOAM/lnInclude/GeometricField.H:45,
                 from /opt/openfoam5/src/OpenFOAM/lnInclude/GeometricScalarField.H:38,
                 from /opt/openfoam5/src/OpenFOAM/lnInclude/GeometricFields.H:34,
                 from /opt/openfoam5/src/finiteVolume/lnInclude/volFields.H:37,
                 from /opt/openfoam5/src/finiteVolume/lnInclude/surfaceInterpolationScheme.C:27,
                 from /opt/openfoam5/src/finiteVolume/lnInclude/surfaceInterpolationScheme.H:307,
                 from /opt/openfoam5/src/finiteVolume/lnInclude/surfaceInterpolate.H:41,
                 from /opt/openfoam5/src/finiteVolume/lnInclude/fvc.H:39,
                 from /opt/openfoam5/src/finiteVolume/lnInclude/fvCFD.H:8,
                 from pamFoam.C:36:
/opt/openfoam5/src/OpenFOAM/lnInclude/FieldFieldFunctions.C:671:1: note: candidate: template<template<class> class Field, class Type1, class Type2> Foam::tmp<Foam::FieldField<Field, typename Foam::typeOfSum<Type1, Type2>::type> > Foam::operator+(const Foam::FieldField<Field, Type>&, const Foam::tmp<Foam::FieldField<Field, Type1> >&)
 operator op                                                                    \
 ^
/opt/openfoam5/src/OpenFOAM/lnInclude/FieldFieldFunctions.C:901:1: note: in expansion of macro 'PRODUCT_OPERATOR'
 PRODUCT_OPERATOR(typeOfSum, +, add)
 ^
/opt/openfoam5/src/OpenFOAM/lnInclude/FieldFieldFunctions.C:671:1: note:   template argument deduction/substitution failed:
 operator op                                                                    \
 ^
/opt/openfoam5/src/OpenFOAM/lnInclude/FieldFieldFunctions.C:901:1: note: in expansion of macro 'PRODUCT_OPERATOR'
 PRODUCT_OPERATOR(typeOfSum, +, add)
 ^
In file included from pamFoam.C:141:0:
./processModels/XPBEqn.H:9:7: note:   'const volScalarField {aka const Foam::GeometricField<double, Foam::fvPatchField, Foam::volMesh>}' is not derived from 'const Foam::FieldField<Field, Type>'
     + alphaLiquid*YPBPH*rhoAcetateUptake
       ^
In file included from /opt/openfoam5/src/OpenFOAM/lnInclude/FieldField.H:195:0,
                 from /opt/openfoam5/src/OpenFOAM/lnInclude/GeometricField.H:45,
                 from /opt/openfoam5/src/OpenFOAM/lnInclude/GeometricScalarField.H:38,
                 from /opt/openfoam5/src/OpenFOAM/lnInclude/GeometricFields.H:34,
                 from /opt/openfoam5/src/finiteVolume/lnInclude/volFields.H:37,
                 from /opt/openfoam5/src/finiteVolume/lnInclude/surfaceInterpolationScheme.C:27,
                 from /opt/openfoam5/src/finiteVolume/lnInclude/surfaceInterpolationScheme.H:307,
                 from /opt/openfoam5/src/finiteVolume/lnInclude/surfaceInterpolate.H:41,
                 from /opt/openfoam5/src/finiteVolume/lnInclude/fvc.H:39,
                 from /opt/openfoam5/src/finiteVolume/lnInclude/fvCFD.H:8,
                 from pamFoam.C:36:
/opt/openfoam5/src/OpenFOAM/lnInclude/FieldFieldFunctions.H:314:1: note: candidate: template<template<class> class Field1, template<class> class Field2, class Type1, class Type2> Foam::tmp<Foam::FieldField<Field1, typename Foam::typeOfSum<Type1, Type2>::type> > Foam::operator+(const Foam::FieldField<Field, Type1>&, const Foam::tmp<Foam::FieldField<Field2, Type2> >&)
 operator op                                                                    \
 ^
/opt/openfoam5/src/OpenFOAM/lnInclude/FieldFieldFunctions.H:438:1: note: in expansion of macro 'PRODUCT_OPERATOR'
 PRODUCT_OPERATOR(typeOfSum, +, add)
 ^
/opt/openfoam5/src/OpenFOAM/lnInclude/FieldFieldFunctions.H:314:1: note:   template argument deduction/substitution failed:
 operator op                                                                    \
 ^
/opt/openfoam5/src/OpenFOAM/lnInclude/FieldFieldFunctions.H:438:1: note: in expansion of macro 'PRODUCT_OPERATOR'
 PRODUCT_OPERATOR(typeOfSum, +, add)
 ^
In file included from pamFoam.C:141:0:
./processModels/XPBEqn.H:9:7: note:   'const volScalarField {aka const Foam::GeometricField<double, Foam::fvPatchField, Foam::volMesh>}' is not derived from 'const Foam::FieldField<Field, Type1>'
     + alphaLiquid*YPBPH*rhoAcetateUptake
       ^
In file included from /opt/openfoam5/src/OpenFOAM/lnInclude/FieldField.C:390:0,
                 from /opt/openfoam5/src/OpenFOAM/lnInclude/FieldField.H:198,
                 from /opt/openfoam5/src/OpenFOAM/lnInclude/GeometricField.H:45,
                 from /opt/openfoam5/src/OpenFOAM/lnInclude/GeometricScalarField.H:38,
                 from /opt/openfoam5/src/OpenFOAM/lnInclude/GeometricFields.H:34,
                 from /opt/openfoam5/src/finiteVolume/lnInclude/volFields.H:37,
                 from /opt/openfoam5/src/finiteVolume/lnInclude/surfaceInterpolationScheme.C:27,
                 from /opt/openfoam5/src/finiteVolume/lnInclude/surfaceInterpolationScheme.H:307,
                 from /opt/openfoam5/src/finiteVolume/lnInclude/surfaceInterpolate.H:41,
                 from /opt/openfoam5/src/finiteVolume/lnInclude/fvc.H:39,
                 from /opt/openfoam5/src/finiteVolume/lnInclude/fvCFD.H:8,
                 from pamFoam.C:36:
/opt/openfoam5/src/OpenFOAM/lnInclude/FieldFieldFunctions.C:719:1: note: candidate: template<template<class> class Field1, template<class> class Field2, class Type1, class Type2> Foam::tmp<Foam::FieldField<Field1, typename Foam::typeOfSum<Type1, Type2>::type> > Foam::operator+(const Foam::tmp<Foam::FieldField<Field, Type1> >&, const Foam::FieldField<Field2, Type2>&)
 operator op                                                                    \
 ^
/opt/openfoam5/src/OpenFOAM/lnInclude/FieldFieldFunctions.C:901:1: note: in expansion of macro 'PRODUCT_OPERATOR'
 PRODUCT_OPERATOR(typeOfSum, +, add)
 ^
/opt/openfoam5/src/OpenFOAM/lnInclude/FieldFieldFunctions.C:719:1: note:   template argument deduction/substitution failed:
 operator op                                                                    \
 ^
/opt/openfoam5/src/OpenFOAM/lnInclude/FieldFieldFunctions.C:901:1: note: in expansion of macro 'PRODUCT_OPERATOR'
 PRODUCT_OPERATOR(typeOfSum, +, add)
 ^
In file included from pamFoam.C:141:0:
./processModels/XPBEqn.H:9:7: note:   'const volScalarField {aka const Foam::GeometricField<double, Foam::fvPatchField, Foam::volMesh>}' is not derived from 'const Foam::tmp<Foam::FieldField<Field, Type1> >'
     + alphaLiquid*YPBPH*rhoAcetateUptake
       ^
In file included from /opt/openfoam5/src/OpenFOAM/lnInclude/FieldField.C:390:0,
                 from /opt/openfoam5/src/OpenFOAM/lnInclude/FieldField.H:198,
                 from /opt/openfoam5/src/OpenFOAM/lnInclude/GeometricField.H:45,
                 from /opt/openfoam5/src/OpenFOAM/lnInclude/GeometricScalarField.H:38,
                 from /opt/openfoam5/src/OpenFOAM/lnInclude/GeometricFields.H:34,
                 from /opt/openfoam5/src/finiteVolume/lnInclude/volFields.H:37,
                 from /opt/openfoam5/src/finiteVolume/lnInclude/surfaceInterpolationScheme.C:27,
                 from /opt/openfoam5/src/finiteVolume/lnInclude/surfaceInterpolationScheme.H:307,
                 from /opt/openfoam5/src/finiteVolume/lnInclude/surfaceInterpolate.H:41,
                 from /opt/openfoam5/src/finiteVolume/lnInclude/fvc.H:39,
                 from /opt/openfoam5/src/finiteVolume/lnInclude/fvCFD.H:8,
                 from pamFoam.C:36:
/opt/openfoam5/src/OpenFOAM/lnInclude/FieldFieldFunctions.C:743:1: note: candidate: template<template<class> class Field1, template<class> class Field2, class Type1, class Type2> Foam::tmp<Foam::FieldField<Field1, typename Foam::typeOfSum<Type1, Type2>::type> > Foam::operator+(const Foam::tmp<Foam::FieldField<Field, Type1> >&, const Foam::tmp<Foam::FieldField<Field2, Type2> >&)
 operator op                                                                    \
 ^
/opt/openfoam5/src/OpenFOAM/lnInclude/FieldFieldFunctions.C:901:1: note: in expansion of macro 'PRODUCT_OPERATOR'
 PRODUCT_OPERATOR(typeOfSum, +, add)
 ^
/opt/openfoam5/src/OpenFOAM/lnInclude/FieldFieldFunctions.C:743:1: note:   template argument deduction/substitution failed:
 operator op                                                                    \
 ^
/opt/openfoam5/src/OpenFOAM/lnInclude/FieldFieldFunctions.C:901:1: note: in expansion of macro 'PRODUCT_OPERATOR'
 PRODUCT_OPERATOR(typeOfSum, +, add)
 ^
In file included from pamFoam.C:141:0:
./processModels/XPBEqn.H:9:7: note:   'const volScalarField {aka const Foam::GeometricField<double, Foam::fvPatchField, Foam::volMesh>}' is not derived from 'const Foam::tmp<Foam::FieldField<Field, Type1> >'
     + alphaLiquid*YPBPH*rhoAcetateUptake
       ^
In file included from /opt/openfoam5/src/OpenFOAM/lnInclude/FieldField.C:390:0,
                 from /opt/openfoam5/src/OpenFOAM/lnInclude/FieldField.H:198,
                 from /opt/openfoam5/src/OpenFOAM/lnInclude/GeometricField.H:45,
                 from /opt/openfoam5/src/OpenFOAM/lnInclude/GeometricScalarField.H:38,
                 from /opt/openfoam5/src/OpenFOAM/lnInclude/GeometricFields.H:34,
                 from /opt/openfoam5/src/finiteVolume/lnInclude/volFields.H:37,
                 from /opt/openfoam5/src/finiteVolume/lnInclude/surfaceInterpolationScheme.C:27,
                 from /opt/openfoam5/src/finiteVolume/lnInclude/surfaceInterpolationScheme.H:307,
                 from /opt/openfoam5/src/finiteVolume/lnInclude/surfaceInterpolate.H:41,
                 from /opt/openfoam5/src/finiteVolume/lnInclude/fvc.H:39,
                 from /opt/openfoam5/src/finiteVolume/lnInclude/fvCFD.H:8,
                 from pamFoam.C:36:
/opt/openfoam5/src/OpenFOAM/lnInclude/FieldFieldFunctions.C:791:1: note: candidate: template<template<class> class Field, class Type, class Form, class Cmpt, unsigned char nCmpt> Foam::tmp<Foam::FieldField<Field, typename Foam::typeOfSum<Type1, Type2>::type> > Foam::operator+(const Foam::FieldField<Field, Type>&, const Foam::VectorSpace<Form, Cmpt, nCmpt>&)
 operator op                                                                    \
 ^
/opt/openfoam5/src/OpenFOAM/lnInclude/FieldFieldFunctions.C:901:1: note: in expansion of macro 'PRODUCT_OPERATOR'
 PRODUCT_OPERATOR(typeOfSum, +, add)
 ^
/opt/openfoam5/src/OpenFOAM/lnInclude/FieldFieldFunctions.C:791:1: note:   template argument deduction/substitution failed:
 operator op                                                                    \
 ^
/opt/openfoam5/src/OpenFOAM/lnInclude/FieldFieldFunctions.C:901:1: note: in expansion of macro 'PRODUCT_OPERATOR'
 PRODUCT_OPERATOR(typeOfSum, +, add)
 ^
In file included from pamFoam.C:141:0:
./processModels/XPBEqn.H:9:7: note:   'const volScalarField {aka const Foam::GeometricField<double, Foam::fvPatchField, Foam::volMesh>}' is not derived from 'const Foam::FieldField<Field, Type>'
     + alphaLiquid*YPBPH*rhoAcetateUptake
       ^
In file included from /opt/openfoam5/src/OpenFOAM/lnInclude/FieldField.C:390:0,
                 from /opt/openfoam5/src/OpenFOAM/lnInclude/FieldField.H:198,
                 from /opt/openfoam5/src/OpenFOAM/lnInclude/GeometricField.H:45,
                 from /opt/openfoam5/src/OpenFOAM/lnInclude/GeometricScalarField.H:38,
                 from /opt/openfoam5/src/OpenFOAM/lnInclude/GeometricFields.H:34,
                 from /opt/openfoam5/src/finiteVolume/lnInclude/volFields.H:37,
                 from /opt/openfoam5/src/finiteVolume/lnInclude/surfaceInterpolationScheme.C:27,
                 from /opt/openfoam5/src/finiteVolume/lnInclude/surfaceInterpolationScheme.H:307,
                 from /opt/openfoam5/src/finiteVolume/lnInclude/surfaceInterpolate.H:41,
                 from /opt/openfoam5/src/finiteVolume/lnInclude/fvc.H:39,
                 from /opt/openfoam5/src/finiteVolume/lnInclude/fvCFD.H:8,
                 from pamFoam.C:36:
/opt/openfoam5/src/OpenFOAM/lnInclude/FieldFieldFunctions.C:815:1: note: candidate: template<template<class> class Field, class Type, class Form, class Cmpt, unsigned char nCmpt> Foam::tmp<Foam::FieldField<Field, typename Foam::typeOfSum<Type1, Type2>::type> > Foam::operator+(const Foam::tmp<Foam::FieldField<Field, Type> >&, const Foam::VectorSpace<Form, Cmpt, nCmpt>&)
 operator op                                                                    \
 ^
/opt/openfoam5/src/OpenFOAM/lnInclude/FieldFieldFunctions.C:901:1: note: in expansion of macro 'PRODUCT_OPERATOR'
 PRODUCT_OPERATOR(typeOfSum, +, add)
 ^
/opt/openfoam5/src/OpenFOAM/lnInclude/FieldFieldFunctions.C:815:1: note:   template argument deduction/substitution failed:
 operator op                                                                    \
 ^
/opt/openfoam5/src/OpenFOAM/lnInclude/FieldFieldFunctions.C:901:1: note: in expansion of macro 'PRODUCT_OPERATOR'
 PRODUCT_OPERATOR(typeOfSum, +, add)
 ^
In file included from pamFoam.C:141:0:
./processModels/XPBEqn.H:9:7: note:   'const volScalarField {aka const Foam::GeometricField<double, Foam::fvPatchField, Foam::volMesh>}' is not derived from 'const Foam::tmp<Foam::FieldField<Field, Type> >'
     + alphaLiquid*YPBPH*rhoAcetateUptake
       ^
In file included from /opt/openfoam5/src/OpenFOAM/lnInclude/FieldField.C:390:0,
                 from /opt/openfoam5/src/OpenFOAM/lnInclude/FieldField.H:198,
                 from /opt/openfoam5/src/OpenFOAM/lnInclude/GeometricField.H:45,
                 from /opt/openfoam5/src/OpenFOAM/lnInclude/GeometricScalarField.H:38,
                 from /opt/openfoam5/src/OpenFOAM/lnInclude/GeometricFields.H:34,
                 from /opt/openfoam5/src/finiteVolume/lnInclude/volFields.H:37,
                 from /opt/openfoam5/src/finiteVolume/lnInclude/surfaceInterpolationScheme.C:27,
                 from /opt/openfoam5/src/finiteVolume/lnInclude/surfaceInterpolationScheme.H:307,
                 from /opt/openfoam5/src/finiteVolume/lnInclude/surfaceInterpolate.H:41,
                 from /opt/openfoam5/src/finiteVolume/lnInclude/fvc.H:39,
                 from /opt/openfoam5/src/finiteVolume/lnInclude/fvCFD.H:8,
                 from pamFoam.C:36:
/opt/openfoam5/src/OpenFOAM/lnInclude/FieldFieldFunctions.C:861:1: note: candidate: template<template<class> class Field, class Type, class Form, class Cmpt, unsigned char nCmpt> Foam::tmp<Foam::FieldField<Field, typename Foam::typeOfSum<Form, Type>::type> > Foam::operator+(const Foam::VectorSpace<Form, Cmpt, nCmpt>&, const Foam::FieldField<Field, Type>&)
 operator op                                                                    \
 ^
/opt/openfoam5/src/OpenFOAM/lnInclude/FieldFieldFunctions.C:901:1: note: in expansion of macro 'PRODUCT_OPERATOR'
 PRODUCT_OPERATOR(typeOfSum, +, add)
 ^
/opt/openfoam5/src/OpenFOAM/lnInclude/FieldFieldFunctions.C:861:1: note:   template argument deduction/substitution failed:
 operator op                                                                    \
 ^
/opt/openfoam5/src/OpenFOAM/lnInclude/FieldFieldFunctions.C:901:1: note: in expansion of macro 'PRODUCT_OPERATOR'
 PRODUCT_OPERATOR(typeOfSum, +, add)
 ^
In file included from pamFoam.C:141:0:
./processModels/XPBEqn.H:9:7: note:   'const volScalarField {aka const Foam::GeometricField<double, Foam::fvPatchField, Foam::volMesh>}' is not derived from 'const Foam::VectorSpace<Form, Cmpt, nCmpt>'
     + alphaLiquid*YPBPH*rhoAcetateUptake
       ^
In file included from /opt/openfoam5/src/OpenFOAM/lnInclude/FieldField.C:390:0,
                 from /opt/openfoam5/src/OpenFOAM/lnInclude/FieldField.H:198,
                 from /opt/openfoam5/src/OpenFOAM/lnInclude/GeometricField.H:45,
                 from /opt/openfoam5/src/OpenFOAM/lnInclude/GeometricScalarField.H:38,
                 from /opt/openfoam5/src/OpenFOAM/lnInclude/GeometricFields.H:34,
                 from /opt/openfoam5/src/finiteVolume/lnInclude/volFields.H:37,
                 from /opt/openfoam5/src/finiteVolume/lnInclude/surfaceInterpolationScheme.C:27,
                 from /opt/openfoam5/src/finiteVolume/lnInclude/surfaceInterpolationScheme.H:307,
                 from /opt/openfoam5/src/finiteVolume/lnInclude/surfaceInterpolate.H:41,
                 from /opt/openfoam5/src/finiteVolume/lnInclude/fvc.H:39,
                 from /opt/openfoam5/src/finiteVolume/lnInclude/fvCFD.H:8,
                 from pamFoam.C:36:
/opt/openfoam5/src/OpenFOAM/lnInclude/FieldFieldFunctions.C:885:1: note: candidate: template<template<class> class Field, class Type, class Form, class Cmpt, unsigned char nCmpt> Foam::tmp<Foam::FieldField<Field, typename Foam::typeOfSum<Form, Type>::type> > Foam::operator+(const Foam::VectorSpace<Form, Cmpt, nCmpt>&, const Foam::tmp<Foam::FieldField<Field, Type> >&)
 operator op                                                                    \
 ^
/opt/openfoam5/src/OpenFOAM/lnInclude/FieldFieldFunctions.C:901:1: note: in expansion of macro 'PRODUCT_OPERATOR'
 PRODUCT_OPERATOR(typeOfSum, +, add)
 ^
/opt/openfoam5/src/OpenFOAM/lnInclude/FieldFieldFunctions.C:885:1: note:   template argument deduction/substitution failed:
 operator op                                                                    \
 ^
/opt/openfoam5/src/OpenFOAM/lnInclude/FieldFieldFunctions.C:901:1: note: in expansion of macro 'PRODUCT_OPERATOR'
 PRODUCT_OPERATOR(typeOfSum, +, add)
 ^
In file included from pamFoam.C:141:0:
./processModels/XPBEqn.H:9:7: note:   'const volScalarField {aka const Foam::GeometricField<double, Foam::fvPatchField, Foam::volMesh>}' is not derived from 'const Foam::VectorSpace<Form, Cmpt, nCmpt>'
     + alphaLiquid*YPBPH*rhoAcetateUptake
       ^
In file included from /opt/openfoam5/src/OpenFOAM/lnInclude/FieldField.C:390:0,
                 from /opt/openfoam5/src/OpenFOAM/lnInclude/FieldField.H:198,
                 from /opt/openfoam5/src/OpenFOAM/lnInclude/GeometricField.H:45,
                 from /opt/openfoam5/src/OpenFOAM/lnInclude/GeometricScalarField.H:38,
                 from /opt/openfoam5/src/OpenFOAM/lnInclude/GeometricFields.H:34,
                 from /opt/openfoam5/src/finiteVolume/lnInclude/volFields.H:37,
                 from /opt/openfoam5/src/finiteVolume/lnInclude/surfaceInterpolationScheme.C:27,
                 from /opt/openfoam5/src/finiteVolume/lnInclude/surfaceInterpolationScheme.H:307,
                 from /opt/openfoam5/src/finiteVolume/lnInclude/surfaceInterpolate.H:41,
                 from /opt/openfoam5/src/finiteVolume/lnInclude/fvc.H:39,
                 from /opt/openfoam5/src/finiteVolume/lnInclude/fvCFD.H:8,
                 from pamFoam.C:36:
/opt/openfoam5/src/OpenFOAM/lnInclude/FieldFieldFunctions.C:695:1: note: candidate: template<template<class> class Field1, template<class> class Field2, class Type1, class Type2> Foam::tmp<Foam::FieldField<Foam::Field, typename Foam::typeOfSum<Type1, Type2>::type> > Foam::operator+(const Foam::FieldField<Field, Type1>&, const Foam::tmp<Foam::FieldField<Field2, Type2> >&)
 operator op                                                                    \
 ^
/opt/openfoam5/src/OpenFOAM/lnInclude/FieldFieldFunctions.C:901:1: note: in expansion of macro 'PRODUCT_OPERATOR'
 PRODUCT_OPERATOR(typeOfSum, +, add)
 ^
/opt/openfoam5/src/OpenFOAM/lnInclude/FieldFieldFunctions.C:695:1: note:   template argument deduction/substitution failed:
 operator op                                                                    \
 ^
/opt/openfoam5/src/OpenFOAM/lnInclude/FieldFieldFunctions.C:901:1: note: in expansion of macro 'PRODUCT_OPERATOR'
 PRODUCT_OPERATOR(typeOfSum, +, add)
 ^
In file included from pamFoam.C:141:0:
./processModels/XPBEqn.H:9:7: note:   'const volScalarField {aka const Foam::GeometricField<double, Foam::fvPatchField, Foam::volMesh>}' is not derived from 'const Foam::FieldField<Field, Type1>'
     + alphaLiquid*YPBPH*rhoAcetateUptake
       ^
In file included from /opt/openfoam5/src/OpenFOAM/lnInclude/DiagTensor.H:115:0,
                 from /opt/openfoam5/src/OpenFOAM/lnInclude/diagTensor.H:38,
                 from /opt/openfoam5/src/OpenFOAM/lnInclude/diagTensorField.H:39,
                 from /opt/openfoam5/src/OpenFOAM/lnInclude/coupledPolyPatch.H:41,
                 from /opt/openfoam5/src/OpenFOAM/lnInclude/processorPolyPatch.H:42,
                 from /opt/openfoam5/src/OpenFOAM/lnInclude/processorTopology.H:30,
                 from /opt/openfoam5/src/OpenFOAM/lnInclude/globalMeshData.H:84,
                 from /opt/openfoam5/src/OpenFOAM/lnInclude/GeometricBoundaryField.C:28,
                 from /opt/openfoam5/src/OpenFOAM/lnInclude/GeometricField.C:1352,
                 from /opt/openfoam5/src/OpenFOAM/lnInclude/GeometricField.H:660,
                 from /opt/openfoam5/src/OpenFOAM/lnInclude/GeometricScalarField.H:38,
                 from /opt/openfoam5/src/OpenFOAM/lnInclude/GeometricFields.H:34,
                 from /opt/openfoam5/src/finiteVolume/lnInclude/volFields.H:37,
                 from /opt/openfoam5/src/finiteVolume/lnInclude/surfaceInterpolationScheme.C:27,
                 from /opt/openfoam5/src/finiteVolume/lnInclude/surfaceInterpolationScheme.H:307,
                 from /opt/openfoam5/src/finiteVolume/lnInclude/surfaceInterpolate.H:41,
                 from /opt/openfoam5/src/finiteVolume/lnInclude/fvc.H:39,
                 from /opt/openfoam5/src/finiteVolume/lnInclude/fvCFD.H:8,
                 from pamFoam.C:36:
/opt/openfoam5/src/OpenFOAM/lnInclude/DiagTensorI.H:124:1: note: candidate: template<class Cmpt> Foam::Tensor<Cmpt> Foam::operator+(const Foam::DiagTensor<Cmpt>&, const Foam::Tensor<Cmpt>&)
 operator+(const DiagTensor<Cmpt>& dt1, const Tensor<Cmpt>& t2)
 ^
/opt/openfoam5/src/OpenFOAM/lnInclude/DiagTensorI.H:124:1: note:   template argument deduction/substitution failed:
In file included from pamFoam.C:141:0:
./processModels/XPBEqn.H:9:7: note:   'const volScalarField {aka const Foam::GeometricField<double, Foam::fvPatchField, Foam::volMesh>}' is not derived from 'const Foam::DiagTensor<Cmpt>'
     + alphaLiquid*YPBPH*rhoAcetateUptake
       ^
In file included from /opt/openfoam5/src/OpenFOAM/lnInclude/DiagTensor.H:115:0,
                 from /opt/openfoam5/src/OpenFOAM/lnInclude/diagTensor.H:38,
                 from /opt/openfoam5/src/OpenFOAM/lnInclude/diagTensorField.H:39,
                 from /opt/openfoam5/src/OpenFOAM/lnInclude/coupledPolyPatch.H:41,
                 from /opt/openfoam5/src/OpenFOAM/lnInclude/processorPolyPatch.H:42,
                 from /opt/openfoam5/src/OpenFOAM/lnInclude/processorTopology.H:30,
                 from /opt/openfoam5/src/OpenFOAM/lnInclude/globalMeshData.H:84,
                 from /opt/openfoam5/src/OpenFOAM/lnInclude/GeometricBoundaryField.C:28,
                 from /opt/openfoam5/src/OpenFOAM/lnInclude/GeometricField.C:1352,
                 from /opt/openfoam5/src/OpenFOAM/lnInclude/GeometricField.H:660,
                 from /opt/openfoam5/src/OpenFOAM/lnInclude/GeometricScalarField.H:38,
                 from /opt/openfoam5/src/OpenFOAM/lnInclude/GeometricFields.H:34,
                 from /opt/openfoam5/src/finiteVolume/lnInclude/volFields.H:37,
                 from /opt/openfoam5/src/finiteVolume/lnInclude/surfaceInterpolationScheme.C:27,
                 from /opt/openfoam5/src/finiteVolume/lnInclude/surfaceInterpolationScheme.H:307,
                 from /opt/openfoam5/src/finiteVolume/lnInclude/surfaceInterpolate.H:41,
                 from /opt/openfoam5/src/finiteVolume/lnInclude/fvc.H:39,
                 from /opt/openfoam5/src/finiteVolume/lnInclude/fvCFD.H:8,
                 from pamFoam.C:36:
/opt/openfoam5/src/OpenFOAM/lnInclude/DiagTensorI.H:137:1: note: candidate: template<class Cmpt> Foam::Tensor<Cmpt> Foam::operator+(const Foam::Tensor<Cmpt>&, const Foam::DiagTensor<Cmpt>&)
 operator+(const Tensor<Cmpt>& t1, const DiagTensor<Cmpt>& dt2)
 ^
/opt/openfoam5/src/OpenFOAM/lnInclude/DiagTensorI.H:137:1: note:   template argument deduction/substitution failed:
In file included from pamFoam.C:141:0:
./processModels/XPBEqn.H:9:7: note:   'const volScalarField {aka const Foam::GeometricField<double, Foam::fvPatchField, Foam::volMesh>}' is not derived from 'const Foam::Tensor<Cmpt>'
     + alphaLiquid*YPBPH*rhoAcetateUptake
       ^
In file included from /opt/openfoam5/src/OpenFOAM/lnInclude/diagTensorField.H:42:0,
                 from /opt/openfoam5/src/OpenFOAM/lnInclude/coupledPolyPatch.H:41,
                 from /opt/openfoam5/src/OpenFOAM/lnInclude/processorPolyPatch.H:42,
                 from /opt/openfoam5/src/OpenFOAM/lnInclude/processorTopology.H:30,
                 from /opt/openfoam5/src/OpenFOAM/lnInclude/globalMeshData.H:84,
                 from /opt/openfoam5/src/OpenFOAM/lnInclude/GeometricBoundaryField.C:28,
                 from /opt/openfoam5/src/OpenFOAM/lnInclude/GeometricField.C:1352,
                 from /opt/openfoam5/src/OpenFOAM/lnInclude/GeometricField.H:660,
                 from /opt/openfoam5/src/OpenFOAM/lnInclude/GeometricScalarField.H:38,
                 from /opt/openfoam5/src/OpenFOAM/lnInclude/GeometricFields.H:34,
                 from /opt/openfoam5/src/finiteVolume/lnInclude/volFields.H:37,
                 from /opt/openfoam5/src/finiteVolume/lnInclude/surfaceInterpolationScheme.C:27,
                 from /opt/openfoam5/src/finiteVolume/lnInclude/surfaceInterpolationScheme.H:307,
                 from /opt/openfoam5/src/finiteVolume/lnInclude/surfaceInterpolate.H:41,
                 from /opt/openfoam5/src/finiteVolume/lnInclude/fvc.H:39,
                 from /opt/openfoam5/src/finiteVolume/lnInclude/fvCFD.H:8,
                 from pamFoam.C:36:
/opt/openfoam5/src/OpenFOAM/lnInclude/FieldFunctionsM.H:166:24: note: candidate: Foam::tmp<Foam::Field<Foam::Tensor<double> > > Foam::operator+(const Foam::UList<Foam::DiagTensor<double> >&, const Foam::UList<Foam::Tensor<double> >&)
 tmp<Field<ReturnType>> operator Op                                             \
                        ^
/opt/openfoam5/src/OpenFOAM/lnInclude/diagTensorField.H:60:1: note: in expansion of macro 'BINARY_OPERATOR'
 BINARY_OPERATOR(tensor, diagTensor, tensor, +, add)
 ^
/opt/openfoam5/src/OpenFOAM/lnInclude/FieldFunctionsM.H:166:24: note:   candidate expects 2 arguments, 1 provided
 tmp<Field<ReturnType>> operator Op                                             \
                        ^
/opt/openfoam5/src/OpenFOAM/lnInclude/diagTensorField.H:60:1: note: in expansion of macro 'BINARY_OPERATOR'
 BINARY_OPERATOR(tensor, diagTensor, tensor, +, add)
 ^
/opt/openfoam5/src/OpenFOAM/lnInclude/FieldFunctionsM.H:173:24: note: candidate: Foam::tmp<Foam::Field<Foam::Tensor<double> > > Foam::operator+(const Foam::UList<Foam::DiagTensor<double> >&, const Foam::tmp<Foam::Field<Foam::Tensor<double> > >&)
 tmp<Field<ReturnType>> operator Op                                             \
                        ^
/opt/openfoam5/src/OpenFOAM/lnInclude/diagTensorField.H:60:1: note: in expansion of macro 'BINARY_OPERATOR'
 BINARY_OPERATOR(tensor, diagTensor, tensor, +, add)
 ^
/opt/openfoam5/src/OpenFOAM/lnInclude/FieldFunctionsM.H:173:24: note:   candidate expects 2 arguments, 1 provided
 tmp<Field<ReturnType>> operator Op                                             \
                        ^
/opt/openfoam5/src/OpenFOAM/lnInclude/diagTensorField.H:60:1: note: in expansion of macro 'BINARY_OPERATOR'
 BINARY_OPERATOR(tensor, diagTensor, tensor, +, add)
 ^
/opt/openfoam5/src/OpenFOAM/lnInclude/FieldFunctionsM.H:180:24: note: candidate: Foam::tmp<Foam::Field<Foam::Tensor<double> > > Foam::operator+(const Foam::tmp<Foam::Field<Foam::DiagTensor<double> > >&, const Foam::UList<Foam::Tensor<double> >&)
 tmp<Field<ReturnType>> operator Op                                             \
                        ^
/opt/openfoam5/src/OpenFOAM/lnInclude/diagTensorField.H:60:1: note: in expansion of macro 'BINARY_OPERATOR'
 BINARY_OPERATOR(tensor, diagTensor, tensor, +, add)
 ^
/opt/openfoam5/src/OpenFOAM/lnInclude/FieldFunctionsM.H:180:24: note:   candidate expects 2 arguments, 1 provided
 tmp<Field<ReturnType>> operator Op                                             \
                        ^
/opt/openfoam5/src/OpenFOAM/lnInclude/diagTensorField.H:60:1: note: in expansion of macro 'BINARY_OPERATOR'
 BINARY_OPERATOR(tensor, diagTensor, tensor, +, add)
 ^
/opt/openfoam5/src/OpenFOAM/lnInclude/FieldFunctionsM.H:187:24: note: candidate: Foam::tmp<Foam::Field<Foam::Tensor<double> > > Foam::operator+(const Foam::tmp<Foam::Field<Foam::DiagTensor<double> > >&, const Foam::tmp<Foam::Field<Foam::Tensor<double> > >&)
 tmp<Field<ReturnType>> operator Op                                             \
                        ^
/opt/openfoam5/src/OpenFOAM/lnInclude/diagTensorField.H:60:1: note: in expansion of macro 'BINARY_OPERATOR'
 BINARY_OPERATOR(tensor, diagTensor, tensor, +, add)
 ^
/opt/openfoam5/src/OpenFOAM/lnInclude/FieldFunctionsM.H:187:24: note:   candidate expects 2 arguments, 1 provided
 tmp<Field<ReturnType>> operator Op                                             \
                        ^
/opt/openfoam5/src/OpenFOAM/lnInclude/diagTensorField.H:60:1: note: in expansion of macro 'BINARY_OPERATOR'
 BINARY_OPERATOR(tensor, diagTensor, tensor, +, add)
 ^
/opt/openfoam5/src/OpenFOAM/lnInclude/FieldFunctionsM.H:207:24: note: candidate: Foam::tmp<Foam::Field<Foam::Tensor<double> > > Foam::operator+(const diagTensor&, const Foam::UList<Foam::Tensor<double> >&)
 tmp<Field<ReturnType>> operator Op                                             \
                        ^
/opt/openfoam5/src/OpenFOAM/lnInclude/FieldFunctionsM.H:247:5: note: in expansion of macro 'BINARY_TYPE_OPERATOR_SF'
     BINARY_TYPE_OPERATOR_SF(ReturnType, Type1, Type2, Op, OpFunc)              \
     ^
/opt/openfoam5/src/OpenFOAM/lnInclude/diagTensorField.H:63:1: note: in expansion of macro 'BINARY_TYPE_OPERATOR'
 BINARY_TYPE_OPERATOR(tensor, diagTensor, tensor, +, add)
 ^
/opt/openfoam5/src/OpenFOAM/lnInclude/FieldFunctionsM.H:207:24: note:   candidate expects 2 arguments, 1 provided
 tmp<Field<ReturnType>> operator Op                                             \
                        ^
/opt/openfoam5/src/OpenFOAM/lnInclude/FieldFunctionsM.H:247:5: note: in expansion of macro 'BINARY_TYPE_OPERATOR_SF'
     BINARY_TYPE_OPERATOR_SF(ReturnType, Type1, Type2, Op, OpFunc)              \
     ^
/opt/openfoam5/src/OpenFOAM/lnInclude/diagTensorField.H:63:1: note: in expansion of macro 'BINARY_TYPE_OPERATOR'
 BINARY_TYPE_OPERATOR(tensor, diagTensor, tensor, +, add)
 ^
/opt/openfoam5/src/OpenFOAM/lnInclude/FieldFunctionsM.H:214:24: note: candidate: Foam::tmp<Foam::Field<Foam::Tensor<double> > > Foam::operator+(const diagTensor&, const Foam::tmp<Foam::Field<Foam::Tensor<double> > >&)
 tmp<Field<ReturnType>> operator Op                                             \
                        ^
/opt/openfoam5/src/OpenFOAM/lnInclude/FieldFunctionsM.H:247:5: note: in expansion of macro 'BINARY_TYPE_OPERATOR_SF'
     BINARY_TYPE_OPERATOR_SF(ReturnType, Type1, Type2, Op, OpFunc)              \
     ^
/opt/openfoam5/src/OpenFOAM/lnInclude/diagTensorField.H:63:1: note: in expansion of macro 'BINARY_TYPE_OPERATOR'
 BINARY_TYPE_OPERATOR(tensor, diagTensor, tensor, +, add)
 ^
/opt/openfoam5/src/OpenFOAM/lnInclude/FieldFunctionsM.H:214:24: note:   candidate expects 2 arguments, 1 provided
 tmp<Field<ReturnType>> operator Op                                             \
                        ^
/opt/openfoam5/src/OpenFOAM/lnInclude/FieldFunctionsM.H:247:5: note: in expansion of macro 'BINARY_TYPE_OPERATOR_SF'
     BINARY_TYPE_OPERATOR_SF(ReturnType, Type1, Type2, Op, OpFunc)              \
     ^
/opt/openfoam5/src/OpenFOAM/lnInclude/diagTensorField.H:63:1: note: in expansion of macro 'BINARY_TYPE_OPERATOR'
 BINARY_TYPE_OPERATOR(tensor, diagTensor, tensor, +, add)
 ^
/opt/openfoam5/src/OpenFOAM/lnInclude/FieldFunctionsM.H:232:24: note: candidate: Foam::tmp<Foam::Field<Foam::Tensor<double> > > Foam::operator+(const Foam::UList<Foam::DiagTensor<double> >&, const tensor&)
 tmp<Field<ReturnType>> operator Op                                             \
                        ^
/opt/openfoam5/src/OpenFOAM/lnInclude/FieldFunctionsM.H:248:5: note: in expansion of macro 'BINARY_TYPE_OPERATOR_FS'
     BINARY_TYPE_OPERATOR_FS(ReturnType, Type1, Type2, Op, OpFunc)
     ^
/opt/openfoam5/src/OpenFOAM/lnInclude/diagTensorField.H:63:1: note: in expansion of macro 'BINARY_TYPE_OPERATOR'
 BINARY_TYPE_OPERATOR(tensor, diagTensor, tensor, +, add)
 ^
/opt/openfoam5/src/OpenFOAM/lnInclude/FieldFunctionsM.H:232:24: note:   candidate expects 2 arguments, 1 provided
 tmp<Field<ReturnType>> operator Op                                             \
                        ^
/opt/openfoam5/src/OpenFOAM/lnInclude/FieldFunctionsM.H:248:5: note: in expansion of macro 'BINARY_TYPE_OPERATOR_FS'
     BINARY_TYPE_OPERATOR_FS(ReturnType, Type1, Type2, Op, OpFunc)
     ^
/opt/openfoam5/src/OpenFOAM/lnInclude/diagTensorField.H:63:1: note: in expansion of macro 'BINARY_TYPE_OPERATOR'
 BINARY_TYPE_OPERATOR(tensor, diagTensor, tensor, +, add)
 ^
/opt/openfoam5/src/OpenFOAM/lnInclude/FieldFunctionsM.H:239:24: note: candidate: Foam::tmp<Foam::Field<Foam::Tensor<double> > > Foam::operator+(const Foam::tmp<Foam::Field<Foam::DiagTensor<double> > >&, const tensor&)
 tmp<Field<ReturnType>> operator Op                                             \
                        ^
/opt/openfoam5/src/OpenFOAM/lnInclude/FieldFunctionsM.H:248:5: note: in expansion of macro 'BINARY_TYPE_OPERATOR_FS'
     BINARY_TYPE_OPERATOR_FS(ReturnType, Type1, Type2, Op, OpFunc)
     ^
/opt/openfoam5/src/OpenFOAM/lnInclude/diagTensorField.H:63:1: note: in expansion of macro 'BINARY_TYPE_OPERATOR'
 BINARY_TYPE_OPERATOR(tensor, diagTensor, tensor, +, add)
 ^
/opt/openfoam5/src/OpenFOAM/lnInclude/FieldFunctionsM.H:239:24: note:   candidate expects 2 arguments, 1 provided
 tmp<Field<ReturnType>> operator Op                                             \
                        ^
/opt/openfoam5/src/OpenFOAM/lnInclude/FieldFunctionsM.H:248:5: note: in expansion of macro 'BINARY_TYPE_OPERATOR_FS'
     BINARY_TYPE_OPERATOR_FS(ReturnType, Type1, Type2, Op, OpFunc)
     ^
/opt/openfoam5/src/OpenFOAM/lnInclude/diagTensorField.H:63:1: note: in expansion of macro 'BINARY_TYPE_OPERATOR'
 BINARY_TYPE_OPERATOR(tensor, diagTensor, tensor, +, add)
 ^
In file included from /opt/openfoam5/src/OpenFOAM/lnInclude/vectorTensorTransform.H:248:0,
                 from /opt/openfoam5/src/OpenFOAM/lnInclude/mapDistribute.H:138,
                 from /opt/openfoam5/src/OpenFOAM/lnInclude/globalMeshDataTemplates.C:28,
                 from /opt/openfoam5/src/OpenFOAM/lnInclude/globalMeshData.H:627,
                 from /opt/openfoam5/src/OpenFOAM/lnInclude/GeometricBoundaryField.C:28,
                 from /opt/openfoam5/src/OpenFOAM/lnInclude/GeometricField.C:1352,
                 from /opt/openfoam5/src/OpenFOAM/lnInclude/GeometricField.H:660,
                 from /opt/openfoam5/src/OpenFOAM/lnInclude/GeometricScalarField.H:38,
                 from /opt/openfoam5/src/OpenFOAM/lnInclude/GeometricFields.H:34,
                 from /opt/openfoam5/src/finiteVolume/lnInclude/volFields.H:37,
                 from /opt/openfoam5/src/finiteVolume/lnInclude/surfaceInterpolationScheme.C:27,
                 from /opt/openfoam5/src/finiteVolume/lnInclude/surfaceInterpolationScheme.H:307,
                 from /opt/openfoam5/src/finiteVolume/lnInclude/surfaceInterpolate.H:41,
                 from /opt/openfoam5/src/finiteVolume/lnInclude/fvc.H:39,
                 from /opt/openfoam5/src/finiteVolume/lnInclude/fvCFD.H:8,
                 from pamFoam.C:36:
/opt/openfoam5/src/OpenFOAM/lnInclude/vectorTensorTransformI.H:263:36: note: candidate: Foam::vectorTensorTransform Foam::operator+(const Foam::vectorTensorTransform&, const vector&)
 inline Foam::vectorTensorTransform Foam::operator+
                                    ^
/opt/openfoam5/src/OpenFOAM/lnInclude/vectorTensorTransformI.H:263:36: note:   candidate expects 2 arguments, 1 provided
/opt/openfoam5/src/OpenFOAM/lnInclude/vectorTensorTransformI.H:273:36: note: candidate: Foam::vectorTensorTransform Foam::operator+(const vector&, const Foam::vectorTensorTransform&)
 inline Foam::vectorTensorTransform Foam::operator+
                                    ^
/opt/openfoam5/src/OpenFOAM/lnInclude/vectorTensorTransformI.H:273:36: note:   candidate expects 2 arguments, 1 provided
In file included from /opt/openfoam5/src/OpenFOAM/lnInclude/quaternion.H:304:0,
                 from /opt/openfoam5/src/OpenFOAM/lnInclude/transformField.H:39,
                 from /opt/openfoam5/src/OpenFOAM/lnInclude/mapDistributeTemplates.C:30,
                 from /opt/openfoam5/src/OpenFOAM/lnInclude/mapDistribute.H:655,
                 from /opt/openfoam5/src/OpenFOAM/lnInclude/globalMeshDataTemplates.C:28,
                 from /opt/openfoam5/src/OpenFOAM/lnInclude/globalMeshData.H:627,
                 from /opt/openfoam5/src/OpenFOAM/lnInclude/GeometricBoundaryField.C:28,
                 from /opt/openfoam5/src/OpenFOAM/lnInclude/GeometricField.C:1352,
                 from /opt/openfoam5/src/OpenFOAM/lnInclude/GeometricField.H:660,
                 from /opt/openfoam5/src/OpenFOAM/lnInclude/GeometricScalarField.H:38,
                 from /opt/openfoam5/src/OpenFOAM/lnInclude/GeometricFields.H:34,
                 from /opt/openfoam5/src/finiteVolume/lnInclude/volFields.H:37,
                 from /opt/openfoam5/src/finiteVolume/lnInclude/surfaceInterpolationScheme.C:27,
                 from /opt/openfoam5/src/finiteVolume/lnInclude/surfaceInterpolationScheme.H:307,
                 from /opt/openfoam5/src/finiteVolume/lnInclude/surfaceInterpolate.H:41,
                 from /opt/openfoam5/src/finiteVolume/lnInclude/fvc.H:39,
                 from /opt/openfoam5/src/finiteVolume/lnInclude/fvCFD.H:8,
                 from pamFoam.C:36:
/opt/openfoam5/src/OpenFOAM/lnInclude/quaternionI.H:629:25: note: candidate: Foam::quaternion Foam::operator+(const Foam::quaternion&, const Foam::quaternion&)
 inline Foam::quaternion Foam::operator+
                         ^
/opt/openfoam5/src/OpenFOAM/lnInclude/quaternionI.H:629:25: note:   candidate expects 2 arguments, 1 provided
In file included from /opt/openfoam5/src/OpenFOAM/lnInclude/septernion.H:206:0,
                 from /opt/openfoam5/src/OpenFOAM/lnInclude/transformField.H:40,
                 from /opt/openfoam5/src/OpenFOAM/lnInclude/mapDistributeTemplates.C:30,
                 from /opt/openfoam5/src/OpenFOAM/lnInclude/mapDistribute.H:655,
                 from /opt/openfoam5/src/OpenFOAM/lnInclude/globalMeshDataTemplates.C:28,
                 from /opt/openfoam5/src/OpenFOAM/lnInclude/globalMeshData.H:627,
                 from /opt/openfoam5/src/OpenFOAM/lnInclude/GeometricBoundaryField.C:28,
                 from /opt/openfoam5/src/OpenFOAM/lnInclude/GeometricField.C:1352,
                 from /opt/openfoam5/src/OpenFOAM/lnInclude/GeometricField.H:660,
                 from /opt/openfoam5/src/OpenFOAM/lnInclude/GeometricScalarField.H:38,
                 from /opt/openfoam5/src/OpenFOAM/lnInclude/GeometricFields.H:34,
                 from /opt/openfoam5/src/finiteVolume/lnInclude/volFields.H:37,
                 from /opt/openfoam5/src/finiteVolume/lnInclude/surfaceInterpolationScheme.C:27,
                 from /opt/openfoam5/src/finiteVolume/lnInclude/surfaceInterpolationScheme.H:307,
                 from /opt/openfoam5/src/finiteVolume/lnInclude/surfaceInterpolate.H:41,
                 from /opt/openfoam5/src/finiteVolume/lnInclude/fvc.H:39,
                 from /opt/openfoam5/src/finiteVolume/lnInclude/fvCFD.H:8,
                 from pamFoam.C:36:
/opt/openfoam5/src/OpenFOAM/lnInclude/septernionI.H:180:25: note: candidate: Foam::septernion Foam::operator+(const Foam::septernion&, const vector&)
 inline Foam::septernion Foam::operator+
                         ^
/opt/openfoam5/src/OpenFOAM/lnInclude/septernionI.H:180:25: note:   candidate expects 2 arguments, 1 provided
/opt/openfoam5/src/OpenFOAM/lnInclude/septernionI.H:190:25: note: candidate: Foam::septernion Foam::operator+(const vector&, const Foam::septernion&)
 inline Foam::septernion Foam::operator+
                         ^
/opt/openfoam5/src/OpenFOAM/lnInclude/septernionI.H:190:25: note:   candidate expects 2 arguments, 1 provided
In file included from /opt/openfoam5/src/OpenFOAM/lnInclude/GeometricField.C:1353:0,
                 from /opt/openfoam5/src/OpenFOAM/lnInclude/GeometricField.H:660,
                 from /opt/openfoam5/src/OpenFOAM/lnInclude/GeometricScalarField.H:38,
                 from /opt/openfoam5/src/OpenFOAM/lnInclude/GeometricFields.H:34,
                 from /opt/openfoam5/src/finiteVolume/lnInclude/volFields.H:37,
                 from /opt/openfoam5/src/finiteVolume/lnInclude/surfaceInterpolationScheme.C:27,
                 from /opt/openfoam5/src/finiteVolume/lnInclude/surfaceInterpolationScheme.H:307,
                 from /opt/openfoam5/src/finiteVolume/lnInclude/surfaceInterpolate.H:41,
                 from /opt/openfoam5/src/finiteVolume/lnInclude/fvc.H:39,
                 from /opt/openfoam5/src/finiteVolume/lnInclude/fvCFD.H:8,
                 from pamFoam.C:36:
/opt/openfoam5/src/OpenFOAM/lnInclude/GeometricFieldFunctions.C:622:1: note: candidate: template<class Type1, class Type2, template<class> class PatchField, class GeoMesh> Foam::tmp<Foam::GeometricField<typename Foam::typeOfSum<Type1, Type2>::type, PatchField, GeoMesh> > Foam::operator+(const Foam::GeometricField<TypeR, PatchField, GeoMesh>&, const Foam::GeometricField<Type1, PatchField, GeoMesh>&)
 operator op                                                                    \
 ^
/opt/openfoam5/src/OpenFOAM/lnInclude/GeometricFieldFunctions.C:971:1: note: in expansion of macro 'PRODUCT_OPERATOR'
 PRODUCT_OPERATOR(typeOfSum, +, add)
 ^
/opt/openfoam5/src/OpenFOAM/lnInclude/GeometricFieldFunctions.C:622:1: note:   template argument deduction/substitution failed:
 operator op                                                                    \
 ^
/opt/openfoam5/src/OpenFOAM/lnInclude/GeometricFieldFunctions.C:971:1: note: in expansion of macro 'PRODUCT_OPERATOR'
 PRODUCT_OPERATOR(typeOfSum, +, add)
 ^
In file included from pamFoam.C:141:0:
./processModels/XPBEqn.H:9:7: note:   candidate expects 2 arguments, 1 provided
     + alphaLiquid*YPBPH*rhoAcetateUptake
       ^
In file included from /opt/openfoam5/src/OpenFOAM/lnInclude/GeometricField.C:1353:0,
                 from /opt/openfoam5/src/OpenFOAM/lnInclude/GeometricField.H:660,
                 from /opt/openfoam5/src/OpenFOAM/lnInclude/GeometricScalarField.H:38,
                 from /opt/openfoam5/src/OpenFOAM/lnInclude/GeometricFields.H:34,
                 from /opt/openfoam5/src/finiteVolume/lnInclude/volFields.H:37,
                 from /opt/openfoam5/src/finiteVolume/lnInclude/surfaceInterpolationScheme.C:27,
                 from /opt/openfoam5/src/finiteVolume/lnInclude/surfaceInterpolationScheme.H:307,
                 from /opt/openfoam5/src/finiteVolume/lnInclude/surfaceInterpolate.H:41,
                 from /opt/openfoam5/src/finiteVolume/lnInclude/fvc.H:39,
                 from /opt/openfoam5/src/finiteVolume/lnInclude/fvCFD.H:8,
                 from pamFoam.C:36:
/opt/openfoam5/src/OpenFOAM/lnInclude/GeometricFieldFunctions.C:657:1: note: candidate: template<class Type1, class Type2, template<class> class PatchField, class GeoMesh> Foam::tmp<Foam::GeometricField<typename Foam::typeOfSum<Type1, Type2>::type, PatchField, GeoMesh> > Foam::operator+(const Foam::GeometricField<TypeR, PatchField, GeoMesh>&, const Foam::tmp<Foam::GeometricField<Type1, PatchField, GeoMesh> >&)
 operator op                                                                    \
 ^
/opt/openfoam5/src/OpenFOAM/lnInclude/GeometricFieldFunctions.C:971:1: note: in expansion of macro 'PRODUCT_OPERATOR'
 PRODUCT_OPERATOR(typeOfSum, +, add)
 ^
/opt/openfoam5/src/OpenFOAM/lnInclude/GeometricFieldFunctions.C:657:1: note:   template argument deduction/substitution failed:
 operator op                                                                    \
 ^
/opt/openfoam5/src/OpenFOAM/lnInclude/GeometricFieldFunctions.C:971:1: note: in expansion of macro 'PRODUCT_OPERATOR'
 PRODUCT_OPERATOR(typeOfSum, +, add)
 ^
In file included from pamFoam.C:141:0:
./processModels/XPBEqn.H:9:7: note:   candidate expects 2 arguments, 1 provided
     + alphaLiquid*YPBPH*rhoAcetateUptake
       ^
In file included from /opt/openfoam5/src/OpenFOAM/lnInclude/GeometricField.C:1353:0,
                 from /opt/openfoam5/src/OpenFOAM/lnInclude/GeometricField.H:660,
                 from /opt/openfoam5/src/OpenFOAM/lnInclude/GeometricScalarField.H:38,
                 from /opt/openfoam5/src/OpenFOAM/lnInclude/GeometricFields.H:34,
                 from /opt/openfoam5/src/finiteVolume/lnInclude/volFields.H:37,
                 from /opt/openfoam5/src/finiteVolume/lnInclude/surfaceInterpolationScheme.C:27,
                 from /opt/openfoam5/src/finiteVolume/lnInclude/surfaceInterpolationScheme.H:307,
                 from /opt/openfoam5/src/finiteVolume/lnInclude/surfaceInterpolate.H:41,
                 from /opt/openfoam5/src/finiteVolume/lnInclude/fvc.H:39,
                 from /opt/openfoam5/src/finiteVolume/lnInclude/fvCFD.H:8,
                 from pamFoam.C:36:
/opt/openfoam5/src/OpenFOAM/lnInclude/GeometricFieldFunctions.C:688:1: note: candidate: template<class Type1, class Type2, template<class> class PatchField, class GeoMesh> Foam::tmp<Foam::GeometricField<typename Foam::typeOfSum<Type1, Type2>::type, PatchField, GeoMesh> > Foam::operator+(const Foam::tmp<Foam::GeometricField<TypeR, PatchField, GeoMesh> >&, const Foam::GeometricField<Type1, PatchField, GeoMesh>&)
 operator op                                                                    \
 ^
/opt/openfoam5/src/OpenFOAM/lnInclude/GeometricFieldFunctions.C:971:1: note: in expansion of macro 'PRODUCT_OPERATOR'
 PRODUCT_OPERATOR(typeOfSum, +, add)
 ^
/opt/openfoam5/src/OpenFOAM/lnInclude/GeometricFieldFunctions.C:688:1: note:   template argument deduction/substitution failed:
 operator op                                                                    \
 ^
/opt/openfoam5/src/OpenFOAM/lnInclude/GeometricFieldFunctions.C:971:1: note: in expansion of macro 'PRODUCT_OPERATOR'
 PRODUCT_OPERATOR(typeOfSum, +, add)
 ^
In file included from pamFoam.C:141:0:
./processModels/XPBEqn.H:9:7: note:   'const volScalarField {aka const Foam::GeometricField<double, Foam::fvPatchField, Foam::volMesh>}' is not derived from 'const Foam::tmp<Foam::GeometricField<TypeR, PatchField, GeoMesh> >'
     + alphaLiquid*YPBPH*rhoAcetateUptake
       ^
In file included from /opt/openfoam5/src/OpenFOAM/lnInclude/GeometricField.C:1353:0,
                 from /opt/openfoam5/src/OpenFOAM/lnInclude/GeometricField.H:660,
                 from /opt/openfoam5/src/OpenFOAM/lnInclude/GeometricScalarField.H:38,
                 from /opt/openfoam5/src/OpenFOAM/lnInclude/GeometricFields.H:34,
                 from /opt/openfoam5/src/finiteVolume/lnInclude/volFields.H:37,
                 from /opt/openfoam5/src/finiteVolume/lnInclude/surfaceInterpolationScheme.C:27,
                 from /opt/openfoam5/src/finiteVolume/lnInclude/surfaceInterpolationScheme.H:307,
                 from /opt/openfoam5/src/finiteVolume/lnInclude/surfaceInterpolate.H:41,
                 from /opt/openfoam5/src/finiteVolume/lnInclude/fvc.H:39,
                 from /opt/openfoam5/src/finiteVolume/lnInclude/fvCFD.H:8,
                 from pamFoam.C:36:
/opt/openfoam5/src/OpenFOAM/lnInclude/GeometricFieldFunctions.C:719:1: note: candidate: template<class Type1, class Type2, template<class> class PatchField, class GeoMesh> Foam::tmp<Foam::GeometricField<typename Foam::typeOfSum<Type1, Type2>::type, PatchField, GeoMesh> > Foam::operator+(const Foam::tmp<Foam::GeometricField<TypeR, PatchField, GeoMesh> >&, const Foam::tmp<Foam::GeometricField<Type1, PatchField, GeoMesh> >&)
 operator op                                                                    \
 ^
/opt/openfoam5/src/OpenFOAM/lnInclude/GeometricFieldFunctions.C:971:1: note: in expansion of macro 'PRODUCT_OPERATOR'
 PRODUCT_OPERATOR(typeOfSum, +, add)
 ^
/opt/openfoam5/src/OpenFOAM/lnInclude/GeometricFieldFunctions.C:719:1: note:   template argument deduction/substitution failed:
 operator op                                                                    \
 ^
/opt/openfoam5/src/OpenFOAM/lnInclude/GeometricFieldFunctions.C:971:1: note: in expansion of macro 'PRODUCT_OPERATOR'
 PRODUCT_OPERATOR(typeOfSum, +, add)
 ^
In file included from pamFoam.C:141:0:
./processModels/XPBEqn.H:9:7: note:   'const volScalarField {aka const Foam::GeometricField<double, Foam::fvPatchField, Foam::volMesh>}' is not derived from 'const Foam::tmp<Foam::GeometricField<TypeR, PatchField, GeoMesh> >'
     + alphaLiquid*YPBPH*rhoAcetateUptake
       ^
In file included from /opt/openfoam5/src/OpenFOAM/lnInclude/GeometricField.C:1353:0,
                 from /opt/openfoam5/src/OpenFOAM/lnInclude/GeometricField.H:660,
                 from /opt/openfoam5/src/OpenFOAM/lnInclude/GeometricScalarField.H:38,
                 from /opt/openfoam5/src/OpenFOAM/lnInclude/GeometricFields.H:34,
                 from /opt/openfoam5/src/finiteVolume/lnInclude/volFields.H:37,
                 from /opt/openfoam5/src/finiteVolume/lnInclude/surfaceInterpolationScheme.C:27,
                 from /opt/openfoam5/src/finiteVolume/lnInclude/surfaceInterpolationScheme.H:307,
                 from /opt/openfoam5/src/finiteVolume/lnInclude/surfaceInterpolate.H:41,
                 from /opt/openfoam5/src/finiteVolume/lnInclude/fvc.H:39,
                 from /opt/openfoam5/src/finiteVolume/lnInclude/fvCFD.H:8,
                 from pamFoam.C:36:
/opt/openfoam5/src/OpenFOAM/lnInclude/GeometricFieldFunctions.C:765:1: note: candidate: template<class Form, class Type, template<class> class PatchField, class GeoMesh> Foam::tmp<Foam::GeometricField<typename Foam::typeOfSum<Type, Form>::type, PatchField, GeoMesh> > Foam::operator+(const Foam::GeometricField<Type1, PatchField, GeoMesh>&, const Foam::dimensioned<Type>&)
 operator op                                                                    \
 ^
/opt/openfoam5/src/OpenFOAM/lnInclude/GeometricFieldFunctions.C:971:1: note: in expansion of macro 'PRODUCT_OPERATOR'
 PRODUCT_OPERATOR(typeOfSum, +, add)
 ^
/opt/openfoam5/src/OpenFOAM/lnInclude/GeometricFieldFunctions.C:765:1: note:   template argument deduction/substitution failed:
 operator op                                                                    \
 ^
/opt/openfoam5/src/OpenFOAM/lnInclude/GeometricFieldFunctions.C:971:1: note: in expansion of macro 'PRODUCT_OPERATOR'
 PRODUCT_OPERATOR(typeOfSum, +, add)
 ^
In file included from pamFoam.C:141:0:
./processModels/XPBEqn.H:9:7: note:   candidate expects 2 arguments, 1 provided
     + alphaLiquid*YPBPH*rhoAcetateUptake
       ^
In file included from /opt/openfoam5/src/OpenFOAM/lnInclude/GeometricField.C:1353:0,
                 from /opt/openfoam5/src/OpenFOAM/lnInclude/GeometricField.H:660,
                 from /opt/openfoam5/src/OpenFOAM/lnInclude/GeometricScalarField.H:38,
                 from /opt/openfoam5/src/OpenFOAM/lnInclude/GeometricFields.H:34,
                 from /opt/openfoam5/src/finiteVolume/lnInclude/volFields.H:37,
                 from /opt/openfoam5/src/finiteVolume/lnInclude/surfaceInterpolationScheme.C:27,
                 from /opt/openfoam5/src/finiteVolume/lnInclude/surfaceInterpolationScheme.H:307,
                 from /opt/openfoam5/src/finiteVolume/lnInclude/surfaceInterpolate.H:41,
                 from /opt/openfoam5/src/finiteVolume/lnInclude/fvc.H:39,
                 from /opt/openfoam5/src/finiteVolume/lnInclude/fvCFD.H:8,
                 from pamFoam.C:36:
/opt/openfoam5/src/OpenFOAM/lnInclude/GeometricFieldFunctions.C:804:1: note: candidate: template<class Form, class Cmpt, unsigned char nCmpt, class Type, template<class> class PatchField, class GeoMesh> Foam::tmp<Foam::GeometricField<typename Foam::typeOfSum<Form, Type>::type, PatchField, GeoMesh> > Foam::operator+(const Foam::GeometricField<Type2, PatchField, GeoMesh>&, const Foam::VectorSpace<Form, Cmpt, Ncmpts>&)
 operator op                                                                    \
 ^
/opt/openfoam5/src/OpenFOAM/lnInclude/GeometricFieldFunctions.C:971:1: note: in expansion of macro 'PRODUCT_OPERATOR'
 PRODUCT_OPERATOR(typeOfSum, +, add)
 ^
/opt/openfoam5/src/OpenFOAM/lnInclude/GeometricFieldFunctions.C:804:1: note:   template argument deduction/substitution failed:
 operator op                                                                    \
 ^
/opt/openfoam5/src/OpenFOAM/lnInclude/GeometricFieldFunctions.C:971:1: note: in expansion of macro 'PRODUCT_OPERATOR'
 PRODUCT_OPERATOR(typeOfSum, +, add)
 ^
In file included from pamFoam.C:141:0:
./processModels/XPBEqn.H:9:7: note:   candidate expects 2 arguments, 1 provided
     + alphaLiquid*YPBPH*rhoAcetateUptake
       ^
In file included from /opt/openfoam5/src/OpenFOAM/lnInclude/GeometricField.C:1353:0,
                 from /opt/openfoam5/src/OpenFOAM/lnInclude/GeometricField.H:660,
                 from /opt/openfoam5/src/OpenFOAM/lnInclude/GeometricScalarField.H:38,
                 from /opt/openfoam5/src/OpenFOAM/lnInclude/GeometricFields.H:34,
                 from /opt/openfoam5/src/finiteVolume/lnInclude/volFields.H:37,
                 from /opt/openfoam5/src/finiteVolume/lnInclude/surfaceInterpolationScheme.C:27,
                 from /opt/openfoam5/src/finiteVolume/lnInclude/surfaceInterpolationScheme.H:307,
                 from /opt/openfoam5/src/finiteVolume/lnInclude/surfaceInterpolate.H:41,
                 from /opt/openfoam5/src/finiteVolume/lnInclude/fvc.H:39,
                 from /opt/openfoam5/src/finiteVolume/lnInclude/fvCFD.H:8,
                 from pamFoam.C:36:
/opt/openfoam5/src/OpenFOAM/lnInclude/GeometricFieldFunctions.C:817:1: note: candidate: template<class Form, class Type, template<class> class PatchField, class GeoMesh> Foam::tmp<Foam::GeometricField<typename Foam::typeOfSum<Type, Form>::type, PatchField, GeoMesh> > Foam::operator+(const Foam::tmp<Foam::GeometricField<Type1, PatchField, GeoMesh> >&, const Foam::dimensioned<Type>&)
 operator op                                                                    \
 ^
/opt/openfoam5/src/OpenFOAM/lnInclude/GeometricFieldFunctions.C:971:1: note: in expansion of macro 'PRODUCT_OPERATOR'
 PRODUCT_OPERATOR(typeOfSum, +, add)
 ^
/opt/openfoam5/src/OpenFOAM/lnInclude/GeometricFieldFunctions.C:817:1: note:   template argument deduction/substitution failed:
 operator op                                                                    \
 ^
/opt/openfoam5/src/OpenFOAM/lnInclude/GeometricFieldFunctions.C:971:1: note: in expansion of macro 'PRODUCT_OPERATOR'
 PRODUCT_OPERATOR(typeOfSum, +, add)
 ^
In file included from pamFoam.C:141:0:
./processModels/XPBEqn.H:9:7: note:   'const volScalarField {aka const Foam::GeometricField<double, Foam::fvPatchField, Foam::volMesh>}' is not derived from 'const Foam::tmp<Foam::GeometricField<Type1, PatchField, GeoMesh> >'
     + alphaLiquid*YPBPH*rhoAcetateUptake
       ^
In file included from /opt/openfoam5/src/OpenFOAM/lnInclude/GeometricField.C:1353:0,
                 from /opt/openfoam5/src/OpenFOAM/lnInclude/GeometricField.H:660,
                 from /opt/openfoam5/src/OpenFOAM/lnInclude/GeometricScalarField.H:38,
                 from /opt/openfoam5/src/OpenFOAM/lnInclude/GeometricFields.H:34,
                 from /opt/openfoam5/src/finiteVolume/lnInclude/volFields.H:37,
                 from /opt/openfoam5/src/finiteVolume/lnInclude/surfaceInterpolationScheme.C:27,
                 from /opt/openfoam5/src/finiteVolume/lnInclude/surfaceInterpolationScheme.H:307,
                 from /opt/openfoam5/src/finiteVolume/lnInclude/surfaceInterpolate.H:41,
                 from /opt/openfoam5/src/finiteVolume/lnInclude/fvc.H:39,
                 from /opt/openfoam5/src/finiteVolume/lnInclude/fvCFD.H:8,
                 from pamFoam.C:36:
/opt/openfoam5/src/OpenFOAM/lnInclude/GeometricFieldFunctions.C:851:1: note: candidate: template<class Form, class Cmpt, unsigned char nCmpt, class Type, template<class> class PatchField, class GeoMesh> Foam::tmp<Foam::GeometricField<typename Foam::typeOfSum<Form, Type>::type, PatchField, GeoMesh> > Foam::operator+(const Foam::tmp<Foam::GeometricField<Type2, PatchField, GeoMesh> >&, const Foam::VectorSpace<Form, Cmpt, Ncmpts>&)
 operator op                                                                    \
 ^
/opt/openfoam5/src/OpenFOAM/lnInclude/GeometricFieldFunctions.C:971:1: note: in expansion of macro 'PRODUCT_OPERATOR'
 PRODUCT_OPERATOR(typeOfSum, +, add)
 ^
/opt/openfoam5/src/OpenFOAM/lnInclude/GeometricFieldFunctions.C:851:1: note:   template argument deduction/substitution failed:
 operator op                                                                    \
 ^
/opt/openfoam5/src/OpenFOAM/lnInclude/GeometricFieldFunctions.C:971:1: note: in expansion of macro 'PRODUCT_OPERATOR'
 PRODUCT_OPERATOR(typeOfSum, +, add)
 ^
In file included from pamFoam.C:141:0:
./processModels/XPBEqn.H:9:7: note:   'const volScalarField {aka const Foam::GeometricField<double, Foam::fvPatchField, Foam::volMesh>}' is not derived from 'const Foam::tmp<Foam::GeometricField<Type2, PatchField, GeoMesh> >'
     + alphaLiquid*YPBPH*rhoAcetateUptake
       ^
In file included from /opt/openfoam5/src/OpenFOAM/lnInclude/GeometricField.C:1353:0,
                 from /opt/openfoam5/src/OpenFOAM/lnInclude/GeometricField.H:660,
                 from /opt/openfoam5/src/OpenFOAM/lnInclude/GeometricScalarField.H:38,
                 from /opt/openfoam5/src/OpenFOAM/lnInclude/GeometricFields.H:34,
                 from /opt/openfoam5/src/finiteVolume/lnInclude/volFields.H:37,
                 from /opt/openfoam5/src/finiteVolume/lnInclude/surfaceInterpolationScheme.C:27,
                 from /opt/openfoam5/src/finiteVolume/lnInclude/surfaceInterpolationScheme.H:307,
                 from /opt/openfoam5/src/finiteVolume/lnInclude/surfaceInterpolate.H:41,
                 from /opt/openfoam5/src/finiteVolume/lnInclude/fvc.H:39,
                 from /opt/openfoam5/src/finiteVolume/lnInclude/fvCFD.H:8,
                 from pamFoam.C:36:
/opt/openfoam5/src/OpenFOAM/lnInclude/GeometricFieldFunctions.C:878:1: note: candidate: template<class Form, class Type, template<class> class PatchField, class GeoMesh> Foam::tmp<Foam::GeometricField<typename Foam::typeOfSum<Type1, Type2>::type, PatchField, GeoMesh> > Foam::operator+(const Foam::dimensioned<Type>&, const Foam::GeometricField<Type1, PatchField, GeoMesh>&)
 operator op                                                                    \
 ^
/opt/openfoam5/src/OpenFOAM/lnInclude/GeometricFieldFunctions.C:971:1: note: in expansion of macro 'PRODUCT_OPERATOR'
 PRODUCT_OPERATOR(typeOfSum, +, add)
 ^
/opt/openfoam5/src/OpenFOAM/lnInclude/GeometricFieldFunctions.C:878:1: note:   template argument deduction/substitution failed:
 operator op                                                                    \
 ^
/opt/openfoam5/src/OpenFOAM/lnInclude/GeometricFieldFunctions.C:971:1: note: in expansion of macro 'PRODUCT_OPERATOR'
 PRODUCT_OPERATOR(typeOfSum, +, add)
 ^
In file included from pamFoam.C:141:0:
./processModels/XPBEqn.H:9:7: note:   'const volScalarField {aka const Foam::GeometricField<double, Foam::fvPatchField, Foam::volMesh>}' is not derived from 'const Foam::dimensioned<Type>'
     + alphaLiquid*YPBPH*rhoAcetateUptake
       ^
In file included from /opt/openfoam5/src/OpenFOAM/lnInclude/GeometricField.C:1353:0,
                 from /opt/openfoam5/src/OpenFOAM/lnInclude/GeometricField.H:660,
                 from /opt/openfoam5/src/OpenFOAM/lnInclude/GeometricScalarField.H:38,
                 from /opt/openfoam5/src/OpenFOAM/lnInclude/GeometricFields.H:34,
                 from /opt/openfoam5/src/finiteVolume/lnInclude/volFields.H:37,
                 from /opt/openfoam5/src/finiteVolume/lnInclude/surfaceInterpolationScheme.C:27,
                 from /opt/openfoam5/src/finiteVolume/lnInclude/surfaceInterpolationScheme.H:307,
                 from /opt/openfoam5/src/finiteVolume/lnInclude/surfaceInterpolate.H:41,
                 from /opt/openfoam5/src/finiteVolume/lnInclude/fvc.H:39,
                 from /opt/openfoam5/src/finiteVolume/lnInclude/fvCFD.H:8,
                 from pamFoam.C:36:
/opt/openfoam5/src/OpenFOAM/lnInclude/GeometricFieldFunctions.C:916:1: note: candidate: template<class Form, class Cmpt, unsigned char nCmpt, class Type, template<class> class PatchField, class GeoMesh> Foam::tmp<Foam::GeometricField<typename Foam::typeOfSum<Form, Type>::type, PatchField, GeoMesh> > Foam::operator+(const Foam::VectorSpace<Form, Cmpt, Ncmpts>&, const Foam::GeometricField<Type2, PatchField, GeoMesh>&)
 operator op                                                                    \
 ^
/opt/openfoam5/src/OpenFOAM/lnInclude/GeometricFieldFunctions.C:971:1: note: in expansion of macro 'PRODUCT_OPERATOR'
 PRODUCT_OPERATOR(typeOfSum, +, add)
 ^
/opt/openfoam5/src/OpenFOAM/lnInclude/GeometricFieldFunctions.C:916:1: note:   template argument deduction/substitution failed:
 operator op                                                                    \
 ^
/opt/openfoam5/src/OpenFOAM/lnInclude/GeometricFieldFunctions.C:971:1: note: in expansion of macro 'PRODUCT_OPERATOR'
 PRODUCT_OPERATOR(typeOfSum, +, add)
 ^
In file included from pamFoam.C:141:0:
./processModels/XPBEqn.H:9:7: note:   'const volScalarField {aka const Foam::GeometricField<double, Foam::fvPatchField, Foam::volMesh>}' is not derived from 'const Foam::VectorSpace<Form, Cmpt, Ncmpts>'
     + alphaLiquid*YPBPH*rhoAcetateUptake
       ^
In file included from /opt/openfoam5/src/OpenFOAM/lnInclude/GeometricField.C:1353:0,
                 from /opt/openfoam5/src/OpenFOAM/lnInclude/GeometricField.H:660,
                 from /opt/openfoam5/src/OpenFOAM/lnInclude/GeometricScalarField.H:38,
                 from /opt/openfoam5/src/OpenFOAM/lnInclude/GeometricFields.H:34,
                 from /opt/openfoam5/src/finiteVolume/lnInclude/volFields.H:37,
                 from /opt/openfoam5/src/finiteVolume/lnInclude/surfaceInterpolationScheme.C:27,
                 from /opt/openfoam5/src/finiteVolume/lnInclude/surfaceInterpolationScheme.H:307,
                 from /opt/openfoam5/src/finiteVolume/lnInclude/surfaceInterpolate.H:41,
                 from /opt/openfoam5/src/finiteVolume/lnInclude/fvc.H:39,
                 from /opt/openfoam5/src/finiteVolume/lnInclude/fvCFD.H:8,
                 from pamFoam.C:36:
/opt/openfoam5/src/OpenFOAM/lnInclude/GeometricFieldFunctions.C:928:1: note: candidate: template<class Form, class Type, template<class> class PatchField, class GeoMesh> Foam::tmp<Foam::GeometricField<typename Foam::typeOfSum<Type1, Type2>::type, PatchField, GeoMesh> > Foam::operator+(const Foam::dimensioned<Type>&, const Foam::tmp<Foam::GeometricField<Type1, PatchField, GeoMesh> >&)
 operator op                                                                    \
 ^
/opt/openfoam5/src/OpenFOAM/lnInclude/GeometricFieldFunctions.C:971:1: note: in expansion of macro 'PRODUCT_OPERATOR'
 PRODUCT_OPERATOR(typeOfSum, +, add)
 ^
/opt/openfoam5/src/OpenFOAM/lnInclude/GeometricFieldFunctions.C:928:1: note:   template argument deduction/substitution failed:
 operator op                                                                    \
 ^
/opt/openfoam5/src/OpenFOAM/lnInclude/GeometricFieldFunctions.C:971:1: note: in expansion of macro 'PRODUCT_OPERATOR'
 PRODUCT_OPERATOR(typeOfSum, +, add)
 ^
In file included from pamFoam.C:141:0:
./processModels/XPBEqn.H:9:7: note:   'const volScalarField {aka const Foam::GeometricField<double, Foam::fvPatchField, Foam::volMesh>}' is not derived from 'const Foam::dimensioned<Type>'
     + alphaLiquid*YPBPH*rhoAcetateUptake
       ^
In file included from /opt/openfoam5/src/OpenFOAM/lnInclude/GeometricField.C:1353:0,
                 from /opt/openfoam5/src/OpenFOAM/lnInclude/GeometricField.H:660,
                 from /opt/openfoam5/src/OpenFOAM/lnInclude/GeometricScalarField.H:38,
                 from /opt/openfoam5/src/OpenFOAM/lnInclude/GeometricFields.H:34,
                 from /opt/openfoam5/src/finiteVolume/lnInclude/volFields.H:37,
                 from /opt/openfoam5/src/finiteVolume/lnInclude/surfaceInterpolationScheme.C:27,
                 from /opt/openfoam5/src/finiteVolume/lnInclude/surfaceInterpolationScheme.H:307,
                 from /opt/openfoam5/src/finiteVolume/lnInclude/surfaceInterpolate.H:41,
                 from /opt/openfoam5/src/finiteVolume/lnInclude/fvc.H:39,
                 from /opt/openfoam5/src/finiteVolume/lnInclude/fvCFD.H:8,
                 from pamFoam.C:36:
/opt/openfoam5/src/OpenFOAM/lnInclude/GeometricFieldFunctions.C:962:1: note: candidate: template<class Form, class Cmpt, unsigned char nCmpt, class Type, template<class> class PatchField, class GeoMesh> Foam::tmp<Foam::GeometricField<typename Foam::typeOfSum<Form, Type>::type, PatchField, GeoMesh> > Foam::operator+(const Foam::VectorSpace<Form, Cmpt, Ncmpts>&, const Foam::tmp<Foam::GeometricField<Type2, PatchField, GeoMesh> >&)
 operator op                                                                    \
 ^
/opt/openfoam5/src/OpenFOAM/lnInclude/GeometricFieldFunctions.C:971:1: note: in expansion of macro 'PRODUCT_OPERATOR'
 PRODUCT_OPERATOR(typeOfSum, +, add)
 ^
/opt/openfoam5/src/OpenFOAM/lnInclude/GeometricFieldFunctions.C:962:1: note:   template argument deduction/substitution failed:
 operator op                                                                    \
 ^
/opt/openfoam5/src/OpenFOAM/lnInclude/GeometricFieldFunctions.C:971:1: note: in expansion of macro 'PRODUCT_OPERATOR'
 PRODUCT_OPERATOR(typeOfSum, +, add)
 ^
In file included from pamFoam.C:141:0:
./processModels/XPBEqn.H:9:7: note:   'const volScalarField {aka const Foam::GeometricField<double, Foam::fvPatchField, Foam::volMesh>}' is not derived from 'const Foam::VectorSpace<Form, Cmpt, Ncmpts>'
     + alphaLiquid*YPBPH*rhoAcetateUptake
       ^
In file included from /opt/openfoam5/src/OpenFOAM/lnInclude/GeometricScalarField.C:29:0,
                 from /opt/openfoam5/src/OpenFOAM/lnInclude/GeometricScalarField.H:173,
                 from /opt/openfoam5/src/OpenFOAM/lnInclude/GeometricFields.H:34,
                 from /opt/openfoam5/src/finiteVolume/lnInclude/volFields.H:37,
                 from /opt/openfoam5/src/finiteVolume/lnInclude/surfaceInterpolationScheme.C:27,
                 from /opt/openfoam5/src/finiteVolume/lnInclude/surfaceInterpolationScheme.H:307,
                 from /opt/openfoam5/src/finiteVolume/lnInclude/surfaceInterpolate.H:41,
                 from /opt/openfoam5/src/finiteVolume/lnInclude/fvc.H:39,
                 from /opt/openfoam5/src/finiteVolume/lnInclude/fvCFD.H:8,
                 from pamFoam.C:36:
/opt/openfoam5/src/OpenFOAM/lnInclude/GeometricFieldFunctionsM.C:645:54: note: candidate: template<template<class> class PatchField, class GeoMesh> Foam::tmp<Foam::GeometricField<double, PatchField, GeoMesh> > Foam::operator+(const Foam::dimensioned<double>&, const Foam::GeometricField<double, PatchField, GeoMesh>&)
 tmp<GeometricField<ReturnType, PatchField, GeoMesh>> operator Op               \
                                                      ^
/opt/openfoam5/src/OpenFOAM/lnInclude/GeometricFieldFunctionsM.C:813:5: note: in expansion of macro 'BINARY_TYPE_OPERATOR_SF'
     BINARY_TYPE_OPERATOR_SF(ReturnType, Type1, Type2, Op, OpName, OpFunc)      \
     ^
/opt/openfoam5/src/OpenFOAM/lnInclude/GeometricScalarField.C:110:1: note: in expansion of macro 'BINARY_TYPE_OPERATOR'
 BINARY_TYPE_OPERATOR(scalar, scalar, scalar, +, '+', add)
 ^
/opt/openfoam5/src/OpenFOAM/lnInclude/GeometricFieldFunctionsM.C:645:54: note:   template argument deduction/substitution failed:
 tmp<GeometricField<ReturnType, PatchField, GeoMesh>> operator Op               \
                                                      ^
/opt/openfoam5/src/OpenFOAM/lnInclude/GeometricFieldFunctionsM.C:813:5: note: in expansion of macro 'BINARY_TYPE_OPERATOR_SF'
     BINARY_TYPE_OPERATOR_SF(ReturnType, Type1, Type2, Op, OpName, OpFunc)      \
     ^
/opt/openfoam5/src/OpenFOAM/lnInclude/GeometricScalarField.C:110:1: note: in expansion of macro 'BINARY_TYPE_OPERATOR'
 BINARY_TYPE_OPERATOR(scalar, scalar, scalar, +, '+', add)
 ^
In file included from pamFoam.C:141:0:
./processModels/XPBEqn.H:9:7: note:   cannot convert 'alphaLiquid' (type 'const volScalarField {aka const Foam::GeometricField<double, Foam::fvPatchField, Foam::volMesh>}') to type 'const Foam::dimensioned<double>&'
     + alphaLiquid*YPBPH*rhoAcetateUptake
       ^
In file included from /opt/openfoam5/src/OpenFOAM/lnInclude/GeometricScalarField.C:29:0,
                 from /opt/openfoam5/src/OpenFOAM/lnInclude/GeometricScalarField.H:173,
                 from /opt/openfoam5/src/OpenFOAM/lnInclude/GeometricFields.H:34,
                 from /opt/openfoam5/src/finiteVolume/lnInclude/volFields.H:37,
                 from /opt/openfoam5/src/finiteVolume/lnInclude/surfaceInterpolationScheme.C:27,
                 from /opt/openfoam5/src/finiteVolume/lnInclude/surfaceInterpolationScheme.H:307,
                 from /opt/openfoam5/src/finiteVolume/lnInclude/surfaceInterpolate.H:41,
                 from /opt/openfoam5/src/finiteVolume/lnInclude/fvc.H:39,
                 from /opt/openfoam5/src/finiteVolume/lnInclude/fvCFD.H:8,
                 from pamFoam.C:36:
/opt/openfoam5/src/OpenFOAM/lnInclude/GeometricFieldFunctionsM.C:674:54: note: candidate: template<template<class> class PatchField, class GeoMesh> Foam::tmp<Foam::GeometricField<double, PatchField, GeoMesh> > Foam::operator+(const scalar&, const Foam::GeometricField<double, PatchField, GeoMesh>&)
 tmp<GeometricField<ReturnType, PatchField, GeoMesh>> operator Op               \
                                                      ^
/opt/openfoam5/src/OpenFOAM/lnInclude/GeometricFieldFunctionsM.C:813:5: note: in expansion of macro 'BINARY_TYPE_OPERATOR_SF'
     BINARY_TYPE_OPERATOR_SF(ReturnType, Type1, Type2, Op, OpName, OpFunc)      \
     ^
/opt/openfoam5/src/OpenFOAM/lnInclude/GeometricScalarField.C:110:1: note: in expansion of macro 'BINARY_TYPE_OPERATOR'
 BINARY_TYPE_OPERATOR(scalar, scalar, scalar, +, '+', add)
 ^
/opt/openfoam5/src/OpenFOAM/lnInclude/GeometricFieldFunctionsM.C:674:54: note:   template argument deduction/substitution failed:
 tmp<GeometricField<ReturnType, PatchField, GeoMesh>> operator Op               \
                                                      ^
/opt/openfoam5/src/OpenFOAM/lnInclude/GeometricFieldFunctionsM.C:813:5: note: in expansion of macro 'BINARY_TYPE_OPERATOR_SF'
     BINARY_TYPE_OPERATOR_SF(ReturnType, Type1, Type2, Op, OpName, OpFunc)      \
     ^
/opt/openfoam5/src/OpenFOAM/lnInclude/GeometricScalarField.C:110:1: note: in expansion of macro 'BINARY_TYPE_OPERATOR'
 BINARY_TYPE_OPERATOR(scalar, scalar, scalar, +, '+', add)
 ^
In file included from pamFoam.C:141:0:
./processModels/XPBEqn.H:9:7: note:   cannot convert 'alphaLiquid' (type 'const volScalarField {aka const Foam::GeometricField<double, Foam::fvPatchField, Foam::volMesh>}') to type 'const scalar& {aka const double&}'
     + alphaLiquid*YPBPH*rhoAcetateUptake
       ^
In file included from /opt/openfoam5/src/OpenFOAM/lnInclude/GeometricScalarField.C:29:0,
                 from /opt/openfoam5/src/OpenFOAM/lnInclude/GeometricScalarField.H:173,
                 from /opt/openfoam5/src/OpenFOAM/lnInclude/GeometricFields.H:34,
                 from /opt/openfoam5/src/finiteVolume/lnInclude/volFields.H:37,
                 from /opt/openfoam5/src/finiteVolume/lnInclude/surfaceInterpolationScheme.C:27,
                 from /opt/openfoam5/src/finiteVolume/lnInclude/surfaceInterpolationScheme.H:307,
                 from /opt/openfoam5/src/finiteVolume/lnInclude/surfaceInterpolate.H:41,
                 from /opt/openfoam5/src/finiteVolume/lnInclude/fvc.H:39,
                 from /opt/openfoam5/src/finiteVolume/lnInclude/fvCFD.H:8,
                 from pamFoam.C:36:
/opt/openfoam5/src/OpenFOAM/lnInclude/GeometricFieldFunctionsM.C:685:54: note: candidate: template<template<class> class PatchField, class GeoMesh> Foam::tmp<Foam::GeometricField<double, PatchField, GeoMesh> > Foam::operator+(const Foam::dimensioned<double>&, const Foam::tmp<Foam::GeometricField<double, PatchField, GeoMesh> >&)
 tmp<GeometricField<ReturnType, PatchField, GeoMesh>> operator Op               \
                                                      ^
/opt/openfoam5/src/OpenFOAM/lnInclude/GeometricFieldFunctionsM.C:813:5: note: in expansion of macro 'BINARY_TYPE_OPERATOR_SF'
     BINARY_TYPE_OPERATOR_SF(ReturnType, Type1, Type2, Op, OpName, OpFunc)      \
     ^
/opt/openfoam5/src/OpenFOAM/lnInclude/GeometricScalarField.C:110:1: note: in expansion of macro 'BINARY_TYPE_OPERATOR'
 BINARY_TYPE_OPERATOR(scalar, scalar, scalar, +, '+', add)
 ^
/opt/openfoam5/src/OpenFOAM/lnInclude/GeometricFieldFunctionsM.C:685:54: note:   template argument deduction/substitution failed:
 tmp<GeometricField<ReturnType, PatchField, GeoMesh>> operator Op               \
                                                      ^
/opt/openfoam5/src/OpenFOAM/lnInclude/GeometricFieldFunctionsM.C:813:5: note: in expansion of macro 'BINARY_TYPE_OPERATOR_SF'
     BINARY_TYPE_OPERATOR_SF(ReturnType, Type1, Type2, Op, OpName, OpFunc)      \
     ^
/opt/openfoam5/src/OpenFOAM/lnInclude/GeometricScalarField.C:110:1: note: in expansion of macro 'BINARY_TYPE_OPERATOR'
 BINARY_TYPE_OPERATOR(scalar, scalar, scalar, +, '+', add)
 ^
In file included from pamFoam.C:141:0:
./processModels/XPBEqn.H:9:7: note:   cannot convert 'alphaLiquid' (type 'const volScalarField {aka const Foam::GeometricField<double, Foam::fvPatchField, Foam::volMesh>}') to type 'const Foam::dimensioned<double>&'
     + alphaLiquid*YPBPH*rhoAcetateUptake
       ^
In file included from /opt/openfoam5/src/OpenFOAM/lnInclude/GeometricScalarField.C:29:0,
                 from /opt/openfoam5/src/OpenFOAM/lnInclude/GeometricScalarField.H:173,
                 from /opt/openfoam5/src/OpenFOAM/lnInclude/GeometricFields.H:34,
                 from /opt/openfoam5/src/finiteVolume/lnInclude/volFields.H:37,
                 from /opt/openfoam5/src/finiteVolume/lnInclude/surfaceInterpolationScheme.C:27,
                 from /opt/openfoam5/src/finiteVolume/lnInclude/surfaceInterpolationScheme.H:307,
                 from /opt/openfoam5/src/finiteVolume/lnInclude/surfaceInterpolate.H:41,
                 from /opt/openfoam5/src/finiteVolume/lnInclude/fvc.H:39,
                 from /opt/openfoam5/src/finiteVolume/lnInclude/fvCFD.H:8,
                 from pamFoam.C:36:
/opt/openfoam5/src/OpenFOAM/lnInclude/GeometricFieldFunctionsM.C:711:54: note: candidate: template<template<class> class PatchField, class GeoMesh> Foam::tmp<Foam::GeometricField<double, PatchField, GeoMesh> > Foam::operator+(const scalar&, const Foam::tmp<Foam::GeometricField<double, PatchField, GeoMesh> >&)
 tmp<GeometricField<ReturnType, PatchField, GeoMesh>> operator Op               \
                                                      ^
/opt/openfoam5/src/OpenFOAM/lnInclude/GeometricFieldFunctionsM.C:813:5: note: in expansion of macro 'BINARY_TYPE_OPERATOR_SF'
     BINARY_TYPE_OPERATOR_SF(ReturnType, Type1, Type2, Op, OpName, OpFunc)      \
     ^
/opt/openfoam5/src/OpenFOAM/lnInclude/GeometricScalarField.C:110:1: note: in expansion of macro 'BINARY_TYPE_OPERATOR'
 BINARY_TYPE_OPERATOR(scalar, scalar, scalar, +, '+', add)
 ^
/opt/openfoam5/src/OpenFOAM/lnInclude/GeometricFieldFunctionsM.C:711:54: note:   template argument deduction/substitution failed:
 tmp<GeometricField<ReturnType, PatchField, GeoMesh>> operator Op               \
                                                      ^
/opt/openfoam5/src/OpenFOAM/lnInclude/GeometricFieldFunctionsM.C:813:5: note: in expansion of macro 'BINARY_TYPE_OPERATOR_SF'
     BINARY_TYPE_OPERATOR_SF(ReturnType, Type1, Type2, Op, OpName, OpFunc)      \
     ^
/opt/openfoam5/src/OpenFOAM/lnInclude/GeometricScalarField.C:110:1: note: in expansion of macro 'BINARY_TYPE_OPERATOR'
 BINARY_TYPE_OPERATOR(scalar, scalar, scalar, +, '+', add)
 ^
In file included from pamFoam.C:141:0:
./processModels/XPBEqn.H:9:7: note:   cannot convert 'alphaLiquid' (type 'const volScalarField {aka const Foam::GeometricField<double, Foam::fvPatchField, Foam::volMesh>}') to type 'const scalar& {aka const double&}'
     + alphaLiquid*YPBPH*rhoAcetateUptake
       ^
In file included from /opt/openfoam5/src/OpenFOAM/lnInclude/GeometricScalarField.C:29:0,
                 from /opt/openfoam5/src/OpenFOAM/lnInclude/GeometricScalarField.H:173,
                 from /opt/openfoam5/src/OpenFOAM/lnInclude/GeometricFields.H:34,
                 from /opt/openfoam5/src/finiteVolume/lnInclude/volFields.H:37,
                 from /opt/openfoam5/src/finiteVolume/lnInclude/surfaceInterpolationScheme.C:27,
                 from /opt/openfoam5/src/finiteVolume/lnInclude/surfaceInterpolationScheme.H:307,
                 from /opt/openfoam5/src/finiteVolume/lnInclude/surfaceInterpolate.H:41,
                 from /opt/openfoam5/src/finiteVolume/lnInclude/fvc.H:39,
                 from /opt/openfoam5/src/finiteVolume/lnInclude/fvCFD.H:8,
                 from pamFoam.C:36:
/opt/openfoam5/src/OpenFOAM/lnInclude/GeometricFieldFunctionsM.C:736:54: note: candidate: template<template<class> class PatchField, class GeoMesh> Foam::tmp<Foam::GeometricField<double, PatchField, GeoMesh> > Foam::operator+(const Foam::GeometricField<double, PatchField, GeoMesh>&, const Foam::dimensioned<double>&)
 tmp<GeometricField<ReturnType, PatchField, GeoMesh>> operator Op               \
                                                      ^
/opt/openfoam5/src/OpenFOAM/lnInclude/GeometricFieldFunctionsM.C:814:5: note: in expansion of macro 'BINARY_TYPE_OPERATOR_FS'
     BINARY_TYPE_OPERATOR_FS(ReturnType, Type1, Type2, Op, OpName, OpFunc)
     ^
/opt/openfoam5/src/OpenFOAM/lnInclude/GeometricScalarField.C:110:1: note: in expansion of macro 'BINARY_TYPE_OPERATOR'
 BINARY_TYPE_OPERATOR(scalar, scalar, scalar, +, '+', add)
 ^
/opt/openfoam5/src/OpenFOAM/lnInclude/GeometricFieldFunctionsM.C:736:54: note:   template argument deduction/substitution failed:
 tmp<GeometricField<ReturnType, PatchField, GeoMesh>> operator Op               \
                                                      ^
/opt/openfoam5/src/OpenFOAM/lnInclude/GeometricFieldFunctionsM.C:814:5: note: in expansion of macro 'BINARY_TYPE_OPERATOR_FS'
     BINARY_TYPE_OPERATOR_FS(ReturnType, Type1, Type2, Op, OpName, OpFunc)
     ^
/opt/openfoam5/src/OpenFOAM/lnInclude/GeometricScalarField.C:110:1: note: in expansion of macro 'BINARY_TYPE_OPERATOR'
 BINARY_TYPE_OPERATOR(scalar, scalar, scalar, +, '+', add)
 ^
In file included from pamFoam.C:141:0:
./processModels/XPBEqn.H:9:7: note:   candidate expects 2 arguments, 1 provided
     + alphaLiquid*YPBPH*rhoAcetateUptake
       ^
In file included from /opt/openfoam5/src/OpenFOAM/lnInclude/GeometricScalarField.C:29:0,
                 from /opt/openfoam5/src/OpenFOAM/lnInclude/GeometricScalarField.H:173,
                 from /opt/openfoam5/src/OpenFOAM/lnInclude/GeometricFields.H:34,
                 from /opt/openfoam5/src/finiteVolume/lnInclude/volFields.H:37,
                 from /opt/openfoam5/src/finiteVolume/lnInclude/surfaceInterpolationScheme.C:27,
                 from /opt/openfoam5/src/finiteVolume/lnInclude/surfaceInterpolationScheme.H:307,
                 from /opt/openfoam5/src/finiteVolume/lnInclude/surfaceInterpolate.H:41,
                 from /opt/openfoam5/src/finiteVolume/lnInclude/fvc.H:39,
                 from /opt/openfoam5/src/finiteVolume/lnInclude/fvCFD.H:8,
                 from pamFoam.C:36:
/opt/openfoam5/src/OpenFOAM/lnInclude/GeometricFieldFunctionsM.C:765:54: note: candidate: template<template<class> class PatchField, class GeoMesh> Foam::tmp<Foam::GeometricField<double, PatchField, GeoMesh> > Foam::operator+(const Foam::GeometricField<double, PatchField, GeoMesh>&, const scalar&)
 tmp<GeometricField<ReturnType, PatchField, GeoMesh>> operator Op               \
                                                      ^
/opt/openfoam5/src/OpenFOAM/lnInclude/GeometricFieldFunctionsM.C:814:5: note: in expansion of macro 'BINARY_TYPE_OPERATOR_FS'
     BINARY_TYPE_OPERATOR_FS(ReturnType, Type1, Type2, Op, OpName, OpFunc)
     ^
/opt/openfoam5/src/OpenFOAM/lnInclude/GeometricScalarField.C:110:1: note: in expansion of macro 'BINARY_TYPE_OPERATOR'
 BINARY_TYPE_OPERATOR(scalar, scalar, scalar, +, '+', add)
 ^
/opt/openfoam5/src/OpenFOAM/lnInclude/GeometricFieldFunctionsM.C:765:54: note:   template argument deduction/substitution failed:
 tmp<GeometricField<ReturnType, PatchField, GeoMesh>> operator Op               \
                                                      ^
/opt/openfoam5/src/OpenFOAM/lnInclude/GeometricFieldFunctionsM.C:814:5: note: in expansion of macro 'BINARY_TYPE_OPERATOR_FS'
     BINARY_TYPE_OPERATOR_FS(ReturnType, Type1, Type2, Op, OpName, OpFunc)
     ^
/opt/openfoam5/src/OpenFOAM/lnInclude/GeometricScalarField.C:110:1: note: in expansion of macro 'BINARY_TYPE_OPERATOR'
 BINARY_TYPE_OPERATOR(scalar, scalar, scalar, +, '+', add)
 ^
In file included from pamFoam.C:141:0:
./processModels/XPBEqn.H:9:7: note:   candidate expects 2 arguments, 1 provided
     + alphaLiquid*YPBPH*rhoAcetateUptake
       ^
In file included from /opt/openfoam5/src/OpenFOAM/lnInclude/GeometricScalarField.C:29:0,
                 from /opt/openfoam5/src/OpenFOAM/lnInclude/GeometricScalarField.H:173,
                 from /opt/openfoam5/src/OpenFOAM/lnInclude/GeometricFields.H:34,
                 from /opt/openfoam5/src/finiteVolume/lnInclude/volFields.H:37,
                 from /opt/openfoam5/src/finiteVolume/lnInclude/surfaceInterpolationScheme.C:27,
                 from /opt/openfoam5/src/finiteVolume/lnInclude/surfaceInterpolationScheme.H:307,
                 from /opt/openfoam5/src/finiteVolume/lnInclude/surfaceInterpolate.H:41,
                 from /opt/openfoam5/src/finiteVolume/lnInclude/fvc.H:39,
                 from /opt/openfoam5/src/finiteVolume/lnInclude/fvCFD.H:8,
                 from pamFoam.C:36:
/opt/openfoam5/src/OpenFOAM/lnInclude/GeometricFieldFunctionsM.C:776:54: note: candidate: template<template<class> class PatchField, class GeoMesh> Foam::tmp<Foam::GeometricField<double, PatchField, GeoMesh> > Foam::operator+(const Foam::tmp<Foam::GeometricField<double, PatchField, GeoMesh> >&, const Foam::dimensioned<double>&)
 tmp<GeometricField<ReturnType, PatchField, GeoMesh>> operator Op               \
                                                      ^
/opt/openfoam5/src/OpenFOAM/lnInclude/GeometricFieldFunctionsM.C:814:5: note: in expansion of macro 'BINARY_TYPE_OPERATOR_FS'
     BINARY_TYPE_OPERATOR_FS(ReturnType, Type1, Type2, Op, OpName, OpFunc)
     ^
/opt/openfoam5/src/OpenFOAM/lnInclude/GeometricScalarField.C:110:1: note: in expansion of macro 'BINARY_TYPE_OPERATOR'
 BINARY_TYPE_OPERATOR(scalar, scalar, scalar, +, '+', add)
 ^
/opt/openfoam5/src/OpenFOAM/lnInclude/GeometricFieldFunctionsM.C:776:54: note:   template argument deduction/substitution failed:
 tmp<GeometricField<ReturnType, PatchField, GeoMesh>> operator Op               \
                                                      ^
/opt/openfoam5/src/OpenFOAM/lnInclude/GeometricFieldFunctionsM.C:814:5: note: in expansion of macro 'BINARY_TYPE_OPERATOR_FS'
     BINARY_TYPE_OPERATOR_FS(ReturnType, Type1, Type2, Op, OpName, OpFunc)
     ^
/opt/openfoam5/src/OpenFOAM/lnInclude/GeometricScalarField.C:110:1: note: in expansion of macro 'BINARY_TYPE_OPERATOR'
 BINARY_TYPE_OPERATOR(scalar, scalar, scalar, +, '+', add)
 ^
In file included from pamFoam.C:141:0:
./processModels/XPBEqn.H:9:7: note:   'const volScalarField {aka const Foam::GeometricField<double, Foam::fvPatchField, Foam::volMesh>}' is not derived from 'const Foam::tmp<Foam::GeometricField<double, PatchField, GeoMesh> >'
     + alphaLiquid*YPBPH*rhoAcetateUptake
       ^
In file included from /opt/openfoam5/src/OpenFOAM/lnInclude/GeometricScalarField.C:29:0,
                 from /opt/openfoam5/src/OpenFOAM/lnInclude/GeometricScalarField.H:173,
                 from /opt/openfoam5/src/OpenFOAM/lnInclude/GeometricFields.H:34,
                 from /opt/openfoam5/src/finiteVolume/lnInclude/volFields.H:37,
                 from /opt/openfoam5/src/finiteVolume/lnInclude/surfaceInterpolationScheme.C:27,
                 from /opt/openfoam5/src/finiteVolume/lnInclude/surfaceInterpolationScheme.H:307,
                 from /opt/openfoam5/src/finiteVolume/lnInclude/surfaceInterpolate.H:41,
                 from /opt/openfoam5/src/finiteVolume/lnInclude/fvc.H:39,
                 from /opt/openfoam5/src/finiteVolume/lnInclude/fvCFD.H:8,
                 from pamFoam.C:36:
/opt/openfoam5/src/OpenFOAM/lnInclude/GeometricFieldFunctionsM.C:802:54: note: candidate: template<template<class> class PatchField, class GeoMesh> Foam::tmp<Foam::GeometricField<double, PatchField, GeoMesh> > Foam::operator+(const Foam::tmp<Foam::GeometricField<double, PatchField, GeoMesh> >&, const scalar&)
 tmp<GeometricField<ReturnType, PatchField, GeoMesh>> operator Op               \
                                                      ^
/opt/openfoam5/src/OpenFOAM/lnInclude/GeometricFieldFunctionsM.C:814:5: note: in expansion of macro 'BINARY_TYPE_OPERATOR_FS'
     BINARY_TYPE_OPERATOR_FS(ReturnType, Type1, Type2, Op, OpName, OpFunc)
     ^
/opt/openfoam5/src/OpenFOAM/lnInclude/GeometricScalarField.C:110:1: note: in expansion of macro 'BINARY_TYPE_OPERATOR'
 BINARY_TYPE_OPERATOR(scalar, scalar, scalar, +, '+', add)
 ^
/opt/openfoam5/src/OpenFOAM/lnInclude/GeometricFieldFunctionsM.C:802:54: note:   template argument deduction/substitution failed:
 tmp<GeometricField<ReturnType, PatchField, GeoMesh>> operator Op               \
                                                      ^
/opt/openfoam5/src/OpenFOAM/lnInclude/GeometricFieldFunctionsM.C:814:5: note: in expansion of macro 'BINARY_TYPE_OPERATOR_FS'
     BINARY_TYPE_OPERATOR_FS(ReturnType, Type1, Type2, Op, OpName, OpFunc)
     ^
/opt/openfoam5/src/OpenFOAM/lnInclude/GeometricScalarField.C:110:1: note: in expansion of macro 'BINARY_TYPE_OPERATOR'
 BINARY_TYPE_OPERATOR(scalar, scalar, scalar, +, '+', add)
 ^
In file included from pamFoam.C:141:0:
./processModels/XPBEqn.H:9:7: note:   'const volScalarField {aka const Foam::GeometricField<double, Foam::fvPatchField, Foam::volMesh>}' is not derived from 'const Foam::tmp<Foam::GeometricField<double, PatchField, GeoMesh> >'
     + alphaLiquid*YPBPH*rhoAcetateUptake
       ^
In file included from /opt/openfoam5/src/OpenFOAM/lnInclude/zeroField.H:82:0,
                 from /opt/openfoam5/src/OpenFOAM/lnInclude/zeroFieldField.H:40,
                 from /opt/openfoam5/src/OpenFOAM/lnInclude/geometricZeroField.H:40,
                 from /opt/openfoam5/src/finiteVolume/lnInclude/fvcDdt.H:43,
                 from /opt/openfoam5/src/finiteVolume/lnInclude/fvc.H:44,
                 from /opt/openfoam5/src/finiteVolume/lnInclude/fvCFD.H:8,
                 from pamFoam.C:36:
/opt/openfoam5/src/OpenFOAM/lnInclude/zeroFieldI.H:61:24: note: candidate: const Foam::zeroField Foam::operator+(const Foam::zeroField&, const Foam::zeroField&)
 inline const zeroField operator+(const zeroField&, const zeroField&)
                        ^
/opt/openfoam5/src/OpenFOAM/lnInclude/zeroFieldI.H:61:24: note:   candidate expects 2 arguments, 1 provided
/opt/openfoam5/src/OpenFOAM/lnInclude/zeroFieldI.H:67:20: note: candidate: template<class Type> const Type& Foam::operator+(const Type&, const Foam::zeroField&)
 inline const Type& operator+(const Type& t, const zeroField&)
                    ^
/opt/openfoam5/src/OpenFOAM/lnInclude/zeroFieldI.H:67:20: note:   template argument deduction/substitution failed:
In file included from pamFoam.C:141:0:
./processModels/XPBEqn.H:9:7: note:   candidate expects 2 arguments, 1 provided
     + alphaLiquid*YPBPH*rhoAcetateUptake
       ^
In file included from /opt/openfoam5/src/OpenFOAM/lnInclude/zeroField.H:82:0,
                 from /opt/openfoam5/src/OpenFOAM/lnInclude/zeroFieldField.H:40,
                 from /opt/openfoam5/src/OpenFOAM/lnInclude/geometricZeroField.H:40,
                 from /opt/openfoam5/src/finiteVolume/lnInclude/fvcDdt.H:43,
                 from /opt/openfoam5/src/finiteVolume/lnInclude/fvc.H:44,
                 from /opt/openfoam5/src/finiteVolume/lnInclude/fvCFD.H:8,
                 from pamFoam.C:36:
/opt/openfoam5/src/OpenFOAM/lnInclude/zeroFieldI.H:73:20: note: candidate: template<class Type> const Type& Foam::operator+(const Foam::zeroField&, const Type&)
 inline const Type& operator+(const zeroField&, const Type& t)
                    ^
/opt/openfoam5/src/OpenFOAM/lnInclude/zeroFieldI.H:73:20: note:   template argument deduction/substitution failed:
In file included from pamFoam.C:141:0:
./processModels/XPBEqn.H:9:7: note:   cannot convert 'alphaLiquid' (type 'const volScalarField {aka const Foam::GeometricField<double, Foam::fvPatchField, Foam::volMesh>}') to type 'const Foam::zeroField&'
     + alphaLiquid*YPBPH*rhoAcetateUptake
       ^
In file included from /opt/openfoam5/src/finiteVolume/lnInclude/fvMatrix.H:1061:0,
                 from /opt/openfoam5/src/finiteVolume/lnInclude/ddtScheme.C:29,
                 from /opt/openfoam5/src/finiteVolume/lnInclude/ddtScheme.H:342,
                 from /opt/openfoam5/src/finiteVolume/lnInclude/fvcDdt.C:28,
                 from /opt/openfoam5/src/finiteVolume/lnInclude/fvcDdt.H:205,
                 from /opt/openfoam5/src/finiteVolume/lnInclude/fvc.H:44,
                 from /opt/openfoam5/src/finiteVolume/lnInclude/fvCFD.H:8,
                 from pamFoam.C:36:
/opt/openfoam5/src/finiteVolume/lnInclude/fvMatrix.C:1624:33: note: candidate: template<class Type> Foam::tmp<Foam::fvMatrix<Type> > Foam::operator+(const Foam::fvMatrix<Type>&, const Foam::fvMatrix<Type>&)
 Foam::tmp<Foam::fvMatrix<Type>> Foam::operator+
                                 ^
/opt/openfoam5/src/finiteVolume/lnInclude/fvMatrix.C:1624:33: note:   template argument deduction/substitution failed:
In file included from pamFoam.C:141:0:
./processModels/XPBEqn.H:9:7: note:   'const volScalarField {aka const Foam::GeometricField<double, Foam::fvPatchField, Foam::volMesh>}' is not derived from 'const Foam::fvMatrix<Type>'
     + alphaLiquid*YPBPH*rhoAcetateUptake
       ^
In file included from /opt/openfoam5/src/finiteVolume/lnInclude/fvMatrix.H:1061:0,
                 from /opt/openfoam5/src/finiteVolume/lnInclude/ddtScheme.C:29,
                 from /opt/openfoam5/src/finiteVolume/lnInclude/ddtScheme.H:342,
                 from /opt/openfoam5/src/finiteVolume/lnInclude/fvcDdt.C:28,
                 from /opt/openfoam5/src/finiteVolume/lnInclude/fvcDdt.H:205,
                 from /opt/openfoam5/src/finiteVolume/lnInclude/fvc.H:44,
                 from /opt/openfoam5/src/finiteVolume/lnInclude/fvCFD.H:8,
                 from pamFoam.C:36:
/opt/openfoam5/src/finiteVolume/lnInclude/fvMatrix.C:1637:33: note: candidate: template<class Type> Foam::tmp<Foam::fvMatrix<Type> > Foam::operator+(const Foam::tmp<Foam::fvMatrix<Type> >&, const Foam::fvMatrix<Type>&)
 Foam::tmp<Foam::fvMatrix<Type>> Foam::operator+
                                 ^
/opt/openfoam5/src/finiteVolume/lnInclude/fvMatrix.C:1637:33: note:   template argument deduction/substitution failed:
In file included from pamFoam.C:141:0:
./processModels/XPBEqn.H:9:7: note:   'const volScalarField {aka const Foam::GeometricField<double, Foam::fvPatchField, Foam::volMesh>}' is not derived from 'const Foam::tmp<Foam::fvMatrix<Type> >'
     + alphaLiquid*YPBPH*rhoAcetateUptake
       ^
In file included from /opt/openfoam5/src/finiteVolume/lnInclude/fvMatrix.H:1061:0,
                 from /opt/openfoam5/src/finiteVolume/lnInclude/ddtScheme.C:29,
                 from /opt/openfoam5/src/finiteVolume/lnInclude/ddtScheme.H:342,
                 from /opt/openfoam5/src/finiteVolume/lnInclude/fvcDdt.C:28,
                 from /opt/openfoam5/src/finiteVolume/lnInclude/fvcDdt.H:205,
                 from /opt/openfoam5/src/finiteVolume/lnInclude/fvc.H:44,
                 from /opt/openfoam5/src/finiteVolume/lnInclude/fvCFD.H:8,
                 from pamFoam.C:36:
/opt/openfoam5/src/finiteVolume/lnInclude/fvMatrix.C:1650:33: note: candidate: template<class Type> Foam::tmp<Foam::fvMatrix<Type> > Foam::operator+(const Foam::fvMatrix<Type>&, const Foam::tmp<Foam::fvMatrix<Type> >&)
 Foam::tmp<Foam::fvMatrix<Type>> Foam::operator+
                                 ^
/opt/openfoam5/src/finiteVolume/lnInclude/fvMatrix.C:1650:33: note:   template argument deduction/substitution failed:
In file included from pamFoam.C:141:0:
./processModels/XPBEqn.H:9:7: note:   'const volScalarField {aka const Foam::GeometricField<double, Foam::fvPatchField, Foam::volMesh>}' is not derived from 'const Foam::fvMatrix<Type>'
     + alphaLiquid*YPBPH*rhoAcetateUptake
       ^
In file included from /opt/openfoam5/src/finiteVolume/lnInclude/fvMatrix.H:1061:0,
                 from /opt/openfoam5/src/finiteVolume/lnInclude/ddtScheme.C:29,
                 from /opt/openfoam5/src/finiteVolume/lnInclude/ddtScheme.H:342,
                 from /opt/openfoam5/src/finiteVolume/lnInclude/fvcDdt.C:28,
                 from /opt/openfoam5/src/finiteVolume/lnInclude/fvcDdt.H:205,
                 from /opt/openfoam5/src/finiteVolume/lnInclude/fvc.H:44,
                 from /opt/openfoam5/src/finiteVolume/lnInclude/fvCFD.H:8,
                 from pamFoam.C:36:
/opt/openfoam5/src/finiteVolume/lnInclude/fvMatrix.C:1663:33: note: candidate: template<class Type> Foam::tmp<Foam::fvMatrix<Type> > Foam::operator+(const Foam::tmp<Foam::fvMatrix<Type> >&, const Foam::tmp<Foam::fvMatrix<Type> >&)
 Foam::tmp<Foam::fvMatrix<Type>> Foam::operator+
                                 ^
/opt/openfoam5/src/finiteVolume/lnInclude/fvMatrix.C:1663:33: note:   template argument deduction/substitution failed:
In file included from pamFoam.C:141:0:
./processModels/XPBEqn.H:9:7: note:   'const volScalarField {aka const Foam::GeometricField<double, Foam::fvPatchField, Foam::volMesh>}' is not derived from 'const Foam::tmp<Foam::fvMatrix<Type> >'
     + alphaLiquid*YPBPH*rhoAcetateUptake
       ^
In file included from /opt/openfoam5/src/finiteVolume/lnInclude/fvMatrix.H:1061:0,
                 from /opt/openfoam5/src/finiteVolume/lnInclude/ddtScheme.C:29,
                 from /opt/openfoam5/src/finiteVolume/lnInclude/ddtScheme.H:342,
                 from /opt/openfoam5/src/finiteVolume/lnInclude/fvcDdt.C:28,
                 from /opt/openfoam5/src/finiteVolume/lnInclude/fvcDdt.H:205,
                 from /opt/openfoam5/src/finiteVolume/lnInclude/fvc.H:44,
                 from /opt/openfoam5/src/finiteVolume/lnInclude/fvCFD.H:8,
                 from pamFoam.C:36:
/opt/openfoam5/src/finiteVolume/lnInclude/fvMatrix.C:1677:33: note: candidate: template<class Type> Foam::tmp<Foam::fvMatrix<Type> > Foam::operator+(const Foam::fvMatrix<Type>&, const Foam::DimensionedField<Type, Foam::volMesh>&)
 Foam::tmp<Foam::fvMatrix<Type>> Foam::operator+
                                 ^
/opt/openfoam5/src/finiteVolume/lnInclude/fvMatrix.C:1677:33: note:   template argument deduction/substitution failed:
In file included from pamFoam.C:141:0:
./processModels/XPBEqn.H:9:7: note:   'const volScalarField {aka const Foam::GeometricField<double, Foam::fvPatchField, Foam::volMesh>}' is not derived from 'const Foam::fvMatrix<Type>'
     + alphaLiquid*YPBPH*rhoAcetateUptake
       ^
In file included from /opt/openfoam5/src/finiteVolume/lnInclude/fvMatrix.H:1061:0,
                 from /opt/openfoam5/src/finiteVolume/lnInclude/ddtScheme.C:29,
                 from /opt/openfoam5/src/finiteVolume/lnInclude/ddtScheme.H:342,
                 from /opt/openfoam5/src/finiteVolume/lnInclude/fvcDdt.C:28,
                 from /opt/openfoam5/src/finiteVolume/lnInclude/fvcDdt.H:205,
                 from /opt/openfoam5/src/finiteVolume/lnInclude/fvc.H:44,
                 from /opt/openfoam5/src/finiteVolume/lnInclude/fvCFD.H:8,
                 from pamFoam.C:36:
/opt/openfoam5/src/finiteVolume/lnInclude/fvMatrix.C:1690:33: note: candidate: template<class Type> Foam::tmp<Foam::fvMatrix<Type> > Foam::operator+(const Foam::fvMatrix<Type>&, const Foam::tmp<Foam::DimensionedField<Type, Foam::volMesh> >&)
 Foam::tmp<Foam::fvMatrix<Type>> Foam::operator+
                                 ^
/opt/openfoam5/src/finiteVolume/lnInclude/fvMatrix.C:1690:33: note:   template argument deduction/substitution failed:
In file included from pamFoam.C:141:0:
./processModels/XPBEqn.H:9:7: note:   'const volScalarField {aka const Foam::GeometricField<double, Foam::fvPatchField, Foam::volMesh>}' is not derived from 'const Foam::fvMatrix<Type>'
     + alphaLiquid*YPBPH*rhoAcetateUptake
       ^
In file included from /opt/openfoam5/src/finiteVolume/lnInclude/fvMatrix.H:1061:0,
                 from /opt/openfoam5/src/finiteVolume/lnInclude/ddtScheme.C:29,
                 from /opt/openfoam5/src/finiteVolume/lnInclude/ddtScheme.H:342,
                 from /opt/openfoam5/src/finiteVolume/lnInclude/fvcDdt.C:28,
                 from /opt/openfoam5/src/finiteVolume/lnInclude/fvcDdt.H:205,
                 from /opt/openfoam5/src/finiteVolume/lnInclude/fvc.H:44,
                 from /opt/openfoam5/src/finiteVolume/lnInclude/fvCFD.H:8,
                 from pamFoam.C:36:
/opt/openfoam5/src/finiteVolume/lnInclude/fvMatrix.C:1704:33: note: candidate: template<class Type> Foam::tmp<Foam::fvMatrix<Type> > Foam::operator+(const Foam::fvMatrix<Type>&, const Foam::tmp<Foam::GeometricField<Type, Foam::fvPatchField, Foam::volMesh> >&)
 Foam::tmp<Foam::fvMatrix<Type>> Foam::operator+
                                 ^
/opt/openfoam5/src/finiteVolume/lnInclude/fvMatrix.C:1704:33: note:   template argument deduction/substitution failed:
In file included from pamFoam.C:141:0:
./processModels/XPBEqn.H:9:7: note:   'const volScalarField {aka const Foam::GeometricField<double, Foam::fvPatchField, Foam::volMesh>}' is not derived from 'const Foam::fvMatrix<Type>'
     + alphaLiquid*YPBPH*rhoAcetateUptake
       ^
In file included from /opt/openfoam5/src/finiteVolume/lnInclude/fvMatrix.H:1061:0,
                 from /opt/openfoam5/src/finiteVolume/lnInclude/ddtScheme.C:29,
                 from /opt/openfoam5/src/finiteVolume/lnInclude/ddtScheme.H:342,
                 from /opt/openfoam5/src/finiteVolume/lnInclude/fvcDdt.C:28,
                 from /opt/openfoam5/src/finiteVolume/lnInclude/fvcDdt.H:205,
                 from /opt/openfoam5/src/finiteVolume/lnInclude/fvc.H:44,
                 from /opt/openfoam5/src/finiteVolume/lnInclude/fvCFD.H:8,
                 from pamFoam.C:36:
/opt/openfoam5/src/finiteVolume/lnInclude/fvMatrix.C:1718:33: note: candidate: template<class Type> Foam::tmp<Foam::fvMatrix<Type> > Foam::operator+(const Foam::tmp<Foam::fvMatrix<Type> >&, const Foam::DimensionedField<Type, Foam::volMesh>&)
 Foam::tmp<Foam::fvMatrix<Type>> Foam::operator+
                                 ^
/opt/openfoam5/src/finiteVolume/lnInclude/fvMatrix.C:1718:33: note:   template argument deduction/substitution failed:
In file included from pamFoam.C:141:0:
./processModels/XPBEqn.H:9:7: note:   'const volScalarField {aka const Foam::GeometricField<double, Foam::fvPatchField, Foam::volMesh>}' is not derived from 'const Foam::tmp<Foam::fvMatrix<Type> >'
     + alphaLiquid*YPBPH*rhoAcetateUptake
       ^
In file included from /opt/openfoam5/src/finiteVolume/lnInclude/fvMatrix.H:1061:0,
                 from /opt/openfoam5/src/finiteVolume/lnInclude/ddtScheme.C:29,
                 from /opt/openfoam5/src/finiteVolume/lnInclude/ddtScheme.H:342,
                 from /opt/openfoam5/src/finiteVolume/lnInclude/fvcDdt.C:28,
                 from /opt/openfoam5/src/finiteVolume/lnInclude/fvcDdt.H:205,
                 from /opt/openfoam5/src/finiteVolume/lnInclude/fvc.H:44,
                 from /opt/openfoam5/src/finiteVolume/lnInclude/fvCFD.H:8,
                 from pamFoam.C:36:
/opt/openfoam5/src/finiteVolume/lnInclude/fvMatrix.C:1731:33: note: candidate: template<class Type> Foam::tmp<Foam::fvMatrix<Type> > Foam::operator+(const Foam::tmp<Foam::fvMatrix<Type> >&, const Foam::tmp<Foam::DimensionedField<Type, Foam::volMesh> >&)
 Foam::tmp<Foam::fvMatrix<Type>> Foam::operator+
                                 ^
/opt/openfoam5/src/finiteVolume/lnInclude/fvMatrix.C:1731:33: note:   template argument deduction/substitution failed:
In file included from pamFoam.C:141:0:
./processModels/XPBEqn.H:9:7: note:   'const volScalarField {aka const Foam::GeometricField<double, Foam::fvPatchField, Foam::volMesh>}' is not derived from 'const Foam::tmp<Foam::fvMatrix<Type> >'
     + alphaLiquid*YPBPH*rhoAcetateUptake
       ^
In file included from /opt/openfoam5/src/finiteVolume/lnInclude/fvMatrix.H:1061:0,
                 from /opt/openfoam5/src/finiteVolume/lnInclude/ddtScheme.C:29,
                 from /opt/openfoam5/src/finiteVolume/lnInclude/ddtScheme.H:342,
                 from /opt/openfoam5/src/finiteVolume/lnInclude/fvcDdt.C:28,
                 from /opt/openfoam5/src/finiteVolume/lnInclude/fvcDdt.H:205,
                 from /opt/openfoam5/src/finiteVolume/lnInclude/fvc.H:44,
                 from /opt/openfoam5/src/finiteVolume/lnInclude/fvCFD.H:8,
                 from pamFoam.C:36:
/opt/openfoam5/src/finiteVolume/lnInclude/fvMatrix.C:1745:33: note: candidate: template<class Type> Foam::tmp<Foam::fvMatrix<Type> > Foam::operator+(const Foam::tmp<Foam::fvMatrix<Type> >&, const Foam::tmp<Foam::GeometricField<Type, Foam::fvPatchField, Foam::volMesh> >&)
 Foam::tmp<Foam::fvMatrix<Type>> Foam::operator+
                                 ^
/opt/openfoam5/src/finiteVolume/lnInclude/fvMatrix.C:1745:33: note:   template argument deduction/substitution failed:
In file included from pamFoam.C:141:0:
./processModels/XPBEqn.H:9:7: note:   'const volScalarField {aka const Foam::GeometricField<double, Foam::fvPatchField, Foam::volMesh>}' is not derived from 'const Foam::tmp<Foam::fvMatrix<Type> >'
     + alphaLiquid*YPBPH*rhoAcetateUptake
       ^
In file included from /opt/openfoam5/src/finiteVolume/lnInclude/fvMatrix.H:1061:0,
                 from /opt/openfoam5/src/finiteVolume/lnInclude/ddtScheme.C:29,
                 from /opt/openfoam5/src/finiteVolume/lnInclude/ddtScheme.H:342,
                 from /opt/openfoam5/src/finiteVolume/lnInclude/fvcDdt.C:28,
                 from /opt/openfoam5/src/finiteVolume/lnInclude/fvcDdt.H:205,
                 from /opt/openfoam5/src/finiteVolume/lnInclude/fvc.H:44,
                 from /opt/openfoam5/src/finiteVolume/lnInclude/fvCFD.H:8,
                 from pamFoam.C:36:
/opt/openfoam5/src/finiteVolume/lnInclude/fvMatrix.C:1759:33: note: candidate: template<class Type> Foam::tmp<Foam::fvMatrix<Type> > Foam::operator+(const Foam::DimensionedField<Type, Foam::volMesh>&, const Foam::fvMatrix<Type>&)
 Foam::tmp<Foam::fvMatrix<Type>> Foam::operator+
                                 ^
/opt/openfoam5/src/finiteVolume/lnInclude/fvMatrix.C:1759:33: note:   template argument deduction/substitution failed:
In file included from pamFoam.C:141:0:
./processModels/XPBEqn.H:9:7: note:   candidate expects 2 arguments, 1 provided
     + alphaLiquid*YPBPH*rhoAcetateUptake
       ^
In file included from /opt/openfoam5/src/finiteVolume/lnInclude/fvMatrix.H:1061:0,
                 from /opt/openfoam5/src/finiteVolume/lnInclude/ddtScheme.C:29,
                 from /opt/openfoam5/src/finiteVolume/lnInclude/ddtScheme.H:342,
                 from /opt/openfoam5/src/finiteVolume/lnInclude/fvcDdt.C:28,
                 from /opt/openfoam5/src/finiteVolume/lnInclude/fvcDdt.H:205,
                 from /opt/openfoam5/src/finiteVolume/lnInclude/fvc.H:44,
                 from /opt/openfoam5/src/finiteVolume/lnInclude/fvCFD.H:8,
                 from pamFoam.C:36:
/opt/openfoam5/src/finiteVolume/lnInclude/fvMatrix.C:1772:33: note: candidate: template<class Type> Foam::tmp<Foam::fvMatrix<Type> > Foam::operator+(const Foam::tmp<Foam::DimensionedField<Type, Foam::volMesh> >&, const Foam::fvMatrix<Type>&)
 Foam::tmp<Foam::fvMatrix<Type>> Foam::operator+
                                 ^
/opt/openfoam5/src/finiteVolume/lnInclude/fvMatrix.C:1772:33: note:   template argument deduction/substitution failed:
In file included from pamFoam.C:141:0:
./processModels/XPBEqn.H:9:7: note:   'const volScalarField {aka const Foam::GeometricField<double, Foam::fvPatchField, Foam::volMesh>}' is not derived from 'const Foam::tmp<Foam::DimensionedField<Type, Foam::volMesh> >'
     + alphaLiquid*YPBPH*rhoAcetateUptake
       ^
In file included from /opt/openfoam5/src/finiteVolume/lnInclude/fvMatrix.H:1061:0,
                 from /opt/openfoam5/src/finiteVolume/lnInclude/ddtScheme.C:29,
                 from /opt/openfoam5/src/finiteVolume/lnInclude/ddtScheme.H:342,
                 from /opt/openfoam5/src/finiteVolume/lnInclude/fvcDdt.C:28,
                 from /opt/openfoam5/src/finiteVolume/lnInclude/fvcDdt.H:205,
                 from /opt/openfoam5/src/finiteVolume/lnInclude/fvc.H:44,
                 from /opt/openfoam5/src/finiteVolume/lnInclude/fvCFD.H:8,
                 from pamFoam.C:36:
/opt/openfoam5/src/finiteVolume/lnInclude/fvMatrix.C:1786:33: note: candidate: template<class Type> Foam::tmp<Foam::fvMatrix<Type> > Foam::operator+(const Foam::tmp<Foam::GeometricField<Type, Foam::fvPatchField, Foam::volMesh> >&, const Foam::fvMatrix<Type>&)
 Foam::tmp<Foam::fvMatrix<Type>> Foam::operator+
                                 ^
/opt/openfoam5/src/finiteVolume/lnInclude/fvMatrix.C:1786:33: note:   template argument deduction/substitution failed:
In file included from pamFoam.C:141:0:
./processModels/XPBEqn.H:9:7: note:   'const volScalarField {aka const Foam::GeometricField<double, Foam::fvPatchField, Foam::volMesh>}' is not derived from 'const Foam::tmp<Foam::GeometricField<Type, Foam::fvPatchField, Foam::volMesh> >'
     + alphaLiquid*YPBPH*rhoAcetateUptake
       ^
In file included from /opt/openfoam5/src/finiteVolume/lnInclude/fvMatrix.H:1061:0,
                 from /opt/openfoam5/src/finiteVolume/lnInclude/ddtScheme.C:29,
                 from /opt/openfoam5/src/finiteVolume/lnInclude/ddtScheme.H:342,
                 from /opt/openfoam5/src/finiteVolume/lnInclude/fvcDdt.C:28,
                 from /opt/openfoam5/src/finiteVolume/lnInclude/fvcDdt.H:205,
                 from /opt/openfoam5/src/finiteVolume/lnInclude/fvc.H:44,
                 from /opt/openfoam5/src/finiteVolume/lnInclude/fvCFD.H:8,
                 from pamFoam.C:36:
/opt/openfoam5/src/finiteVolume/lnInclude/fvMatrix.C:1800:33: note: candidate: template<class Type> Foam::tmp<Foam::fvMatrix<Type> > Foam::operator+(const Foam::DimensionedField<Type, Foam::volMesh>&, const Foam::tmp<Foam::fvMatrix<Type> >&)
 Foam::tmp<Foam::fvMatrix<Type>> Foam::operator+
                                 ^
/opt/openfoam5/src/finiteVolume/lnInclude/fvMatrix.C:1800:33: note:   template argument deduction/substitution failed:
In file included from pamFoam.C:141:0:
./processModels/XPBEqn.H:9:7: note:   candidate expects 2 arguments, 1 provided
     + alphaLiquid*YPBPH*rhoAcetateUptake
       ^
In file included from /opt/openfoam5/src/finiteVolume/lnInclude/fvMatrix.H:1061:0,
                 from /opt/openfoam5/src/finiteVolume/lnInclude/ddtScheme.C:29,
                 from /opt/openfoam5/src/finiteVolume/lnInclude/ddtScheme.H:342,
                 from /opt/openfoam5/src/finiteVolume/lnInclude/fvcDdt.C:28,
                 from /opt/openfoam5/src/finiteVolume/lnInclude/fvcDdt.H:205,
                 from /opt/openfoam5/src/finiteVolume/lnInclude/fvc.H:44,
                 from /opt/openfoam5/src/finiteVolume/lnInclude/fvCFD.H:8,
                 from pamFoam.C:36:
/opt/openfoam5/src/finiteVolume/lnInclude/fvMatrix.C:1813:33: note: candidate: template<class Type> Foam::tmp<Foam::fvMatrix<Type> > Foam::operator+(const Foam::tmp<Foam::DimensionedField<Type, Foam::volMesh> >&, const Foam::tmp<Foam::fvMatrix<Type> >&)
 Foam::tmp<Foam::fvMatrix<Type>> Foam::operator+
                                 ^
/opt/openfoam5/src/finiteVolume/lnInclude/fvMatrix.C:1813:33: note:   template argument deduction/substitution failed:
In file included from pamFoam.C:141:0:
./processModels/XPBEqn.H:9:7: note:   'const volScalarField {aka const Foam::GeometricField<double, Foam::fvPatchField, Foam::volMesh>}' is not derived from 'const Foam::tmp<Foam::DimensionedField<Type, Foam::volMesh> >'
     + alphaLiquid*YPBPH*rhoAcetateUptake
       ^
In file included from /opt/openfoam5/src/finiteVolume/lnInclude/fvMatrix.H:1061:0,
                 from /opt/openfoam5/src/finiteVolume/lnInclude/ddtScheme.C:29,
                 from /opt/openfoam5/src/finiteVolume/lnInclude/ddtScheme.H:342,
                 from /opt/openfoam5/src/finiteVolume/lnInclude/fvcDdt.C:28,
                 from /opt/openfoam5/src/finiteVolume/lnInclude/fvcDdt.H:205,
                 from /opt/openfoam5/src/finiteVolume/lnInclude/fvc.H:44,
                 from /opt/openfoam5/src/finiteVolume/lnInclude/fvCFD.H:8,
                 from pamFoam.C:36:
/opt/openfoam5/src/finiteVolume/lnInclude/fvMatrix.C:1827:33: note: candidate: template<class Type> Foam::tmp<Foam::fvMatrix<Type> > Foam::operator+(const Foam::tmp<Foam::GeometricField<Type, Foam::fvPatchField, Foam::volMesh> >&, const Foam::tmp<Foam::fvMatrix<Type> >&)
 Foam::tmp<Foam::fvMatrix<Type>> Foam::operator+
                                 ^
/opt/openfoam5/src/finiteVolume/lnInclude/fvMatrix.C:1827:33: note:   template argument deduction/substitution failed:
In file included from pamFoam.C:141:0:
./processModels/XPBEqn.H:9:7: note:   'const volScalarField {aka const Foam::GeometricField<double, Foam::fvPatchField, Foam::volMesh>}' is not derived from 'const Foam::tmp<Foam::GeometricField<Type, Foam::fvPatchField, Foam::volMesh> >'
     + alphaLiquid*YPBPH*rhoAcetateUptake
       ^
In file included from /opt/openfoam5/src/finiteVolume/lnInclude/fvMatrix.H:1061:0,
                 from /opt/openfoam5/src/finiteVolume/lnInclude/ddtScheme.C:29,
                 from /opt/openfoam5/src/finiteVolume/lnInclude/ddtScheme.H:342,
                 from /opt/openfoam5/src/finiteVolume/lnInclude/fvcDdt.C:28,
                 from /opt/openfoam5/src/finiteVolume/lnInclude/fvcDdt.H:205,
                 from /opt/openfoam5/src/finiteVolume/lnInclude/fvc.H:44,
                 from /opt/openfoam5/src/finiteVolume/lnInclude/fvCFD.H:8,
                 from pamFoam.C:36:
/opt/openfoam5/src/finiteVolume/lnInclude/fvMatrix.C:2066:33: note: candidate: template<class Type> Foam::tmp<Foam::fvMatrix<Type> > Foam::operator+(const Foam::fvMatrix<Type>&, const Foam::dimensioned<Type>&)
 Foam::tmp<Foam::fvMatrix<Type>> Foam::operator+
                                 ^
/opt/openfoam5/src/finiteVolume/lnInclude/fvMatrix.C:2066:33: note:   template argument deduction/substitution failed:
In file included from pamFoam.C:141:0:
./processModels/XPBEqn.H:9:7: note:   'const volScalarField {aka const Foam::GeometricField<double, Foam::fvPatchField, Foam::volMesh>}' is not derived from 'const Foam::fvMatrix<Type>'
     + alphaLiquid*YPBPH*rhoAcetateUptake
       ^
In file included from /opt/openfoam5/src/finiteVolume/lnInclude/fvMatrix.H:1061:0,
                 from /opt/openfoam5/src/finiteVolume/lnInclude/ddtScheme.C:29,
                 from /opt/openfoam5/src/finiteVolume/lnInclude/ddtScheme.H:342,
                 from /opt/openfoam5/src/finiteVolume/lnInclude/fvcDdt.C:28,
                 from /opt/openfoam5/src/finiteVolume/lnInclude/fvcDdt.H:205,
                 from /opt/openfoam5/src/finiteVolume/lnInclude/fvc.H:44,
                 from /opt/openfoam5/src/finiteVolume/lnInclude/fvCFD.H:8,
                 from pamFoam.C:36:
/opt/openfoam5/src/finiteVolume/lnInclude/fvMatrix.C:2079:33: note: candidate: template<class Type> Foam::tmp<Foam::fvMatrix<Type> > Foam::operator+(const Foam::tmp<Foam::fvMatrix<Type> >&, const Foam::dimensioned<Type>&)
 Foam::tmp<Foam::fvMatrix<Type>> Foam::operator+
                                 ^
/opt/openfoam5/src/finiteVolume/lnInclude/fvMatrix.C:2079:33: note:   template argument deduction/substitution failed:
In file included from pamFoam.C:141:0:
./processModels/XPBEqn.H:9:7: note:   'const volScalarField {aka const Foam::GeometricField<double, Foam::fvPatchField, Foam::volMesh>}' is not derived from 'const Foam::tmp<Foam::fvMatrix<Type> >'
     + alphaLiquid*YPBPH*rhoAcetateUptake
       ^
In file included from /opt/openfoam5/src/finiteVolume/lnInclude/fvMatrix.H:1061:0,
                 from /opt/openfoam5/src/finiteVolume/lnInclude/ddtScheme.C:29,
                 from /opt/openfoam5/src/finiteVolume/lnInclude/ddtScheme.H:342,
                 from /opt/openfoam5/src/finiteVolume/lnInclude/fvcDdt.C:28,
                 from /opt/openfoam5/src/finiteVolume/lnInclude/fvcDdt.H:205,
                 from /opt/openfoam5/src/finiteVolume/lnInclude/fvc.H:44,
                 from /opt/openfoam5/src/finiteVolume/lnInclude/fvCFD.H:8,
                 from pamFoam.C:36:
/opt/openfoam5/src/finiteVolume/lnInclude/fvMatrix.C:2092:33: note: candidate: template<class Type> Foam::tmp<Foam::fvMatrix<Type> > Foam::operator+(const Foam::dimensioned<Type>&, const Foam::fvMatrix<Type>&)
 Foam::tmp<Foam::fvMatrix<Type>> Foam::operator+
                                 ^
/opt/openfoam5/src/finiteVolume/lnInclude/fvMatrix.C:2092:33: note:   template argument deduction/substitution failed:
In file included from pamFoam.C:141:0:
./processModels/XPBEqn.H:9:7: note:   'const volScalarField {aka const Foam::GeometricField<double, Foam::fvPatchField, Foam::volMesh>}' is not derived from 'const Foam::dimensioned<Type>'
     + alphaLiquid*YPBPH*rhoAcetateUptake
       ^
In file included from /opt/openfoam5/src/finiteVolume/lnInclude/fvMatrix.H:1061:0,
                 from /opt/openfoam5/src/finiteVolume/lnInclude/ddtScheme.C:29,
                 from /opt/openfoam5/src/finiteVolume/lnInclude/ddtScheme.H:342,
                 from /opt/openfoam5/src/finiteVolume/lnInclude/fvcDdt.C:28,
                 from /opt/openfoam5/src/finiteVolume/lnInclude/fvcDdt.H:205,
                 from /opt/openfoam5/src/finiteVolume/lnInclude/fvc.H:44,
                 from /opt/openfoam5/src/finiteVolume/lnInclude/fvCFD.H:8,
                 from pamFoam.C:36:
/opt/openfoam5/src/finiteVolume/lnInclude/fvMatrix.C:2105:33: note: candidate: template<class Type> Foam::tmp<Foam::fvMatrix<Type> > Foam::operator+(const Foam::dimensioned<Type>&, const Foam::tmp<Foam::fvMatrix<Type> >&)
 Foam::tmp<Foam::fvMatrix<Type>> Foam::operator+
                                 ^
/opt/openfoam5/src/finiteVolume/lnInclude/fvMatrix.C:2105:33: note:   template argument deduction/substitution failed:
In file included from pamFoam.C:141:0:
./processModels/XPBEqn.H:9:7: note:   'const volScalarField {aka const Foam::GeometricField<double, Foam::fvPatchField, Foam::volMesh>}' is not derived from 'const Foam::dimensioned<Type>'
     + alphaLiquid*YPBPH*rhoAcetateUptake
       ^
In file included from pamFoam.C:142:0:
./processModels/XIEqn.H:9:5: error: no match for 'operator+' (operand type is 'const volScalarField {aka const Foam::GeometricField<double, Foam::fvPatchField, Foam::volMesh>}')
     + alphaLiquid*fXIXS*rhoHydrolysis
     ^
In file included from /opt/openfoam5/src/OpenFOAM/lnInclude/zero.H:101:0,
                 from /opt/openfoam5/src/OpenFOAM/lnInclude/UList.H:49,
                 from /opt/openfoam5/src/OpenFOAM/lnInclude/List.H:43,
                 from /opt/openfoam5/src/OpenFOAM/lnInclude/labelList.H:48,
                 from /opt/openfoam5/src/OpenFOAM/lnInclude/UPstream.H:42,
                 from /opt/openfoam5/src/OpenFOAM/lnInclude/Pstream.H:42,
                 from /opt/openfoam5/src/OpenFOAM/lnInclude/parRun.H:35,
                 from /opt/openfoam5/src/finiteVolume/lnInclude/fvCFD.H:4,
                 from pamFoam.C:36:
/opt/openfoam5/src/OpenFOAM/lnInclude/zeroI.H:35:13: note: candidate: Foam::zero Foam::operator+(const Foam::zero&, const Foam::zero&)
 inline zero operator+(const zero&, const zero&)
             ^
/opt/openfoam5/src/OpenFOAM/lnInclude/zeroI.H:35:13: note:   candidate expects 2 arguments, 1 provided
/opt/openfoam5/src/OpenFOAM/lnInclude/zeroI.H:41:20: note: candidate: template<class Type> const Type& Foam::operator+(const Type&, const Foam::zero&)
 inline const Type& operator+(const Type& t, const zero&)
                    ^
/opt/openfoam5/src/OpenFOAM/lnInclude/zeroI.H:41:20: note:   template argument deduction/substitution failed:
In file included from pamFoam.C:142:0:
./processModels/XIEqn.H:9:7: note:   candidate expects 2 arguments, 1 provided
     + alphaLiquid*fXIXS*rhoHydrolysis
       ^
In file included from /opt/openfoam5/src/OpenFOAM/lnInclude/zero.H:101:0,
                 from /opt/openfoam5/src/OpenFOAM/lnInclude/UList.H:49,
                 from /opt/openfoam5/src/OpenFOAM/lnInclude/List.H:43,
                 from /opt/openfoam5/src/OpenFOAM/lnInclude/labelList.H:48,
                 from /opt/openfoam5/src/OpenFOAM/lnInclude/UPstream.H:42,
                 from /opt/openfoam5/src/OpenFOAM/lnInclude/Pstream.H:42,
                 from /opt/openfoam5/src/OpenFOAM/lnInclude/parRun.H:35,
                 from /opt/openfoam5/src/finiteVolume/lnInclude/fvCFD.H:4,
                 from pamFoam.C:36:
/opt/openfoam5/src/OpenFOAM/lnInclude/zeroI.H:47:20: note: candidate: template<class Type> const Type& Foam::operator+(const Foam::zero&, const Type&)
 inline const Type& operator+(const zero&, const Type& t)
                    ^
/opt/openfoam5/src/OpenFOAM/lnInclude/zeroI.H:47:20: note:   template argument deduction/substitution failed:
In file included from pamFoam.C:142:0:
./processModels/XIEqn.H:9:7: note:   cannot convert 'alphaLiquid' (type 'const volScalarField {aka const Foam::GeometricField<double, Foam::fvPatchField, Foam::volMesh>}') to type 'const Foam::zero&'
     + alphaLiquid*fXIXS*rhoHydrolysis
       ^
In file included from /opt/openfoam5/src/OpenFOAM/lnInclude/UPtrList.H:393:0,
                 from /opt/openfoam5/src/OpenFOAM/lnInclude/PtrList.H:44,
                 from /opt/openfoam5/src/OpenFOAM/lnInclude/List.C:29,
                 from /opt/openfoam5/src/OpenFOAM/lnInclude/List.H:309,
                 from /opt/openfoam5/src/OpenFOAM/lnInclude/labelList.H:48,
                 from /opt/openfoam5/src/OpenFOAM/lnInclude/UPstream.H:42,
                 from /opt/openfoam5/src/OpenFOAM/lnInclude/Pstream.H:42,
                 from /opt/openfoam5/src/OpenFOAM/lnInclude/parRun.H:35,
                 from /opt/openfoam5/src/finiteVolume/lnInclude/fvCFD.H:4,
                 from pamFoam.C:36:
/opt/openfoam5/src/OpenFOAM/lnInclude/UPtrListI.H:217:1: note: candidate: template<class T> typename Foam::UPtrList<T>::iterator Foam::operator+(const typename Foam::UPtrList<T>::iterator&, Foam::label)
 Foam::operator+(const typename UPtrList<T>::iterator& iter, label n)
 ^
/opt/openfoam5/src/OpenFOAM/lnInclude/UPtrListI.H:217:1: note:   template argument deduction/substitution failed:
In file included from pamFoam.C:142:0:
./processModels/XIEqn.H:9:7: note:   candidate expects 2 arguments, 1 provided
     + alphaLiquid*fXIXS*rhoHydrolysis
       ^
In file included from /opt/openfoam5/src/OpenFOAM/lnInclude/UPtrList.H:393:0,
                 from /opt/openfoam5/src/OpenFOAM/lnInclude/PtrList.H:44,
                 from /opt/openfoam5/src/OpenFOAM/lnInclude/List.C:29,
                 from /opt/openfoam5/src/OpenFOAM/lnInclude/List.H:309,
                 from /opt/openfoam5/src/OpenFOAM/lnInclude/labelList.H:48,
                 from /opt/openfoam5/src/OpenFOAM/lnInclude/UPstream.H:42,
                 from /opt/openfoam5/src/OpenFOAM/lnInclude/Pstream.H:42,
                 from /opt/openfoam5/src/OpenFOAM/lnInclude/parRun.H:35,
                 from /opt/openfoam5/src/finiteVolume/lnInclude/fvCFD.H:4,
                 from pamFoam.C:36:
/opt/openfoam5/src/OpenFOAM/lnInclude/UPtrListI.H:225:1: note: candidate: template<class T> typename Foam::UPtrList<T>::iterator Foam::operator+(Foam::label, const typename Foam::UPtrList<T>::iterator&)
 Foam::operator+(label n, const typename UPtrList<T>::iterator& iter)
 ^
/opt/openfoam5/src/OpenFOAM/lnInclude/UPtrListI.H:225:1: note:   template argument deduction/substitution failed:
In file included from pamFoam.C:142:0:
./processModels/XIEqn.H:9:7: note:   cannot convert 'alphaLiquid' (type 'const volScalarField {aka const Foam::GeometricField<double, Foam::fvPatchField, Foam::volMesh>}') to type 'Foam::label {aka int}'
     + alphaLiquid*fXIXS*rhoHydrolysis
       ^
In file included from /opt/openfoam5/src/OpenFOAM/lnInclude/UPtrList.H:393:0,
                 from /opt/openfoam5/src/OpenFOAM/lnInclude/PtrList.H:44,
                 from /opt/openfoam5/src/OpenFOAM/lnInclude/List.C:29,
                 from /opt/openfoam5/src/OpenFOAM/lnInclude/List.H:309,
                 from /opt/openfoam5/src/OpenFOAM/lnInclude/labelList.H:48,
                 from /opt/openfoam5/src/OpenFOAM/lnInclude/UPstream.H:42,
                 from /opt/openfoam5/src/OpenFOAM/lnInclude/Pstream.H:42,
                 from /opt/openfoam5/src/OpenFOAM/lnInclude/parRun.H:35,
                 from /opt/openfoam5/src/finiteVolume/lnInclude/fvCFD.H:4,
                 from pamFoam.C:36:
/opt/openfoam5/src/OpenFOAM/lnInclude/UPtrListI.H:401:1: note: candidate: template<class T> typename Foam::UPtrList<T>::const_iterator Foam::operator+(const typename Foam::UPtrList<T>::const_iterator&, Foam::label)
 Foam::operator+(const typename UPtrList<T>::const_iterator& iter, label n)
 ^
/opt/openfoam5/src/OpenFOAM/lnInclude/UPtrListI.H:401:1: note:   template argument deduction/substitution failed:
In file included from pamFoam.C:142:0:
./processModels/XIEqn.H:9:7: note:   candidate expects 2 arguments, 1 provided
     + alphaLiquid*fXIXS*rhoHydrolysis
       ^
In file included from /opt/openfoam5/src/OpenFOAM/lnInclude/UPtrList.H:393:0,
                 from /opt/openfoam5/src/OpenFOAM/lnInclude/PtrList.H:44,
                 from /opt/openfoam5/src/OpenFOAM/lnInclude/List.C:29,
                 from /opt/openfoam5/src/OpenFOAM/lnInclude/List.H:309,
                 from /opt/openfoam5/src/OpenFOAM/lnInclude/labelList.H:48,
                 from /opt/openfoam5/src/OpenFOAM/lnInclude/UPstream.H:42,
                 from /opt/openfoam5/src/OpenFOAM/lnInclude/Pstream.H:42,
                 from /opt/openfoam5/src/OpenFOAM/lnInclude/parRun.H:35,
                 from /opt/openfoam5/src/finiteVolume/lnInclude/fvCFD.H:4,
                 from pamFoam.C:36:
/opt/openfoam5/src/OpenFOAM/lnInclude/UPtrListI.H:410:1: note: candidate: template<class T> typename Foam::UPtrList<T>::const_iterator Foam::operator+(Foam::label, const typename Foam::UPtrList<T>::const_iterator&)
 Foam::operator+(label n, const typename UPtrList<T>::const_iterator& iter)
 ^
/opt/openfoam5/src/OpenFOAM/lnInclude/UPtrListI.H:410:1: note:   template argument deduction/substitution failed:
In file included from pamFoam.C:142:0:
./processModels/XIEqn.H:9:7: note:   cannot convert 'alphaLiquid' (type 'const volScalarField {aka const Foam::GeometricField<double, Foam::fvPatchField, Foam::volMesh>}') to type 'Foam::label {aka int}'
     + alphaLiquid*fXIXS*rhoHydrolysis
       ^
In file included from /opt/openfoam5/src/OpenFOAM/lnInclude/baseIOdictionary.H:43:0,
                 from /opt/openfoam5/src/OpenFOAM/lnInclude/unwatchedIOdictionary.H:37,
                 from /opt/openfoam5/src/OpenFOAM/lnInclude/Time.H:43,
                 from /opt/openfoam5/src/finiteVolume/lnInclude/fvCFD.H:6,
                 from pamFoam.C:36:
/opt/openfoam5/src/OpenFOAM/lnInclude/dictionary.H:575:12: note: candidate: Foam::dictionary Foam::operator+(const Foam::dictionary&, const Foam::dictionary&)
 dictionary operator+(const dictionary& dict1, const dictionary& dict2);
            ^
/opt/openfoam5/src/OpenFOAM/lnInclude/dictionary.H:575:12: note:   candidate expects 2 arguments, 1 provided
In file included from /opt/openfoam5/src/OpenFOAM/lnInclude/VectorSpace.H:230:0,
                 from /opt/openfoam5/src/OpenFOAM/lnInclude/Field.H:46,
                 from /opt/openfoam5/src/OpenFOAM/lnInclude/scalarField.H:38,
                 from /opt/openfoam5/src/OpenFOAM/lnInclude/dimensionSet.H:46,
                 from /opt/openfoam5/src/OpenFOAM/lnInclude/dimensionedType.H:40,
                 from /opt/openfoam5/src/OpenFOAM/lnInclude/dimensionedScalar.H:38,
                 from /opt/openfoam5/src/OpenFOAM/lnInclude/TimeState.H:38,
                 from /opt/openfoam5/src/OpenFOAM/lnInclude/Time.H:47,
                 from /opt/openfoam5/src/finiteVolume/lnInclude/fvCFD.H:6,
                 from pamFoam.C:36:
/opt/openfoam5/src/OpenFOAM/lnInclude/VectorSpaceI.H:647:13: note: candidate: template<class Form, class Cmpt, unsigned char Ncmpts> Form Foam::operator+(const Foam::VectorSpace<Form, Cmpt, Ncmpts>&, const Foam::VectorSpace<Form, Cmpt, Ncmpts>&)
 inline Form operator+
             ^
/opt/openfoam5/src/OpenFOAM/lnInclude/VectorSpaceI.H:647:13: note:   template argument deduction/substitution failed:
In file included from pamFoam.C:142:0:
./processModels/XIEqn.H:9:7: note:   'const volScalarField {aka const Foam::GeometricField<double, Foam::fvPatchField, Foam::volMesh>}' is not derived from 'const Foam::VectorSpace<Form, Cmpt, Ncmpts>'
     + alphaLiquid*fXIXS*rhoHydrolysis
       ^
In file included from /opt/openfoam5/src/OpenFOAM/lnInclude/Field.C:877:0,
                 from /opt/openfoam5/src/OpenFOAM/lnInclude/Field.H:408,
                 from /opt/openfoam5/src/OpenFOAM/lnInclude/scalarField.H:38,
                 from /opt/openfoam5/src/OpenFOAM/lnInclude/dimensionSet.H:46,
                 from /opt/openfoam5/src/OpenFOAM/lnInclude/dimensionedType.H:40,
                 from /opt/openfoam5/src/OpenFOAM/lnInclude/dimensionedScalar.H:38,
                 from /opt/openfoam5/src/OpenFOAM/lnInclude/TimeState.H:38,
                 from /opt/openfoam5/src/OpenFOAM/lnInclude/Time.H:47,
                 from /opt/openfoam5/src/finiteVolume/lnInclude/fvCFD.H:6,
                 from pamFoam.C:36:
/opt/openfoam5/src/OpenFOAM/lnInclude/FieldFunctions.C:652:1: note: candidate: template<class Type1, class Type2> Foam::tmp<Foam::Field<typename Foam::typeOfSum<Type1, Type2>::type> > Foam::operator+(const Foam::UList<T>&, const Foam::UList<Key>&)
 operator Op(const UList<Type1>& f1, const UList<Type2>& f2)                    \
 ^
/opt/openfoam5/src/OpenFOAM/lnInclude/FieldFunctions.C:770:1: note: in expansion of macro 'PRODUCT_OPERATOR'
 PRODUCT_OPERATOR(typeOfSum, +, add)
 ^
/opt/openfoam5/src/OpenFOAM/lnInclude/FieldFunctions.C:652:1: note:   template argument deduction/substitution failed:
 operator Op(const UList<Type1>& f1, const UList<Type2>& f2)                    \
 ^
/opt/openfoam5/src/OpenFOAM/lnInclude/FieldFunctions.C:770:1: note: in expansion of macro 'PRODUCT_OPERATOR'
 PRODUCT_OPERATOR(typeOfSum, +, add)
 ^
In file included from pamFoam.C:142:0:
./processModels/XIEqn.H:9:7: note:   candidate expects 2 arguments, 1 provided
     + alphaLiquid*fXIXS*rhoHydrolysis
       ^
In file included from /opt/openfoam5/src/OpenFOAM/lnInclude/Field.C:877:0,
                 from /opt/openfoam5/src/OpenFOAM/lnInclude/Field.H:408,
                 from /opt/openfoam5/src/OpenFOAM/lnInclude/scalarField.H:38,
                 from /opt/openfoam5/src/OpenFOAM/lnInclude/dimensionSet.H:46,
                 from /opt/openfoam5/src/OpenFOAM/lnInclude/dimensionedType.H:40,
                 from /opt/openfoam5/src/OpenFOAM/lnInclude/dimensionedScalar.H:38,
                 from /opt/openfoam5/src/OpenFOAM/lnInclude/TimeState.H:38,
                 from /opt/openfoam5/src/OpenFOAM/lnInclude/Time.H:47,
                 from /opt/openfoam5/src/finiteVolume/lnInclude/fvCFD.H:6,
                 from pamFoam.C:36:
/opt/openfoam5/src/OpenFOAM/lnInclude/FieldFunctions.C:662:1: note: candidate: template<class Type1, class Type2> Foam::tmp<Foam::Field<typename Foam::typeOfSum<Type1, Type2>::type> > Foam::operator+(const Foam::UList<T>&, const Foam::tmp<Foam::Field<Type2> >&)
 operator Op(const UList<Type1>& f1, const tmp<Field<Type2>>& tf2)              \
 ^
/opt/openfoam5/src/OpenFOAM/lnInclude/FieldFunctions.C:770:1: note: in expansion of macro 'PRODUCT_OPERATOR'
 PRODUCT_OPERATOR(typeOfSum, +, add)
 ^
/opt/openfoam5/src/OpenFOAM/lnInclude/FieldFunctions.C:662:1: note:   template argument deduction/substitution failed:
 operator Op(const UList<Type1>& f1, const tmp<Field<Type2>>& tf2)              \
 ^
/opt/openfoam5/src/OpenFOAM/lnInclude/FieldFunctions.C:770:1: note: in expansion of macro 'PRODUCT_OPERATOR'
 PRODUCT_OPERATOR(typeOfSum, +, add)
 ^
In file included from pamFoam.C:142:0:
./processModels/XIEqn.H:9:7: note:   candidate expects 2 arguments, 1 provided
     + alphaLiquid*fXIXS*rhoHydrolysis
       ^
In file included from /opt/openfoam5/src/OpenFOAM/lnInclude/Field.C:877:0,
                 from /opt/openfoam5/src/OpenFOAM/lnInclude/Field.H:408,
                 from /opt/openfoam5/src/OpenFOAM/lnInclude/scalarField.H:38,
                 from /opt/openfoam5/src/OpenFOAM/lnInclude/dimensionSet.H:46,
                 from /opt/openfoam5/src/OpenFOAM/lnInclude/dimensionedType.H:40,
                 from /opt/openfoam5/src/OpenFOAM/lnInclude/dimensionedScalar.H:38,
                 from /opt/openfoam5/src/OpenFOAM/lnInclude/TimeState.H:38,
                 from /opt/openfoam5/src/OpenFOAM/lnInclude/Time.H:47,
                 from /opt/openfoam5/src/finiteVolume/lnInclude/fvCFD.H:6,
                 from pamFoam.C:36:
/opt/openfoam5/src/OpenFOAM/lnInclude/FieldFunctions.C:673:1: note: candidate: template<class Type1, class Type2> Foam::tmp<Foam::Field<typename Foam::typeOfSum<Type1, Type2>::type> > Foam::operator+(const Foam::tmp<Foam::Field<Type> >&, const Foam::UList<Key>&)
 operator Op(const tmp<Field<Type1>>& tf1, const UList<Type2>& f2)              \
 ^
/opt/openfoam5/src/OpenFOAM/lnInclude/FieldFunctions.C:770:1: note: in expansion of macro 'PRODUCT_OPERATOR'
 PRODUCT_OPERATOR(typeOfSum, +, add)
 ^
/opt/openfoam5/src/OpenFOAM/lnInclude/FieldFunctions.C:673:1: note:   template argument deduction/substitution failed:
 operator Op(const tmp<Field<Type1>>& tf1, const UList<Type2>& f2)              \
 ^
/opt/openfoam5/src/OpenFOAM/lnInclude/FieldFunctions.C:770:1: note: in expansion of macro 'PRODUCT_OPERATOR'
 PRODUCT_OPERATOR(typeOfSum, +, add)
 ^
In file included from pamFoam.C:142:0:
./processModels/XIEqn.H:9:7: note:   'const volScalarField {aka const Foam::GeometricField<double, Foam::fvPatchField, Foam::volMesh>}' is not derived from 'const Foam::tmp<Foam::Field<Type> >'
     + alphaLiquid*fXIXS*rhoHydrolysis
       ^
In file included from /opt/openfoam5/src/OpenFOAM/lnInclude/Field.C:877:0,
                 from /opt/openfoam5/src/OpenFOAM/lnInclude/Field.H:408,
                 from /opt/openfoam5/src/OpenFOAM/lnInclude/scalarField.H:38,
                 from /opt/openfoam5/src/OpenFOAM/lnInclude/dimensionSet.H:46,
                 from /opt/openfoam5/src/OpenFOAM/lnInclude/dimensionedType.H:40,
                 from /opt/openfoam5/src/OpenFOAM/lnInclude/dimensionedScalar.H:38,
                 from /opt/openfoam5/src/OpenFOAM/lnInclude/TimeState.H:38,
                 from /opt/openfoam5/src/OpenFOAM/lnInclude/Time.H:47,
                 from /opt/openfoam5/src/finiteVolume/lnInclude/fvCFD.H:6,
                 from pamFoam.C:36:
/opt/openfoam5/src/OpenFOAM/lnInclude/FieldFunctions.C:684:1: note: candidate: template<class Type1, class Type2> Foam::tmp<Foam::Field<typename Foam::typeOfSum<Type1, Type2>::type> > Foam::operator+(const Foam::tmp<Foam::Field<Type> >&, const Foam::tmp<Foam::Field<Type2> >&)
 operator Op(const tmp<Field<Type1>>& tf1, const tmp<Field<Type2>>& tf2)        \
 ^
/opt/openfoam5/src/OpenFOAM/lnInclude/FieldFunctions.C:770:1: note: in expansion of macro 'PRODUCT_OPERATOR'
 PRODUCT_OPERATOR(typeOfSum, +, add)
 ^
/opt/openfoam5/src/OpenFOAM/lnInclude/FieldFunctions.C:684:1: note:   template argument deduction/substitution failed:
 operator Op(const tmp<Field<Type1>>& tf1, const tmp<Field<Type2>>& tf2)        \
 ^
/opt/openfoam5/src/OpenFOAM/lnInclude/FieldFunctions.C:770:1: note: in expansion of macro 'PRODUCT_OPERATOR'
 PRODUCT_OPERATOR(typeOfSum, +, add)
 ^
In file included from pamFoam.C:142:0:
./processModels/XIEqn.H:9:7: note:   'const volScalarField {aka const Foam::GeometricField<double, Foam::fvPatchField, Foam::volMesh>}' is not derived from 'const Foam::tmp<Foam::Field<Type> >'
     + alphaLiquid*fXIXS*rhoHydrolysis
       ^
In file included from /opt/openfoam5/src/OpenFOAM/lnInclude/Field.C:877:0,
                 from /opt/openfoam5/src/OpenFOAM/lnInclude/Field.H:408,
                 from /opt/openfoam5/src/OpenFOAM/lnInclude/scalarField.H:38,
                 from /opt/openfoam5/src/OpenFOAM/lnInclude/dimensionSet.H:46,
                 from /opt/openfoam5/src/OpenFOAM/lnInclude/dimensionedType.H:40,
                 from /opt/openfoam5/src/OpenFOAM/lnInclude/dimensionedScalar.H:38,
                 from /opt/openfoam5/src/OpenFOAM/lnInclude/TimeState.H:38,
                 from /opt/openfoam5/src/OpenFOAM/lnInclude/Time.H:47,
                 from /opt/openfoam5/src/finiteVolume/lnInclude/fvCFD.H:6,
                 from pamFoam.C:36:
/opt/openfoam5/src/OpenFOAM/lnInclude/FieldFunctions.C:710:1: note: candidate: template<class Type, class Form, class Cmpt, unsigned char nCmpt> Foam::tmp<Foam::Field<typename Foam::typeOfSum<Type1, Type2>::type> > Foam::operator+(const Foam::UList<T>&, const Foam::VectorSpace<Form, Cmpt, nCmpt>&)
 operator Op(const UList<Type>& f1, const VectorSpace<Form,Cmpt,nCmpt>& vs)     \
 ^
/opt/openfoam5/src/OpenFOAM/lnInclude/FieldFunctions.C:770:1: note: in expansion of macro 'PRODUCT_OPERATOR'
 PRODUCT_OPERATOR(typeOfSum, +, add)
 ^
/opt/openfoam5/src/OpenFOAM/lnInclude/FieldFunctions.C:710:1: note:   template argument deduction/substitution failed:
 operator Op(const UList<Type>& f1, const VectorSpace<Form,Cmpt,nCmpt>& vs)     \
 ^
/opt/openfoam5/src/OpenFOAM/lnInclude/FieldFunctions.C:770:1: note: in expansion of macro 'PRODUCT_OPERATOR'
 PRODUCT_OPERATOR(typeOfSum, +, add)
 ^
In file included from pamFoam.C:142:0:
./processModels/XIEqn.H:9:7: note:   candidate expects 2 arguments, 1 provided
     + alphaLiquid*fXIXS*rhoHydrolysis
       ^
In file included from /opt/openfoam5/src/OpenFOAM/lnInclude/Field.C:877:0,
                 from /opt/openfoam5/src/OpenFOAM/lnInclude/Field.H:408,
                 from /opt/openfoam5/src/OpenFOAM/lnInclude/scalarField.H:38,
                 from /opt/openfoam5/src/OpenFOAM/lnInclude/dimensionSet.H:46,
                 from /opt/openfoam5/src/OpenFOAM/lnInclude/dimensionedType.H:40,
                 from /opt/openfoam5/src/OpenFOAM/lnInclude/dimensionedScalar.H:38,
                 from /opt/openfoam5/src/OpenFOAM/lnInclude/TimeState.H:38,
                 from /opt/openfoam5/src/OpenFOAM/lnInclude/Time.H:47,
                 from /opt/openfoam5/src/finiteVolume/lnInclude/fvCFD.H:6,
                 from pamFoam.C:36:
/opt/openfoam5/src/OpenFOAM/lnInclude/FieldFunctions.C:720:1: note: candidate: template<class Type, class Form, class Cmpt, unsigned char nCmpt> Foam::tmp<Foam::Field<typename Foam::typeOfSum<Type1, Type2>::type> > Foam::operator+(const Foam::tmp<Foam::Field<Type> >&, const Foam::VectorSpace<Form, Cmpt, nCmpt>&)
 operator Op                                                                    \
 ^
/opt/openfoam5/src/OpenFOAM/lnInclude/FieldFunctions.C:770:1: note: in expansion of macro 'PRODUCT_OPERATOR'
 PRODUCT_OPERATOR(typeOfSum, +, add)
 ^
/opt/openfoam5/src/OpenFOAM/lnInclude/FieldFunctions.C:720:1: note:   template argument deduction/substitution failed:
 operator Op                                                                    \
 ^
/opt/openfoam5/src/OpenFOAM/lnInclude/FieldFunctions.C:770:1: note: in expansion of macro 'PRODUCT_OPERATOR'
 PRODUCT_OPERATOR(typeOfSum, +, add)
 ^
In file included from pamFoam.C:142:0:
./processModels/XIEqn.H:9:7: note:   'const volScalarField {aka const Foam::GeometricField<double, Foam::fvPatchField, Foam::volMesh>}' is not derived from 'const Foam::tmp<Foam::Field<Type> >'
     + alphaLiquid*fXIXS*rhoHydrolysis
       ^
In file included from /opt/openfoam5/src/OpenFOAM/lnInclude/Field.C:877:0,
                 from /opt/openfoam5/src/OpenFOAM/lnInclude/Field.H:408,
                 from /opt/openfoam5/src/OpenFOAM/lnInclude/scalarField.H:38,
                 from /opt/openfoam5/src/OpenFOAM/lnInclude/dimensionSet.H:46,
                 from /opt/openfoam5/src/OpenFOAM/lnInclude/dimensionedType.H:40,
                 from /opt/openfoam5/src/OpenFOAM/lnInclude/dimensionedScalar.H:38,
                 from /opt/openfoam5/src/OpenFOAM/lnInclude/TimeState.H:38,
                 from /opt/openfoam5/src/OpenFOAM/lnInclude/Time.H:47,
                 from /opt/openfoam5/src/finiteVolume/lnInclude/fvCFD.H:6,
                 from pamFoam.C:36:
/opt/openfoam5/src/OpenFOAM/lnInclude/FieldFunctions.C:748:1: note: candidate: template<class Form, class Cmpt, unsigned char nCmpt, class Type> Foam::tmp<Foam::Field<typename Foam::typeOfSum<Form, Type>::type> > Foam::operator+(const Foam::VectorSpace<Form, Cmpt, Ncmpts>&, const Foam::UList<Type>&)
 operator Op(const VectorSpace<Form,Cmpt,nCmpt>& vs, const UList<Type>& f1)     \
 ^
/opt/openfoam5/src/OpenFOAM/lnInclude/FieldFunctions.C:770:1: note: in expansion of macro 'PRODUCT_OPERATOR'
 PRODUCT_OPERATOR(typeOfSum, +, add)
 ^
/opt/openfoam5/src/OpenFOAM/lnInclude/FieldFunctions.C:748:1: note:   template argument deduction/substitution failed:
 operator Op(const VectorSpace<Form,Cmpt,nCmpt>& vs, const UList<Type>& f1)     \
 ^
/opt/openfoam5/src/OpenFOAM/lnInclude/FieldFunctions.C:770:1: note: in expansion of macro 'PRODUCT_OPERATOR'
 PRODUCT_OPERATOR(typeOfSum, +, add)
 ^
In file included from pamFoam.C:142:0:
./processModels/XIEqn.H:9:7: note:   'const volScalarField {aka const Foam::GeometricField<double, Foam::fvPatchField, Foam::volMesh>}' is not derived from 'const Foam::VectorSpace<Form, Cmpt, Ncmpts>'
     + alphaLiquid*fXIXS*rhoHydrolysis
       ^
In file included from /opt/openfoam5/src/OpenFOAM/lnInclude/Field.C:877:0,
                 from /opt/openfoam5/src/OpenFOAM/lnInclude/Field.H:408,
                 from /opt/openfoam5/src/OpenFOAM/lnInclude/scalarField.H:38,
                 from /opt/openfoam5/src/OpenFOAM/lnInclude/dimensionSet.H:46,
                 from /opt/openfoam5/src/OpenFOAM/lnInclude/dimensionedType.H:40,
                 from /opt/openfoam5/src/OpenFOAM/lnInclude/dimensionedScalar.H:38,
                 from /opt/openfoam5/src/OpenFOAM/lnInclude/TimeState.H:38,
                 from /opt/openfoam5/src/OpenFOAM/lnInclude/Time.H:47,
                 from /opt/openfoam5/src/finiteVolume/lnInclude/fvCFD.H:6,
                 from pamFoam.C:36:
/opt/openfoam5/src/OpenFOAM/lnInclude/FieldFunctions.C:758:1: note: candidate: template<class Form, class Cmpt, unsigned char nCmpt, class Type> Foam::tmp<Foam::Field<typename Foam::typeOfSum<Form, Type>::type> > Foam::operator+(const Foam::VectorSpace<Form, Cmpt, Ncmpts>&, const Foam::tmp<Foam::Field<Type> >&)
 operator Op                                                                    \
 ^
/opt/openfoam5/src/OpenFOAM/lnInclude/FieldFunctions.C:770:1: note: in expansion of macro 'PRODUCT_OPERATOR'
 PRODUCT_OPERATOR(typeOfSum, +, add)
 ^
/opt/openfoam5/src/OpenFOAM/lnInclude/FieldFunctions.C:758:1: note:   template argument deduction/substitution failed:
 operator Op                                                                    \
 ^
/opt/openfoam5/src/OpenFOAM/lnInclude/FieldFunctions.C:770:1: note: in expansion of macro 'PRODUCT_OPERATOR'
 PRODUCT_OPERATOR(typeOfSum, +, add)
 ^
In file included from pamFoam.C:142:0:
./processModels/XIEqn.H:9:7: note:   'const volScalarField {aka const Foam::GeometricField<double, Foam::fvPatchField, Foam::volMesh>}' is not derived from 'const Foam::VectorSpace<Form, Cmpt, Ncmpts>'
     + alphaLiquid*fXIXS*rhoHydrolysis
       ^
In file included from /opt/openfoam5/src/OpenFOAM/lnInclude/Tensor.H:231:0,
                 from /opt/openfoam5/src/OpenFOAM/lnInclude/SymmTensorI.H:27,
                 from /opt/openfoam5/src/OpenFOAM/lnInclude/SymmTensor.H:155,
                 from /opt/openfoam5/src/OpenFOAM/lnInclude/symmTensor.H:38,
                 from /opt/openfoam5/src/OpenFOAM/lnInclude/fieldTypes.H:37,
                 from /opt/openfoam5/src/OpenFOAM/lnInclude/flipOp.H:40,
                 from /opt/openfoam5/src/OpenFOAM/lnInclude/mapDistributeBaseTemplates.C:29,
                 from /opt/openfoam5/src/OpenFOAM/lnInclude/mapDistributeBase.H:489,
                 from /opt/openfoam5/src/OpenFOAM/lnInclude/FieldMapper.H:35,
                 from /opt/openfoam5/src/OpenFOAM/lnInclude/Field.C:26,
                 from /opt/openfoam5/src/OpenFOAM/lnInclude/Field.H:408,
                 from /opt/openfoam5/src/OpenFOAM/lnInclude/scalarField.H:38,
                 from /opt/openfoam5/src/OpenFOAM/lnInclude/dimensionSet.H:46,
                 from /opt/openfoam5/src/OpenFOAM/lnInclude/dimensionedType.H:40,
                 from /opt/openfoam5/src/OpenFOAM/lnInclude/dimensionedScalar.H:38,
                 from /opt/openfoam5/src/OpenFOAM/lnInclude/TimeState.H:38,
                 from /opt/openfoam5/src/OpenFOAM/lnInclude/Time.H:47,
                 from /opt/openfoam5/src/finiteVolume/lnInclude/fvCFD.H:6,
                 from pamFoam.C:36:
/opt/openfoam5/src/OpenFOAM/lnInclude/TensorI.H:680:1: note: candidate: template<class Cmpt> Foam::Tensor<Cmpt> Foam::operator+(const Foam::SphericalTensor<Cmpt>&, const Foam::Tensor<Cmpt>&)
 operator+(const SphericalTensor<Cmpt>& st1, const Tensor<Cmpt>& t2)
 ^
/opt/openfoam5/src/OpenFOAM/lnInclude/TensorI.H:680:1: note:   template argument deduction/substitution failed:
In file included from pamFoam.C:142:0:
./processModels/XIEqn.H:9:7: note:   'const volScalarField {aka const Foam::GeometricField<double, Foam::fvPatchField, Foam::volMesh>}' is not derived from 'const Foam::SphericalTensor<Cmpt>'
     + alphaLiquid*fXIXS*rhoHydrolysis
       ^
In file included from /opt/openfoam5/src/OpenFOAM/lnInclude/Tensor.H:231:0,
                 from /opt/openfoam5/src/OpenFOAM/lnInclude/SymmTensorI.H:27,
                 from /opt/openfoam5/src/OpenFOAM/lnInclude/SymmTensor.H:155,
                 from /opt/openfoam5/src/OpenFOAM/lnInclude/symmTensor.H:38,
                 from /opt/openfoam5/src/OpenFOAM/lnInclude/fieldTypes.H:37,
                 from /opt/openfoam5/src/OpenFOAM/lnInclude/flipOp.H:40,
                 from /opt/openfoam5/src/OpenFOAM/lnInclude/mapDistributeBaseTemplates.C:29,
                 from /opt/openfoam5/src/OpenFOAM/lnInclude/mapDistributeBase.H:489,
                 from /opt/openfoam5/src/OpenFOAM/lnInclude/FieldMapper.H:35,
                 from /opt/openfoam5/src/OpenFOAM/lnInclude/Field.C:26,
                 from /opt/openfoam5/src/OpenFOAM/lnInclude/Field.H:408,
                 from /opt/openfoam5/src/OpenFOAM/lnInclude/scalarField.H:38,
                 from /opt/openfoam5/src/OpenFOAM/lnInclude/dimensionSet.H:46,
                 from /opt/openfoam5/src/OpenFOAM/lnInclude/dimensionedType.H:40,
                 from /opt/openfoam5/src/OpenFOAM/lnInclude/dimensionedScalar.H:38,
                 from /opt/openfoam5/src/OpenFOAM/lnInclude/TimeState.H:38,
                 from /opt/openfoam5/src/OpenFOAM/lnInclude/Time.H:47,
                 from /opt/openfoam5/src/finiteVolume/lnInclude/fvCFD.H:6,
                 from pamFoam.C:36:
/opt/openfoam5/src/OpenFOAM/lnInclude/TensorI.H:693:1: note: candidate: template<class Cmpt> Foam::Tensor<Cmpt> Foam::operator+(const Foam::Tensor<Cmpt>&, const Foam::SphericalTensor<Cmpt>&)
 operator+(const Tensor<Cmpt>& t1, const SphericalTensor<Cmpt>& st2)
 ^
/opt/openfoam5/src/OpenFOAM/lnInclude/TensorI.H:693:1: note:   template argument deduction/substitution failed:
In file included from pamFoam.C:142:0:
./processModels/XIEqn.H:9:7: note:   'const volScalarField {aka const Foam::GeometricField<double, Foam::fvPatchField, Foam::volMesh>}' is not derived from 'const Foam::Tensor<Cmpt>'
     + alphaLiquid*fXIXS*rhoHydrolysis
       ^
In file included from /opt/openfoam5/src/OpenFOAM/lnInclude/Tensor.H:231:0,
                 from /opt/openfoam5/src/OpenFOAM/lnInclude/SymmTensorI.H:27,
                 from /opt/openfoam5/src/OpenFOAM/lnInclude/SymmTensor.H:155,
                 from /opt/openfoam5/src/OpenFOAM/lnInclude/symmTensor.H:38,
                 from /opt/openfoam5/src/OpenFOAM/lnInclude/fieldTypes.H:37,
                 from /opt/openfoam5/src/OpenFOAM/lnInclude/flipOp.H:40,
                 from /opt/openfoam5/src/OpenFOAM/lnInclude/mapDistributeBaseTemplates.C:29,
                 from /opt/openfoam5/src/OpenFOAM/lnInclude/mapDistributeBase.H:489,
                 from /opt/openfoam5/src/OpenFOAM/lnInclude/FieldMapper.H:35,
                 from /opt/openfoam5/src/OpenFOAM/lnInclude/Field.C:26,
                 from /opt/openfoam5/src/OpenFOAM/lnInclude/Field.H:408,
                 from /opt/openfoam5/src/OpenFOAM/lnInclude/scalarField.H:38,
                 from /opt/openfoam5/src/OpenFOAM/lnInclude/dimensionSet.H:46,
                 from /opt/openfoam5/src/OpenFOAM/lnInclude/dimensionedType.H:40,
                 from /opt/openfoam5/src/OpenFOAM/lnInclude/dimensionedScalar.H:38,
                 from /opt/openfoam5/src/OpenFOAM/lnInclude/TimeState.H:38,
                 from /opt/openfoam5/src/OpenFOAM/lnInclude/Time.H:47,
                 from /opt/openfoam5/src/finiteVolume/lnInclude/fvCFD.H:6,
                 from pamFoam.C:36:
/opt/openfoam5/src/OpenFOAM/lnInclude/TensorI.H:816:1: note: candidate: template<class Cmpt> Foam::Tensor<Cmpt> Foam::operator+(const Foam::SymmTensor<Cmpt>&, const Foam::Tensor<Cmpt>&)
 operator+(const SymmTensor<Cmpt>& st1, const Tensor<Cmpt>& t2)
 ^
/opt/openfoam5/src/OpenFOAM/lnInclude/TensorI.H:816:1: note:   template argument deduction/substitution failed:
In file included from pamFoam.C:142:0:
./processModels/XIEqn.H:9:7: note:   'const volScalarField {aka const Foam::GeometricField<double, Foam::fvPatchField, Foam::volMesh>}' is not derived from 'const Foam::SymmTensor<Cmpt>'
     + alphaLiquid*fXIXS*rhoHydrolysis
       ^
In file included from /opt/openfoam5/src/OpenFOAM/lnInclude/Tensor.H:231:0,
                 from /opt/openfoam5/src/OpenFOAM/lnInclude/SymmTensorI.H:27,
                 from /opt/openfoam5/src/OpenFOAM/lnInclude/SymmTensor.H:155,
                 from /opt/openfoam5/src/OpenFOAM/lnInclude/symmTensor.H:38,
                 from /opt/openfoam5/src/OpenFOAM/lnInclude/fieldTypes.H:37,
                 from /opt/openfoam5/src/OpenFOAM/lnInclude/flipOp.H:40,
                 from /opt/openfoam5/src/OpenFOAM/lnInclude/mapDistributeBaseTemplates.C:29,
                 from /opt/openfoam5/src/OpenFOAM/lnInclude/mapDistributeBase.H:489,
                 from /opt/openfoam5/src/OpenFOAM/lnInclude/FieldMapper.H:35,
                 from /opt/openfoam5/src/OpenFOAM/lnInclude/Field.C:26,
                 from /opt/openfoam5/src/OpenFOAM/lnInclude/Field.H:408,
                 from /opt/openfoam5/src/OpenFOAM/lnInclude/scalarField.H:38,
                 from /opt/openfoam5/src/OpenFOAM/lnInclude/dimensionSet.H:46,
                 from /opt/openfoam5/src/OpenFOAM/lnInclude/dimensionedType.H:40,
                 from /opt/openfoam5/src/OpenFOAM/lnInclude/dimensionedScalar.H:38,
                 from /opt/openfoam5/src/OpenFOAM/lnInclude/TimeState.H:38,
                 from /opt/openfoam5/src/OpenFOAM/lnInclude/Time.H:47,
                 from /opt/openfoam5/src/finiteVolume/lnInclude/fvCFD.H:6,
                 from pamFoam.C:36:
/opt/openfoam5/src/OpenFOAM/lnInclude/TensorI.H:829:1: note: candidate: template<class Cmpt> Foam::Tensor<Cmpt> Foam::operator+(const Foam::Tensor<Cmpt>&, const Foam::SymmTensor<Cmpt>&)
 operator+(const Tensor<Cmpt>& t1, const SymmTensor<Cmpt>& st2)
 ^
/opt/openfoam5/src/OpenFOAM/lnInclude/TensorI.H:829:1: note:   template argument deduction/substitution failed:
In file included from pamFoam.C:142:0:
./processModels/XIEqn.H:9:7: note:   'const volScalarField {aka const Foam::GeometricField<double, Foam::fvPatchField, Foam::volMesh>}' is not derived from 'const Foam::Tensor<Cmpt>'
     + alphaLiquid*fXIXS*rhoHydrolysis
       ^
In file included from /opt/openfoam5/src/OpenFOAM/lnInclude/SymmTensor.H:155:0,
                 from /opt/openfoam5/src/OpenFOAM/lnInclude/symmTensor.H:38,
                 from /opt/openfoam5/src/OpenFOAM/lnInclude/fieldTypes.H:37,
                 from /opt/openfoam5/src/OpenFOAM/lnInclude/flipOp.H:40,
                 from /opt/openfoam5/src/OpenFOAM/lnInclude/mapDistributeBaseTemplates.C:29,
                 from /opt/openfoam5/src/OpenFOAM/lnInclude/mapDistributeBase.H:489,
                 from /opt/openfoam5/src/OpenFOAM/lnInclude/FieldMapper.H:35,
                 from /opt/openfoam5/src/OpenFOAM/lnInclude/Field.C:26,
                 from /opt/openfoam5/src/OpenFOAM/lnInclude/Field.H:408,
                 from /opt/openfoam5/src/OpenFOAM/lnInclude/scalarField.H:38,
                 from /opt/openfoam5/src/OpenFOAM/lnInclude/dimensionSet.H:46,
                 from /opt/openfoam5/src/OpenFOAM/lnInclude/dimensionedType.H:40,
                 from /opt/openfoam5/src/OpenFOAM/lnInclude/dimensionedScalar.H:38,
                 from /opt/openfoam5/src/OpenFOAM/lnInclude/TimeState.H:38,
                 from /opt/openfoam5/src/OpenFOAM/lnInclude/Time.H:47,
                 from /opt/openfoam5/src/finiteVolume/lnInclude/fvCFD.H:6,
                 from pamFoam.C:36:
/opt/openfoam5/src/OpenFOAM/lnInclude/SymmTensorI.H:423:1: note: candidate: template<class Cmpt> Foam::SymmTensor<Cmpt> Foam::operator+(const Foam::SphericalTensor<Cmpt>&, const Foam::SymmTensor<Cmpt>&)
 operator+(const SphericalTensor<Cmpt>& spt1, const SymmTensor<Cmpt>& st2)
 ^
/opt/openfoam5/src/OpenFOAM/lnInclude/SymmTensorI.H:423:1: note:   template argument deduction/substitution failed:
In file included from pamFoam.C:142:0:
./processModels/XIEqn.H:9:7: note:   'const volScalarField {aka const Foam::GeometricField<double, Foam::fvPatchField, Foam::volMesh>}' is not derived from 'const Foam::SphericalTensor<Cmpt>'
     + alphaLiquid*fXIXS*rhoHydrolysis
       ^
In file included from /opt/openfoam5/src/OpenFOAM/lnInclude/SymmTensor.H:155:0,
                 from /opt/openfoam5/src/OpenFOAM/lnInclude/symmTensor.H:38,
                 from /opt/openfoam5/src/OpenFOAM/lnInclude/fieldTypes.H:37,
                 from /opt/openfoam5/src/OpenFOAM/lnInclude/flipOp.H:40,
                 from /opt/openfoam5/src/OpenFOAM/lnInclude/mapDistributeBaseTemplates.C:29,
                 from /opt/openfoam5/src/OpenFOAM/lnInclude/mapDistributeBase.H:489,
                 from /opt/openfoam5/src/OpenFOAM/lnInclude/FieldMapper.H:35,
                 from /opt/openfoam5/src/OpenFOAM/lnInclude/Field.C:26,
                 from /opt/openfoam5/src/OpenFOAM/lnInclude/Field.H:408,
                 from /opt/openfoam5/src/OpenFOAM/lnInclude/scalarField.H:38,
                 from /opt/openfoam5/src/OpenFOAM/lnInclude/dimensionSet.H:46,
                 from /opt/openfoam5/src/OpenFOAM/lnInclude/dimensionedType.H:40,
                 from /opt/openfoam5/src/OpenFOAM/lnInclude/dimensionedScalar.H:38,
                 from /opt/openfoam5/src/OpenFOAM/lnInclude/TimeState.H:38,
                 from /opt/openfoam5/src/OpenFOAM/lnInclude/Time.H:47,
                 from /opt/openfoam5/src/finiteVolume/lnInclude/fvCFD.H:6,
                 from pamFoam.C:36:
/opt/openfoam5/src/OpenFOAM/lnInclude/SymmTensorI.H:436:1: note: candidate: template<class Cmpt> Foam::SymmTensor<Cmpt> Foam::operator+(const Foam::SymmTensor<Cmpt>&, const Foam::SphericalTensor<Cmpt>&)
 operator+(const SymmTensor<Cmpt>& st1, const SphericalTensor<Cmpt>& spt2)
 ^
/opt/openfoam5/src/OpenFOAM/lnInclude/SymmTensorI.H:436:1: note:   template argument deduction/substitution failed:
In file included from pamFoam.C:142:0:
./processModels/XIEqn.H:9:7: note:   'const volScalarField {aka const Foam::GeometricField<double, Foam::fvPatchField, Foam::volMesh>}' is not derived from 'const Foam::SymmTensor<Cmpt>'
     + alphaLiquid*fXIXS*rhoHydrolysis
       ^
In file included from /opt/openfoam5/src/OpenFOAM/lnInclude/scalarField.H:42:0,
                 from /opt/openfoam5/src/OpenFOAM/lnInclude/dimensionSet.H:46,
                 from /opt/openfoam5/src/OpenFOAM/lnInclude/dimensionedType.H:40,
                 from /opt/openfoam5/src/OpenFOAM/lnInclude/dimensionedScalar.H:38,
                 from /opt/openfoam5/src/OpenFOAM/lnInclude/TimeState.H:38,
                 from /opt/openfoam5/src/OpenFOAM/lnInclude/Time.H:47,
                 from /opt/openfoam5/src/finiteVolume/lnInclude/fvCFD.H:6,
                 from pamFoam.C:36:
/opt/openfoam5/src/OpenFOAM/lnInclude/FieldFunctionsM.H:207:24: note: candidate: Foam::tmp<Foam::Field<double> > Foam::operator+(const scalar&, const Foam::UList<double>&)
 tmp<Field<ReturnType>> operator Op                                             \
                        ^
/opt/openfoam5/src/OpenFOAM/lnInclude/FieldFunctionsM.H:247:5: note: in expansion of macro 'BINARY_TYPE_OPERATOR_SF'
     BINARY_TYPE_OPERATOR_SF(ReturnType, Type1, Type2, Op, OpFunc)              \
     ^
/opt/openfoam5/src/OpenFOAM/lnInclude/scalarField.H:83:1: note: in expansion of macro 'BINARY_TYPE_OPERATOR'
 BINARY_TYPE_OPERATOR(scalar, scalar, scalar, +, add)
 ^
/opt/openfoam5/src/OpenFOAM/lnInclude/FieldFunctionsM.H:207:24: note:   candidate expects 2 arguments, 1 provided
 tmp<Field<ReturnType>> operator Op                                             \
                        ^
/opt/openfoam5/src/OpenFOAM/lnInclude/FieldFunctionsM.H:247:5: note: in expansion of macro 'BINARY_TYPE_OPERATOR_SF'
     BINARY_TYPE_OPERATOR_SF(ReturnType, Type1, Type2, Op, OpFunc)              \
     ^
/opt/openfoam5/src/OpenFOAM/lnInclude/scalarField.H:83:1: note: in expansion of macro 'BINARY_TYPE_OPERATOR'
 BINARY_TYPE_OPERATOR(scalar, scalar, scalar, +, add)
 ^
/opt/openfoam5/src/OpenFOAM/lnInclude/FieldFunctionsM.H:214:24: note: candidate: Foam::tmp<Foam::Field<double> > Foam::operator+(const scalar&, const Foam::tmp<Foam::Field<double> >&)
 tmp<Field<ReturnType>> operator Op                                             \
                        ^
/opt/openfoam5/src/OpenFOAM/lnInclude/FieldFunctionsM.H:247:5: note: in expansion of macro 'BINARY_TYPE_OPERATOR_SF'
     BINARY_TYPE_OPERATOR_SF(ReturnType, Type1, Type2, Op, OpFunc)              \
     ^
/opt/openfoam5/src/OpenFOAM/lnInclude/scalarField.H:83:1: note: in expansion of macro 'BINARY_TYPE_OPERATOR'
 BINARY_TYPE_OPERATOR(scalar, scalar, scalar, +, add)
 ^
/opt/openfoam5/src/OpenFOAM/lnInclude/FieldFunctionsM.H:214:24: note:   candidate expects 2 arguments, 1 provided
 tmp<Field<ReturnType>> operator Op                                             \
                        ^
/opt/openfoam5/src/OpenFOAM/lnInclude/FieldFunctionsM.H:247:5: note: in expansion of macro 'BINARY_TYPE_OPERATOR_SF'
     BINARY_TYPE_OPERATOR_SF(ReturnType, Type1, Type2, Op, OpFunc)              \
     ^
/opt/openfoam5/src/OpenFOAM/lnInclude/scalarField.H:83:1: note: in expansion of macro 'BINARY_TYPE_OPERATOR'
 BINARY_TYPE_OPERATOR(scalar, scalar, scalar, +, add)
 ^
/opt/openfoam5/src/OpenFOAM/lnInclude/FieldFunctionsM.H:232:24: note: candidate: Foam::tmp<Foam::Field<double> > Foam::operator+(const Foam::UList<double>&, const scalar&)
 tmp<Field<ReturnType>> operator Op                                             \
                        ^
/opt/openfoam5/src/OpenFOAM/lnInclude/FieldFunctionsM.H:248:5: note: in expansion of macro 'BINARY_TYPE_OPERATOR_FS'
     BINARY_TYPE_OPERATOR_FS(ReturnType, Type1, Type2, Op, OpFunc)
     ^
/opt/openfoam5/src/OpenFOAM/lnInclude/scalarField.H:83:1: note: in expansion of macro 'BINARY_TYPE_OPERATOR'
 BINARY_TYPE_OPERATOR(scalar, scalar, scalar, +, add)
 ^
/opt/openfoam5/src/OpenFOAM/lnInclude/FieldFunctionsM.H:232:24: note:   candidate expects 2 arguments, 1 provided
 tmp<Field<ReturnType>> operator Op                                             \
                        ^
/opt/openfoam5/src/OpenFOAM/lnInclude/FieldFunctionsM.H:248:5: note: in expansion of macro 'BINARY_TYPE_OPERATOR_FS'
     BINARY_TYPE_OPERATOR_FS(ReturnType, Type1, Type2, Op, OpFunc)
     ^
/opt/openfoam5/src/OpenFOAM/lnInclude/scalarField.H:83:1: note: in expansion of macro 'BINARY_TYPE_OPERATOR'
 BINARY_TYPE_OPERATOR(scalar, scalar, scalar, +, add)
 ^
/opt/openfoam5/src/OpenFOAM/lnInclude/FieldFunctionsM.H:239:24: note: candidate: Foam::tmp<Foam::Field<double> > Foam::operator+(const Foam::tmp<Foam::Field<double> >&, const scalar&)
 tmp<Field<ReturnType>> operator Op                                             \
                        ^
/opt/openfoam5/src/OpenFOAM/lnInclude/FieldFunctionsM.H:248:5: note: in expansion of macro 'BINARY_TYPE_OPERATOR_FS'
     BINARY_TYPE_OPERATOR_FS(ReturnType, Type1, Type2, Op, OpFunc)
     ^
/opt/openfoam5/src/OpenFOAM/lnInclude/scalarField.H:83:1: note: in expansion of macro 'BINARY_TYPE_OPERATOR'
 BINARY_TYPE_OPERATOR(scalar, scalar, scalar, +, add)
 ^
/opt/openfoam5/src/OpenFOAM/lnInclude/FieldFunctionsM.H:239:24: note:   candidate expects 2 arguments, 1 provided
 tmp<Field<ReturnType>> operator Op                                             \
                        ^
/opt/openfoam5/src/OpenFOAM/lnInclude/FieldFunctionsM.H:248:5: note: in expansion of macro 'BINARY_TYPE_OPERATOR_FS'
     BINARY_TYPE_OPERATOR_FS(ReturnType, Type1, Type2, Op, OpFunc)
     ^
/opt/openfoam5/src/OpenFOAM/lnInclude/scalarField.H:83:1: note: in expansion of macro 'BINARY_TYPE_OPERATOR'
 BINARY_TYPE_OPERATOR(scalar, scalar, scalar, +, add)
 ^
In file included from /opt/openfoam5/src/OpenFOAM/lnInclude/dimensionedType.H:40:0,
                 from /opt/openfoam5/src/OpenFOAM/lnInclude/dimensionedScalar.H:38,
                 from /opt/openfoam5/src/OpenFOAM/lnInclude/TimeState.H:38,
                 from /opt/openfoam5/src/OpenFOAM/lnInclude/Time.H:47,
                 from /opt/openfoam5/src/finiteVolume/lnInclude/fvCFD.H:6,
                 from pamFoam.C:36:
/opt/openfoam5/src/OpenFOAM/lnInclude/dimensionSet.H:383:29: note: candidate: Foam::dimensionSet Foam::operator+(const Foam::dimensionSet&, const Foam::dimensionSet&)
         friend dimensionSet operator+
                             ^
/opt/openfoam5/src/OpenFOAM/lnInclude/dimensionSet.H:383:29: note:   candidate expects 2 arguments, 1 provided
In file included from /opt/openfoam5/src/OpenFOAM/lnInclude/Matrix.H:383:0,
                 from /opt/openfoam5/src/OpenFOAM/lnInclude/RectangularMatrix.H:41,
                 from /opt/openfoam5/src/OpenFOAM/lnInclude/scalarMatrices.H:43,
                 from /opt/openfoam5/src/OpenFOAM/lnInclude/dimensionSets.H:39,
                 from /opt/openfoam5/src/OpenFOAM/lnInclude/dimensionSet.H:439,
                 from /opt/openfoam5/src/OpenFOAM/lnInclude/dimensionedType.H:40,
                 from /opt/openfoam5/src/OpenFOAM/lnInclude/dimensionedScalar.H:38,
                 from /opt/openfoam5/src/OpenFOAM/lnInclude/TimeState.H:38,
                 from /opt/openfoam5/src/OpenFOAM/lnInclude/Time.H:47,
                 from /opt/openfoam5/src/finiteVolume/lnInclude/fvCFD.H:6,
                 from pamFoam.C:36:
/opt/openfoam5/src/OpenFOAM/lnInclude/Matrix.C:464:6: note: candidate: template<class Form, class Type> Form Foam::operator+(const Foam::Matrix<Form, Type>&, const Foam::Matrix<Form, Type>&)
 Form Foam::operator+(const Matrix<Form, Type>& A, const Matrix<Form, Type>& B)
      ^
/opt/openfoam5/src/OpenFOAM/lnInclude/Matrix.C:464:6: note:   template argument deduction/substitution failed:
In file included from pamFoam.C:142:0:
./processModels/XIEqn.H:9:7: note:   'const volScalarField {aka const Foam::GeometricField<double, Foam::fvPatchField, Foam::volMesh>}' is not derived from 'const Foam::Matrix<Form, Type>'
     + alphaLiquid*fXIXS*rhoHydrolysis
       ^
In file included from /opt/openfoam5/src/OpenFOAM/lnInclude/dimensionedType.H:340:0,
                 from /opt/openfoam5/src/OpenFOAM/lnInclude/dimensionedScalar.H:38,
                 from /opt/openfoam5/src/OpenFOAM/lnInclude/TimeState.H:38,
                 from /opt/openfoam5/src/OpenFOAM/lnInclude/Time.H:47,
                 from /opt/openfoam5/src/finiteVolume/lnInclude/fvCFD.H:6,
                 from pamFoam.C:36:
/opt/openfoam5/src/OpenFOAM/lnInclude/dimensionedType.C:657:25: note: candidate: template<class Type> Foam::dimensioned<Type> Foam::operator+(const Foam::dimensioned<Type>&, const Foam::dimensioned<Type>&)
 Foam::dimensioned<Type> Foam::operator+
                         ^
/opt/openfoam5/src/OpenFOAM/lnInclude/dimensionedType.C:657:25: note:   template argument deduction/substitution failed:
In file included from pamFoam.C:142:0:
./processModels/XIEqn.H:9:7: note:   'const volScalarField {aka const Foam::GeometricField<double, Foam::fvPatchField, Foam::volMesh>}' is not derived from 'const Foam::dimensioned<Type>'
     + alphaLiquid*fXIXS*rhoHydrolysis
       ^
In file included from /opt/openfoam5/src/OpenFOAM/lnInclude/TimeState.H:38:0,
                 from /opt/openfoam5/src/OpenFOAM/lnInclude/Time.H:47,
                 from /opt/openfoam5/src/finiteVolume/lnInclude/fvCFD.H:6,
                 from pamFoam.C:36:
/opt/openfoam5/src/OpenFOAM/lnInclude/dimensionedScalar.H:49:19: note: candidate: Foam::dimensionedScalar Foam::operator+(const dimensionedScalar&, Foam::scalar)
 dimensionedScalar operator+(const dimensionedScalar&, const scalar);
                   ^
/opt/openfoam5/src/OpenFOAM/lnInclude/dimensionedScalar.H:49:19: note:   candidate expects 2 arguments, 1 provided
/opt/openfoam5/src/OpenFOAM/lnInclude/dimensionedScalar.H:50:19: note: candidate: Foam::dimensionedScalar Foam::operator+(Foam::scalar, const dimensionedScalar&)
 dimensionedScalar operator+(const scalar, const dimensionedScalar&);
                   ^
/opt/openfoam5/src/OpenFOAM/lnInclude/dimensionedScalar.H:50:19: note:   candidate expects 2 arguments, 1 provided
In file included from /opt/openfoam5/src/OpenFOAM/lnInclude/labelField.H:42:0,
                 from /opt/openfoam5/src/OpenFOAM/lnInclude/primitiveFields.H:37,
                 from /opt/openfoam5/src/OpenFOAM/lnInclude/pointField.H:36,
                 from /opt/openfoam5/src/OpenFOAM/lnInclude/edge.H:40,
                 from /opt/openfoam5/src/OpenFOAM/lnInclude/edgeList.H:32,
                 from /opt/openfoam5/src/OpenFOAM/lnInclude/primitiveMesh.H:54,
                 from /opt/openfoam5/src/OpenFOAM/lnInclude/polyMesh.H:45,
                 from /opt/openfoam5/src/finiteVolume/lnInclude/fvMesh.H:50,
                 from /opt/openfoam5/src/finiteVolume/lnInclude/fvCFD.H:7,
                 from pamFoam.C:36:
/opt/openfoam5/src/OpenFOAM/lnInclude/FieldFunctionsM.H:207:24: note: candidate: Foam::tmp<Foam::Field<int> > Foam::operator+(const label&, const Foam::UList<int>&)
 tmp<Field<ReturnType>> operator Op                                             \
                        ^
/opt/openfoam5/src/OpenFOAM/lnInclude/FieldFunctionsM.H:247:5: note: in expansion of macro 'BINARY_TYPE_OPERATOR_SF'
     BINARY_TYPE_OPERATOR_SF(ReturnType, Type1, Type2, Op, OpFunc)              \
     ^
/opt/openfoam5/src/OpenFOAM/lnInclude/labelField.H:53:1: note: in expansion of macro 'BINARY_TYPE_OPERATOR'
 BINARY_TYPE_OPERATOR(label, label, label, +, add)
 ^
/opt/openfoam5/src/OpenFOAM/lnInclude/FieldFunctionsM.H:207:24: note:   candidate expects 2 arguments, 1 provided
 tmp<Field<ReturnType>> operator Op                                             \
                        ^
/opt/openfoam5/src/OpenFOAM/lnInclude/FieldFunctionsM.H:247:5: note: in expansion of macro 'BINARY_TYPE_OPERATOR_SF'
     BINARY_TYPE_OPERATOR_SF(ReturnType, Type1, Type2, Op, OpFunc)              \
     ^
/opt/openfoam5/src/OpenFOAM/lnInclude/labelField.H:53:1: note: in expansion of macro 'BINARY_TYPE_OPERATOR'
 BINARY_TYPE_OPERATOR(label, label, label, +, add)
 ^
/opt/openfoam5/src/OpenFOAM/lnInclude/FieldFunctionsM.H:214:24: note: candidate: Foam::tmp<Foam::Field<int> > Foam::operator+(const label&, const Foam::tmp<Foam::Field<int> >&)
 tmp<Field<ReturnType>> operator Op                                             \
                        ^
/opt/openfoam5/src/OpenFOAM/lnInclude/FieldFunctionsM.H:247:5: note: in expansion of macro 'BINARY_TYPE_OPERATOR_SF'
     BINARY_TYPE_OPERATOR_SF(ReturnType, Type1, Type2, Op, OpFunc)              \
     ^
/opt/openfoam5/src/OpenFOAM/lnInclude/labelField.H:53:1: note: in expansion of macro 'BINARY_TYPE_OPERATOR'
 BINARY_TYPE_OPERATOR(label, label, label, +, add)
 ^
/opt/openfoam5/src/OpenFOAM/lnInclude/FieldFunctionsM.H:214:24: note:   candidate expects 2 arguments, 1 provided
 tmp<Field<ReturnType>> operator Op                                             \
                        ^
/opt/openfoam5/src/OpenFOAM/lnInclude/FieldFunctionsM.H:247:5: note: in expansion of macro 'BINARY_TYPE_OPERATOR_SF'
     BINARY_TYPE_OPERATOR_SF(ReturnType, Type1, Type2, Op, OpFunc)              \
     ^
/opt/openfoam5/src/OpenFOAM/lnInclude/labelField.H:53:1: note: in expansion of macro 'BINARY_TYPE_OPERATOR'
 BINARY_TYPE_OPERATOR(label, label, label, +, add)
 ^
/opt/openfoam5/src/OpenFOAM/lnInclude/FieldFunctionsM.H:232:24: note: candidate: Foam::tmp<Foam::Field<int> > Foam::operator+(const Foam::UList<int>&, const label&)
 tmp<Field<ReturnType>> operator Op                                             \
                        ^
/opt/openfoam5/src/OpenFOAM/lnInclude/FieldFunctionsM.H:248:5: note: in expansion of macro 'BINARY_TYPE_OPERATOR_FS'
     BINARY_TYPE_OPERATOR_FS(ReturnType, Type1, Type2, Op, OpFunc)
     ^
/opt/openfoam5/src/OpenFOAM/lnInclude/labelField.H:53:1: note: in expansion of macro 'BINARY_TYPE_OPERATOR'
 BINARY_TYPE_OPERATOR(label, label, label, +, add)
 ^
/opt/openfoam5/src/OpenFOAM/lnInclude/FieldFunctionsM.H:232:24: note:   candidate expects 2 arguments, 1 provided
 tmp<Field<ReturnType>> operator Op                                             \
                        ^
/opt/openfoam5/src/OpenFOAM/lnInclude/FieldFunctionsM.H:248:5: note: in expansion of macro 'BINARY_TYPE_OPERATOR_FS'
     BINARY_TYPE_OPERATOR_FS(ReturnType, Type1, Type2, Op, OpFunc)
     ^
/opt/openfoam5/src/OpenFOAM/lnInclude/labelField.H:53:1: note: in expansion of macro 'BINARY_TYPE_OPERATOR'
 BINARY_TYPE_OPERATOR(label, label, label, +, add)
 ^
/opt/openfoam5/src/OpenFOAM/lnInclude/FieldFunctionsM.H:239:24: note: candidate: Foam::tmp<Foam::Field<int> > Foam::operator+(const Foam::tmp<Foam::Field<int> >&, const label&)
 tmp<Field<ReturnType>> operator Op                                             \
                        ^
/opt/openfoam5/src/OpenFOAM/lnInclude/FieldFunctionsM.H:248:5: note: in expansion of macro 'BINARY_TYPE_OPERATOR_FS'
     BINARY_TYPE_OPERATOR_FS(ReturnType, Type1, Type2, Op, OpFunc)
     ^
/opt/openfoam5/src/OpenFOAM/lnInclude/labelField.H:53:1: note: in expansion of macro 'BINARY_TYPE_OPERATOR'
 BINARY_TYPE_OPERATOR(label, label, label, +, add)
 ^
/opt/openfoam5/src/OpenFOAM/lnInclude/FieldFunctionsM.H:239:24: note:   candidate expects 2 arguments, 1 provided
 tmp<Field<ReturnType>> operator Op                                             \
                        ^
/opt/openfoam5/src/OpenFOAM/lnInclude/FieldFunctionsM.H:248:5: note: in expansion of macro 'BINARY_TYPE_OPERATOR_FS'
     BINARY_TYPE_OPERATOR_FS(ReturnType, Type1, Type2, Op, OpFunc)
     ^
/opt/openfoam5/src/OpenFOAM/lnInclude/labelField.H:53:1: note: in expansion of macro 'BINARY_TYPE_OPERATOR'
 BINARY_TYPE_OPERATOR(label, label, label, +, add)
 ^
In file included from /opt/openfoam5/src/OpenFOAM/lnInclude/DimensionedScalarField.C:29:0,
                 from /opt/openfoam5/src/OpenFOAM/lnInclude/DimensionedScalarField.H:157,
                 from /opt/openfoam5/src/OpenFOAM/lnInclude/DimensionedFieldFunctions.H:26,
                 from /opt/openfoam5/src/OpenFOAM/lnInclude/DimensionedField.H:363,
                 from /opt/openfoam5/src/finiteVolume/lnInclude/fvMesh.H:58,
                 from /opt/openfoam5/src/finiteVolume/lnInclude/fvCFD.H:7,
                 from pamFoam.C:36:
/opt/openfoam5/src/OpenFOAM/lnInclude/DimensionedFieldFunctionsM.C:534:44: note: candidate: template<class GeoMesh> Foam::tmp<Foam::DimensionedField<double, GeoMesh> > Foam::operator+(const Foam::dimensioned<double>&, const Foam::DimensionedField<double, GeoMesh>&)
 tmp<DimensionedField<ReturnType, GeoMesh>> operator Op                         \
                                            ^
/opt/openfoam5/src/OpenFOAM/lnInclude/DimensionedFieldFunctionsM.C:685:5: note: in expansion of macro 'BINARY_TYPE_OPERATOR_SF'
     BINARY_TYPE_OPERATOR_SF(ReturnType, Type1, Type2, Op, OpName, OpFunc)      \
     ^
/opt/openfoam5/src/OpenFOAM/lnInclude/DimensionedScalarField.C:92:1: note: in expansion of macro 'BINARY_TYPE_OPERATOR'
 BINARY_TYPE_OPERATOR(scalar, scalar, scalar, +, '+', add)
 ^
/opt/openfoam5/src/OpenFOAM/lnInclude/DimensionedFieldFunctionsM.C:534:44: note:   template argument deduction/substitution failed:
 tmp<DimensionedField<ReturnType, GeoMesh>> operator Op                         \
                                            ^
/opt/openfoam5/src/OpenFOAM/lnInclude/DimensionedFieldFunctionsM.C:685:5: note: in expansion of macro 'BINARY_TYPE_OPERATOR_SF'
     BINARY_TYPE_OPERATOR_SF(ReturnType, Type1, Type2, Op, OpName, OpFunc)      \
     ^
/opt/openfoam5/src/OpenFOAM/lnInclude/DimensionedScalarField.C:92:1: note: in expansion of macro 'BINARY_TYPE_OPERATOR'
 BINARY_TYPE_OPERATOR(scalar, scalar, scalar, +, '+', add)
 ^
In file included from pamFoam.C:142:0:
./processModels/XIEqn.H:9:7: note:   cannot convert 'alphaLiquid' (type 'const volScalarField {aka const Foam::GeometricField<double, Foam::fvPatchField, Foam::volMesh>}') to type 'const Foam::dimensioned<double>&'
     + alphaLiquid*fXIXS*rhoHydrolysis
       ^
In file included from /opt/openfoam5/src/OpenFOAM/lnInclude/DimensionedScalarField.C:29:0,
                 from /opt/openfoam5/src/OpenFOAM/lnInclude/DimensionedScalarField.H:157,
                 from /opt/openfoam5/src/OpenFOAM/lnInclude/DimensionedFieldFunctions.H:26,
                 from /opt/openfoam5/src/OpenFOAM/lnInclude/DimensionedField.H:363,
                 from /opt/openfoam5/src/finiteVolume/lnInclude/fvMesh.H:58,
                 from /opt/openfoam5/src/finiteVolume/lnInclude/fvCFD.H:7,
                 from pamFoam.C:36:
/opt/openfoam5/src/OpenFOAM/lnInclude/DimensionedFieldFunctionsM.C:561:44: note: candidate: template<class GeoMesh> Foam::tmp<Foam::DimensionedField<double, GeoMesh> > Foam::operator+(const scalar&, const Foam::DimensionedField<double, GeoMesh>&)
 tmp<DimensionedField<ReturnType, GeoMesh>> operator Op                         \
                                            ^
/opt/openfoam5/src/OpenFOAM/lnInclude/DimensionedFieldFunctionsM.C:685:5: note: in expansion of macro 'BINARY_TYPE_OPERATOR_SF'
     BINARY_TYPE_OPERATOR_SF(ReturnType, Type1, Type2, Op, OpName, OpFunc)      \
     ^
/opt/openfoam5/src/OpenFOAM/lnInclude/DimensionedScalarField.C:92:1: note: in expansion of macro 'BINARY_TYPE_OPERATOR'
 BINARY_TYPE_OPERATOR(scalar, scalar, scalar, +, '+', add)
 ^
/opt/openfoam5/src/OpenFOAM/lnInclude/DimensionedFieldFunctionsM.C:561:44: note:   template argument deduction/substitution failed:
 tmp<DimensionedField<ReturnType, GeoMesh>> operator Op                         \
                                            ^
/opt/openfoam5/src/OpenFOAM/lnInclude/DimensionedFieldFunctionsM.C:685:5: note: in expansion of macro 'BINARY_TYPE_OPERATOR_SF'
     BINARY_TYPE_OPERATOR_SF(ReturnType, Type1, Type2, Op, OpName, OpFunc)      \
     ^
/opt/openfoam5/src/OpenFOAM/lnInclude/DimensionedScalarField.C:92:1: note: in expansion of macro 'BINARY_TYPE_OPERATOR'
 BINARY_TYPE_OPERATOR(scalar, scalar, scalar, +, '+', add)
 ^
In file included from pamFoam.C:142:0:
./processModels/XIEqn.H:9:7: note:   cannot convert 'alphaLiquid' (type 'const volScalarField {aka const Foam::GeometricField<double, Foam::fvPatchField, Foam::volMesh>}') to type 'const scalar& {aka const double&}'
     + alphaLiquid*fXIXS*rhoHydrolysis
       ^
In file included from /opt/openfoam5/src/OpenFOAM/lnInclude/DimensionedScalarField.C:29:0,
                 from /opt/openfoam5/src/OpenFOAM/lnInclude/DimensionedScalarField.H:157,
                 from /opt/openfoam5/src/OpenFOAM/lnInclude/DimensionedFieldFunctions.H:26,
                 from /opt/openfoam5/src/OpenFOAM/lnInclude/DimensionedField.H:363,
                 from /opt/openfoam5/src/finiteVolume/lnInclude/fvMesh.H:58,
                 from /opt/openfoam5/src/finiteVolume/lnInclude/fvCFD.H:7,
                 from pamFoam.C:36:
/opt/openfoam5/src/OpenFOAM/lnInclude/DimensionedFieldFunctionsM.C:572:44: note: candidate: template<class GeoMesh> Foam::tmp<Foam::DimensionedField<double, GeoMesh> > Foam::operator+(const Foam::dimensioned<double>&, const Foam::tmp<Foam::DimensionedField<double, GeoMesh> >&)
 tmp<DimensionedField<ReturnType, GeoMesh>> operator Op                         \
                                            ^
/opt/openfoam5/src/OpenFOAM/lnInclude/DimensionedFieldFunctionsM.C:685:5: note: in expansion of macro 'BINARY_TYPE_OPERATOR_SF'
     BINARY_TYPE_OPERATOR_SF(ReturnType, Type1, Type2, Op, OpName, OpFunc)      \
     ^
/opt/openfoam5/src/OpenFOAM/lnInclude/DimensionedScalarField.C:92:1: note: in expansion of macro 'BINARY_TYPE_OPERATOR'
 BINARY_TYPE_OPERATOR(scalar, scalar, scalar, +, '+', add)
 ^
/opt/openfoam5/src/OpenFOAM/lnInclude/DimensionedFieldFunctionsM.C:572:44: note:   template argument deduction/substitution failed:
 tmp<DimensionedField<ReturnType, GeoMesh>> operator Op                         \
                                            ^
/opt/openfoam5/src/OpenFOAM/lnInclude/DimensionedFieldFunctionsM.C:685:5: note: in expansion of macro 'BINARY_TYPE_OPERATOR_SF'
     BINARY_TYPE_OPERATOR_SF(ReturnType, Type1, Type2, Op, OpName, OpFunc)      \
     ^
/opt/openfoam5/src/OpenFOAM/lnInclude/DimensionedScalarField.C:92:1: note: in expansion of macro 'BINARY_TYPE_OPERATOR'
 BINARY_TYPE_OPERATOR(scalar, scalar, scalar, +, '+', add)
 ^
In file included from pamFoam.C:142:0:
./processModels/XIEqn.H:9:7: note:   cannot convert 'alphaLiquid' (type 'const volScalarField {aka const Foam::GeometricField<double, Foam::fvPatchField, Foam::volMesh>}') to type 'const Foam::dimensioned<double>&'
     + alphaLiquid*fXIXS*rhoHydrolysis
       ^
In file included from /opt/openfoam5/src/OpenFOAM/lnInclude/DimensionedScalarField.C:29:0,
                 from /opt/openfoam5/src/OpenFOAM/lnInclude/DimensionedScalarField.H:157,
                 from /opt/openfoam5/src/OpenFOAM/lnInclude/DimensionedFieldFunctions.H:26,
                 from /opt/openfoam5/src/OpenFOAM/lnInclude/DimensionedField.H:363,
                 from /opt/openfoam5/src/finiteVolume/lnInclude/fvMesh.H:58,
                 from /opt/openfoam5/src/finiteVolume/lnInclude/fvCFD.H:7,
                 from pamFoam.C:36:
/opt/openfoam5/src/OpenFOAM/lnInclude/DimensionedFieldFunctionsM.C:598:44: note: candidate: template<class GeoMesh> Foam::tmp<Foam::DimensionedField<double, GeoMesh> > Foam::operator+(const scalar&, const Foam::tmp<Foam::DimensionedField<double, GeoMesh> >&)
 tmp<DimensionedField<ReturnType, GeoMesh>> operator Op                         \
                                            ^
/opt/openfoam5/src/OpenFOAM/lnInclude/DimensionedFieldFunctionsM.C:685:5: note: in expansion of macro 'BINARY_TYPE_OPERATOR_SF'
     BINARY_TYPE_OPERATOR_SF(ReturnType, Type1, Type2, Op, OpName, OpFunc)      \
     ^
/opt/openfoam5/src/OpenFOAM/lnInclude/DimensionedScalarField.C:92:1: note: in expansion of macro 'BINARY_TYPE_OPERATOR'
 BINARY_TYPE_OPERATOR(scalar, scalar, scalar, +, '+', add)
 ^
/opt/openfoam5/src/OpenFOAM/lnInclude/DimensionedFieldFunctionsM.C:598:44: note:   template argument deduction/substitution failed:
 tmp<DimensionedField<ReturnType, GeoMesh>> operator Op                         \
                                            ^
/opt/openfoam5/src/OpenFOAM/lnInclude/DimensionedFieldFunctionsM.C:685:5: note: in expansion of macro 'BINARY_TYPE_OPERATOR_SF'
     BINARY_TYPE_OPERATOR_SF(ReturnType, Type1, Type2, Op, OpName, OpFunc)      \
     ^
/opt/openfoam5/src/OpenFOAM/lnInclude/DimensionedScalarField.C:92:1: note: in expansion of macro 'BINARY_TYPE_OPERATOR'
 BINARY_TYPE_OPERATOR(scalar, scalar, scalar, +, '+', add)
 ^
In file included from pamFoam.C:142:0:
./processModels/XIEqn.H:9:7: note:   cannot convert 'alphaLiquid' (type 'const volScalarField {aka const Foam::GeometricField<double, Foam::fvPatchField, Foam::volMesh>}') to type 'const scalar& {aka const double&}'
     + alphaLiquid*fXIXS*rhoHydrolysis
       ^
In file included from /opt/openfoam5/src/OpenFOAM/lnInclude/DimensionedScalarField.C:29:0,
                 from /opt/openfoam5/src/OpenFOAM/lnInclude/DimensionedScalarField.H:157,
                 from /opt/openfoam5/src/OpenFOAM/lnInclude/DimensionedFieldFunctions.H:26,
                 from /opt/openfoam5/src/OpenFOAM/lnInclude/DimensionedField.H:363,
                 from /opt/openfoam5/src/finiteVolume/lnInclude/fvMesh.H:58,
                 from /opt/openfoam5/src/finiteVolume/lnInclude/fvCFD.H:7,
                 from pamFoam.C:36:
/opt/openfoam5/src/OpenFOAM/lnInclude/DimensionedFieldFunctionsM.C:611:44: note: candidate: template<class GeoMesh> Foam::tmp<Foam::DimensionedField<double, GeoMesh> > Foam::operator+(const Foam::DimensionedField<double, GeoMesh>&, const Foam::dimensioned<double>&)
 tmp<DimensionedField<ReturnType, GeoMesh>> operator Op                         \
                                            ^
/opt/openfoam5/src/OpenFOAM/lnInclude/DimensionedFieldFunctionsM.C:686:5: note: in expansion of macro 'BINARY_TYPE_OPERATOR_FS'
     BINARY_TYPE_OPERATOR_FS(ReturnType, Type1, Type2, Op, OpName, OpFunc)
     ^
/opt/openfoam5/src/OpenFOAM/lnInclude/DimensionedScalarField.C:92:1: note: in expansion of macro 'BINARY_TYPE_OPERATOR'
 BINARY_TYPE_OPERATOR(scalar, scalar, scalar, +, '+', add)
 ^
/opt/openfoam5/src/OpenFOAM/lnInclude/DimensionedFieldFunctionsM.C:611:44: note:   template argument deduction/substitution failed:
 tmp<DimensionedField<ReturnType, GeoMesh>> operator Op                         \
                                            ^
/opt/openfoam5/src/OpenFOAM/lnInclude/DimensionedFieldFunctionsM.C:686:5: note: in expansion of macro 'BINARY_TYPE_OPERATOR_FS'
     BINARY_TYPE_OPERATOR_FS(ReturnType, Type1, Type2, Op, OpName, OpFunc)
     ^
/opt/openfoam5/src/OpenFOAM/lnInclude/DimensionedScalarField.C:92:1: note: in expansion of macro 'BINARY_TYPE_OPERATOR'
 BINARY_TYPE_OPERATOR(scalar, scalar, scalar, +, '+', add)
 ^
In file included from pamFoam.C:142:0:
./processModels/XIEqn.H:9:7: note:   candidate expects 2 arguments, 1 provided
     + alphaLiquid*fXIXS*rhoHydrolysis
       ^
In file included from /opt/openfoam5/src/OpenFOAM/lnInclude/DimensionedScalarField.C:29:0,
                 from /opt/openfoam5/src/OpenFOAM/lnInclude/DimensionedScalarField.H:157,
                 from /opt/openfoam5/src/OpenFOAM/lnInclude/DimensionedFieldFunctions.H:26,
                 from /opt/openfoam5/src/OpenFOAM/lnInclude/DimensionedField.H:363,
                 from /opt/openfoam5/src/finiteVolume/lnInclude/fvMesh.H:58,
                 from /opt/openfoam5/src/finiteVolume/lnInclude/fvCFD.H:7,
                 from pamFoam.C:36:
/opt/openfoam5/src/OpenFOAM/lnInclude/DimensionedFieldFunctionsM.C:638:44: note: candidate: template<class GeoMesh> Foam::tmp<Foam::DimensionedField<double, GeoMesh> > Foam::operator+(const Foam::DimensionedField<double, GeoMesh>&, const scalar&)
 tmp<DimensionedField<ReturnType, GeoMesh>> operator Op                         \
                                            ^
/opt/openfoam5/src/OpenFOAM/lnInclude/DimensionedFieldFunctionsM.C:686:5: note: in expansion of macro 'BINARY_TYPE_OPERATOR_FS'
     BINARY_TYPE_OPERATOR_FS(ReturnType, Type1, Type2, Op, OpName, OpFunc)
     ^
/opt/openfoam5/src/OpenFOAM/lnInclude/DimensionedScalarField.C:92:1: note: in expansion of macro 'BINARY_TYPE_OPERATOR'
 BINARY_TYPE_OPERATOR(scalar, scalar, scalar, +, '+', add)
 ^
/opt/openfoam5/src/OpenFOAM/lnInclude/DimensionedFieldFunctionsM.C:638:44: note:   template argument deduction/substitution failed:
 tmp<DimensionedField<ReturnType, GeoMesh>> operator Op                         \
                                            ^
/opt/openfoam5/src/OpenFOAM/lnInclude/DimensionedFieldFunctionsM.C:686:5: note: in expansion of macro 'BINARY_TYPE_OPERATOR_FS'
     BINARY_TYPE_OPERATOR_FS(ReturnType, Type1, Type2, Op, OpName, OpFunc)
     ^
/opt/openfoam5/src/OpenFOAM/lnInclude/DimensionedScalarField.C:92:1: note: in expansion of macro 'BINARY_TYPE_OPERATOR'
 BINARY_TYPE_OPERATOR(scalar, scalar, scalar, +, '+', add)
 ^
In file included from pamFoam.C:142:0:
./processModels/XIEqn.H:9:7: note:   candidate expects 2 arguments, 1 provided
     + alphaLiquid*fXIXS*rhoHydrolysis
       ^
In file included from /opt/openfoam5/src/OpenFOAM/lnInclude/DimensionedScalarField.C:29:0,
                 from /opt/openfoam5/src/OpenFOAM/lnInclude/DimensionedScalarField.H:157,
                 from /opt/openfoam5/src/OpenFOAM/lnInclude/DimensionedFieldFunctions.H:26,
                 from /opt/openfoam5/src/OpenFOAM/lnInclude/DimensionedField.H:363,
                 from /opt/openfoam5/src/finiteVolume/lnInclude/fvMesh.H:58,
                 from /opt/openfoam5/src/finiteVolume/lnInclude/fvCFD.H:7,
                 from pamFoam.C:36:
/opt/openfoam5/src/OpenFOAM/lnInclude/DimensionedFieldFunctionsM.C:649:44: note: candidate: template<class GeoMesh> Foam::tmp<Foam::DimensionedField<double, GeoMesh> > Foam::operator+(const Foam::tmp<Foam::DimensionedField<double, GeoMesh> >&, const Foam::dimensioned<double>&)
 tmp<DimensionedField<ReturnType, GeoMesh>> operator Op                         \
                                            ^
/opt/openfoam5/src/OpenFOAM/lnInclude/DimensionedFieldFunctionsM.C:686:5: note: in expansion of macro 'BINARY_TYPE_OPERATOR_FS'
     BINARY_TYPE_OPERATOR_FS(ReturnType, Type1, Type2, Op, OpName, OpFunc)
     ^
/opt/openfoam5/src/OpenFOAM/lnInclude/DimensionedScalarField.C:92:1: note: in expansion of macro 'BINARY_TYPE_OPERATOR'
 BINARY_TYPE_OPERATOR(scalar, scalar, scalar, +, '+', add)
 ^
/opt/openfoam5/src/OpenFOAM/lnInclude/DimensionedFieldFunctionsM.C:649:44: note:   template argument deduction/substitution failed:
 tmp<DimensionedField<ReturnType, GeoMesh>> operator Op                         \
                                            ^
/opt/openfoam5/src/OpenFOAM/lnInclude/DimensionedFieldFunctionsM.C:686:5: note: in expansion of macro 'BINARY_TYPE_OPERATOR_FS'
     BINARY_TYPE_OPERATOR_FS(ReturnType, Type1, Type2, Op, OpName, OpFunc)
     ^
/opt/openfoam5/src/OpenFOAM/lnInclude/DimensionedScalarField.C:92:1: note: in expansion of macro 'BINARY_TYPE_OPERATOR'
 BINARY_TYPE_OPERATOR(scalar, scalar, scalar, +, '+', add)
 ^
In file included from pamFoam.C:142:0:
./processModels/XIEqn.H:9:7: note:   'const volScalarField {aka const Foam::GeometricField<double, Foam::fvPatchField, Foam::volMesh>}' is not derived from 'const Foam::tmp<Foam::DimensionedField<double, GeoMesh> >'
     + alphaLiquid*fXIXS*rhoHydrolysis
       ^
In file included from /opt/openfoam5/src/OpenFOAM/lnInclude/DimensionedScalarField.C:29:0,
                 from /opt/openfoam5/src/OpenFOAM/lnInclude/DimensionedScalarField.H:157,
                 from /opt/openfoam5/src/OpenFOAM/lnInclude/DimensionedFieldFunctions.H:26,
                 from /opt/openfoam5/src/OpenFOAM/lnInclude/DimensionedField.H:363,
                 from /opt/openfoam5/src/finiteVolume/lnInclude/fvMesh.H:58,
                 from /opt/openfoam5/src/finiteVolume/lnInclude/fvCFD.H:7,
                 from pamFoam.C:36:
/opt/openfoam5/src/OpenFOAM/lnInclude/DimensionedFieldFunctionsM.C:675:44: note: candidate: template<class GeoMesh> Foam::tmp<Foam::DimensionedField<double, GeoMesh> > Foam::operator+(const Foam::tmp<Foam::DimensionedField<double, GeoMesh> >&, const scalar&)
 tmp<DimensionedField<ReturnType, GeoMesh>> operator Op                         \
                                            ^
/opt/openfoam5/src/OpenFOAM/lnInclude/DimensionedFieldFunctionsM.C:686:5: note: in expansion of macro 'BINARY_TYPE_OPERATOR_FS'
     BINARY_TYPE_OPERATOR_FS(ReturnType, Type1, Type2, Op, OpName, OpFunc)
     ^
/opt/openfoam5/src/OpenFOAM/lnInclude/DimensionedScalarField.C:92:1: note: in expansion of macro 'BINARY_TYPE_OPERATOR'
 BINARY_TYPE_OPERATOR(scalar, scalar, scalar, +, '+', add)
 ^
/opt/openfoam5/src/OpenFOAM/lnInclude/DimensionedFieldFunctionsM.C:675:44: note:   template argument deduction/substitution failed:
 tmp<DimensionedField<ReturnType, GeoMesh>> operator Op                         \
                                            ^
/opt/openfoam5/src/OpenFOAM/lnInclude/DimensionedFieldFunctionsM.C:686:5: note: in expansion of macro 'BINARY_TYPE_OPERATOR_FS'
     BINARY_TYPE_OPERATOR_FS(ReturnType, Type1, Type2, Op, OpName, OpFunc)
     ^
/opt/openfoam5/src/OpenFOAM/lnInclude/DimensionedScalarField.C:92:1: note: in expansion of macro 'BINARY_TYPE_OPERATOR'
 BINARY_TYPE_OPERATOR(scalar, scalar, scalar, +, '+', add)
 ^
In file included from pamFoam.C:142:0:
./processModels/XIEqn.H:9:7: note:   'const volScalarField {aka const Foam::GeometricField<double, Foam::fvPatchField, Foam::volMesh>}' is not derived from 'const Foam::tmp<Foam::DimensionedField<double, GeoMesh> >'
     + alphaLiquid*fXIXS*rhoHydrolysis
       ^
In file included from /opt/openfoam5/src/OpenFOAM/lnInclude/DimensionedField.C:532:0,
                 from /opt/openfoam5/src/OpenFOAM/lnInclude/DimensionedField.H:366,
                 from /opt/openfoam5/src/finiteVolume/lnInclude/fvMesh.H:58,
                 from /opt/openfoam5/src/finiteVolume/lnInclude/fvCFD.H:7,
                 from pamFoam.C:36:
/opt/openfoam5/src/OpenFOAM/lnInclude/DimensionedFieldFunctions.C:371:1: note: candidate: template<class Type1, class Type2, class GeoMesh> Foam::tmp<Foam::DimensionedField<typename Foam::typeOfSum<arg1, arg2>::type, GeoMesh> > Foam::operator+(const Foam::DimensionedField<TypeR, GeoMesh>&, const Foam::DimensionedField<Type1, GeoMesh>&)
 operator op                                                                    \
 ^
/opt/openfoam5/src/OpenFOAM/lnInclude/DimensionedFieldFunctions.C:642:1: note: in expansion of macro 'PRODUCT_OPERATOR'
 PRODUCT_OPERATOR(typeOfSum, +, add)
 ^
/opt/openfoam5/src/OpenFOAM/lnInclude/DimensionedFieldFunctions.C:371:1: note:   template argument deduction/substitution failed:
 operator op                                                                    \
 ^
/opt/openfoam5/src/OpenFOAM/lnInclude/DimensionedFieldFunctions.C:642:1: note: in expansion of macro 'PRODUCT_OPERATOR'
 PRODUCT_OPERATOR(typeOfSum, +, add)
 ^
In file included from pamFoam.C:142:0:
./processModels/XIEqn.H:9:7: note:   candidate expects 2 arguments, 1 provided
     + alphaLiquid*fXIXS*rhoHydrolysis
       ^
In file included from /opt/openfoam5/src/OpenFOAM/lnInclude/DimensionedField.C:532:0,
                 from /opt/openfoam5/src/OpenFOAM/lnInclude/DimensionedField.H:366,
                 from /opt/openfoam5/src/finiteVolume/lnInclude/fvMesh.H:58,
                 from /opt/openfoam5/src/finiteVolume/lnInclude/fvCFD.H:7,
                 from pamFoam.C:36:
/opt/openfoam5/src/OpenFOAM/lnInclude/DimensionedFieldFunctions.C:400:1: note: candidate: template<class Type1, class Type2, class GeoMesh> Foam::tmp<Foam::DimensionedField<typename Foam::typeOfSum<arg1, arg2>::type, GeoMesh> > Foam::operator+(const Foam::DimensionedField<TypeR, GeoMesh>&, const Foam::tmp<Foam::DimensionedField<Type1, GeoMesh> >&)
 operator op                                                                    \
 ^
/opt/openfoam5/src/OpenFOAM/lnInclude/DimensionedFieldFunctions.C:642:1: note: in expansion of macro 'PRODUCT_OPERATOR'
 PRODUCT_OPERATOR(typeOfSum, +, add)
 ^
/opt/openfoam5/src/OpenFOAM/lnInclude/DimensionedFieldFunctions.C:400:1: note:   template argument deduction/substitution failed:
 operator op                                                                    \
 ^
/opt/openfoam5/src/OpenFOAM/lnInclude/DimensionedFieldFunctions.C:642:1: note: in expansion of macro 'PRODUCT_OPERATOR'
 PRODUCT_OPERATOR(typeOfSum, +, add)
 ^
In file included from pamFoam.C:142:0:
./processModels/XIEqn.H:9:7: note:   candidate expects 2 arguments, 1 provided
     + alphaLiquid*fXIXS*rhoHydrolysis
       ^
In file included from /opt/openfoam5/src/OpenFOAM/lnInclude/DimensionedField.C:532:0,
                 from /opt/openfoam5/src/OpenFOAM/lnInclude/DimensionedField.H:366,
                 from /opt/openfoam5/src/finiteVolume/lnInclude/fvMesh.H:58,
                 from /opt/openfoam5/src/finiteVolume/lnInclude/fvCFD.H:7,
                 from pamFoam.C:36:
/opt/openfoam5/src/OpenFOAM/lnInclude/DimensionedFieldFunctions.C:427:1: note: candidate: template<class Type1, class Type2, class GeoMesh> Foam::tmp<Foam::DimensionedField<typename Foam::typeOfSum<arg1, arg2>::type, GeoMesh> > Foam::operator+(const Foam::tmp<Foam::DimensionedField<TypeR, GeoMesh> >&, const Foam::DimensionedField<Type1, GeoMesh>&)
 operator op                                                                    \
 ^
/opt/openfoam5/src/OpenFOAM/lnInclude/DimensionedFieldFunctions.C:642:1: note: in expansion of macro 'PRODUCT_OPERATOR'
 PRODUCT_OPERATOR(typeOfSum, +, add)
 ^
/opt/openfoam5/src/OpenFOAM/lnInclude/DimensionedFieldFunctions.C:427:1: note:   template argument deduction/substitution failed:
 operator op                                                                    \
 ^
/opt/openfoam5/src/OpenFOAM/lnInclude/DimensionedFieldFunctions.C:642:1: note: in expansion of macro 'PRODUCT_OPERATOR'
 PRODUCT_OPERATOR(typeOfSum, +, add)
 ^
In file included from pamFoam.C:142:0:
./processModels/XIEqn.H:9:7: note:   'const volScalarField {aka const Foam::GeometricField<double, Foam::fvPatchField, Foam::volMesh>}' is not derived from 'const Foam::tmp<Foam::DimensionedField<TypeR, GeoMesh> >'
     + alphaLiquid*fXIXS*rhoHydrolysis
       ^
In file included from /opt/openfoam5/src/OpenFOAM/lnInclude/DimensionedField.C:532:0,
                 from /opt/openfoam5/src/OpenFOAM/lnInclude/DimensionedField.H:366,
                 from /opt/openfoam5/src/finiteVolume/lnInclude/fvMesh.H:58,
                 from /opt/openfoam5/src/finiteVolume/lnInclude/fvCFD.H:7,
                 from pamFoam.C:36:
/opt/openfoam5/src/OpenFOAM/lnInclude/DimensionedFieldFunctions.C:454:1: note: candidate: template<class Type1, class Type2, class GeoMesh> Foam::tmp<Foam::DimensionedField<typename Foam::typeOfSum<arg1, arg2>::type, GeoMesh> > Foam::operator+(const Foam::tmp<Foam::DimensionedField<TypeR, GeoMesh> >&, const Foam::tmp<Foam::DimensionedField<Type1, GeoMesh> >&)
 operator op                                                                    \
 ^
/opt/openfoam5/src/OpenFOAM/lnInclude/DimensionedFieldFunctions.C:642:1: note: in expansion of macro 'PRODUCT_OPERATOR'
 PRODUCT_OPERATOR(typeOfSum, +, add)
 ^
/opt/openfoam5/src/OpenFOAM/lnInclude/DimensionedFieldFunctions.C:454:1: note:   template argument deduction/substitution failed:
 operator op                                                                    \
 ^
/opt/openfoam5/src/OpenFOAM/lnInclude/DimensionedFieldFunctions.C:642:1: note: in expansion of macro 'PRODUCT_OPERATOR'
 PRODUCT_OPERATOR(typeOfSum, +, add)
 ^
In file included from pamFoam.C:142:0:
./processModels/XIEqn.H:9:7: note:   'const volScalarField {aka const Foam::GeometricField<double, Foam::fvPatchField, Foam::volMesh>}' is not derived from 'const Foam::tmp<Foam::DimensionedField<TypeR, GeoMesh> >'
     + alphaLiquid*fXIXS*rhoHydrolysis
       ^
In file included from /opt/openfoam5/src/OpenFOAM/lnInclude/DimensionedField.C:532:0,
                 from /opt/openfoam5/src/OpenFOAM/lnInclude/DimensionedField.H:366,
                 from /opt/openfoam5/src/finiteVolume/lnInclude/fvMesh.H:58,
                 from /opt/openfoam5/src/finiteVolume/lnInclude/fvCFD.H:7,
                 from pamFoam.C:36:
/opt/openfoam5/src/OpenFOAM/lnInclude/DimensionedFieldFunctions.C:485:1: note: candidate: template<class Form, class Type, class GeoMesh> Foam::tmp<Foam::DimensionedField<typename Foam::typeOfSum<Type, Form>::type, GeoMesh> > Foam::operator+(const Foam::DimensionedField<Type1, GeoMesh>&, const Foam::dimensioned<Type>&)
 operator op                                                                    \
 ^
/opt/openfoam5/src/OpenFOAM/lnInclude/DimensionedFieldFunctions.C:642:1: note: in expansion of macro 'PRODUCT_OPERATOR'
 PRODUCT_OPERATOR(typeOfSum, +, add)
 ^
/opt/openfoam5/src/OpenFOAM/lnInclude/DimensionedFieldFunctions.C:485:1: note:   template argument deduction/substitution failed:
 operator op                                                                    \
 ^
/opt/openfoam5/src/OpenFOAM/lnInclude/DimensionedFieldFunctions.C:642:1: note: in expansion of macro 'PRODUCT_OPERATOR'
 PRODUCT_OPERATOR(typeOfSum, +, add)
 ^
In file included from pamFoam.C:142:0:
./processModels/XIEqn.H:9:7: note:   candidate expects 2 arguments, 1 provided
     + alphaLiquid*fXIXS*rhoHydrolysis
       ^
In file included from /opt/openfoam5/src/OpenFOAM/lnInclude/DimensionedField.C:532:0,
                 from /opt/openfoam5/src/OpenFOAM/lnInclude/DimensionedField.H:366,
                 from /opt/openfoam5/src/finiteVolume/lnInclude/fvMesh.H:58,
                 from /opt/openfoam5/src/finiteVolume/lnInclude/fvCFD.H:7,
                 from pamFoam.C:36:
/opt/openfoam5/src/OpenFOAM/lnInclude/DimensionedFieldFunctions.C:515:1: note: candidate: template<class Form, class Cmpt, unsigned char nCmpt, class Type, class GeoMesh> Foam::tmp<Foam::DimensionedField<typename Foam::typeOfSum<Form, Type>::type, GeoMesh> > Foam::operator+(const Foam::DimensionedField<Type2, GeoMesh>&, const Foam::VectorSpace<Form, Cmpt, Ncmpts>&)
 operator op                                                                    \
 ^
/opt/openfoam5/src/OpenFOAM/lnInclude/DimensionedFieldFunctions.C:642:1: note: in expansion of macro 'PRODUCT_OPERATOR'
 PRODUCT_OPERATOR(typeOfSum, +, add)
 ^
/opt/openfoam5/src/OpenFOAM/lnInclude/DimensionedFieldFunctions.C:515:1: note:   template argument deduction/substitution failed:
 operator op                                                                    \
 ^
/opt/openfoam5/src/OpenFOAM/lnInclude/DimensionedFieldFunctions.C:642:1: note: in expansion of macro 'PRODUCT_OPERATOR'
 PRODUCT_OPERATOR(typeOfSum, +, add)
 ^
In file included from pamFoam.C:142:0:
./processModels/XIEqn.H:9:7: note:   candidate expects 2 arguments, 1 provided
     + alphaLiquid*fXIXS*rhoHydrolysis
       ^
In file included from /opt/openfoam5/src/OpenFOAM/lnInclude/DimensionedField.C:532:0,
                 from /opt/openfoam5/src/OpenFOAM/lnInclude/DimensionedField.H:366,
                 from /opt/openfoam5/src/finiteVolume/lnInclude/fvMesh.H:58,
                 from /opt/openfoam5/src/finiteVolume/lnInclude/fvCFD.H:7,
                 from pamFoam.C:36:
/opt/openfoam5/src/OpenFOAM/lnInclude/DimensionedFieldFunctions.C:527:1: note: candidate: template<class Form, class Type, class GeoMesh> Foam::tmp<Foam::DimensionedField<typename Foam::typeOfSum<Type, Form>::type, GeoMesh> > Foam::operator+(const Foam::tmp<Foam::DimensionedField<Type1, GeoMesh> >&, const Foam::dimensioned<Type>&)
 operator op                                                                    \
 ^
/opt/openfoam5/src/OpenFOAM/lnInclude/DimensionedFieldFunctions.C:642:1: note: in expansion of macro 'PRODUCT_OPERATOR'
 PRODUCT_OPERATOR(typeOfSum, +, add)
 ^
/opt/openfoam5/src/OpenFOAM/lnInclude/DimensionedFieldFunctions.C:527:1: note:   template argument deduction/substitution failed:
 operator op                                                                    \
 ^
/opt/openfoam5/src/OpenFOAM/lnInclude/DimensionedFieldFunctions.C:642:1: note: in expansion of macro 'PRODUCT_OPERATOR'
 PRODUCT_OPERATOR(typeOfSum, +, add)
 ^
In file included from pamFoam.C:142:0:
./processModels/XIEqn.H:9:7: note:   'const volScalarField {aka const Foam::GeometricField<double, Foam::fvPatchField, Foam::volMesh>}' is not derived from 'const Foam::tmp<Foam::DimensionedField<Type1, GeoMesh> >'
     + alphaLiquid*fXIXS*rhoHydrolysis
       ^
In file included from /opt/openfoam5/src/OpenFOAM/lnInclude/DimensionedField.C:532:0,
                 from /opt/openfoam5/src/OpenFOAM/lnInclude/DimensionedField.H:366,
                 from /opt/openfoam5/src/finiteVolume/lnInclude/fvMesh.H:58,
                 from /opt/openfoam5/src/finiteVolume/lnInclude/fvCFD.H:7,
                 from pamFoam.C:36:
/opt/openfoam5/src/OpenFOAM/lnInclude/DimensionedFieldFunctions.C:554:1: note: candidate: template<class Form, class Cmpt, unsigned char nCmpt, class Type, class GeoMesh> Foam::tmp<Foam::DimensionedField<typename Foam::typeOfSum<Form, Type>::type, GeoMesh> > Foam::operator+(const Foam::tmp<Foam::DimensionedField<Type2, GeoMesh> >&, const Foam::VectorSpace<Form, Cmpt, Ncmpts>&)
 operator op                                                                    \
 ^
/opt/openfoam5/src/OpenFOAM/lnInclude/DimensionedFieldFunctions.C:642:1: note: in expansion of macro 'PRODUCT_OPERATOR'
 PRODUCT_OPERATOR(typeOfSum, +, add)
 ^
/opt/openfoam5/src/OpenFOAM/lnInclude/DimensionedFieldFunctions.C:554:1: note:   template argument deduction/substitution failed:
 operator op                                                                    \
 ^
/opt/openfoam5/src/OpenFOAM/lnInclude/DimensionedFieldFunctions.C:642:1: note: in expansion of macro 'PRODUCT_OPERATOR'
 PRODUCT_OPERATOR(typeOfSum, +, add)
 ^
In file included from pamFoam.C:142:0:
./processModels/XIEqn.H:9:7: note:   'const volScalarField {aka const Foam::GeometricField<double, Foam::fvPatchField, Foam::volMesh>}' is not derived from 'const Foam::tmp<Foam::DimensionedField<Type2, GeoMesh> >'
     + alphaLiquid*fXIXS*rhoHydrolysis
       ^
In file included from /opt/openfoam5/src/OpenFOAM/lnInclude/DimensionedField.C:532:0,
                 from /opt/openfoam5/src/OpenFOAM/lnInclude/DimensionedField.H:366,
                 from /opt/openfoam5/src/finiteVolume/lnInclude/fvMesh.H:58,
                 from /opt/openfoam5/src/finiteVolume/lnInclude/fvCFD.H:7,
                 from pamFoam.C:36:
/opt/openfoam5/src/OpenFOAM/lnInclude/DimensionedFieldFunctions.C:566:1: note: candidate: template<class Form, class Type, class GeoMesh> Foam::tmp<Foam::DimensionedField<typename Foam::typeOfSum<arg1, arg2>::type, GeoMesh> > Foam::operator+(const Foam::dimensioned<Type>&, const Foam::DimensionedField<Type1, GeoMesh>&)
 operator op                                                                    \
 ^
/opt/openfoam5/src/OpenFOAM/lnInclude/DimensionedFieldFunctions.C:642:1: note: in expansion of macro 'PRODUCT_OPERATOR'
 PRODUCT_OPERATOR(typeOfSum, +, add)
 ^
/opt/openfoam5/src/OpenFOAM/lnInclude/DimensionedFieldFunctions.C:566:1: note:   template argument deduction/substitution failed:
 operator op                                                                    \
 ^
/opt/openfoam5/src/OpenFOAM/lnInclude/DimensionedFieldFunctions.C:642:1: note: in expansion of macro 'PRODUCT_OPERATOR'
 PRODUCT_OPERATOR(typeOfSum, +, add)
 ^
In file included from pamFoam.C:142:0:
./processModels/XIEqn.H:9:7: note:   'const volScalarField {aka const Foam::GeometricField<double, Foam::fvPatchField, Foam::volMesh>}' is not derived from 'const Foam::dimensioned<Type>'
     + alphaLiquid*fXIXS*rhoHydrolysis
       ^
In file included from /opt/openfoam5/src/OpenFOAM/lnInclude/DimensionedField.C:532:0,
                 from /opt/openfoam5/src/OpenFOAM/lnInclude/DimensionedField.H:366,
                 from /opt/openfoam5/src/finiteVolume/lnInclude/fvMesh.H:58,
                 from /opt/openfoam5/src/finiteVolume/lnInclude/fvCFD.H:7,
                 from pamFoam.C:36:
/opt/openfoam5/src/OpenFOAM/lnInclude/DimensionedFieldFunctions.C:595:1: note: candidate: template<class Form, class Cmpt, unsigned char nCmpt, class Type, class GeoMesh> Foam::tmp<Foam::DimensionedField<typename Foam::typeOfSum<Form, Type>::type, GeoMesh> > Foam::operator+(const Foam::VectorSpace<Form, Cmpt, Ncmpts>&, const Foam::DimensionedField<Type2, GeoMesh>&)
 operator op                                                                    \
 ^
/opt/openfoam5/src/OpenFOAM/lnInclude/DimensionedFieldFunctions.C:642:1: note: in expansion of macro 'PRODUCT_OPERATOR'
 PRODUCT_OPERATOR(typeOfSum, +, add)
 ^
/opt/openfoam5/src/OpenFOAM/lnInclude/DimensionedFieldFunctions.C:595:1: note:   template argument deduction/substitution failed:
 operator op                                                                    \
 ^
/opt/openfoam5/src/OpenFOAM/lnInclude/DimensionedFieldFunctions.C:642:1: note: in expansion of macro 'PRODUCT_OPERATOR'
 PRODUCT_OPERATOR(typeOfSum, +, add)
 ^
In file included from pamFoam.C:142:0:
./processModels/XIEqn.H:9:7: note:   'const volScalarField {aka const Foam::GeometricField<double, Foam::fvPatchField, Foam::volMesh>}' is not derived from 'const Foam::VectorSpace<Form, Cmpt, Ncmpts>'
     + alphaLiquid*fXIXS*rhoHydrolysis
       ^
In file included from /opt/openfoam5/src/OpenFOAM/lnInclude/DimensionedField.C:532:0,
                 from /opt/openfoam5/src/OpenFOAM/lnInclude/DimensionedField.H:366,
                 from /opt/openfoam5/src/finiteVolume/lnInclude/fvMesh.H:58,
                 from /opt/openfoam5/src/finiteVolume/lnInclude/fvCFD.H:7,
                 from pamFoam.C:36:
/opt/openfoam5/src/OpenFOAM/lnInclude/DimensionedFieldFunctions.C:606:1: note: candidate: template<class Form, class Type, class GeoMesh> Foam::tmp<Foam::DimensionedField<typename Foam::typeOfSum<arg1, arg2>::type, GeoMesh> > Foam::operator+(const Foam::dimensioned<Type>&, const Foam::tmp<Foam::DimensionedField<Type1, GeoMesh> >&)
 operator op                                                                    \
 ^
/opt/openfoam5/src/OpenFOAM/lnInclude/DimensionedFieldFunctions.C:642:1: note: in expansion of macro 'PRODUCT_OPERATOR'
 PRODUCT_OPERATOR(typeOfSum, +, add)
 ^
/opt/openfoam5/src/OpenFOAM/lnInclude/DimensionedFieldFunctions.C:606:1: note:   template argument deduction/substitution failed:
 operator op                                                                    \
 ^
/opt/openfoam5/src/OpenFOAM/lnInclude/DimensionedFieldFunctions.C:642:1: note: in expansion of macro 'PRODUCT_OPERATOR'
 PRODUCT_OPERATOR(typeOfSum, +, add)
 ^
In file included from pamFoam.C:142:0:
./processModels/XIEqn.H:9:7: note:   'const volScalarField {aka const Foam::GeometricField<double, Foam::fvPatchField, Foam::volMesh>}' is not derived from 'const Foam::dimensioned<Type>'
     + alphaLiquid*fXIXS*rhoHydrolysis
       ^
In file included from /opt/openfoam5/src/OpenFOAM/lnInclude/DimensionedField.C:532:0,
                 from /opt/openfoam5/src/OpenFOAM/lnInclude/DimensionedField.H:366,
                 from /opt/openfoam5/src/finiteVolume/lnInclude/fvMesh.H:58,
                 from /opt/openfoam5/src/finiteVolume/lnInclude/fvCFD.H:7,
                 from pamFoam.C:36:
/opt/openfoam5/src/OpenFOAM/lnInclude/DimensionedFieldFunctions.C:633:1: note: candidate: template<class Form, class Cmpt, unsigned char nCmpt, class Type, class GeoMesh> Foam::tmp<Foam::DimensionedField<typename Foam::typeOfSum<Form, Type>::type, GeoMesh> > Foam::operator+(const Foam::VectorSpace<Form, Cmpt, Ncmpts>&, const Foam::tmp<Foam::DimensionedField<Type2, GeoMesh> >&)
 operator op                                                                    \
 ^
/opt/openfoam5/src/OpenFOAM/lnInclude/DimensionedFieldFunctions.C:642:1: note: in expansion of macro 'PRODUCT_OPERATOR'
 PRODUCT_OPERATOR(typeOfSum, +, add)
 ^
/opt/openfoam5/src/OpenFOAM/lnInclude/DimensionedFieldFunctions.C:633:1: note:   template argument deduction/substitution failed:
 operator op                                                                    \
 ^
/opt/openfoam5/src/OpenFOAM/lnInclude/DimensionedFieldFunctions.C:642:1: note: in expansion of macro 'PRODUCT_OPERATOR'
 PRODUCT_OPERATOR(typeOfSum, +, add)
 ^
In file included from pamFoam.C:142:0:
./processModels/XIEqn.H:9:7: note:   'const volScalarField {aka const Foam::GeometricField<double, Foam::fvPatchField, Foam::volMesh>}' is not derived from 'const Foam::VectorSpace<Form, Cmpt, Ncmpts>'
     + alphaLiquid*fXIXS*rhoHydrolysis
       ^
In file included from /opt/openfoam5/src/OpenFOAM/lnInclude/scalarFieldField.C:32:0,
                 from /opt/openfoam5/src/OpenFOAM/lnInclude/scalarFieldField.H:158,
                 from /opt/openfoam5/src/OpenFOAM/lnInclude/FieldFieldFunctions.H:26,
                 from /opt/openfoam5/src/OpenFOAM/lnInclude/FieldField.H:195,
                 from /opt/openfoam5/src/OpenFOAM/lnInclude/GeometricField.H:45,
                 from /opt/openfoam5/src/OpenFOAM/lnInclude/GeometricScalarField.H:38,
                 from /opt/openfoam5/src/OpenFOAM/lnInclude/GeometricFields.H:34,
                 from /opt/openfoam5/src/finiteVolume/lnInclude/volFields.H:37,
                 from /opt/openfoam5/src/finiteVolume/lnInclude/surfaceInterpolationScheme.C:27,
                 from /opt/openfoam5/src/finiteVolume/lnInclude/surfaceInterpolationScheme.H:307,
                 from /opt/openfoam5/src/finiteVolume/lnInclude/surfaceInterpolate.H:41,
                 from /opt/openfoam5/src/finiteVolume/lnInclude/fvc.H:39,
                 from /opt/openfoam5/src/finiteVolume/lnInclude/fvCFD.H:8,
                 from pamFoam.C:36:
/opt/openfoam5/src/OpenFOAM/lnInclude/FieldFieldFunctionsM.C:407:36: note: candidate: template<template<class> class Field> Foam::tmp<Foam::FieldField<Field, double> > Foam::operator+(const scalar&, const Foam::FieldField<Field, double>&)
 tmp<FieldField<Field, ReturnType>> operator Op                                 \
                                    ^
/opt/openfoam5/src/OpenFOAM/lnInclude/FieldFieldFunctionsM.C:487:5: note: in expansion of macro 'BINARY_TYPE_OPERATOR_SF'
     BINARY_TYPE_OPERATOR_SF(ReturnType, Type1, Type2, Op, OpFunc)              \
     ^
/opt/openfoam5/src/OpenFOAM/lnInclude/scalarFieldField.C:85:1: note: in expansion of macro 'BINARY_TYPE_OPERATOR'
 BINARY_TYPE_OPERATOR(scalar, scalar, scalar, +, add)
 ^
/opt/openfoam5/src/OpenFOAM/lnInclude/FieldFieldFunctionsM.C:407:36: note:   template argument deduction/substitution failed:
 tmp<FieldField<Field, ReturnType>> operator Op                                 \
                                    ^
/opt/openfoam5/src/OpenFOAM/lnInclude/FieldFieldFunctionsM.C:487:5: note: in expansion of macro 'BINARY_TYPE_OPERATOR_SF'
     BINARY_TYPE_OPERATOR_SF(ReturnType, Type1, Type2, Op, OpFunc)              \
     ^
/opt/openfoam5/src/OpenFOAM/lnInclude/scalarFieldField.C:85:1: note: in expansion of macro 'BINARY_TYPE_OPERATOR'
 BINARY_TYPE_OPERATOR(scalar, scalar, scalar, +, add)
 ^
In file included from pamFoam.C:142:0:
./processModels/XIEqn.H:9:7: note:   cannot convert 'alphaLiquid' (type 'const volScalarField {aka const Foam::GeometricField<double, Foam::fvPatchField, Foam::volMesh>}') to type 'const scalar& {aka const double&}'
     + alphaLiquid*fXIXS*rhoHydrolysis
       ^
In file included from /opt/openfoam5/src/OpenFOAM/lnInclude/scalarFieldField.C:32:0,
                 from /opt/openfoam5/src/OpenFOAM/lnInclude/scalarFieldField.H:158,
                 from /opt/openfoam5/src/OpenFOAM/lnInclude/FieldFieldFunctions.H:26,
                 from /opt/openfoam5/src/OpenFOAM/lnInclude/FieldField.H:195,
                 from /opt/openfoam5/src/OpenFOAM/lnInclude/GeometricField.H:45,
                 from /opt/openfoam5/src/OpenFOAM/lnInclude/GeometricScalarField.H:38,
                 from /opt/openfoam5/src/OpenFOAM/lnInclude/GeometricFields.H:34,
                 from /opt/openfoam5/src/finiteVolume/lnInclude/volFields.H:37,
                 from /opt/openfoam5/src/finiteVolume/lnInclude/surfaceInterpolationScheme.C:27,
                 from /opt/openfoam5/src/finiteVolume/lnInclude/surfaceInterpolationScheme.H:307,
                 from /opt/openfoam5/src/finiteVolume/lnInclude/surfaceInterpolate.H:41,
                 from /opt/openfoam5/src/finiteVolume/lnInclude/fvc.H:39,
                 from /opt/openfoam5/src/finiteVolume/lnInclude/fvCFD.H:8,
                 from pamFoam.C:36:
/opt/openfoam5/src/OpenFOAM/lnInclude/FieldFieldFunctionsM.C:422:36: note: candidate: template<template<class> class Field> Foam::tmp<Foam::FieldField<Field, double> > Foam::operator+(const scalar&, const Foam::tmp<Foam::FieldField<Field, double> >&)
 tmp<FieldField<Field, ReturnType>> operator Op                                 \
                                    ^
/opt/openfoam5/src/OpenFOAM/lnInclude/FieldFieldFunctionsM.C:487:5: note: in expansion of macro 'BINARY_TYPE_OPERATOR_SF'
     BINARY_TYPE_OPERATOR_SF(ReturnType, Type1, Type2, Op, OpFunc)              \
     ^
/opt/openfoam5/src/OpenFOAM/lnInclude/scalarFieldField.C:85:1: note: in expansion of macro 'BINARY_TYPE_OPERATOR'
 BINARY_TYPE_OPERATOR(scalar, scalar, scalar, +, add)
 ^
/opt/openfoam5/src/OpenFOAM/lnInclude/FieldFieldFunctionsM.C:422:36: note:   template argument deduction/substitution failed:
 tmp<FieldField<Field, ReturnType>> operator Op                                 \
                                    ^
/opt/openfoam5/src/OpenFOAM/lnInclude/FieldFieldFunctionsM.C:487:5: note: in expansion of macro 'BINARY_TYPE_OPERATOR_SF'
     BINARY_TYPE_OPERATOR_SF(ReturnType, Type1, Type2, Op, OpFunc)              \
     ^
/opt/openfoam5/src/OpenFOAM/lnInclude/scalarFieldField.C:85:1: note: in expansion of macro 'BINARY_TYPE_OPERATOR'
 BINARY_TYPE_OPERATOR(scalar, scalar, scalar, +, add)
 ^
In file included from pamFoam.C:142:0:
./processModels/XIEqn.H:9:7: note:   cannot convert 'alphaLiquid' (type 'const volScalarField {aka const Foam::GeometricField<double, Foam::fvPatchField, Foam::volMesh>}') to type 'const scalar& {aka const double&}'
     + alphaLiquid*fXIXS*rhoHydrolysis
       ^
In file included from /opt/openfoam5/src/OpenFOAM/lnInclude/scalarFieldField.C:32:0,
                 from /opt/openfoam5/src/OpenFOAM/lnInclude/scalarFieldField.H:158,
                 from /opt/openfoam5/src/OpenFOAM/lnInclude/FieldFieldFunctions.H:26,
                 from /opt/openfoam5/src/OpenFOAM/lnInclude/FieldField.H:195,
                 from /opt/openfoam5/src/OpenFOAM/lnInclude/GeometricField.H:45,
                 from /opt/openfoam5/src/OpenFOAM/lnInclude/GeometricScalarField.H:38,
                 from /opt/openfoam5/src/OpenFOAM/lnInclude/GeometricFields.H:34,
                 from /opt/openfoam5/src/finiteVolume/lnInclude/volFields.H:37,
                 from /opt/openfoam5/src/finiteVolume/lnInclude/surfaceInterpolationScheme.C:27,
                 from /opt/openfoam5/src/finiteVolume/lnInclude/surfaceInterpolationScheme.H:307,
                 from /opt/openfoam5/src/finiteVolume/lnInclude/surfaceInterpolate.H:41,
                 from /opt/openfoam5/src/finiteVolume/lnInclude/fvc.H:39,
                 from /opt/openfoam5/src/finiteVolume/lnInclude/fvCFD.H:8,
                 from pamFoam.C:36:
/opt/openfoam5/src/OpenFOAM/lnInclude/FieldFieldFunctionsM.C:455:36: note: candidate: template<template<class> class Field> Foam::tmp<Foam::FieldField<Field, double> > Foam::operator+(const Foam::FieldField<Field, double>&, const scalar&)
 tmp<FieldField<Field, ReturnType>> operator Op                                 \
                                    ^
/opt/openfoam5/src/OpenFOAM/lnInclude/FieldFieldFunctionsM.C:488:5: note: in expansion of macro 'BINARY_TYPE_OPERATOR_FS'
     BINARY_TYPE_OPERATOR_FS(ReturnType, Type1, Type2, Op, OpFunc)
     ^
/opt/openfoam5/src/OpenFOAM/lnInclude/scalarFieldField.C:85:1: note: in expansion of macro 'BINARY_TYPE_OPERATOR'
 BINARY_TYPE_OPERATOR(scalar, scalar, scalar, +, add)
 ^
/opt/openfoam5/src/OpenFOAM/lnInclude/FieldFieldFunctionsM.C:455:36: note:   template argument deduction/substitution failed:
 tmp<FieldField<Field, ReturnType>> operator Op                                 \
                                    ^
/opt/openfoam5/src/OpenFOAM/lnInclude/FieldFieldFunctionsM.C:488:5: note: in expansion of macro 'BINARY_TYPE_OPERATOR_FS'
     BINARY_TYPE_OPERATOR_FS(ReturnType, Type1, Type2, Op, OpFunc)
     ^
/opt/openfoam5/src/OpenFOAM/lnInclude/scalarFieldField.C:85:1: note: in expansion of macro 'BINARY_TYPE_OPERATOR'
 BINARY_TYPE_OPERATOR(scalar, scalar, scalar, +, add)
 ^
In file included from pamFoam.C:142:0:
./processModels/XIEqn.H:9:7: note:   'const volScalarField {aka const Foam::GeometricField<double, Foam::fvPatchField, Foam::volMesh>}' is not derived from 'const Foam::FieldField<Field, double>'
     + alphaLiquid*fXIXS*rhoHydrolysis
       ^
In file included from /opt/openfoam5/src/OpenFOAM/lnInclude/scalarFieldField.C:32:0,
                 from /opt/openfoam5/src/OpenFOAM/lnInclude/scalarFieldField.H:158,
                 from /opt/openfoam5/src/OpenFOAM/lnInclude/FieldFieldFunctions.H:26,
                 from /opt/openfoam5/src/OpenFOAM/lnInclude/FieldField.H:195,
                 from /opt/openfoam5/src/OpenFOAM/lnInclude/GeometricField.H:45,
                 from /opt/openfoam5/src/OpenFOAM/lnInclude/GeometricScalarField.H:38,
                 from /opt/openfoam5/src/OpenFOAM/lnInclude/GeometricFields.H:34,
                 from /opt/openfoam5/src/finiteVolume/lnInclude/volFields.H:37,
                 from /opt/openfoam5/src/finiteVolume/lnInclude/surfaceInterpolationScheme.C:27,
                 from /opt/openfoam5/src/finiteVolume/lnInclude/surfaceInterpolationScheme.H:307,
                 from /opt/openfoam5/src/finiteVolume/lnInclude/surfaceInterpolate.H:41,
                 from /opt/openfoam5/src/finiteVolume/lnInclude/fvc.H:39,
                 from /opt/openfoam5/src/finiteVolume/lnInclude/fvCFD.H:8,
                 from pamFoam.C:36:
/opt/openfoam5/src/OpenFOAM/lnInclude/FieldFieldFunctionsM.C:470:36: note: candidate: template<template<class> class Field> Foam::tmp<Foam::FieldField<Field, double> > Foam::operator+(const Foam::tmp<Foam::FieldField<Field, double> >&, const scalar&)
 tmp<FieldField<Field, ReturnType>> operator Op                                 \
                                    ^
/opt/openfoam5/src/OpenFOAM/lnInclude/FieldFieldFunctionsM.C:488:5: note: in expansion of macro 'BINARY_TYPE_OPERATOR_FS'
     BINARY_TYPE_OPERATOR_FS(ReturnType, Type1, Type2, Op, OpFunc)
     ^
/opt/openfoam5/src/OpenFOAM/lnInclude/scalarFieldField.C:85:1: note: in expansion of macro 'BINARY_TYPE_OPERATOR'
 BINARY_TYPE_OPERATOR(scalar, scalar, scalar, +, add)
 ^
/opt/openfoam5/src/OpenFOAM/lnInclude/FieldFieldFunctionsM.C:470:36: note:   template argument deduction/substitution failed:
 tmp<FieldField<Field, ReturnType>> operator Op                                 \
                                    ^
/opt/openfoam5/src/OpenFOAM/lnInclude/FieldFieldFunctionsM.C:488:5: note: in expansion of macro 'BINARY_TYPE_OPERATOR_FS'
     BINARY_TYPE_OPERATOR_FS(ReturnType, Type1, Type2, Op, OpFunc)
     ^
/opt/openfoam5/src/OpenFOAM/lnInclude/scalarFieldField.C:85:1: note: in expansion of macro 'BINARY_TYPE_OPERATOR'
 BINARY_TYPE_OPERATOR(scalar, scalar, scalar, +, add)
 ^
In file included from pamFoam.C:142:0:
./processModels/XIEqn.H:9:7: note:   'const volScalarField {aka const Foam::GeometricField<double, Foam::fvPatchField, Foam::volMesh>}' is not derived from 'const Foam::tmp<Foam::FieldField<Field, double> >'
     + alphaLiquid*fXIXS*rhoHydrolysis
       ^
In file included from /opt/openfoam5/src/OpenFOAM/lnInclude/FieldField.C:390:0,
                 from /opt/openfoam5/src/OpenFOAM/lnInclude/FieldField.H:198,
                 from /opt/openfoam5/src/OpenFOAM/lnInclude/GeometricField.H:45,
                 from /opt/openfoam5/src/OpenFOAM/lnInclude/GeometricScalarField.H:38,
                 from /opt/openfoam5/src/OpenFOAM/lnInclude/GeometricFields.H:34,
                 from /opt/openfoam5/src/finiteVolume/lnInclude/volFields.H:37,
                 from /opt/openfoam5/src/finiteVolume/lnInclude/surfaceInterpolationScheme.C:27,
                 from /opt/openfoam5/src/finiteVolume/lnInclude/surfaceInterpolationScheme.H:307,
                 from /opt/openfoam5/src/finiteVolume/lnInclude/surfaceInterpolate.H:41,
                 from /opt/openfoam5/src/finiteVolume/lnInclude/fvc.H:39,
                 from /opt/openfoam5/src/finiteVolume/lnInclude/fvCFD.H:8,
                 from pamFoam.C:36:
/opt/openfoam5/src/OpenFOAM/lnInclude/FieldFieldFunctions.C:654:1: note: candidate: template<template<class> class Field1, template<class> class Field2, class Type1, class Type2> Foam::tmp<Foam::FieldField<Field1, typename Foam::typeOfSum<Type1, Type2>::type> > Foam::operator+(const Foam::FieldField<Field, Type1>&, const Foam::FieldField<Field2, Type2>&)
 operator op                                                                    \
 ^
/opt/openfoam5/src/OpenFOAM/lnInclude/FieldFieldFunctions.C:901:1: note: in expansion of macro 'PRODUCT_OPERATOR'
 PRODUCT_OPERATOR(typeOfSum, +, add)
 ^
/opt/openfoam5/src/OpenFOAM/lnInclude/FieldFieldFunctions.C:654:1: note:   template argument deduction/substitution failed:
 operator op                                                                    \
 ^
/opt/openfoam5/src/OpenFOAM/lnInclude/FieldFieldFunctions.C:901:1: note: in expansion of macro 'PRODUCT_OPERATOR'
 PRODUCT_OPERATOR(typeOfSum, +, add)
 ^
In file included from pamFoam.C:142:0:
./processModels/XIEqn.H:9:7: note:   'const volScalarField {aka const Foam::GeometricField<double, Foam::fvPatchField, Foam::volMesh>}' is not derived from 'const Foam::FieldField<Field, Type1>'
     + alphaLiquid*fXIXS*rhoHydrolysis
       ^
In file included from /opt/openfoam5/src/OpenFOAM/lnInclude/FieldField.C:390:0,
                 from /opt/openfoam5/src/OpenFOAM/lnInclude/FieldField.H:198,
                 from /opt/openfoam5/src/OpenFOAM/lnInclude/GeometricField.H:45,
                 from /opt/openfoam5/src/OpenFOAM/lnInclude/GeometricScalarField.H:38,
                 from /opt/openfoam5/src/OpenFOAM/lnInclude/GeometricFields.H:34,
                 from /opt/openfoam5/src/finiteVolume/lnInclude/volFields.H:37,
                 from /opt/openfoam5/src/finiteVolume/lnInclude/surfaceInterpolationScheme.C:27,
                 from /opt/openfoam5/src/finiteVolume/lnInclude/surfaceInterpolationScheme.H:307,
                 from /opt/openfoam5/src/finiteVolume/lnInclude/surfaceInterpolate.H:41,
                 from /opt/openfoam5/src/finiteVolume/lnInclude/fvc.H:39,
                 from /opt/openfoam5/src/finiteVolume/lnInclude/fvCFD.H:8,
                 from pamFoam.C:36:
/opt/openfoam5/src/OpenFOAM/lnInclude/FieldFieldFunctions.C:671:1: note: candidate: template<template<class> class Field, class Type1, class Type2> Foam::tmp<Foam::FieldField<Field, typename Foam::typeOfSum<Type1, Type2>::type> > Foam::operator+(const Foam::FieldField<Field, Type>&, const Foam::tmp<Foam::FieldField<Field, Type1> >&)
 operator op                                                                    \
 ^
/opt/openfoam5/src/OpenFOAM/lnInclude/FieldFieldFunctions.C:901:1: note: in expansion of macro 'PRODUCT_OPERATOR'
 PRODUCT_OPERATOR(typeOfSum, +, add)
 ^
/opt/openfoam5/src/OpenFOAM/lnInclude/FieldFieldFunctions.C:671:1: note:   template argument deduction/substitution failed:
 operator op                                                                    \
 ^
/opt/openfoam5/src/OpenFOAM/lnInclude/FieldFieldFunctions.C:901:1: note: in expansion of macro 'PRODUCT_OPERATOR'
 PRODUCT_OPERATOR(typeOfSum, +, add)
 ^
In file included from pamFoam.C:142:0:
./processModels/XIEqn.H:9:7: note:   'const volScalarField {aka const Foam::GeometricField<double, Foam::fvPatchField, Foam::volMesh>}' is not derived from 'const Foam::FieldField<Field, Type>'
     + alphaLiquid*fXIXS*rhoHydrolysis
       ^
In file included from /opt/openfoam5/src/OpenFOAM/lnInclude/FieldField.H:195:0,
                 from /opt/openfoam5/src/OpenFOAM/lnInclude/GeometricField.H:45,
                 from /opt/openfoam5/src/OpenFOAM/lnInclude/GeometricScalarField.H:38,
                 from /opt/openfoam5/src/OpenFOAM/lnInclude/GeometricFields.H:34,
                 from /opt/openfoam5/src/finiteVolume/lnInclude/volFields.H:37,
                 from /opt/openfoam5/src/finiteVolume/lnInclude/surfaceInterpolationScheme.C:27,
                 from /opt/openfoam5/src/finiteVolume/lnInclude/surfaceInterpolationScheme.H:307,
                 from /opt/openfoam5/src/finiteVolume/lnInclude/surfaceInterpolate.H:41,
                 from /opt/openfoam5/src/finiteVolume/lnInclude/fvc.H:39,
                 from /opt/openfoam5/src/finiteVolume/lnInclude/fvCFD.H:8,
                 from pamFoam.C:36:
/opt/openfoam5/src/OpenFOAM/lnInclude/FieldFieldFunctions.H:314:1: note: candidate: template<template<class> class Field1, template<class> class Field2, class Type1, class Type2> Foam::tmp<Foam::FieldField<Field1, typename Foam::typeOfSum<Type1, Type2>::type> > Foam::operator+(const Foam::FieldField<Field, Type1>&, const Foam::tmp<Foam::FieldField<Field2, Type2> >&)
 operator op                                                                    \
 ^
/opt/openfoam5/src/OpenFOAM/lnInclude/FieldFieldFunctions.H:438:1: note: in expansion of macro 'PRODUCT_OPERATOR'
 PRODUCT_OPERATOR(typeOfSum, +, add)
 ^
/opt/openfoam5/src/OpenFOAM/lnInclude/FieldFieldFunctions.H:314:1: note:   template argument deduction/substitution failed:
 operator op                                                                    \
 ^
/opt/openfoam5/src/OpenFOAM/lnInclude/FieldFieldFunctions.H:438:1: note: in expansion of macro 'PRODUCT_OPERATOR'
 PRODUCT_OPERATOR(typeOfSum, +, add)
 ^
In file included from pamFoam.C:142:0:
./processModels/XIEqn.H:9:7: note:   'const volScalarField {aka const Foam::GeometricField<double, Foam::fvPatchField, Foam::volMesh>}' is not derived from 'const Foam::FieldField<Field, Type1>'
     + alphaLiquid*fXIXS*rhoHydrolysis
       ^
In file included from /opt/openfoam5/src/OpenFOAM/lnInclude/FieldField.C:390:0,
                 from /opt/openfoam5/src/OpenFOAM/lnInclude/FieldField.H:198,
                 from /opt/openfoam5/src/OpenFOAM/lnInclude/GeometricField.H:45,
                 from /opt/openfoam5/src/OpenFOAM/lnInclude/GeometricScalarField.H:38,
                 from /opt/openfoam5/src/OpenFOAM/lnInclude/GeometricFields.H:34,
                 from /opt/openfoam5/src/finiteVolume/lnInclude/volFields.H:37,
                 from /opt/openfoam5/src/finiteVolume/lnInclude/surfaceInterpolationScheme.C:27,
                 from /opt/openfoam5/src/finiteVolume/lnInclude/surfaceInterpolationScheme.H:307,
                 from /opt/openfoam5/src/finiteVolume/lnInclude/surfaceInterpolate.H:41,
                 from /opt/openfoam5/src/finiteVolume/lnInclude/fvc.H:39,
                 from /opt/openfoam5/src/finiteVolume/lnInclude/fvCFD.H:8,
                 from pamFoam.C:36:
/opt/openfoam5/src/OpenFOAM/lnInclude/FieldFieldFunctions.C:719:1: note: candidate: template<template<class> class Field1, template<class> class Field2, class Type1, class Type2> Foam::tmp<Foam::FieldField<Field1, typename Foam::typeOfSum<Type1, Type2>::type> > Foam::operator+(const Foam::tmp<Foam::FieldField<Field, Type1> >&, const Foam::FieldField<Field2, Type2>&)
 operator op                                                                    \
 ^
/opt/openfoam5/src/OpenFOAM/lnInclude/FieldFieldFunctions.C:901:1: note: in expansion of macro 'PRODUCT_OPERATOR'
 PRODUCT_OPERATOR(typeOfSum, +, add)
 ^
/opt/openfoam5/src/OpenFOAM/lnInclude/FieldFieldFunctions.C:719:1: note:   template argument deduction/substitution failed:
 operator op                                                                    \
 ^
/opt/openfoam5/src/OpenFOAM/lnInclude/FieldFieldFunctions.C:901:1: note: in expansion of macro 'PRODUCT_OPERATOR'
 PRODUCT_OPERATOR(typeOfSum, +, add)
 ^
In file included from pamFoam.C:142:0:
./processModels/XIEqn.H:9:7: note:   'const volScalarField {aka const Foam::GeometricField<double, Foam::fvPatchField, Foam::volMesh>}' is not derived from 'const Foam::tmp<Foam::FieldField<Field, Type1> >'
     + alphaLiquid*fXIXS*rhoHydrolysis
       ^
In file included from /opt/openfoam5/src/OpenFOAM/lnInclude/FieldField.C:390:0,
                 from /opt/openfoam5/src/OpenFOAM/lnInclude/FieldField.H:198,
                 from /opt/openfoam5/src/OpenFOAM/lnInclude/GeometricField.H:45,
                 from /opt/openfoam5/src/OpenFOAM/lnInclude/GeometricScalarField.H:38,
                 from /opt/openfoam5/src/OpenFOAM/lnInclude/GeometricFields.H:34,
                 from /opt/openfoam5/src/finiteVolume/lnInclude/volFields.H:37,
                 from /opt/openfoam5/src/finiteVolume/lnInclude/surfaceInterpolationScheme.C:27,
                 from /opt/openfoam5/src/finiteVolume/lnInclude/surfaceInterpolationScheme.H:307,
                 from /opt/openfoam5/src/finiteVolume/lnInclude/surfaceInterpolate.H:41,
                 from /opt/openfoam5/src/finiteVolume/lnInclude/fvc.H:39,
                 from /opt/openfoam5/src/finiteVolume/lnInclude/fvCFD.H:8,
                 from pamFoam.C:36:
/opt/openfoam5/src/OpenFOAM/lnInclude/FieldFieldFunctions.C:743:1: note: candidate: template<template<class> class Field1, template<class> class Field2, class Type1, class Type2> Foam::tmp<Foam::FieldField<Field1, typename Foam::typeOfSum<Type1, Type2>::type> > Foam::operator+(const Foam::tmp<Foam::FieldField<Field, Type1> >&, const Foam::tmp<Foam::FieldField<Field2, Type2> >&)
 operator op                                                                    \
 ^
/opt/openfoam5/src/OpenFOAM/lnInclude/FieldFieldFunctions.C:901:1: note: in expansion of macro 'PRODUCT_OPERATOR'
 PRODUCT_OPERATOR(typeOfSum, +, add)
 ^
/opt/openfoam5/src/OpenFOAM/lnInclude/FieldFieldFunctions.C:743:1: note:   template argument deduction/substitution failed:
 operator op                                                                    \
 ^
/opt/openfoam5/src/OpenFOAM/lnInclude/FieldFieldFunctions.C:901:1: note: in expansion of macro 'PRODUCT_OPERATOR'
 PRODUCT_OPERATOR(typeOfSum, +, add)
 ^
In file included from pamFoam.C:142:0:
./processModels/XIEqn.H:9:7: note:   'const volScalarField {aka const Foam::GeometricField<double, Foam::fvPatchField, Foam::volMesh>}' is not derived from 'const Foam::tmp<Foam::FieldField<Field, Type1> >'
     + alphaLiquid*fXIXS*rhoHydrolysis
       ^
In file included from /opt/openfoam5/src/OpenFOAM/lnInclude/FieldField.C:390:0,
                 from /opt/openfoam5/src/OpenFOAM/lnInclude/FieldField.H:198,
                 from /opt/openfoam5/src/OpenFOAM/lnInclude/GeometricField.H:45,
                 from /opt/openfoam5/src/OpenFOAM/lnInclude/GeometricScalarField.H:38,
                 from /opt/openfoam5/src/OpenFOAM/lnInclude/GeometricFields.H:34,
                 from /opt/openfoam5/src/finiteVolume/lnInclude/volFields.H:37,
                 from /opt/openfoam5/src/finiteVolume/lnInclude/surfaceInterpolationScheme.C:27,
                 from /opt/openfoam5/src/finiteVolume/lnInclude/surfaceInterpolationScheme.H:307,
                 from /opt/openfoam5/src/finiteVolume/lnInclude/surfaceInterpolate.H:41,
                 from /opt/openfoam5/src/finiteVolume/lnInclude/fvc.H:39,
                 from /opt/openfoam5/src/finiteVolume/lnInclude/fvCFD.H:8,
                 from pamFoam.C:36:
/opt/openfoam5/src/OpenFOAM/lnInclude/FieldFieldFunctions.C:791:1: note: candidate: template<template<class> class Field, class Type, class Form, class Cmpt, unsigned char nCmpt> Foam::tmp<Foam::FieldField<Field, typename Foam::typeOfSum<Type1, Type2>::type> > Foam::operator+(const Foam::FieldField<Field, Type>&, const Foam::VectorSpace<Form, Cmpt, nCmpt>&)
 operator op                                                                    \
 ^
/opt/openfoam5/src/OpenFOAM/lnInclude/FieldFieldFunctions.C:901:1: note: in expansion of macro 'PRODUCT_OPERATOR'
 PRODUCT_OPERATOR(typeOfSum, +, add)
 ^
/opt/openfoam5/src/OpenFOAM/lnInclude/FieldFieldFunctions.C:791:1: note:   template argument deduction/substitution failed:
 operator op                                                                    \
 ^
/opt/openfoam5/src/OpenFOAM/lnInclude/FieldFieldFunctions.C:901:1: note: in expansion of macro 'PRODUCT_OPERATOR'
 PRODUCT_OPERATOR(typeOfSum, +, add)
 ^
In file included from pamFoam.C:142:0:
./processModels/XIEqn.H:9:7: note:   'const volScalarField {aka const Foam::GeometricField<double, Foam::fvPatchField, Foam::volMesh>}' is not derived from 'const Foam::FieldField<Field, Type>'
     + alphaLiquid*fXIXS*rhoHydrolysis
       ^
In file included from /opt/openfoam5/src/OpenFOAM/lnInclude/FieldField.C:390:0,
                 from /opt/openfoam5/src/OpenFOAM/lnInclude/FieldField.H:198,
                 from /opt/openfoam5/src/OpenFOAM/lnInclude/GeometricField.H:45,
                 from /opt/openfoam5/src/OpenFOAM/lnInclude/GeometricScalarField.H:38,
                 from /opt/openfoam5/src/OpenFOAM/lnInclude/GeometricFields.H:34,
                 from /opt/openfoam5/src/finiteVolume/lnInclude/volFields.H:37,
                 from /opt/openfoam5/src/finiteVolume/lnInclude/surfaceInterpolationScheme.C:27,
                 from /opt/openfoam5/src/finiteVolume/lnInclude/surfaceInterpolationScheme.H:307,
                 from /opt/openfoam5/src/finiteVolume/lnInclude/surfaceInterpolate.H:41,
                 from /opt/openfoam5/src/finiteVolume/lnInclude/fvc.H:39,
                 from /opt/openfoam5/src/finiteVolume/lnInclude/fvCFD.H:8,
                 from pamFoam.C:36:
/opt/openfoam5/src/OpenFOAM/lnInclude/FieldFieldFunctions.C:815:1: note: candidate: template<template<class> class Field, class Type, class Form, class Cmpt, unsigned char nCmpt> Foam::tmp<Foam::FieldField<Field, typename Foam::typeOfSum<Type1, Type2>::type> > Foam::operator+(const Foam::tmp<Foam::FieldField<Field, Type> >&, const Foam::VectorSpace<Form, Cmpt, nCmpt>&)
 operator op                                                                    \
 ^
/opt/openfoam5/src/OpenFOAM/lnInclude/FieldFieldFunctions.C:901:1: note: in expansion of macro 'PRODUCT_OPERATOR'
 PRODUCT_OPERATOR(typeOfSum, +, add)
 ^
/opt/openfoam5/src/OpenFOAM/lnInclude/FieldFieldFunctions.C:815:1: note:   template argument deduction/substitution failed:
 operator op                                                                    \
 ^
/opt/openfoam5/src/OpenFOAM/lnInclude/FieldFieldFunctions.C:901:1: note: in expansion of macro 'PRODUCT_OPERATOR'
 PRODUCT_OPERATOR(typeOfSum, +, add)
 ^
In file included from pamFoam.C:142:0:
./processModels/XIEqn.H:9:7: note:   'const volScalarField {aka const Foam::GeometricField<double, Foam::fvPatchField, Foam::volMesh>}' is not derived from 'const Foam::tmp<Foam::FieldField<Field, Type> >'
     + alphaLiquid*fXIXS*rhoHydrolysis
       ^
In file included from /opt/openfoam5/src/OpenFOAM/lnInclude/FieldField.C:390:0,
                 from /opt/openfoam5/src/OpenFOAM/lnInclude/FieldField.H:198,
                 from /opt/openfoam5/src/OpenFOAM/lnInclude/GeometricField.H:45,
                 from /opt/openfoam5/src/OpenFOAM/lnInclude/GeometricScalarField.H:38,
                 from /opt/openfoam5/src/OpenFOAM/lnInclude/GeometricFields.H:34,
                 from /opt/openfoam5/src/finiteVolume/lnInclude/volFields.H:37,
                 from /opt/openfoam5/src/finiteVolume/lnInclude/surfaceInterpolationScheme.C:27,
                 from /opt/openfoam5/src/finiteVolume/lnInclude/surfaceInterpolationScheme.H:307,
                 from /opt/openfoam5/src/finiteVolume/lnInclude/surfaceInterpolate.H:41,
                 from /opt/openfoam5/src/finiteVolume/lnInclude/fvc.H:39,
                 from /opt/openfoam5/src/finiteVolume/lnInclude/fvCFD.H:8,
                 from pamFoam.C:36:
/opt/openfoam5/src/OpenFOAM/lnInclude/FieldFieldFunctions.C:861:1: note: candidate: template<template<class> class Field, class Type, class Form, class Cmpt, unsigned char nCmpt> Foam::tmp<Foam::FieldField<Field, typename Foam::typeOfSum<Form, Type>::type> > Foam::operator+(const Foam::VectorSpace<Form, Cmpt, nCmpt>&, const Foam::FieldField<Field, Type>&)
 operator op                                                                    \
 ^
/opt/openfoam5/src/OpenFOAM/lnInclude/FieldFieldFunctions.C:901:1: note: in expansion of macro 'PRODUCT_OPERATOR'
 PRODUCT_OPERATOR(typeOfSum, +, add)
 ^
/opt/openfoam5/src/OpenFOAM/lnInclude/FieldFieldFunctions.C:861:1: note:   template argument deduction/substitution failed:
 operator op                                                                    \
 ^
/opt/openfoam5/src/OpenFOAM/lnInclude/FieldFieldFunctions.C:901:1: note: in expansion of macro 'PRODUCT_OPERATOR'
 PRODUCT_OPERATOR(typeOfSum, +, add)
 ^
In file included from pamFoam.C:142:0:
./processModels/XIEqn.H:9:7: note:   'const volScalarField {aka const Foam::GeometricField<double, Foam::fvPatchField, Foam::volMesh>}' is not derived from 'const Foam::VectorSpace<Form, Cmpt, nCmpt>'
     + alphaLiquid*fXIXS*rhoHydrolysis
       ^
In file included from /opt/openfoam5/src/OpenFOAM/lnInclude/FieldField.C:390:0,
                 from /opt/openfoam5/src/OpenFOAM/lnInclude/FieldField.H:198,
                 from /opt/openfoam5/src/OpenFOAM/lnInclude/GeometricField.H:45,
                 from /opt/openfoam5/src/OpenFOAM/lnInclude/GeometricScalarField.H:38,
                 from /opt/openfoam5/src/OpenFOAM/lnInclude/GeometricFields.H:34,
                 from /opt/openfoam5/src/finiteVolume/lnInclude/volFields.H:37,
                 from /opt/openfoam5/src/finiteVolume/lnInclude/surfaceInterpolationScheme.C:27,
                 from /opt/openfoam5/src/finiteVolume/lnInclude/surfaceInterpolationScheme.H:307,
                 from /opt/openfoam5/src/finiteVolume/lnInclude/surfaceInterpolate.H:41,
                 from /opt/openfoam5/src/finiteVolume/lnInclude/fvc.H:39,
                 from /opt/openfoam5/src/finiteVolume/lnInclude/fvCFD.H:8,
                 from pamFoam.C:36:
/opt/openfoam5/src/OpenFOAM/lnInclude/FieldFieldFunctions.C:885:1: note: candidate: template<template<class> class Field, class Type, class Form, class Cmpt, unsigned char nCmpt> Foam::tmp<Foam::FieldField<Field, typename Foam::typeOfSum<Form, Type>::type> > Foam::operator+(const Foam::VectorSpace<Form, Cmpt, nCmpt>&, const Foam::tmp<Foam::FieldField<Field, Type> >&)
 operator op                                                                    \
 ^
/opt/openfoam5/src/OpenFOAM/lnInclude/FieldFieldFunctions.C:901:1: note: in expansion of macro 'PRODUCT_OPERATOR'
 PRODUCT_OPERATOR(typeOfSum, +, add)
 ^
/opt/openfoam5/src/OpenFOAM/lnInclude/FieldFieldFunctions.C:885:1: note:   template argument deduction/substitution failed:
 operator op                                                                    \
 ^
/opt/openfoam5/src/OpenFOAM/lnInclude/FieldFieldFunctions.C:901:1: note: in expansion of macro 'PRODUCT_OPERATOR'
 PRODUCT_OPERATOR(typeOfSum, +, add)
 ^
In file included from pamFoam.C:142:0:
./processModels/XIEqn.H:9:7: note:   'const volScalarField {aka const Foam::GeometricField<double, Foam::fvPatchField, Foam::volMesh>}' is not derived from 'const Foam::VectorSpace<Form, Cmpt, nCmpt>'
     + alphaLiquid*fXIXS*rhoHydrolysis
       ^
In file included from /opt/openfoam5/src/OpenFOAM/lnInclude/FieldField.C:390:0,
                 from /opt/openfoam5/src/OpenFOAM/lnInclude/FieldField.H:198,
                 from /opt/openfoam5/src/OpenFOAM/lnInclude/GeometricField.H:45,
                 from /opt/openfoam5/src/OpenFOAM/lnInclude/GeometricScalarField.H:38,
                 from /opt/openfoam5/src/OpenFOAM/lnInclude/GeometricFields.H:34,
                 from /opt/openfoam5/src/finiteVolume/lnInclude/volFields.H:37,
                 from /opt/openfoam5/src/finiteVolume/lnInclude/surfaceInterpolationScheme.C:27,
                 from /opt/openfoam5/src/finiteVolume/lnInclude/surfaceInterpolationScheme.H:307,
                 from /opt/openfoam5/src/finiteVolume/lnInclude/surfaceInterpolate.H:41,
                 from /opt/openfoam5/src/finiteVolume/lnInclude/fvc.H:39,
                 from /opt/openfoam5/src/finiteVolume/lnInclude/fvCFD.H:8,
                 from pamFoam.C:36:
/opt/openfoam5/src/OpenFOAM/lnInclude/FieldFieldFunctions.C:695:1: note: candidate: template<template<class> class Field1, template<class> class Field2, class Type1, class Type2> Foam::tmp<Foam::FieldField<Foam::Field, typename Foam::typeOfSum<Type1, Type2>::type> > Foam::operator+(const Foam::FieldField<Field, Type1>&, const Foam::tmp<Foam::FieldField<Field2, Type2> >&)
 operator op                                                                    \
 ^
/opt/openfoam5/src/OpenFOAM/lnInclude/FieldFieldFunctions.C:901:1: note: in expansion of macro 'PRODUCT_OPERATOR'
 PRODUCT_OPERATOR(typeOfSum, +, add)
 ^
/opt/openfoam5/src/OpenFOAM/lnInclude/FieldFieldFunctions.C:695:1: note:   template argument deduction/substitution failed:
 operator op                                                                    \
 ^
/opt/openfoam5/src/OpenFOAM/lnInclude/FieldFieldFunctions.C:901:1: note: in expansion of macro 'PRODUCT_OPERATOR'
 PRODUCT_OPERATOR(typeOfSum, +, add)
 ^
In file included from pamFoam.C:142:0:
./processModels/XIEqn.H:9:7: note:   'const volScalarField {aka const Foam::GeometricField<double, Foam::fvPatchField, Foam::volMesh>}' is not derived from 'const Foam::FieldField<Field, Type1>'
     + alphaLiquid*fXIXS*rhoHydrolysis
       ^
In file included from /opt/openfoam5/src/OpenFOAM/lnInclude/DiagTensor.H:115:0,
                 from /opt/openfoam5/src/OpenFOAM/lnInclude/diagTensor.H:38,
                 from /opt/openfoam5/src/OpenFOAM/lnInclude/diagTensorField.H:39,
                 from /opt/openfoam5/src/OpenFOAM/lnInclude/coupledPolyPatch.H:41,
                 from /opt/openfoam5/src/OpenFOAM/lnInclude/processorPolyPatch.H:42,
                 from /opt/openfoam5/src/OpenFOAM/lnInclude/processorTopology.H:30,
                 from /opt/openfoam5/src/OpenFOAM/lnInclude/globalMeshData.H:84,
                 from /opt/openfoam5/src/OpenFOAM/lnInclude/GeometricBoundaryField.C:28,
                 from /opt/openfoam5/src/OpenFOAM/lnInclude/GeometricField.C:1352,
                 from /opt/openfoam5/src/OpenFOAM/lnInclude/GeometricField.H:660,
                 from /opt/openfoam5/src/OpenFOAM/lnInclude/GeometricScalarField.H:38,
                 from /opt/openfoam5/src/OpenFOAM/lnInclude/GeometricFields.H:34,
                 from /opt/openfoam5/src/finiteVolume/lnInclude/volFields.H:37,
                 from /opt/openfoam5/src/finiteVolume/lnInclude/surfaceInterpolationScheme.C:27,
                 from /opt/openfoam5/src/finiteVolume/lnInclude/surfaceInterpolationScheme.H:307,
                 from /opt/openfoam5/src/finiteVolume/lnInclude/surfaceInterpolate.H:41,
                 from /opt/openfoam5/src/finiteVolume/lnInclude/fvc.H:39,
                 from /opt/openfoam5/src/finiteVolume/lnInclude/fvCFD.H:8,
                 from pamFoam.C:36:
/opt/openfoam5/src/OpenFOAM/lnInclude/DiagTensorI.H:124:1: note: candidate: template<class Cmpt> Foam::Tensor<Cmpt> Foam::operator+(const Foam::DiagTensor<Cmpt>&, const Foam::Tensor<Cmpt>&)
 operator+(const DiagTensor<Cmpt>& dt1, const Tensor<Cmpt>& t2)
 ^
/opt/openfoam5/src/OpenFOAM/lnInclude/DiagTensorI.H:124:1: note:   template argument deduction/substitution failed:
In file included from pamFoam.C:142:0:
./processModels/XIEqn.H:9:7: note:   'const volScalarField {aka const Foam::GeometricField<double, Foam::fvPatchField, Foam::volMesh>}' is not derived from 'const Foam::DiagTensor<Cmpt>'
     + alphaLiquid*fXIXS*rhoHydrolysis
       ^
In file included from /opt/openfoam5/src/OpenFOAM/lnInclude/DiagTensor.H:115:0,
                 from /opt/openfoam5/src/OpenFOAM/lnInclude/diagTensor.H:38,
                 from /opt/openfoam5/src/OpenFOAM/lnInclude/diagTensorField.H:39,
                 from /opt/openfoam5/src/OpenFOAM/lnInclude/coupledPolyPatch.H:41,
                 from /opt/openfoam5/src/OpenFOAM/lnInclude/processorPolyPatch.H:42,
                 from /opt/openfoam5/src/OpenFOAM/lnInclude/processorTopology.H:30,
                 from /opt/openfoam5/src/OpenFOAM/lnInclude/globalMeshData.H:84,
                 from /opt/openfoam5/src/OpenFOAM/lnInclude/GeometricBoundaryField.C:28,
                 from /opt/openfoam5/src/OpenFOAM/lnInclude/GeometricField.C:1352,
                 from /opt/openfoam5/src/OpenFOAM/lnInclude/GeometricField.H:660,
                 from /opt/openfoam5/src/OpenFOAM/lnInclude/GeometricScalarField.H:38,
                 from /opt/openfoam5/src/OpenFOAM/lnInclude/GeometricFields.H:34,
                 from /opt/openfoam5/src/finiteVolume/lnInclude/volFields.H:37,
                 from /opt/openfoam5/src/finiteVolume/lnInclude/surfaceInterpolationScheme.C:27,
                 from /opt/openfoam5/src/finiteVolume/lnInclude/surfaceInterpolationScheme.H:307,
                 from /opt/openfoam5/src/finiteVolume/lnInclude/surfaceInterpolate.H:41,
                 from /opt/openfoam5/src/finiteVolume/lnInclude/fvc.H:39,
                 from /opt/openfoam5/src/finiteVolume/lnInclude/fvCFD.H:8,
                 from pamFoam.C:36:
/opt/openfoam5/src/OpenFOAM/lnInclude/DiagTensorI.H:137:1: note: candidate: template<class Cmpt> Foam::Tensor<Cmpt> Foam::operator+(const Foam::Tensor<Cmpt>&, const Foam::DiagTensor<Cmpt>&)
 operator+(const Tensor<Cmpt>& t1, const DiagTensor<Cmpt>& dt2)
 ^
/opt/openfoam5/src/OpenFOAM/lnInclude/DiagTensorI.H:137:1: note:   template argument deduction/substitution failed:
In file included from pamFoam.C:142:0:
./processModels/XIEqn.H:9:7: note:   'const volScalarField {aka const Foam::GeometricField<double, Foam::fvPatchField, Foam::volMesh>}' is not derived from 'const Foam::Tensor<Cmpt>'
     + alphaLiquid*fXIXS*rhoHydrolysis
       ^
In file included from /opt/openfoam5/src/OpenFOAM/lnInclude/diagTensorField.H:42:0,
                 from /opt/openfoam5/src/OpenFOAM/lnInclude/coupledPolyPatch.H:41,
                 from /opt/openfoam5/src/OpenFOAM/lnInclude/processorPolyPatch.H:42,
                 from /opt/openfoam5/src/OpenFOAM/lnInclude/processorTopology.H:30,
                 from /opt/openfoam5/src/OpenFOAM/lnInclude/globalMeshData.H:84,
                 from /opt/openfoam5/src/OpenFOAM/lnInclude/GeometricBoundaryField.C:28,
                 from /opt/openfoam5/src/OpenFOAM/lnInclude/GeometricField.C:1352,
                 from /opt/openfoam5/src/OpenFOAM/lnInclude/GeometricField.H:660,
                 from /opt/openfoam5/src/OpenFOAM/lnInclude/GeometricScalarField.H:38,
                 from /opt/openfoam5/src/OpenFOAM/lnInclude/GeometricFields.H:34,
                 from /opt/openfoam5/src/finiteVolume/lnInclude/volFields.H:37,
                 from /opt/openfoam5/src/finiteVolume/lnInclude/surfaceInterpolationScheme.C:27,
                 from /opt/openfoam5/src/finiteVolume/lnInclude/surfaceInterpolationScheme.H:307,
                 from /opt/openfoam5/src/finiteVolume/lnInclude/surfaceInterpolate.H:41,
                 from /opt/openfoam5/src/finiteVolume/lnInclude/fvc.H:39,
                 from /opt/openfoam5/src/finiteVolume/lnInclude/fvCFD.H:8,
                 from pamFoam.C:36:
/opt/openfoam5/src/OpenFOAM/lnInclude/FieldFunctionsM.H:166:24: note: candidate: Foam::tmp<Foam::Field<Foam::Tensor<double> > > Foam::operator+(const Foam::UList<Foam::DiagTensor<double> >&, const Foam::UList<Foam::Tensor<double> >&)
 tmp<Field<ReturnType>> operator Op                                             \
                        ^
/opt/openfoam5/src/OpenFOAM/lnInclude/diagTensorField.H:60:1: note: in expansion of macro 'BINARY_OPERATOR'
 BINARY_OPERATOR(tensor, diagTensor, tensor, +, add)
 ^
/opt/openfoam5/src/OpenFOAM/lnInclude/FieldFunctionsM.H:166:24: note:   candidate expects 2 arguments, 1 provided
 tmp<Field<ReturnType>> operator Op                                             \
                        ^
/opt/openfoam5/src/OpenFOAM/lnInclude/diagTensorField.H:60:1: note: in expansion of macro 'BINARY_OPERATOR'
 BINARY_OPERATOR(tensor, diagTensor, tensor, +, add)
 ^
/opt/openfoam5/src/OpenFOAM/lnInclude/FieldFunctionsM.H:173:24: note: candidate: Foam::tmp<Foam::Field<Foam::Tensor<double> > > Foam::operator+(const Foam::UList<Foam::DiagTensor<double> >&, const Foam::tmp<Foam::Field<Foam::Tensor<double> > >&)
 tmp<Field<ReturnType>> operator Op                                             \
                        ^
/opt/openfoam5/src/OpenFOAM/lnInclude/diagTensorField.H:60:1: note: in expansion of macro 'BINARY_OPERATOR'
 BINARY_OPERATOR(tensor, diagTensor, tensor, +, add)
 ^
/opt/openfoam5/src/OpenFOAM/lnInclude/FieldFunctionsM.H:173:24: note:   candidate expects 2 arguments, 1 provided
 tmp<Field<ReturnType>> operator Op                                             \
                        ^
/opt/openfoam5/src/OpenFOAM/lnInclude/diagTensorField.H:60:1: note: in expansion of macro 'BINARY_OPERATOR'
 BINARY_OPERATOR(tensor, diagTensor, tensor, +, add)
 ^
/opt/openfoam5/src/OpenFOAM/lnInclude/FieldFunctionsM.H:180:24: note: candidate: Foam::tmp<Foam::Field<Foam::Tensor<double> > > Foam::operator+(const Foam::tmp<Foam::Field<Foam::DiagTensor<double> > >&, const Foam::UList<Foam::Tensor<double> >&)
 tmp<Field<ReturnType>> operator Op                                             \
                        ^
/opt/openfoam5/src/OpenFOAM/lnInclude/diagTensorField.H:60:1: note: in expansion of macro 'BINARY_OPERATOR'
 BINARY_OPERATOR(tensor, diagTensor, tensor, +, add)
 ^
/opt/openfoam5/src/OpenFOAM/lnInclude/FieldFunctionsM.H:180:24: note:   candidate expects 2 arguments, 1 provided
 tmp<Field<ReturnType>> operator Op                                             \
                        ^
/opt/openfoam5/src/OpenFOAM/lnInclude/diagTensorField.H:60:1: note: in expansion of macro 'BINARY_OPERATOR'
 BINARY_OPERATOR(tensor, diagTensor, tensor, +, add)
 ^
/opt/openfoam5/src/OpenFOAM/lnInclude/FieldFunctionsM.H:187:24: note: candidate: Foam::tmp<Foam::Field<Foam::Tensor<double> > > Foam::operator+(const Foam::tmp<Foam::Field<Foam::DiagTensor<double> > >&, const Foam::tmp<Foam::Field<Foam::Tensor<double> > >&)
 tmp<Field<ReturnType>> operator Op                                             \
                        ^
/opt/openfoam5/src/OpenFOAM/lnInclude/diagTensorField.H:60:1: note: in expansion of macro 'BINARY_OPERATOR'
 BINARY_OPERATOR(tensor, diagTensor, tensor, +, add)
 ^
/opt/openfoam5/src/OpenFOAM/lnInclude/FieldFunctionsM.H:187:24: note:   candidate expects 2 arguments, 1 provided
 tmp<Field<ReturnType>> operator Op                                             \
                        ^
/opt/openfoam5/src/OpenFOAM/lnInclude/diagTensorField.H:60:1: note: in expansion of macro 'BINARY_OPERATOR'
 BINARY_OPERATOR(tensor, diagTensor, tensor, +, add)
 ^
/opt/openfoam5/src/OpenFOAM/lnInclude/FieldFunctionsM.H:207:24: note: candidate: Foam::tmp<Foam::Field<Foam::Tensor<double> > > Foam::operator+(const diagTensor&, const Foam::UList<Foam::Tensor<double> >&)
 tmp<Field<ReturnType>> operator Op                                             \
                        ^
/opt/openfoam5/src/OpenFOAM/lnInclude/FieldFunctionsM.H:247:5: note: in expansion of macro 'BINARY_TYPE_OPERATOR_SF'
     BINARY_TYPE_OPERATOR_SF(ReturnType, Type1, Type2, Op, OpFunc)              \
     ^
/opt/openfoam5/src/OpenFOAM/lnInclude/diagTensorField.H:63:1: note: in expansion of macro 'BINARY_TYPE_OPERATOR'
 BINARY_TYPE_OPERATOR(tensor, diagTensor, tensor, +, add)
 ^
/opt/openfoam5/src/OpenFOAM/lnInclude/FieldFunctionsM.H:207:24: note:   candidate expects 2 arguments, 1 provided
 tmp<Field<ReturnType>> operator Op                                             \
                        ^
/opt/openfoam5/src/OpenFOAM/lnInclude/FieldFunctionsM.H:247:5: note: in expansion of macro 'BINARY_TYPE_OPERATOR_SF'
     BINARY_TYPE_OPERATOR_SF(ReturnType, Type1, Type2, Op, OpFunc)              \
     ^
/opt/openfoam5/src/OpenFOAM/lnInclude/diagTensorField.H:63:1: note: in expansion of macro 'BINARY_TYPE_OPERATOR'
 BINARY_TYPE_OPERATOR(tensor, diagTensor, tensor, +, add)
 ^
/opt/openfoam5/src/OpenFOAM/lnInclude/FieldFunctionsM.H:214:24: note: candidate: Foam::tmp<Foam::Field<Foam::Tensor<double> > > Foam::operator+(const diagTensor&, const Foam::tmp<Foam::Field<Foam::Tensor<double> > >&)
 tmp<Field<ReturnType>> operator Op                                             \
                        ^
/opt/openfoam5/src/OpenFOAM/lnInclude/FieldFunctionsM.H:247:5: note: in expansion of macro 'BINARY_TYPE_OPERATOR_SF'
     BINARY_TYPE_OPERATOR_SF(ReturnType, Type1, Type2, Op, OpFunc)              \
     ^
/opt/openfoam5/src/OpenFOAM/lnInclude/diagTensorField.H:63:1: note: in expansion of macro 'BINARY_TYPE_OPERATOR'
 BINARY_TYPE_OPERATOR(tensor, diagTensor, tensor, +, add)
 ^
/opt/openfoam5/src/OpenFOAM/lnInclude/FieldFunctionsM.H:214:24: note:   candidate expects 2 arguments, 1 provided
 tmp<Field<ReturnType>> operator Op                                             \
                        ^
/opt/openfoam5/src/OpenFOAM/lnInclude/FieldFunctionsM.H:247:5: note: in expansion of macro 'BINARY_TYPE_OPERATOR_SF'
     BINARY_TYPE_OPERATOR_SF(ReturnType, Type1, Type2, Op, OpFunc)              \
     ^
/opt/openfoam5/src/OpenFOAM/lnInclude/diagTensorField.H:63:1: note: in expansion of macro 'BINARY_TYPE_OPERATOR'
 BINARY_TYPE_OPERATOR(tensor, diagTensor, tensor, +, add)
 ^
/opt/openfoam5/src/OpenFOAM/lnInclude/FieldFunctionsM.H:232:24: note: candidate: Foam::tmp<Foam::Field<Foam::Tensor<double> > > Foam::operator+(const Foam::UList<Foam::DiagTensor<double> >&, const tensor&)
 tmp<Field<ReturnType>> operator Op                                             \
                        ^
/opt/openfoam5/src/OpenFOAM/lnInclude/FieldFunctionsM.H:248:5: note: in expansion of macro 'BINARY_TYPE_OPERATOR_FS'
     BINARY_TYPE_OPERATOR_FS(ReturnType, Type1, Type2, Op, OpFunc)
     ^
/opt/openfoam5/src/OpenFOAM/lnInclude/diagTensorField.H:63:1: note: in expansion of macro 'BINARY_TYPE_OPERATOR'
 BINARY_TYPE_OPERATOR(tensor, diagTensor, tensor, +, add)
 ^
/opt/openfoam5/src/OpenFOAM/lnInclude/FieldFunctionsM.H:232:24: note:   candidate expects 2 arguments, 1 provided
 tmp<Field<ReturnType>> operator Op                                             \
                        ^
/opt/openfoam5/src/OpenFOAM/lnInclude/FieldFunctionsM.H:248:5: note: in expansion of macro 'BINARY_TYPE_OPERATOR_FS'
     BINARY_TYPE_OPERATOR_FS(ReturnType, Type1, Type2, Op, OpFunc)
     ^
/opt/openfoam5/src/OpenFOAM/lnInclude/diagTensorField.H:63:1: note: in expansion of macro 'BINARY_TYPE_OPERATOR'
 BINARY_TYPE_OPERATOR(tensor, diagTensor, tensor, +, add)
 ^
/opt/openfoam5/src/OpenFOAM/lnInclude/FieldFunctionsM.H:239:24: note: candidate: Foam::tmp<Foam::Field<Foam::Tensor<double> > > Foam::operator+(const Foam::tmp<Foam::Field<Foam::DiagTensor<double> > >&, const tensor&)
 tmp<Field<ReturnType>> operator Op                                             \
                        ^
/opt/openfoam5/src/OpenFOAM/lnInclude/FieldFunctionsM.H:248:5: note: in expansion of macro 'BINARY_TYPE_OPERATOR_FS'
     BINARY_TYPE_OPERATOR_FS(ReturnType, Type1, Type2, Op, OpFunc)
     ^
/opt/openfoam5/src/OpenFOAM/lnInclude/diagTensorField.H:63:1: note: in expansion of macro 'BINARY_TYPE_OPERATOR'
 BINARY_TYPE_OPERATOR(tensor, diagTensor, tensor, +, add)
 ^
/opt/openfoam5/src/OpenFOAM/lnInclude/FieldFunctionsM.H:239:24: note:   candidate expects 2 arguments, 1 provided
 tmp<Field<ReturnType>> operator Op                                             \
                        ^
/opt/openfoam5/src/OpenFOAM/lnInclude/FieldFunctionsM.H:248:5: note: in expansion of macro 'BINARY_TYPE_OPERATOR_FS'
     BINARY_TYPE_OPERATOR_FS(ReturnType, Type1, Type2, Op, OpFunc)
     ^
/opt/openfoam5/src/OpenFOAM/lnInclude/diagTensorField.H:63:1: note: in expansion of macro 'BINARY_TYPE_OPERATOR'
 BINARY_TYPE_OPERATOR(tensor, diagTensor, tensor, +, add)
 ^
In file included from /opt/openfoam5/src/OpenFOAM/lnInclude/vectorTensorTransform.H:248:0,
                 from /opt/openfoam5/src/OpenFOAM/lnInclude/mapDistribute.H:138,
                 from /opt/openfoam5/src/OpenFOAM/lnInclude/globalMeshDataTemplates.C:28,
                 from /opt/openfoam5/src/OpenFOAM/lnInclude/globalMeshData.H:627,
                 from /opt/openfoam5/src/OpenFOAM/lnInclude/GeometricBoundaryField.C:28,
                 from /opt/openfoam5/src/OpenFOAM/lnInclude/GeometricField.C:1352,
                 from /opt/openfoam5/src/OpenFOAM/lnInclude/GeometricField.H:660,
                 from /opt/openfoam5/src/OpenFOAM/lnInclude/GeometricScalarField.H:38,
                 from /opt/openfoam5/src/OpenFOAM/lnInclude/GeometricFields.H:34,
                 from /opt/openfoam5/src/finiteVolume/lnInclude/volFields.H:37,
                 from /opt/openfoam5/src/finiteVolume/lnInclude/surfaceInterpolationScheme.C:27,
                 from /opt/openfoam5/src/finiteVolume/lnInclude/surfaceInterpolationScheme.H:307,
                 from /opt/openfoam5/src/finiteVolume/lnInclude/surfaceInterpolate.H:41,
                 from /opt/openfoam5/src/finiteVolume/lnInclude/fvc.H:39,
                 from /opt/openfoam5/src/finiteVolume/lnInclude/fvCFD.H:8,
                 from pamFoam.C:36:
/opt/openfoam5/src/OpenFOAM/lnInclude/vectorTensorTransformI.H:263:36: note: candidate: Foam::vectorTensorTransform Foam::operator+(const Foam::vectorTensorTransform&, const vector&)
 inline Foam::vectorTensorTransform Foam::operator+
                                    ^
/opt/openfoam5/src/OpenFOAM/lnInclude/vectorTensorTransformI.H:263:36: note:   candidate expects 2 arguments, 1 provided
/opt/openfoam5/src/OpenFOAM/lnInclude/vectorTensorTransformI.H:273:36: note: candidate: Foam::vectorTensorTransform Foam::operator+(const vector&, const Foam::vectorTensorTransform&)
 inline Foam::vectorTensorTransform Foam::operator+
                                    ^
/opt/openfoam5/src/OpenFOAM/lnInclude/vectorTensorTransformI.H:273:36: note:   candidate expects 2 arguments, 1 provided
In file included from /opt/openfoam5/src/OpenFOAM/lnInclude/quaternion.H:304:0,
                 from /opt/openfoam5/src/OpenFOAM/lnInclude/transformField.H:39,
                 from /opt/openfoam5/src/OpenFOAM/lnInclude/mapDistributeTemplates.C:30,
                 from /opt/openfoam5/src/OpenFOAM/lnInclude/mapDistribute.H:655,
                 from /opt/openfoam5/src/OpenFOAM/lnInclude/globalMeshDataTemplates.C:28,
                 from /opt/openfoam5/src/OpenFOAM/lnInclude/globalMeshData.H:627,
                 from /opt/openfoam5/src/OpenFOAM/lnInclude/GeometricBoundaryField.C:28,
                 from /opt/openfoam5/src/OpenFOAM/lnInclude/GeometricField.C:1352,
                 from /opt/openfoam5/src/OpenFOAM/lnInclude/GeometricField.H:660,
                 from /opt/openfoam5/src/OpenFOAM/lnInclude/GeometricScalarField.H:38,
                 from /opt/openfoam5/src/OpenFOAM/lnInclude/GeometricFields.H:34,
                 from /opt/openfoam5/src/finiteVolume/lnInclude/volFields.H:37,
                 from /opt/openfoam5/src/finiteVolume/lnInclude/surfaceInterpolationScheme.C:27,
                 from /opt/openfoam5/src/finiteVolume/lnInclude/surfaceInterpolationScheme.H:307,
                 from /opt/openfoam5/src/finiteVolume/lnInclude/surfaceInterpolate.H:41,
                 from /opt/openfoam5/src/finiteVolume/lnInclude/fvc.H:39,
                 from /opt/openfoam5/src/finiteVolume/lnInclude/fvCFD.H:8,
                 from pamFoam.C:36:
/opt/openfoam5/src/OpenFOAM/lnInclude/quaternionI.H:629:25: note: candidate: Foam::quaternion Foam::operator+(const Foam::quaternion&, const Foam::quaternion&)
 inline Foam::quaternion Foam::operator+
                         ^
/opt/openfoam5/src/OpenFOAM/lnInclude/quaternionI.H:629:25: note:   candidate expects 2 arguments, 1 provided
In file included from /opt/openfoam5/src/OpenFOAM/lnInclude/septernion.H:206:0,
                 from /opt/openfoam5/src/OpenFOAM/lnInclude/transformField.H:40,
                 from /opt/openfoam5/src/OpenFOAM/lnInclude/mapDistributeTemplates.C:30,
                 from /opt/openfoam5/src/OpenFOAM/lnInclude/mapDistribute.H:655,
                 from /opt/openfoam5/src/OpenFOAM/lnInclude/globalMeshDataTemplates.C:28,
                 from /opt/openfoam5/src/OpenFOAM/lnInclude/globalMeshData.H:627,
                 from /opt/openfoam5/src/OpenFOAM/lnInclude/GeometricBoundaryField.C:28,
                 from /opt/openfoam5/src/OpenFOAM/lnInclude/GeometricField.C:1352,
                 from /opt/openfoam5/src/OpenFOAM/lnInclude/GeometricField.H:660,
                 from /opt/openfoam5/src/OpenFOAM/lnInclude/GeometricScalarField.H:38,
                 from /opt/openfoam5/src/OpenFOAM/lnInclude/GeometricFields.H:34,
                 from /opt/openfoam5/src/finiteVolume/lnInclude/volFields.H:37,
                 from /opt/openfoam5/src/finiteVolume/lnInclude/surfaceInterpolationScheme.C:27,
                 from /opt/openfoam5/src/finiteVolume/lnInclude/surfaceInterpolationScheme.H:307,
                 from /opt/openfoam5/src/finiteVolume/lnInclude/surfaceInterpolate.H:41,
                 from /opt/openfoam5/src/finiteVolume/lnInclude/fvc.H:39,
                 from /opt/openfoam5/src/finiteVolume/lnInclude/fvCFD.H:8,
                 from pamFoam.C:36:
/opt/openfoam5/src/OpenFOAM/lnInclude/septernionI.H:180:25: note: candidate: Foam::septernion Foam::operator+(const Foam::septernion&, const vector&)
 inline Foam::septernion Foam::operator+
                         ^
/opt/openfoam5/src/OpenFOAM/lnInclude/septernionI.H:180:25: note:   candidate expects 2 arguments, 1 provided
/opt/openfoam5/src/OpenFOAM/lnInclude/septernionI.H:190:25: note: candidate: Foam::septernion Foam::operator+(const vector&, const Foam::septernion&)
 inline Foam::septernion Foam::operator+
                         ^
/opt/openfoam5/src/OpenFOAM/lnInclude/septernionI.H:190:25: note:   candidate expects 2 arguments, 1 provided
In file included from /opt/openfoam5/src/OpenFOAM/lnInclude/GeometricField.C:1353:0,
                 from /opt/openfoam5/src/OpenFOAM/lnInclude/GeometricField.H:660,
                 from /opt/openfoam5/src/OpenFOAM/lnInclude/GeometricScalarField.H:38,
                 from /opt/openfoam5/src/OpenFOAM/lnInclude/GeometricFields.H:34,
                 from /opt/openfoam5/src/finiteVolume/lnInclude/volFields.H:37,
                 from /opt/openfoam5/src/finiteVolume/lnInclude/surfaceInterpolationScheme.C:27,
                 from /opt/openfoam5/src/finiteVolume/lnInclude/surfaceInterpolationScheme.H:307,
                 from /opt/openfoam5/src/finiteVolume/lnInclude/surfaceInterpolate.H:41,
                 from /opt/openfoam5/src/finiteVolume/lnInclude/fvc.H:39,
                 from /opt/openfoam5/src/finiteVolume/lnInclude/fvCFD.H:8,
                 from pamFoam.C:36:
/opt/openfoam5/src/OpenFOAM/lnInclude/GeometricFieldFunctions.C:622:1: note: candidate: template<class Type1, class Type2, template<class> class PatchField, class GeoMesh> Foam::tmp<Foam::GeometricField<typename Foam::typeOfSum<Type1, Type2>::type, PatchField, GeoMesh> > Foam::operator+(const Foam::GeometricField<TypeR, PatchField, GeoMesh>&, const Foam::GeometricField<Type1, PatchField, GeoMesh>&)
 operator op                                                                    \
 ^
/opt/openfoam5/src/OpenFOAM/lnInclude/GeometricFieldFunctions.C:971:1: note: in expansion of macro 'PRODUCT_OPERATOR'
 PRODUCT_OPERATOR(typeOfSum, +, add)
 ^
/opt/openfoam5/src/OpenFOAM/lnInclude/GeometricFieldFunctions.C:622:1: note:   template argument deduction/substitution failed:
 operator op                                                                    \
 ^
/opt/openfoam5/src/OpenFOAM/lnInclude/GeometricFieldFunctions.C:971:1: note: in expansion of macro 'PRODUCT_OPERATOR'
 PRODUCT_OPERATOR(typeOfSum, +, add)
 ^
In file included from pamFoam.C:142:0:
./processModels/XIEqn.H:9:7: note:   candidate expects 2 arguments, 1 provided
     + alphaLiquid*fXIXS*rhoHydrolysis
       ^
In file included from /opt/openfoam5/src/OpenFOAM/lnInclude/GeometricField.C:1353:0,
                 from /opt/openfoam5/src/OpenFOAM/lnInclude/GeometricField.H:660,
                 from /opt/openfoam5/src/OpenFOAM/lnInclude/GeometricScalarField.H:38,
                 from /opt/openfoam5/src/OpenFOAM/lnInclude/GeometricFields.H:34,
                 from /opt/openfoam5/src/finiteVolume/lnInclude/volFields.H:37,
                 from /opt/openfoam5/src/finiteVolume/lnInclude/surfaceInterpolationScheme.C:27,
                 from /opt/openfoam5/src/finiteVolume/lnInclude/surfaceInterpolationScheme.H:307,
                 from /opt/openfoam5/src/finiteVolume/lnInclude/surfaceInterpolate.H:41,
                 from /opt/openfoam5/src/finiteVolume/lnInclude/fvc.H:39,
                 from /opt/openfoam5/src/finiteVolume/lnInclude/fvCFD.H:8,
                 from pamFoam.C:36:
/opt/openfoam5/src/OpenFOAM/lnInclude/GeometricFieldFunctions.C:657:1: note: candidate: template<class Type1, class Type2, template<class> class PatchField, class GeoMesh> Foam::tmp<Foam::GeometricField<typename Foam::typeOfSum<Type1, Type2>::type, PatchField, GeoMesh> > Foam::operator+(const Foam::GeometricField<TypeR, PatchField, GeoMesh>&, const Foam::tmp<Foam::GeometricField<Type1, PatchField, GeoMesh> >&)
 operator op                                                                    \
 ^
/opt/openfoam5/src/OpenFOAM/lnInclude/GeometricFieldFunctions.C:971:1: note: in expansion of macro 'PRODUCT_OPERATOR'
 PRODUCT_OPERATOR(typeOfSum, +, add)
 ^
/opt/openfoam5/src/OpenFOAM/lnInclude/GeometricFieldFunctions.C:657:1: note:   template argument deduction/substitution failed:
 operator op                                                                    \
 ^
/opt/openfoam5/src/OpenFOAM/lnInclude/GeometricFieldFunctions.C:971:1: note: in expansion of macro 'PRODUCT_OPERATOR'
 PRODUCT_OPERATOR(typeOfSum, +, add)
 ^
In file included from pamFoam.C:142:0:
./processModels/XIEqn.H:9:7: note:   candidate expects 2 arguments, 1 provided
     + alphaLiquid*fXIXS*rhoHydrolysis
       ^
In file included from /opt/openfoam5/src/OpenFOAM/lnInclude/GeometricField.C:1353:0,
                 from /opt/openfoam5/src/OpenFOAM/lnInclude/GeometricField.H:660,
                 from /opt/openfoam5/src/OpenFOAM/lnInclude/GeometricScalarField.H:38,
                 from /opt/openfoam5/src/OpenFOAM/lnInclude/GeometricFields.H:34,
                 from /opt/openfoam5/src/finiteVolume/lnInclude/volFields.H:37,
                 from /opt/openfoam5/src/finiteVolume/lnInclude/surfaceInterpolationScheme.C:27,
                 from /opt/openfoam5/src/finiteVolume/lnInclude/surfaceInterpolationScheme.H:307,
                 from /opt/openfoam5/src/finiteVolume/lnInclude/surfaceInterpolate.H:41,
                 from /opt/openfoam5/src/finiteVolume/lnInclude/fvc.H:39,
                 from /opt/openfoam5/src/finiteVolume/lnInclude/fvCFD.H:8,
                 from pamFoam.C:36:
/opt/openfoam5/src/OpenFOAM/lnInclude/GeometricFieldFunctions.C:688:1: note: candidate: template<class Type1, class Type2, template<class> class PatchField, class GeoMesh> Foam::tmp<Foam::GeometricField<typename Foam::typeOfSum<Type1, Type2>::type, PatchField, GeoMesh> > Foam::operator+(const Foam::tmp<Foam::GeometricField<TypeR, PatchField, GeoMesh> >&, const Foam::GeometricField<Type1, PatchField, GeoMesh>&)
 operator op                                                                    \
 ^
/opt/openfoam5/src/OpenFOAM/lnInclude/GeometricFieldFunctions.C:971:1: note: in expansion of macro 'PRODUCT_OPERATOR'
 PRODUCT_OPERATOR(typeOfSum, +, add)
 ^
/opt/openfoam5/src/OpenFOAM/lnInclude/GeometricFieldFunctions.C:688:1: note:   template argument deduction/substitution failed:
 operator op                                                                    \
 ^
/opt/openfoam5/src/OpenFOAM/lnInclude/GeometricFieldFunctions.C:971:1: note: in expansion of macro 'PRODUCT_OPERATOR'
 PRODUCT_OPERATOR(typeOfSum, +, add)
 ^
In file included from pamFoam.C:142:0:
./processModels/XIEqn.H:9:7: note:   'const volScalarField {aka const Foam::GeometricField<double, Foam::fvPatchField, Foam::volMesh>}' is not derived from 'const Foam::tmp<Foam::GeometricField<TypeR, PatchField, GeoMesh> >'
     + alphaLiquid*fXIXS*rhoHydrolysis
       ^
In file included from /opt/openfoam5/src/OpenFOAM/lnInclude/GeometricField.C:1353:0,
                 from /opt/openfoam5/src/OpenFOAM/lnInclude/GeometricField.H:660,
                 from /opt/openfoam5/src/OpenFOAM/lnInclude/GeometricScalarField.H:38,
                 from /opt/openfoam5/src/OpenFOAM/lnInclude/GeometricFields.H:34,
                 from /opt/openfoam5/src/finiteVolume/lnInclude/volFields.H:37,
                 from /opt/openfoam5/src/finiteVolume/lnInclude/surfaceInterpolationScheme.C:27,
                 from /opt/openfoam5/src/finiteVolume/lnInclude/surfaceInterpolationScheme.H:307,
                 from /opt/openfoam5/src/finiteVolume/lnInclude/surfaceInterpolate.H:41,
                 from /opt/openfoam5/src/finiteVolume/lnInclude/fvc.H:39,
                 from /opt/openfoam5/src/finiteVolume/lnInclude/fvCFD.H:8,
                 from pamFoam.C:36:
/opt/openfoam5/src/OpenFOAM/lnInclude/GeometricFieldFunctions.C:719:1: note: candidate: template<class Type1, class Type2, template<class> class PatchField, class GeoMesh> Foam::tmp<Foam::GeometricField<typename Foam::typeOfSum<Type1, Type2>::type, PatchField, GeoMesh> > Foam::operator+(const Foam::tmp<Foam::GeometricField<TypeR, PatchField, GeoMesh> >&, const Foam::tmp<Foam::GeometricField<Type1, PatchField, GeoMesh> >&)
 operator op                                                                    \
 ^
/opt/openfoam5/src/OpenFOAM/lnInclude/GeometricFieldFunctions.C:971:1: note: in expansion of macro 'PRODUCT_OPERATOR'
 PRODUCT_OPERATOR(typeOfSum, +, add)
 ^
/opt/openfoam5/src/OpenFOAM/lnInclude/GeometricFieldFunctions.C:719:1: note:   template argument deduction/substitution failed:
 operator op                                                                    \
 ^
/opt/openfoam5/src/OpenFOAM/lnInclude/GeometricFieldFunctions.C:971:1: note: in expansion of macro 'PRODUCT_OPERATOR'
 PRODUCT_OPERATOR(typeOfSum, +, add)
 ^
In file included from pamFoam.C:142:0:
./processModels/XIEqn.H:9:7: note:   'const volScalarField {aka const Foam::GeometricField<double, Foam::fvPatchField, Foam::volMesh>}' is not derived from 'const Foam::tmp<Foam::GeometricField<TypeR, PatchField, GeoMesh> >'
     + alphaLiquid*fXIXS*rhoHydrolysis
       ^
In file included from /opt/openfoam5/src/OpenFOAM/lnInclude/GeometricField.C:1353:0,
                 from /opt/openfoam5/src/OpenFOAM/lnInclude/GeometricField.H:660,
                 from /opt/openfoam5/src/OpenFOAM/lnInclude/GeometricScalarField.H:38,
                 from /opt/openfoam5/src/OpenFOAM/lnInclude/GeometricFields.H:34,
                 from /opt/openfoam5/src/finiteVolume/lnInclude/volFields.H:37,
                 from /opt/openfoam5/src/finiteVolume/lnInclude/surfaceInterpolationScheme.C:27,
                 from /opt/openfoam5/src/finiteVolume/lnInclude/surfaceInterpolationScheme.H:307,
                 from /opt/openfoam5/src/finiteVolume/lnInclude/surfaceInterpolate.H:41,
                 from /opt/openfoam5/src/finiteVolume/lnInclude/fvc.H:39,
                 from /opt/openfoam5/src/finiteVolume/lnInclude/fvCFD.H:8,
                 from pamFoam.C:36:
/opt/openfoam5/src/OpenFOAM/lnInclude/GeometricFieldFunctions.C:765:1: note: candidate: template<class Form, class Type, template<class> class PatchField, class GeoMesh> Foam::tmp<Foam::GeometricField<typename Foam::typeOfSum<Type, Form>::type, PatchField, GeoMesh> > Foam::operator+(const Foam::GeometricField<Type1, PatchField, GeoMesh>&, const Foam::dimensioned<Type>&)
 operator op                                                                    \
 ^
/opt/openfoam5/src/OpenFOAM/lnInclude/GeometricFieldFunctions.C:971:1: note: in expansion of macro 'PRODUCT_OPERATOR'
 PRODUCT_OPERATOR(typeOfSum, +, add)
 ^
/opt/openfoam5/src/OpenFOAM/lnInclude/GeometricFieldFunctions.C:765:1: note:   template argument deduction/substitution failed:
 operator op                                                                    \
 ^
/opt/openfoam5/src/OpenFOAM/lnInclude/GeometricFieldFunctions.C:971:1: note: in expansion of macro 'PRODUCT_OPERATOR'
 PRODUCT_OPERATOR(typeOfSum, +, add)
 ^
In file included from pamFoam.C:142:0:
./processModels/XIEqn.H:9:7: note:   candidate expects 2 arguments, 1 provided
     + alphaLiquid*fXIXS*rhoHydrolysis
       ^
In file included from /opt/openfoam5/src/OpenFOAM/lnInclude/GeometricField.C:1353:0,
                 from /opt/openfoam5/src/OpenFOAM/lnInclude/GeometricField.H:660,
                 from /opt/openfoam5/src/OpenFOAM/lnInclude/GeometricScalarField.H:38,
                 from /opt/openfoam5/src/OpenFOAM/lnInclude/GeometricFields.H:34,
                 from /opt/openfoam5/src/finiteVolume/lnInclude/volFields.H:37,
                 from /opt/openfoam5/src/finiteVolume/lnInclude/surfaceInterpolationScheme.C:27,
                 from /opt/openfoam5/src/finiteVolume/lnInclude/surfaceInterpolationScheme.H:307,
                 from /opt/openfoam5/src/finiteVolume/lnInclude/surfaceInterpolate.H:41,
                 from /opt/openfoam5/src/finiteVolume/lnInclude/fvc.H:39,
                 from /opt/openfoam5/src/finiteVolume/lnInclude/fvCFD.H:8,
                 from pamFoam.C:36:
/opt/openfoam5/src/OpenFOAM/lnInclude/GeometricFieldFunctions.C:804:1: note: candidate: template<class Form, class Cmpt, unsigned char nCmpt, class Type, template<class> class PatchField, class GeoMesh> Foam::tmp<Foam::GeometricField<typename Foam::typeOfSum<Form, Type>::type, PatchField, GeoMesh> > Foam::operator+(const Foam::GeometricField<Type2, PatchField, GeoMesh>&, const Foam::VectorSpace<Form, Cmpt, Ncmpts>&)
 operator op                                                                    \
 ^
/opt/openfoam5/src/OpenFOAM/lnInclude/GeometricFieldFunctions.C:971:1: note: in expansion of macro 'PRODUCT_OPERATOR'
 PRODUCT_OPERATOR(typeOfSum, +, add)
 ^
/opt/openfoam5/src/OpenFOAM/lnInclude/GeometricFieldFunctions.C:804:1: note:   template argument deduction/substitution failed:
 operator op                                                                    \
 ^
/opt/openfoam5/src/OpenFOAM/lnInclude/GeometricFieldFunctions.C:971:1: note: in expansion of macro 'PRODUCT_OPERATOR'
 PRODUCT_OPERATOR(typeOfSum, +, add)
 ^
In file included from pamFoam.C:142:0:
./processModels/XIEqn.H:9:7: note:   candidate expects 2 arguments, 1 provided
     + alphaLiquid*fXIXS*rhoHydrolysis
       ^
In file included from /opt/openfoam5/src/OpenFOAM/lnInclude/GeometricField.C:1353:0,
                 from /opt/openfoam5/src/OpenFOAM/lnInclude/GeometricField.H:660,
                 from /opt/openfoam5/src/OpenFOAM/lnInclude/GeometricScalarField.H:38,
                 from /opt/openfoam5/src/OpenFOAM/lnInclude/GeometricFields.H:34,
                 from /opt/openfoam5/src/finiteVolume/lnInclude/volFields.H:37,
                 from /opt/openfoam5/src/finiteVolume/lnInclude/surfaceInterpolationScheme.C:27,
                 from /opt/openfoam5/src/finiteVolume/lnInclude/surfaceInterpolationScheme.H:307,
                 from /opt/openfoam5/src/finiteVolume/lnInclude/surfaceInterpolate.H:41,
                 from /opt/openfoam5/src/finiteVolume/lnInclude/fvc.H:39,
                 from /opt/openfoam5/src/finiteVolume/lnInclude/fvCFD.H:8,
                 from pamFoam.C:36:
/opt/openfoam5/src/OpenFOAM/lnInclude/GeometricFieldFunctions.C:817:1: note: candidate: template<class Form, class Type, template<class> class PatchField, class GeoMesh> Foam::tmp<Foam::GeometricField<typename Foam::typeOfSum<Type, Form>::type, PatchField, GeoMesh> > Foam::operator+(const Foam::tmp<Foam::GeometricField<Type1, PatchField, GeoMesh> >&, const Foam::dimensioned<Type>&)
 operator op                                                                    \
 ^
/opt/openfoam5/src/OpenFOAM/lnInclude/GeometricFieldFunctions.C:971:1: note: in expansion of macro 'PRODUCT_OPERATOR'
 PRODUCT_OPERATOR(typeOfSum, +, add)
 ^
/opt/openfoam5/src/OpenFOAM/lnInclude/GeometricFieldFunctions.C:817:1: note:   template argument deduction/substitution failed:
 operator op                                                                    \
 ^
/opt/openfoam5/src/OpenFOAM/lnInclude/GeometricFieldFunctions.C:971:1: note: in expansion of macro 'PRODUCT_OPERATOR'
 PRODUCT_OPERATOR(typeOfSum, +, add)
 ^
In file included from pamFoam.C:142:0:
./processModels/XIEqn.H:9:7: note:   'const volScalarField {aka const Foam::GeometricField<double, Foam::fvPatchField, Foam::volMesh>}' is not derived from 'const Foam::tmp<Foam::GeometricField<Type1, PatchField, GeoMesh> >'
     + alphaLiquid*fXIXS*rhoHydrolysis
       ^
In file included from /opt/openfoam5/src/OpenFOAM/lnInclude/GeometricField.C:1353:0,
                 from /opt/openfoam5/src/OpenFOAM/lnInclude/GeometricField.H:660,
                 from /opt/openfoam5/src/OpenFOAM/lnInclude/GeometricScalarField.H:38,
                 from /opt/openfoam5/src/OpenFOAM/lnInclude/GeometricFields.H:34,
                 from /opt/openfoam5/src/finiteVolume/lnInclude/volFields.H:37,
                 from /opt/openfoam5/src/finiteVolume/lnInclude/surfaceInterpolationScheme.C:27,
                 from /opt/openfoam5/src/finiteVolume/lnInclude/surfaceInterpolationScheme.H:307,
                 from /opt/openfoam5/src/finiteVolume/lnInclude/surfaceInterpolate.H:41,
                 from /opt/openfoam5/src/finiteVolume/lnInclude/fvc.H:39,
                 from /opt/openfoam5/src/finiteVolume/lnInclude/fvCFD.H:8,
                 from pamFoam.C:36:
/opt/openfoam5/src/OpenFOAM/lnInclude/GeometricFieldFunctions.C:851:1: note: candidate: template<class Form, class Cmpt, unsigned char nCmpt, class Type, template<class> class PatchField, class GeoMesh> Foam::tmp<Foam::GeometricField<typename Foam::typeOfSum<Form, Type>::type, PatchField, GeoMesh> > Foam::operator+(const Foam::tmp<Foam::GeometricField<Type2, PatchField, GeoMesh> >&, const Foam::VectorSpace<Form, Cmpt, Ncmpts>&)
 operator op                                                                    \
 ^
/opt/openfoam5/src/OpenFOAM/lnInclude/GeometricFieldFunctions.C:971:1: note: in expansion of macro 'PRODUCT_OPERATOR'
 PRODUCT_OPERATOR(typeOfSum, +, add)
 ^
/opt/openfoam5/src/OpenFOAM/lnInclude/GeometricFieldFunctions.C:851:1: note:   template argument deduction/substitution failed:
 operator op                                                                    \
 ^
/opt/openfoam5/src/OpenFOAM/lnInclude/GeometricFieldFunctions.C:971:1: note: in expansion of macro 'PRODUCT_OPERATOR'
 PRODUCT_OPERATOR(typeOfSum, +, add)
 ^
In file included from pamFoam.C:142:0:
./processModels/XIEqn.H:9:7: note:   'const volScalarField {aka const Foam::GeometricField<double, Foam::fvPatchField, Foam::volMesh>}' is not derived from 'const Foam::tmp<Foam::GeometricField<Type2, PatchField, GeoMesh> >'
     + alphaLiquid*fXIXS*rhoHydrolysis
       ^
In file included from /opt/openfoam5/src/OpenFOAM/lnInclude/GeometricField.C:1353:0,
                 from /opt/openfoam5/src/OpenFOAM/lnInclude/GeometricField.H:660,
                 from /opt/openfoam5/src/OpenFOAM/lnInclude/GeometricScalarField.H:38,
                 from /opt/openfoam5/src/OpenFOAM/lnInclude/GeometricFields.H:34,
                 from /opt/openfoam5/src/finiteVolume/lnInclude/volFields.H:37,
                 from /opt/openfoam5/src/finiteVolume/lnInclude/surfaceInterpolationScheme.C:27,
                 from /opt/openfoam5/src/finiteVolume/lnInclude/surfaceInterpolationScheme.H:307,
                 from /opt/openfoam5/src/finiteVolume/lnInclude/surfaceInterpolate.H:41,
                 from /opt/openfoam5/src/finiteVolume/lnInclude/fvc.H:39,
                 from /opt/openfoam5/src/finiteVolume/lnInclude/fvCFD.H:8,
                 from pamFoam.C:36:
/opt/openfoam5/src/OpenFOAM/lnInclude/GeometricFieldFunctions.C:878:1: note: candidate: template<class Form, class Type, template<class> class PatchField, class GeoMesh> Foam::tmp<Foam::GeometricField<typename Foam::typeOfSum<Type1, Type2>::type, PatchField, GeoMesh> > Foam::operator+(const Foam::dimensioned<Type>&, const Foam::GeometricField<Type1, PatchField, GeoMesh>&)
 operator op                                                                    \
 ^
/opt/openfoam5/src/OpenFOAM/lnInclude/GeometricFieldFunctions.C:971:1: note: in expansion of macro 'PRODUCT_OPERATOR'
 PRODUCT_OPERATOR(typeOfSum, +, add)
 ^
/opt/openfoam5/src/OpenFOAM/lnInclude/GeometricFieldFunctions.C:878:1: note:   template argument deduction/substitution failed:
 operator op                                                                    \
 ^
/opt/openfoam5/src/OpenFOAM/lnInclude/GeometricFieldFunctions.C:971:1: note: in expansion of macro 'PRODUCT_OPERATOR'
 PRODUCT_OPERATOR(typeOfSum, +, add)
 ^
In file included from pamFoam.C:142:0:
./processModels/XIEqn.H:9:7: note:   'const volScalarField {aka const Foam::GeometricField<double, Foam::fvPatchField, Foam::volMesh>}' is not derived from 'const Foam::dimensioned<Type>'
     + alphaLiquid*fXIXS*rhoHydrolysis
       ^
In file included from /opt/openfoam5/src/OpenFOAM/lnInclude/GeometricField.C:1353:0,
                 from /opt/openfoam5/src/OpenFOAM/lnInclude/GeometricField.H:660,
                 from /opt/openfoam5/src/OpenFOAM/lnInclude/GeometricScalarField.H:38,
                 from /opt/openfoam5/src/OpenFOAM/lnInclude/GeometricFields.H:34,
                 from /opt/openfoam5/src/finiteVolume/lnInclude/volFields.H:37,
                 from /opt/openfoam5/src/finiteVolume/lnInclude/surfaceInterpolationScheme.C:27,
                 from /opt/openfoam5/src/finiteVolume/lnInclude/surfaceInterpolationScheme.H:307,
                 from /opt/openfoam5/src/finiteVolume/lnInclude/surfaceInterpolate.H:41,
                 from /opt/openfoam5/src/finiteVolume/lnInclude/fvc.H:39,
                 from /opt/openfoam5/src/finiteVolume/lnInclude/fvCFD.H:8,
                 from pamFoam.C:36:
/opt/openfoam5/src/OpenFOAM/lnInclude/GeometricFieldFunctions.C:916:1: note: candidate: template<class Form, class Cmpt, unsigned char nCmpt, class Type, template<class> class PatchField, class GeoMesh> Foam::tmp<Foam::GeometricField<typename Foam::typeOfSum<Form, Type>::type, PatchField, GeoMesh> > Foam::operator+(const Foam::VectorSpace<Form, Cmpt, Ncmpts>&, const Foam::GeometricField<Type2, PatchField, GeoMesh>&)
 operator op                                                                    \
 ^
/opt/openfoam5/src/OpenFOAM/lnInclude/GeometricFieldFunctions.C:971:1: note: in expansion of macro 'PRODUCT_OPERATOR'
 PRODUCT_OPERATOR(typeOfSum, +, add)
 ^
/opt/openfoam5/src/OpenFOAM/lnInclude/GeometricFieldFunctions.C:916:1: note:   template argument deduction/substitution failed:
 operator op                                                                    \
 ^
/opt/openfoam5/src/OpenFOAM/lnInclude/GeometricFieldFunctions.C:971:1: note: in expansion of macro 'PRODUCT_OPERATOR'
 PRODUCT_OPERATOR(typeOfSum, +, add)
 ^
In file included from pamFoam.C:142:0:
./processModels/XIEqn.H:9:7: note:   'const volScalarField {aka const Foam::GeometricField<double, Foam::fvPatchField, Foam::volMesh>}' is not derived from 'const Foam::VectorSpace<Form, Cmpt, Ncmpts>'
     + alphaLiquid*fXIXS*rhoHydrolysis
       ^
In file included from /opt/openfoam5/src/OpenFOAM/lnInclude/GeometricField.C:1353:0,
                 from /opt/openfoam5/src/OpenFOAM/lnInclude/GeometricField.H:660,
                 from /opt/openfoam5/src/OpenFOAM/lnInclude/GeometricScalarField.H:38,
                 from /opt/openfoam5/src/OpenFOAM/lnInclude/GeometricFields.H:34,
                 from /opt/openfoam5/src/finiteVolume/lnInclude/volFields.H:37,
                 from /opt/openfoam5/src/finiteVolume/lnInclude/surfaceInterpolationScheme.C:27,
                 from /opt/openfoam5/src/finiteVolume/lnInclude/surfaceInterpolationScheme.H:307,
                 from /opt/openfoam5/src/finiteVolume/lnInclude/surfaceInterpolate.H:41,
                 from /opt/openfoam5/src/finiteVolume/lnInclude/fvc.H:39,
                 from /opt/openfoam5/src/finiteVolume/lnInclude/fvCFD.H:8,
                 from pamFoam.C:36:
/opt/openfoam5/src/OpenFOAM/lnInclude/GeometricFieldFunctions.C:928:1: note: candidate: template<class Form, class Type, template<class> class PatchField, class GeoMesh> Foam::tmp<Foam::GeometricField<typename Foam::typeOfSum<Type1, Type2>::type, PatchField, GeoMesh> > Foam::operator+(const Foam::dimensioned<Type>&, const Foam::tmp<Foam::GeometricField<Type1, PatchField, GeoMesh> >&)
 operator op                                                                    \
 ^
/opt/openfoam5/src/OpenFOAM/lnInclude/GeometricFieldFunctions.C:971:1: note: in expansion of macro 'PRODUCT_OPERATOR'
 PRODUCT_OPERATOR(typeOfSum, +, add)
 ^
/opt/openfoam5/src/OpenFOAM/lnInclude/GeometricFieldFunctions.C:928:1: note:   template argument deduction/substitution failed:
 operator op                                                                    \
 ^
/opt/openfoam5/src/OpenFOAM/lnInclude/GeometricFieldFunctions.C:971:1: note: in expansion of macro 'PRODUCT_OPERATOR'
 PRODUCT_OPERATOR(typeOfSum, +, add)
 ^
In file included from pamFoam.C:142:0:
./processModels/XIEqn.H:9:7: note:   'const volScalarField {aka const Foam::GeometricField<double, Foam::fvPatchField, Foam::volMesh>}' is not derived from 'const Foam::dimensioned<Type>'
     + alphaLiquid*fXIXS*rhoHydrolysis
       ^
In file included from /opt/openfoam5/src/OpenFOAM/lnInclude/GeometricField.C:1353:0,
                 from /opt/openfoam5/src/OpenFOAM/lnInclude/GeometricField.H:660,
                 from /opt/openfoam5/src/OpenFOAM/lnInclude/GeometricScalarField.H:38,
                 from /opt/openfoam5/src/OpenFOAM/lnInclude/GeometricFields.H:34,
                 from /opt/openfoam5/src/finiteVolume/lnInclude/volFields.H:37,
                 from /opt/openfoam5/src/finiteVolume/lnInclude/surfaceInterpolationScheme.C:27,
                 from /opt/openfoam5/src/finiteVolume/lnInclude/surfaceInterpolationScheme.H:307,
                 from /opt/openfoam5/src/finiteVolume/lnInclude/surfaceInterpolate.H:41,
                 from /opt/openfoam5/src/finiteVolume/lnInclude/fvc.H:39,
                 from /opt/openfoam5/src/finiteVolume/lnInclude/fvCFD.H:8,
                 from pamFoam.C:36:
/opt/openfoam5/src/OpenFOAM/lnInclude/GeometricFieldFunctions.C:962:1: note: candidate: template<class Form, class Cmpt, unsigned char nCmpt, class Type, template<class> class PatchField, class GeoMesh> Foam::tmp<Foam::GeometricField<typename Foam::typeOfSum<Form, Type>::type, PatchField, GeoMesh> > Foam::operator+(const Foam::VectorSpace<Form, Cmpt, Ncmpts>&, const Foam::tmp<Foam::GeometricField<Type2, PatchField, GeoMesh> >&)
 operator op                                                                    \
 ^
/opt/openfoam5/src/OpenFOAM/lnInclude/GeometricFieldFunctions.C:971:1: note: in expansion of macro 'PRODUCT_OPERATOR'
 PRODUCT_OPERATOR(typeOfSum, +, add)
 ^
/opt/openfoam5/src/OpenFOAM/lnInclude/GeometricFieldFunctions.C:962:1: note:   template argument deduction/substitution failed:
 operator op                                                                    \
 ^
/opt/openfoam5/src/OpenFOAM/lnInclude/GeometricFieldFunctions.C:971:1: note: in expansion of macro 'PRODUCT_OPERATOR'
 PRODUCT_OPERATOR(typeOfSum, +, add)
 ^
In file included from pamFoam.C:142:0:
./processModels/XIEqn.H:9:7: note:   'const volScalarField {aka const Foam::GeometricField<double, Foam::fvPatchField, Foam::volMesh>}' is not derived from 'const Foam::VectorSpace<Form, Cmpt, Ncmpts>'
     + alphaLiquid*fXIXS*rhoHydrolysis
       ^
In file included from /opt/openfoam5/src/OpenFOAM/lnInclude/GeometricScalarField.C:29:0,
                 from /opt/openfoam5/src/OpenFOAM/lnInclude/GeometricScalarField.H:173,
                 from /opt/openfoam5/src/OpenFOAM/lnInclude/GeometricFields.H:34,
                 from /opt/openfoam5/src/finiteVolume/lnInclude/volFields.H:37,
                 from /opt/openfoam5/src/finiteVolume/lnInclude/surfaceInterpolationScheme.C:27,
                 from /opt/openfoam5/src/finiteVolume/lnInclude/surfaceInterpolationScheme.H:307,
                 from /opt/openfoam5/src/finiteVolume/lnInclude/surfaceInterpolate.H:41,
                 from /opt/openfoam5/src/finiteVolume/lnInclude/fvc.H:39,
                 from /opt/openfoam5/src/finiteVolume/lnInclude/fvCFD.H:8,
                 from pamFoam.C:36:
/opt/openfoam5/src/OpenFOAM/lnInclude/GeometricFieldFunctionsM.C:645:54: note: candidate: template<template<class> class PatchField, class GeoMesh> Foam::tmp<Foam::GeometricField<double, PatchField, GeoMesh> > Foam::operator+(const Foam::dimensioned<double>&, const Foam::GeometricField<double, PatchField, GeoMesh>&)
 tmp<GeometricField<ReturnType, PatchField, GeoMesh>> operator Op               \
                                                      ^
/opt/openfoam5/src/OpenFOAM/lnInclude/GeometricFieldFunctionsM.C:813:5: note: in expansion of macro 'BINARY_TYPE_OPERATOR_SF'
     BINARY_TYPE_OPERATOR_SF(ReturnType, Type1, Type2, Op, OpName, OpFunc)      \
     ^
/opt/openfoam5/src/OpenFOAM/lnInclude/GeometricScalarField.C:110:1: note: in expansion of macro 'BINARY_TYPE_OPERATOR'
 BINARY_TYPE_OPERATOR(scalar, scalar, scalar, +, '+', add)
 ^
/opt/openfoam5/src/OpenFOAM/lnInclude/GeometricFieldFunctionsM.C:645:54: note:   template argument deduction/substitution failed:
 tmp<GeometricField<ReturnType, PatchField, GeoMesh>> operator Op               \
                                                      ^
/opt/openfoam5/src/OpenFOAM/lnInclude/GeometricFieldFunctionsM.C:813:5: note: in expansion of macro 'BINARY_TYPE_OPERATOR_SF'
     BINARY_TYPE_OPERATOR_SF(ReturnType, Type1, Type2, Op, OpName, OpFunc)      \
     ^
/opt/openfoam5/src/OpenFOAM/lnInclude/GeometricScalarField.C:110:1: note: in expansion of macro 'BINARY_TYPE_OPERATOR'
 BINARY_TYPE_OPERATOR(scalar, scalar, scalar, +, '+', add)
 ^
In file included from pamFoam.C:142:0:
./processModels/XIEqn.H:9:7: note:   cannot convert 'alphaLiquid' (type 'const volScalarField {aka const Foam::GeometricField<double, Foam::fvPatchField, Foam::volMesh>}') to type 'const Foam::dimensioned<double>&'
     + alphaLiquid*fXIXS*rhoHydrolysis
       ^
In file included from /opt/openfoam5/src/OpenFOAM/lnInclude/GeometricScalarField.C:29:0,
                 from /opt/openfoam5/src/OpenFOAM/lnInclude/GeometricScalarField.H:173,
                 from /opt/openfoam5/src/OpenFOAM/lnInclude/GeometricFields.H:34,
                 from /opt/openfoam5/src/finiteVolume/lnInclude/volFields.H:37,
                 from /opt/openfoam5/src/finiteVolume/lnInclude/surfaceInterpolationScheme.C:27,
                 from /opt/openfoam5/src/finiteVolume/lnInclude/surfaceInterpolationScheme.H:307,
                 from /opt/openfoam5/src/finiteVolume/lnInclude/surfaceInterpolate.H:41,
                 from /opt/openfoam5/src/finiteVolume/lnInclude/fvc.H:39,
                 from /opt/openfoam5/src/finiteVolume/lnInclude/fvCFD.H:8,
                 from pamFoam.C:36:
/opt/openfoam5/src/OpenFOAM/lnInclude/GeometricFieldFunctionsM.C:674:54: note: candidate: template<template<class> class PatchField, class GeoMesh> Foam::tmp<Foam::GeometricField<double, PatchField, GeoMesh> > Foam::operator+(const scalar&, const Foam::GeometricField<double, PatchField, GeoMesh>&)
 tmp<GeometricField<ReturnType, PatchField, GeoMesh>> operator Op               \
                                                      ^
/opt/openfoam5/src/OpenFOAM/lnInclude/GeometricFieldFunctionsM.C:813:5: note: in expansion of macro 'BINARY_TYPE_OPERATOR_SF'
     BINARY_TYPE_OPERATOR_SF(ReturnType, Type1, Type2, Op, OpName, OpFunc)      \
     ^
/opt/openfoam5/src/OpenFOAM/lnInclude/GeometricScalarField.C:110:1: note: in expansion of macro 'BINARY_TYPE_OPERATOR'
 BINARY_TYPE_OPERATOR(scalar, scalar, scalar, +, '+', add)
 ^
/opt/openfoam5/src/OpenFOAM/lnInclude/GeometricFieldFunctionsM.C:674:54: note:   template argument deduction/substitution failed:
 tmp<GeometricField<ReturnType, PatchField, GeoMesh>> operator Op               \
                                                      ^
/opt/openfoam5/src/OpenFOAM/lnInclude/GeometricFieldFunctionsM.C:813:5: note: in expansion of macro 'BINARY_TYPE_OPERATOR_SF'
     BINARY_TYPE_OPERATOR_SF(ReturnType, Type1, Type2, Op, OpName, OpFunc)      \
     ^
/opt/openfoam5/src/OpenFOAM/lnInclude/GeometricScalarField.C:110:1: note: in expansion of macro 'BINARY_TYPE_OPERATOR'
 BINARY_TYPE_OPERATOR(scalar, scalar, scalar, +, '+', add)
 ^
In file included from pamFoam.C:142:0:
./processModels/XIEqn.H:9:7: note:   cannot convert 'alphaLiquid' (type 'const volScalarField {aka const Foam::GeometricField<double, Foam::fvPatchField, Foam::volMesh>}') to type 'const scalar& {aka const double&}'
     + alphaLiquid*fXIXS*rhoHydrolysis
       ^
In file included from /opt/openfoam5/src/OpenFOAM/lnInclude/GeometricScalarField.C:29:0,
                 from /opt/openfoam5/src/OpenFOAM/lnInclude/GeometricScalarField.H:173,
                 from /opt/openfoam5/src/OpenFOAM/lnInclude/GeometricFields.H:34,
                 from /opt/openfoam5/src/finiteVolume/lnInclude/volFields.H:37,
                 from /opt/openfoam5/src/finiteVolume/lnInclude/surfaceInterpolationScheme.C:27,
                 from /opt/openfoam5/src/finiteVolume/lnInclude/surfaceInterpolationScheme.H:307,
                 from /opt/openfoam5/src/finiteVolume/lnInclude/surfaceInterpolate.H:41,
                 from /opt/openfoam5/src/finiteVolume/lnInclude/fvc.H:39,
                 from /opt/openfoam5/src/finiteVolume/lnInclude/fvCFD.H:8,
                 from pamFoam.C:36:
/opt/openfoam5/src/OpenFOAM/lnInclude/GeometricFieldFunctionsM.C:685:54: note: candidate: template<template<class> class PatchField, class GeoMesh> Foam::tmp<Foam::GeometricField<double, PatchField, GeoMesh> > Foam::operator+(const Foam::dimensioned<double>&, const Foam::tmp<Foam::GeometricField<double, PatchField, GeoMesh> >&)
 tmp<GeometricField<ReturnType, PatchField, GeoMesh>> operator Op               \
                                                      ^
/opt/openfoam5/src/OpenFOAM/lnInclude/GeometricFieldFunctionsM.C:813:5: note: in expansion of macro 'BINARY_TYPE_OPERATOR_SF'
     BINARY_TYPE_OPERATOR_SF(ReturnType, Type1, Type2, Op, OpName, OpFunc)      \
     ^
/opt/openfoam5/src/OpenFOAM/lnInclude/GeometricScalarField.C:110:1: note: in expansion of macro 'BINARY_TYPE_OPERATOR'
 BINARY_TYPE_OPERATOR(scalar, scalar, scalar, +, '+', add)
 ^
/opt/openfoam5/src/OpenFOAM/lnInclude/GeometricFieldFunctionsM.C:685:54: note:   template argument deduction/substitution failed:
 tmp<GeometricField<ReturnType, PatchField, GeoMesh>> operator Op               \
                                                      ^
/opt/openfoam5/src/OpenFOAM/lnInclude/GeometricFieldFunctionsM.C:813:5: note: in expansion of macro 'BINARY_TYPE_OPERATOR_SF'
     BINARY_TYPE_OPERATOR_SF(ReturnType, Type1, Type2, Op, OpName, OpFunc)      \
     ^
/opt/openfoam5/src/OpenFOAM/lnInclude/GeometricScalarField.C:110:1: note: in expansion of macro 'BINARY_TYPE_OPERATOR'
 BINARY_TYPE_OPERATOR(scalar, scalar, scalar, +, '+', add)
 ^
In file included from pamFoam.C:142:0:
./processModels/XIEqn.H:9:7: note:   cannot convert 'alphaLiquid' (type 'const volScalarField {aka const Foam::GeometricField<double, Foam::fvPatchField, Foam::volMesh>}') to type 'const Foam::dimensioned<double>&'
     + alphaLiquid*fXIXS*rhoHydrolysis
       ^
In file included from /opt/openfoam5/src/OpenFOAM/lnInclude/GeometricScalarField.C:29:0,
                 from /opt/openfoam5/src/OpenFOAM/lnInclude/GeometricScalarField.H:173,
                 from /opt/openfoam5/src/OpenFOAM/lnInclude/GeometricFields.H:34,
                 from /opt/openfoam5/src/finiteVolume/lnInclude/volFields.H:37,
                 from /opt/openfoam5/src/finiteVolume/lnInclude/surfaceInterpolationScheme.C:27,
                 from /opt/openfoam5/src/finiteVolume/lnInclude/surfaceInterpolationScheme.H:307,
                 from /opt/openfoam5/src/finiteVolume/lnInclude/surfaceInterpolate.H:41,
                 from /opt/openfoam5/src/finiteVolume/lnInclude/fvc.H:39,
                 from /opt/openfoam5/src/finiteVolume/lnInclude/fvCFD.H:8,
                 from pamFoam.C:36:
/opt/openfoam5/src/OpenFOAM/lnInclude/GeometricFieldFunctionsM.C:711:54: note: candidate: template<template<class> class PatchField, class GeoMesh> Foam::tmp<Foam::GeometricField<double, PatchField, GeoMesh> > Foam::operator+(const scalar&, const Foam::tmp<Foam::GeometricField<double, PatchField, GeoMesh> >&)
 tmp<GeometricField<ReturnType, PatchField, GeoMesh>> operator Op               \
                                                      ^
/opt/openfoam5/src/OpenFOAM/lnInclude/GeometricFieldFunctionsM.C:813:5: note: in expansion of macro 'BINARY_TYPE_OPERATOR_SF'
     BINARY_TYPE_OPERATOR_SF(ReturnType, Type1, Type2, Op, OpName, OpFunc)      \
     ^
/opt/openfoam5/src/OpenFOAM/lnInclude/GeometricScalarField.C:110:1: note: in expansion of macro 'BINARY_TYPE_OPERATOR'
 BINARY_TYPE_OPERATOR(scalar, scalar, scalar, +, '+', add)
 ^
/opt/openfoam5/src/OpenFOAM/lnInclude/GeometricFieldFunctionsM.C:711:54: note:   template argument deduction/substitution failed:
 tmp<GeometricField<ReturnType, PatchField, GeoMesh>> operator Op               \
                                                      ^
/opt/openfoam5/src/OpenFOAM/lnInclude/GeometricFieldFunctionsM.C:813:5: note: in expansion of macro 'BINARY_TYPE_OPERATOR_SF'
     BINARY_TYPE_OPERATOR_SF(ReturnType, Type1, Type2, Op, OpName, OpFunc)      \
     ^
/opt/openfoam5/src/OpenFOAM/lnInclude/GeometricScalarField.C:110:1: note: in expansion of macro 'BINARY_TYPE_OPERATOR'
 BINARY_TYPE_OPERATOR(scalar, scalar, scalar, +, '+', add)
 ^
In file included from pamFoam.C:142:0:
./processModels/XIEqn.H:9:7: note:   cannot convert 'alphaLiquid' (type 'const volScalarField {aka const Foam::GeometricField<double, Foam::fvPatchField, Foam::volMesh>}') to type 'const scalar& {aka const double&}'
     + alphaLiquid*fXIXS*rhoHydrolysis
       ^
In file included from /opt/openfoam5/src/OpenFOAM/lnInclude/GeometricScalarField.C:29:0,
                 from /opt/openfoam5/src/OpenFOAM/lnInclude/GeometricScalarField.H:173,
                 from /opt/openfoam5/src/OpenFOAM/lnInclude/GeometricFields.H:34,
                 from /opt/openfoam5/src/finiteVolume/lnInclude/volFields.H:37,
                 from /opt/openfoam5/src/finiteVolume/lnInclude/surfaceInterpolationScheme.C:27,
                 from /opt/openfoam5/src/finiteVolume/lnInclude/surfaceInterpolationScheme.H:307,
                 from /opt/openfoam5/src/finiteVolume/lnInclude/surfaceInterpolate.H:41,
                 from /opt/openfoam5/src/finiteVolume/lnInclude/fvc.H:39,
                 from /opt/openfoam5/src/finiteVolume/lnInclude/fvCFD.H:8,
                 from pamFoam.C:36:
/opt/openfoam5/src/OpenFOAM/lnInclude/GeometricFieldFunctionsM.C:736:54: note: candidate: template<template<class> class PatchField, class GeoMesh> Foam::tmp<Foam::GeometricField<double, PatchField, GeoMesh> > Foam::operator+(const Foam::GeometricField<double, PatchField, GeoMesh>&, const Foam::dimensioned<double>&)
 tmp<GeometricField<ReturnType, PatchField, GeoMesh>> operator Op               \
                                                      ^
/opt/openfoam5/src/OpenFOAM/lnInclude/GeometricFieldFunctionsM.C:814:5: note: in expansion of macro 'BINARY_TYPE_OPERATOR_FS'
     BINARY_TYPE_OPERATOR_FS(ReturnType, Type1, Type2, Op, OpName, OpFunc)
     ^
/opt/openfoam5/src/OpenFOAM/lnInclude/GeometricScalarField.C:110:1: note: in expansion of macro 'BINARY_TYPE_OPERATOR'
 BINARY_TYPE_OPERATOR(scalar, scalar, scalar, +, '+', add)
 ^
/opt/openfoam5/src/OpenFOAM/lnInclude/GeometricFieldFunctionsM.C:736:54: note:   template argument deduction/substitution failed:
 tmp<GeometricField<ReturnType, PatchField, GeoMesh>> operator Op               \
                                                      ^
/opt/openfoam5/src/OpenFOAM/lnInclude/GeometricFieldFunctionsM.C:814:5: note: in expansion of macro 'BINARY_TYPE_OPERATOR_FS'
     BINARY_TYPE_OPERATOR_FS(ReturnType, Type1, Type2, Op, OpName, OpFunc)
     ^
/opt/openfoam5/src/OpenFOAM/lnInclude/GeometricScalarField.C:110:1: note: in expansion of macro 'BINARY_TYPE_OPERATOR'
 BINARY_TYPE_OPERATOR(scalar, scalar, scalar, +, '+', add)
 ^
In file included from pamFoam.C:142:0:
./processModels/XIEqn.H:9:7: note:   candidate expects 2 arguments, 1 provided
     + alphaLiquid*fXIXS*rhoHydrolysis
       ^
In file included from /opt/openfoam5/src/OpenFOAM/lnInclude/GeometricScalarField.C:29:0,
                 from /opt/openfoam5/src/OpenFOAM/lnInclude/GeometricScalarField.H:173,
                 from /opt/openfoam5/src/OpenFOAM/lnInclude/GeometricFields.H:34,
                 from /opt/openfoam5/src/finiteVolume/lnInclude/volFields.H:37,
                 from /opt/openfoam5/src/finiteVolume/lnInclude/surfaceInterpolationScheme.C:27,
                 from /opt/openfoam5/src/finiteVolume/lnInclude/surfaceInterpolationScheme.H:307,
                 from /opt/openfoam5/src/finiteVolume/lnInclude/surfaceInterpolate.H:41,
                 from /opt/openfoam5/src/finiteVolume/lnInclude/fvc.H:39,
                 from /opt/openfoam5/src/finiteVolume/lnInclude/fvCFD.H:8,
                 from pamFoam.C:36:
/opt/openfoam5/src/OpenFOAM/lnInclude/GeometricFieldFunctionsM.C:765:54: note: candidate: template<template<class> class PatchField, class GeoMesh> Foam::tmp<Foam::GeometricField<double, PatchField, GeoMesh> > Foam::operator+(const Foam::GeometricField<double, PatchField, GeoMesh>&, const scalar&)
 tmp<GeometricField<ReturnType, PatchField, GeoMesh>> operator Op               \
                                                      ^
/opt/openfoam5/src/OpenFOAM/lnInclude/GeometricFieldFunctionsM.C:814:5: note: in expansion of macro 'BINARY_TYPE_OPERATOR_FS'
     BINARY_TYPE_OPERATOR_FS(ReturnType, Type1, Type2, Op, OpName, OpFunc)
     ^
/opt/openfoam5/src/OpenFOAM/lnInclude/GeometricScalarField.C:110:1: note: in expansion of macro 'BINARY_TYPE_OPERATOR'
 BINARY_TYPE_OPERATOR(scalar, scalar, scalar, +, '+', add)
 ^
/opt/openfoam5/src/OpenFOAM/lnInclude/GeometricFieldFunctionsM.C:765:54: note:   template argument deduction/substitution failed:
 tmp<GeometricField<ReturnType, PatchField, GeoMesh>> operator Op               \
                                                      ^
/opt/openfoam5/src/OpenFOAM/lnInclude/GeometricFieldFunctionsM.C:814:5: note: in expansion of macro 'BINARY_TYPE_OPERATOR_FS'
     BINARY_TYPE_OPERATOR_FS(ReturnType, Type1, Type2, Op, OpName, OpFunc)
     ^
/opt/openfoam5/src/OpenFOAM/lnInclude/GeometricScalarField.C:110:1: note: in expansion of macro 'BINARY_TYPE_OPERATOR'
 BINARY_TYPE_OPERATOR(scalar, scalar, scalar, +, '+', add)
 ^
In file included from pamFoam.C:142:0:
./processModels/XIEqn.H:9:7: note:   candidate expects 2 arguments, 1 provided
     + alphaLiquid*fXIXS*rhoHydrolysis
       ^
In file included from /opt/openfoam5/src/OpenFOAM/lnInclude/GeometricScalarField.C:29:0,
                 from /opt/openfoam5/src/OpenFOAM/lnInclude/GeometricScalarField.H:173,
                 from /opt/openfoam5/src/OpenFOAM/lnInclude/GeometricFields.H:34,
                 from /opt/openfoam5/src/finiteVolume/lnInclude/volFields.H:37,
                 from /opt/openfoam5/src/finiteVolume/lnInclude/surfaceInterpolationScheme.C:27,
                 from /opt/openfoam5/src/finiteVolume/lnInclude/surfaceInterpolationScheme.H:307,
                 from /opt/openfoam5/src/finiteVolume/lnInclude/surfaceInterpolate.H:41,
                 from /opt/openfoam5/src/finiteVolume/lnInclude/fvc.H:39,
                 from /opt/openfoam5/src/finiteVolume/lnInclude/fvCFD.H:8,
                 from pamFoam.C:36:
/opt/openfoam5/src/OpenFOAM/lnInclude/GeometricFieldFunctionsM.C:776:54: note: candidate: template<template<class> class PatchField, class GeoMesh> Foam::tmp<Foam::GeometricField<double, PatchField, GeoMesh> > Foam::operator+(const Foam::tmp<Foam::GeometricField<double, PatchField, GeoMesh> >&, const Foam::dimensioned<double>&)
 tmp<GeometricField<ReturnType, PatchField, GeoMesh>> operator Op               \
                                                      ^
/opt/openfoam5/src/OpenFOAM/lnInclude/GeometricFieldFunctionsM.C:814:5: note: in expansion of macro 'BINARY_TYPE_OPERATOR_FS'
     BINARY_TYPE_OPERATOR_FS(ReturnType, Type1, Type2, Op, OpName, OpFunc)
     ^
/opt/openfoam5/src/OpenFOAM/lnInclude/GeometricScalarField.C:110:1: note: in expansion of macro 'BINARY_TYPE_OPERATOR'
 BINARY_TYPE_OPERATOR(scalar, scalar, scalar, +, '+', add)
 ^
/opt/openfoam5/src/OpenFOAM/lnInclude/GeometricFieldFunctionsM.C:776:54: note:   template argument deduction/substitution failed:
 tmp<GeometricField<ReturnType, PatchField, GeoMesh>> operator Op               \
                                                      ^
/opt/openfoam5/src/OpenFOAM/lnInclude/GeometricFieldFunctionsM.C:814:5: note: in expansion of macro 'BINARY_TYPE_OPERATOR_FS'
     BINARY_TYPE_OPERATOR_FS(ReturnType, Type1, Type2, Op, OpName, OpFunc)
     ^
/opt/openfoam5/src/OpenFOAM/lnInclude/GeometricScalarField.C:110:1: note: in expansion of macro 'BINARY_TYPE_OPERATOR'
 BINARY_TYPE_OPERATOR(scalar, scalar, scalar, +, '+', add)
 ^
In file included from pamFoam.C:142:0:
./processModels/XIEqn.H:9:7: note:   'const volScalarField {aka const Foam::GeometricField<double, Foam::fvPatchField, Foam::volMesh>}' is not derived from 'const Foam::tmp<Foam::GeometricField<double, PatchField, GeoMesh> >'
     + alphaLiquid*fXIXS*rhoHydrolysis
       ^
In file included from /opt/openfoam5/src/OpenFOAM/lnInclude/GeometricScalarField.C:29:0,
                 from /opt/openfoam5/src/OpenFOAM/lnInclude/GeometricScalarField.H:173,
                 from /opt/openfoam5/src/OpenFOAM/lnInclude/GeometricFields.H:34,
                 from /opt/openfoam5/src/finiteVolume/lnInclude/volFields.H:37,
                 from /opt/openfoam5/src/finiteVolume/lnInclude/surfaceInterpolationScheme.C:27,
                 from /opt/openfoam5/src/finiteVolume/lnInclude/surfaceInterpolationScheme.H:307,
                 from /opt/openfoam5/src/finiteVolume/lnInclude/surfaceInterpolate.H:41,
                 from /opt/openfoam5/src/finiteVolume/lnInclude/fvc.H:39,
                 from /opt/openfoam5/src/finiteVolume/lnInclude/fvCFD.H:8,
                 from pamFoam.C:36:
/opt/openfoam5/src/OpenFOAM/lnInclude/GeometricFieldFunctionsM.C:802:54: note: candidate: template<template<class> class PatchField, class GeoMesh> Foam::tmp<Foam::GeometricField<double, PatchField, GeoMesh> > Foam::operator+(const Foam::tmp<Foam::GeometricField<double, PatchField, GeoMesh> >&, const scalar&)
 tmp<GeometricField<ReturnType, PatchField, GeoMesh>> operator Op               \
                                                      ^
/opt/openfoam5/src/OpenFOAM/lnInclude/GeometricFieldFunctionsM.C:814:5: note: in expansion of macro 'BINARY_TYPE_OPERATOR_FS'
     BINARY_TYPE_OPERATOR_FS(ReturnType, Type1, Type2, Op, OpName, OpFunc)
     ^
/opt/openfoam5/src/OpenFOAM/lnInclude/GeometricScalarField.C:110:1: note: in expansion of macro 'BINARY_TYPE_OPERATOR'
 BINARY_TYPE_OPERATOR(scalar, scalar, scalar, +, '+', add)
 ^
/opt/openfoam5/src/OpenFOAM/lnInclude/GeometricFieldFunctionsM.C:802:54: note:   template argument deduction/substitution failed:
 tmp<GeometricField<ReturnType, PatchField, GeoMesh>> operator Op               \
                                                      ^
/opt/openfoam5/src/OpenFOAM/lnInclude/GeometricFieldFunctionsM.C:814:5: note: in expansion of macro 'BINARY_TYPE_OPERATOR_FS'
     BINARY_TYPE_OPERATOR_FS(ReturnType, Type1, Type2, Op, OpName, OpFunc)
     ^
/opt/openfoam5/src/OpenFOAM/lnInclude/GeometricScalarField.C:110:1: note: in expansion of macro 'BINARY_TYPE_OPERATOR'
 BINARY_TYPE_OPERATOR(scalar, scalar, scalar, +, '+', add)
 ^
In file included from pamFoam.C:142:0:
./processModels/XIEqn.H:9:7: note:   'const volScalarField {aka const Foam::GeometricField<double, Foam::fvPatchField, Foam::volMesh>}' is not derived from 'const Foam::tmp<Foam::GeometricField<double, PatchField, GeoMesh> >'
     + alphaLiquid*fXIXS*rhoHydrolysis
       ^
In file included from /opt/openfoam5/src/OpenFOAM/lnInclude/zeroField.H:82:0,
                 from /opt/openfoam5/src/OpenFOAM/lnInclude/zeroFieldField.H:40,
                 from /opt/openfoam5/src/OpenFOAM/lnInclude/geometricZeroField.H:40,
                 from /opt/openfoam5/src/finiteVolume/lnInclude/fvcDdt.H:43,
                 from /opt/openfoam5/src/finiteVolume/lnInclude/fvc.H:44,
                 from /opt/openfoam5/src/finiteVolume/lnInclude/fvCFD.H:8,
                 from pamFoam.C:36:
/opt/openfoam5/src/OpenFOAM/lnInclude/zeroFieldI.H:61:24: note: candidate: const Foam::zeroField Foam::operator+(const Foam::zeroField&, const Foam::zeroField&)
 inline const zeroField operator+(const zeroField&, const zeroField&)
                        ^
/opt/openfoam5/src/OpenFOAM/lnInclude/zeroFieldI.H:61:24: note:   candidate expects 2 arguments, 1 provided
/opt/openfoam5/src/OpenFOAM/lnInclude/zeroFieldI.H:67:20: note: candidate: template<class Type> const Type& Foam::operator+(const Type&, const Foam::zeroField&)
 inline const Type& operator+(const Type& t, const zeroField&)
                    ^
/opt/openfoam5/src/OpenFOAM/lnInclude/zeroFieldI.H:67:20: note:   template argument deduction/substitution failed:
In file included from pamFoam.C:142:0:
./processModels/XIEqn.H:9:7: note:   candidate expects 2 arguments, 1 provided
     + alphaLiquid*fXIXS*rhoHydrolysis
       ^
In file included from /opt/openfoam5/src/OpenFOAM/lnInclude/zeroField.H:82:0,
                 from /opt/openfoam5/src/OpenFOAM/lnInclude/zeroFieldField.H:40,
                 from /opt/openfoam5/src/OpenFOAM/lnInclude/geometricZeroField.H:40,
                 from /opt/openfoam5/src/finiteVolume/lnInclude/fvcDdt.H:43,
                 from /opt/openfoam5/src/finiteVolume/lnInclude/fvc.H:44,
                 from /opt/openfoam5/src/finiteVolume/lnInclude/fvCFD.H:8,
                 from pamFoam.C:36:
/opt/openfoam5/src/OpenFOAM/lnInclude/zeroFieldI.H:73:20: note: candidate: template<class Type> const Type& Foam::operator+(const Foam::zeroField&, const Type&)
 inline const Type& operator+(const zeroField&, const Type& t)
                    ^
/opt/openfoam5/src/OpenFOAM/lnInclude/zeroFieldI.H:73:20: note:   template argument deduction/substitution failed:
In file included from pamFoam.C:142:0:
./processModels/XIEqn.H:9:7: note:   cannot convert 'alphaLiquid' (type 'const volScalarField {aka const Foam::GeometricField<double, Foam::fvPatchField, Foam::volMesh>}') to type 'const Foam::zeroField&'
     + alphaLiquid*fXIXS*rhoHydrolysis
       ^
In file included from /opt/openfoam5/src/finiteVolume/lnInclude/fvMatrix.H:1061:0,
                 from /opt/openfoam5/src/finiteVolume/lnInclude/ddtScheme.C:29,
                 from /opt/openfoam5/src/finiteVolume/lnInclude/ddtScheme.H:342,
                 from /opt/openfoam5/src/finiteVolume/lnInclude/fvcDdt.C:28,
                 from /opt/openfoam5/src/finiteVolume/lnInclude/fvcDdt.H:205,
                 from /opt/openfoam5/src/finiteVolume/lnInclude/fvc.H:44,
                 from /opt/openfoam5/src/finiteVolume/lnInclude/fvCFD.H:8,
                 from pamFoam.C:36:
/opt/openfoam5/src/finiteVolume/lnInclude/fvMatrix.C:1624:33: note: candidate: template<class Type> Foam::tmp<Foam::fvMatrix<Type> > Foam::operator+(const Foam::fvMatrix<Type>&, const Foam::fvMatrix<Type>&)
 Foam::tmp<Foam::fvMatrix<Type>> Foam::operator+
                                 ^
/opt/openfoam5/src/finiteVolume/lnInclude/fvMatrix.C:1624:33: note:   template argument deduction/substitution failed:
In file included from pamFoam.C:142:0:
./processModels/XIEqn.H:9:7: note:   'const volScalarField {aka const Foam::GeometricField<double, Foam::fvPatchField, Foam::volMesh>}' is not derived from 'const Foam::fvMatrix<Type>'
     + alphaLiquid*fXIXS*rhoHydrolysis
       ^
In file included from /opt/openfoam5/src/finiteVolume/lnInclude/fvMatrix.H:1061:0,
                 from /opt/openfoam5/src/finiteVolume/lnInclude/ddtScheme.C:29,
                 from /opt/openfoam5/src/finiteVolume/lnInclude/ddtScheme.H:342,
                 from /opt/openfoam5/src/finiteVolume/lnInclude/fvcDdt.C:28,
                 from /opt/openfoam5/src/finiteVolume/lnInclude/fvcDdt.H:205,
                 from /opt/openfoam5/src/finiteVolume/lnInclude/fvc.H:44,
                 from /opt/openfoam5/src/finiteVolume/lnInclude/fvCFD.H:8,
                 from pamFoam.C:36:
/opt/openfoam5/src/finiteVolume/lnInclude/fvMatrix.C:1637:33: note: candidate: template<class Type> Foam::tmp<Foam::fvMatrix<Type> > Foam::operator+(const Foam::tmp<Foam::fvMatrix<Type> >&, const Foam::fvMatrix<Type>&)
 Foam::tmp<Foam::fvMatrix<Type>> Foam::operator+
                                 ^
/opt/openfoam5/src/finiteVolume/lnInclude/fvMatrix.C:1637:33: note:   template argument deduction/substitution failed:
In file included from pamFoam.C:142:0:
./processModels/XIEqn.H:9:7: note:   'const volScalarField {aka const Foam::GeometricField<double, Foam::fvPatchField, Foam::volMesh>}' is not derived from 'const Foam::tmp<Foam::fvMatrix<Type> >'
     + alphaLiquid*fXIXS*rhoHydrolysis
       ^
In file included from /opt/openfoam5/src/finiteVolume/lnInclude/fvMatrix.H:1061:0,
                 from /opt/openfoam5/src/finiteVolume/lnInclude/ddtScheme.C:29,
                 from /opt/openfoam5/src/finiteVolume/lnInclude/ddtScheme.H:342,
                 from /opt/openfoam5/src/finiteVolume/lnInclude/fvcDdt.C:28,
                 from /opt/openfoam5/src/finiteVolume/lnInclude/fvcDdt.H:205,
                 from /opt/openfoam5/src/finiteVolume/lnInclude/fvc.H:44,
                 from /opt/openfoam5/src/finiteVolume/lnInclude/fvCFD.H:8,
                 from pamFoam.C:36:
/opt/openfoam5/src/finiteVolume/lnInclude/fvMatrix.C:1650:33: note: candidate: template<class Type> Foam::tmp<Foam::fvMatrix<Type> > Foam::operator+(const Foam::fvMatrix<Type>&, const Foam::tmp<Foam::fvMatrix<Type> >&)
 Foam::tmp<Foam::fvMatrix<Type>> Foam::operator+
                                 ^
/opt/openfoam5/src/finiteVolume/lnInclude/fvMatrix.C:1650:33: note:   template argument deduction/substitution failed:
In file included from pamFoam.C:142:0:
./processModels/XIEqn.H:9:7: note:   'const volScalarField {aka const Foam::GeometricField<double, Foam::fvPatchField, Foam::volMesh>}' is not derived from 'const Foam::fvMatrix<Type>'
     + alphaLiquid*fXIXS*rhoHydrolysis
       ^
In file included from /opt/openfoam5/src/finiteVolume/lnInclude/fvMatrix.H:1061:0,
                 from /opt/openfoam5/src/finiteVolume/lnInclude/ddtScheme.C:29,
                 from /opt/openfoam5/src/finiteVolume/lnInclude/ddtScheme.H:342,
                 from /opt/openfoam5/src/finiteVolume/lnInclude/fvcDdt.C:28,
                 from /opt/openfoam5/src/finiteVolume/lnInclude/fvcDdt.H:205,
                 from /opt/openfoam5/src/finiteVolume/lnInclude/fvc.H:44,
                 from /opt/openfoam5/src/finiteVolume/lnInclude/fvCFD.H:8,
                 from pamFoam.C:36:
/opt/openfoam5/src/finiteVolume/lnInclude/fvMatrix.C:1663:33: note: candidate: template<class Type> Foam::tmp<Foam::fvMatrix<Type> > Foam::operator+(const Foam::tmp<Foam::fvMatrix<Type> >&, const Foam::tmp<Foam::fvMatrix<Type> >&)
 Foam::tmp<Foam::fvMatrix<Type>> Foam::operator+
                                 ^
/opt/openfoam5/src/finiteVolume/lnInclude/fvMatrix.C:1663:33: note:   template argument deduction/substitution failed:
In file included from pamFoam.C:142:0:
./processModels/XIEqn.H:9:7: note:   'const volScalarField {aka const Foam::GeometricField<double, Foam::fvPatchField, Foam::volMesh>}' is not derived from 'const Foam::tmp<Foam::fvMatrix<Type> >'
     + alphaLiquid*fXIXS*rhoHydrolysis
       ^
In file included from /opt/openfoam5/src/finiteVolume/lnInclude/fvMatrix.H:1061:0,
                 from /opt/openfoam5/src/finiteVolume/lnInclude/ddtScheme.C:29,
                 from /opt/openfoam5/src/finiteVolume/lnInclude/ddtScheme.H:342,
                 from /opt/openfoam5/src/finiteVolume/lnInclude/fvcDdt.C:28,
                 from /opt/openfoam5/src/finiteVolume/lnInclude/fvcDdt.H:205,
                 from /opt/openfoam5/src/finiteVolume/lnInclude/fvc.H:44,
                 from /opt/openfoam5/src/finiteVolume/lnInclude/fvCFD.H:8,
                 from pamFoam.C:36:
/opt/openfoam5/src/finiteVolume/lnInclude/fvMatrix.C:1677:33: note: candidate: template<class Type> Foam::tmp<Foam::fvMatrix<Type> > Foam::operator+(const Foam::fvMatrix<Type>&, const Foam::DimensionedField<Type, Foam::volMesh>&)
 Foam::tmp<Foam::fvMatrix<Type>> Foam::operator+
                                 ^
/opt/openfoam5/src/finiteVolume/lnInclude/fvMatrix.C:1677:33: note:   template argument deduction/substitution failed:
In file included from pamFoam.C:142:0:
./processModels/XIEqn.H:9:7: note:   'const volScalarField {aka const Foam::GeometricField<double, Foam::fvPatchField, Foam::volMesh>}' is not derived from 'const Foam::fvMatrix<Type>'
     + alphaLiquid*fXIXS*rhoHydrolysis
       ^
In file included from /opt/openfoam5/src/finiteVolume/lnInclude/fvMatrix.H:1061:0,
                 from /opt/openfoam5/src/finiteVolume/lnInclude/ddtScheme.C:29,
                 from /opt/openfoam5/src/finiteVolume/lnInclude/ddtScheme.H:342,
                 from /opt/openfoam5/src/finiteVolume/lnInclude/fvcDdt.C:28,
                 from /opt/openfoam5/src/finiteVolume/lnInclude/fvcDdt.H:205,
                 from /opt/openfoam5/src/finiteVolume/lnInclude/fvc.H:44,
                 from /opt/openfoam5/src/finiteVolume/lnInclude/fvCFD.H:8,
                 from pamFoam.C:36:
/opt/openfoam5/src/finiteVolume/lnInclude/fvMatrix.C:1690:33: note: candidate: template<class Type> Foam::tmp<Foam::fvMatrix<Type> > Foam::operator+(const Foam::fvMatrix<Type>&, const Foam::tmp<Foam::DimensionedField<Type, Foam::volMesh> >&)
 Foam::tmp<Foam::fvMatrix<Type>> Foam::operator+
                                 ^
/opt/openfoam5/src/finiteVolume/lnInclude/fvMatrix.C:1690:33: note:   template argument deduction/substitution failed:
In file included from pamFoam.C:142:0:
./processModels/XIEqn.H:9:7: note:   'const volScalarField {aka const Foam::GeometricField<double, Foam::fvPatchField, Foam::volMesh>}' is not derived from 'const Foam::fvMatrix<Type>'
     + alphaLiquid*fXIXS*rhoHydrolysis
       ^
In file included from /opt/openfoam5/src/finiteVolume/lnInclude/fvMatrix.H:1061:0,
                 from /opt/openfoam5/src/finiteVolume/lnInclude/ddtScheme.C:29,
                 from /opt/openfoam5/src/finiteVolume/lnInclude/ddtScheme.H:342,
                 from /opt/openfoam5/src/finiteVolume/lnInclude/fvcDdt.C:28,
                 from /opt/openfoam5/src/finiteVolume/lnInclude/fvcDdt.H:205,
                 from /opt/openfoam5/src/finiteVolume/lnInclude/fvc.H:44,
                 from /opt/openfoam5/src/finiteVolume/lnInclude/fvCFD.H:8,
                 from pamFoam.C:36:
/opt/openfoam5/src/finiteVolume/lnInclude/fvMatrix.C:1704:33: note: candidate: template<class Type> Foam::tmp<Foam::fvMatrix<Type> > Foam::operator+(const Foam::fvMatrix<Type>&, const Foam::tmp<Foam::GeometricField<Type, Foam::fvPatchField, Foam::volMesh> >&)
 Foam::tmp<Foam::fvMatrix<Type>> Foam::operator+
                                 ^
/opt/openfoam5/src/finiteVolume/lnInclude/fvMatrix.C:1704:33: note:   template argument deduction/substitution failed:
In file included from pamFoam.C:142:0:
./processModels/XIEqn.H:9:7: note:   'const volScalarField {aka const Foam::GeometricField<double, Foam::fvPatchField, Foam::volMesh>}' is not derived from 'const Foam::fvMatrix<Type>'
     + alphaLiquid*fXIXS*rhoHydrolysis
       ^
In file included from /opt/openfoam5/src/finiteVolume/lnInclude/fvMatrix.H:1061:0,
                 from /opt/openfoam5/src/finiteVolume/lnInclude/ddtScheme.C:29,
                 from /opt/openfoam5/src/finiteVolume/lnInclude/ddtScheme.H:342,
                 from /opt/openfoam5/src/finiteVolume/lnInclude/fvcDdt.C:28,
                 from /opt/openfoam5/src/finiteVolume/lnInclude/fvcDdt.H:205,
                 from /opt/openfoam5/src/finiteVolume/lnInclude/fvc.H:44,
                 from /opt/openfoam5/src/finiteVolume/lnInclude/fvCFD.H:8,
                 from pamFoam.C:36:
/opt/openfoam5/src/finiteVolume/lnInclude/fvMatrix.C:1718:33: note: candidate: template<class Type> Foam::tmp<Foam::fvMatrix<Type> > Foam::operator+(const Foam::tmp<Foam::fvMatrix<Type> >&, const Foam::DimensionedField<Type, Foam::volMesh>&)
 Foam::tmp<Foam::fvMatrix<Type>> Foam::operator+
                                 ^
/opt/openfoam5/src/finiteVolume/lnInclude/fvMatrix.C:1718:33: note:   template argument deduction/substitution failed:
In file included from pamFoam.C:142:0:
./processModels/XIEqn.H:9:7: note:   'const volScalarField {aka const Foam::GeometricField<double, Foam::fvPatchField, Foam::volMesh>}' is not derived from 'const Foam::tmp<Foam::fvMatrix<Type> >'
     + alphaLiquid*fXIXS*rhoHydrolysis
       ^
In file included from /opt/openfoam5/src/finiteVolume/lnInclude/fvMatrix.H:1061:0,
                 from /opt/openfoam5/src/finiteVolume/lnInclude/ddtScheme.C:29,
                 from /opt/openfoam5/src/finiteVolume/lnInclude/ddtScheme.H:342,
                 from /opt/openfoam5/src/finiteVolume/lnInclude/fvcDdt.C:28,
                 from /opt/openfoam5/src/finiteVolume/lnInclude/fvcDdt.H:205,
                 from /opt/openfoam5/src/finiteVolume/lnInclude/fvc.H:44,
                 from /opt/openfoam5/src/finiteVolume/lnInclude/fvCFD.H:8,
                 from pamFoam.C:36:
/opt/openfoam5/src/finiteVolume/lnInclude/fvMatrix.C:1731:33: note: candidate: template<class Type> Foam::tmp<Foam::fvMatrix<Type> > Foam::operator+(const Foam::tmp<Foam::fvMatrix<Type> >&, const Foam::tmp<Foam::DimensionedField<Type, Foam::volMesh> >&)
 Foam::tmp<Foam::fvMatrix<Type>> Foam::operator+
                                 ^
/opt/openfoam5/src/finiteVolume/lnInclude/fvMatrix.C:1731:33: note:   template argument deduction/substitution failed:
In file included from pamFoam.C:142:0:
./processModels/XIEqn.H:9:7: note:   'const volScalarField {aka const Foam::GeometricField<double, Foam::fvPatchField, Foam::volMesh>}' is not derived from 'const Foam::tmp<Foam::fvMatrix<Type> >'
     + alphaLiquid*fXIXS*rhoHydrolysis
       ^
In file included from /opt/openfoam5/src/finiteVolume/lnInclude/fvMatrix.H:1061:0,
                 from /opt/openfoam5/src/finiteVolume/lnInclude/ddtScheme.C:29,
                 from /opt/openfoam5/src/finiteVolume/lnInclude/ddtScheme.H:342,
                 from /opt/openfoam5/src/finiteVolume/lnInclude/fvcDdt.C:28,
                 from /opt/openfoam5/src/finiteVolume/lnInclude/fvcDdt.H:205,
                 from /opt/openfoam5/src/finiteVolume/lnInclude/fvc.H:44,
                 from /opt/openfoam5/src/finiteVolume/lnInclude/fvCFD.H:8,
                 from pamFoam.C:36:
/opt/openfoam5/src/finiteVolume/lnInclude/fvMatrix.C:1745:33: note: candidate: template<class Type> Foam::tmp<Foam::fvMatrix<Type> > Foam::operator+(const Foam::tmp<Foam::fvMatrix<Type> >&, const Foam::tmp<Foam::GeometricField<Type, Foam::fvPatchField, Foam::volMesh> >&)
 Foam::tmp<Foam::fvMatrix<Type>> Foam::operator+
                                 ^
/opt/openfoam5/src/finiteVolume/lnInclude/fvMatrix.C:1745:33: note:   template argument deduction/substitution failed:
In file included from pamFoam.C:142:0:
./processModels/XIEqn.H:9:7: note:   'const volScalarField {aka const Foam::GeometricField<double, Foam::fvPatchField, Foam::volMesh>}' is not derived from 'const Foam::tmp<Foam::fvMatrix<Type> >'
     + alphaLiquid*fXIXS*rhoHydrolysis
       ^
In file included from /opt/openfoam5/src/finiteVolume/lnInclude/fvMatrix.H:1061:0,
                 from /opt/openfoam5/src/finiteVolume/lnInclude/ddtScheme.C:29,
                 from /opt/openfoam5/src/finiteVolume/lnInclude/ddtScheme.H:342,
                 from /opt/openfoam5/src/finiteVolume/lnInclude/fvcDdt.C:28,
                 from /opt/openfoam5/src/finiteVolume/lnInclude/fvcDdt.H:205,
                 from /opt/openfoam5/src/finiteVolume/lnInclude/fvc.H:44,
                 from /opt/openfoam5/src/finiteVolume/lnInclude/fvCFD.H:8,
                 from pamFoam.C:36:
/opt/openfoam5/src/finiteVolume/lnInclude/fvMatrix.C:1759:33: note: candidate: template<class Type> Foam::tmp<Foam::fvMatrix<Type> > Foam::operator+(const Foam::DimensionedField<Type, Foam::volMesh>&, const Foam::fvMatrix<Type>&)
 Foam::tmp<Foam::fvMatrix<Type>> Foam::operator+
                                 ^
/opt/openfoam5/src/finiteVolume/lnInclude/fvMatrix.C:1759:33: note:   template argument deduction/substitution failed:
In file included from pamFoam.C:142:0:
./processModels/XIEqn.H:9:7: note:   candidate expects 2 arguments, 1 provided
     + alphaLiquid*fXIXS*rhoHydrolysis
       ^
In file included from /opt/openfoam5/src/finiteVolume/lnInclude/fvMatrix.H:1061:0,
                 from /opt/openfoam5/src/finiteVolume/lnInclude/ddtScheme.C:29,
                 from /opt/openfoam5/src/finiteVolume/lnInclude/ddtScheme.H:342,
                 from /opt/openfoam5/src/finiteVolume/lnInclude/fvcDdt.C:28,
                 from /opt/openfoam5/src/finiteVolume/lnInclude/fvcDdt.H:205,
                 from /opt/openfoam5/src/finiteVolume/lnInclude/fvc.H:44,
                 from /opt/openfoam5/src/finiteVolume/lnInclude/fvCFD.H:8,
                 from pamFoam.C:36:
/opt/openfoam5/src/finiteVolume/lnInclude/fvMatrix.C:1772:33: note: candidate: template<class Type> Foam::tmp<Foam::fvMatrix<Type> > Foam::operator+(const Foam::tmp<Foam::DimensionedField<Type, Foam::volMesh> >&, const Foam::fvMatrix<Type>&)
 Foam::tmp<Foam::fvMatrix<Type>> Foam::operator+
                                 ^
/opt/openfoam5/src/finiteVolume/lnInclude/fvMatrix.C:1772:33: note:   template argument deduction/substitution failed:
In file included from pamFoam.C:142:0:
./processModels/XIEqn.H:9:7: note:   'const volScalarField {aka const Foam::GeometricField<double, Foam::fvPatchField, Foam::volMesh>}' is not derived from 'const Foam::tmp<Foam::DimensionedField<Type, Foam::volMesh> >'
     + alphaLiquid*fXIXS*rhoHydrolysis
       ^
In file included from /opt/openfoam5/src/finiteVolume/lnInclude/fvMatrix.H:1061:0,
                 from /opt/openfoam5/src/finiteVolume/lnInclude/ddtScheme.C:29,
                 from /opt/openfoam5/src/finiteVolume/lnInclude/ddtScheme.H:342,
                 from /opt/openfoam5/src/finiteVolume/lnInclude/fvcDdt.C:28,
                 from /opt/openfoam5/src/finiteVolume/lnInclude/fvcDdt.H:205,
                 from /opt/openfoam5/src/finiteVolume/lnInclude/fvc.H:44,
                 from /opt/openfoam5/src/finiteVolume/lnInclude/fvCFD.H:8,
                 from pamFoam.C:36:
/opt/openfoam5/src/finiteVolume/lnInclude/fvMatrix.C:1786:33: note: candidate: template<class Type> Foam::tmp<Foam::fvMatrix<Type> > Foam::operator+(const Foam::tmp<Foam::GeometricField<Type, Foam::fvPatchField, Foam::volMesh> >&, const Foam::fvMatrix<Type>&)
 Foam::tmp<Foam::fvMatrix<Type>> Foam::operator+
                                 ^
/opt/openfoam5/src/finiteVolume/lnInclude/fvMatrix.C:1786:33: note:   template argument deduction/substitution failed:
In file included from pamFoam.C:142:0:
./processModels/XIEqn.H:9:7: note:   'const volScalarField {aka const Foam::GeometricField<double, Foam::fvPatchField, Foam::volMesh>}' is not derived from 'const Foam::tmp<Foam::GeometricField<Type, Foam::fvPatchField, Foam::volMesh> >'
     + alphaLiquid*fXIXS*rhoHydrolysis
       ^
In file included from /opt/openfoam5/src/finiteVolume/lnInclude/fvMatrix.H:1061:0,
                 from /opt/openfoam5/src/finiteVolume/lnInclude/ddtScheme.C:29,
                 from /opt/openfoam5/src/finiteVolume/lnInclude/ddtScheme.H:342,
                 from /opt/openfoam5/src/finiteVolume/lnInclude/fvcDdt.C:28,
                 from /opt/openfoam5/src/finiteVolume/lnInclude/fvcDdt.H:205,
                 from /opt/openfoam5/src/finiteVolume/lnInclude/fvc.H:44,
                 from /opt/openfoam5/src/finiteVolume/lnInclude/fvCFD.H:8,
                 from pamFoam.C:36:
/opt/openfoam5/src/finiteVolume/lnInclude/fvMatrix.C:1800:33: note: candidate: template<class Type> Foam::tmp<Foam::fvMatrix<Type> > Foam::operator+(const Foam::DimensionedField<Type, Foam::volMesh>&, const Foam::tmp<Foam::fvMatrix<Type> >&)
 Foam::tmp<Foam::fvMatrix<Type>> Foam::operator+
                                 ^
/opt/openfoam5/src/finiteVolume/lnInclude/fvMatrix.C:1800:33: note:   template argument deduction/substitution failed:
In file included from pamFoam.C:142:0:
./processModels/XIEqn.H:9:7: note:   candidate expects 2 arguments, 1 provided
     + alphaLiquid*fXIXS*rhoHydrolysis
       ^
In file included from /opt/openfoam5/src/finiteVolume/lnInclude/fvMatrix.H:1061:0,
                 from /opt/openfoam5/src/finiteVolume/lnInclude/ddtScheme.C:29,
                 from /opt/openfoam5/src/finiteVolume/lnInclude/ddtScheme.H:342,
                 from /opt/openfoam5/src/finiteVolume/lnInclude/fvcDdt.C:28,
                 from /opt/openfoam5/src/finiteVolume/lnInclude/fvcDdt.H:205,
                 from /opt/openfoam5/src/finiteVolume/lnInclude/fvc.H:44,
                 from /opt/openfoam5/src/finiteVolume/lnInclude/fvCFD.H:8,
                 from pamFoam.C:36:
/opt/openfoam5/src/finiteVolume/lnInclude/fvMatrix.C:1813:33: note: candidate: template<class Type> Foam::tmp<Foam::fvMatrix<Type> > Foam::operator+(const Foam::tmp<Foam::DimensionedField<Type, Foam::volMesh> >&, const Foam::tmp<Foam::fvMatrix<Type> >&)
 Foam::tmp<Foam::fvMatrix<Type>> Foam::operator+
                                 ^
/opt/openfoam5/src/finiteVolume/lnInclude/fvMatrix.C:1813:33: note:   template argument deduction/substitution failed:
In file included from pamFoam.C:142:0:
./processModels/XIEqn.H:9:7: note:   'const volScalarField {aka const Foam::GeometricField<double, Foam::fvPatchField, Foam::volMesh>}' is not derived from 'const Foam::tmp<Foam::DimensionedField<Type, Foam::volMesh> >'
     + alphaLiquid*fXIXS*rhoHydrolysis
       ^
In file included from /opt/openfoam5/src/finiteVolume/lnInclude/fvMatrix.H:1061:0,
                 from /opt/openfoam5/src/finiteVolume/lnInclude/ddtScheme.C:29,
                 from /opt/openfoam5/src/finiteVolume/lnInclude/ddtScheme.H:342,
                 from /opt/openfoam5/src/finiteVolume/lnInclude/fvcDdt.C:28,
                 from /opt/openfoam5/src/finiteVolume/lnInclude/fvcDdt.H:205,
                 from /opt/openfoam5/src/finiteVolume/lnInclude/fvc.H:44,
                 from /opt/openfoam5/src/finiteVolume/lnInclude/fvCFD.H:8,
                 from pamFoam.C:36:
/opt/openfoam5/src/finiteVolume/lnInclude/fvMatrix.C:1827:33: note: candidate: template<class Type> Foam::tmp<Foam::fvMatrix<Type> > Foam::operator+(const Foam::tmp<Foam::GeometricField<Type, Foam::fvPatchField, Foam::volMesh> >&, const Foam::tmp<Foam::fvMatrix<Type> >&)
 Foam::tmp<Foam::fvMatrix<Type>> Foam::operator+
                                 ^
/opt/openfoam5/src/finiteVolume/lnInclude/fvMatrix.C:1827:33: note:   template argument deduction/substitution failed:
In file included from pamFoam.C:142:0:
./processModels/XIEqn.H:9:7: note:   'const volScalarField {aka const Foam::GeometricField<double, Foam::fvPatchField, Foam::volMesh>}' is not derived from 'const Foam::tmp<Foam::GeometricField<Type, Foam::fvPatchField, Foam::volMesh> >'
     + alphaLiquid*fXIXS*rhoHydrolysis
       ^
In file included from /opt/openfoam5/src/finiteVolume/lnInclude/fvMatrix.H:1061:0,
                 from /opt/openfoam5/src/finiteVolume/lnInclude/ddtScheme.C:29,
                 from /opt/openfoam5/src/finiteVolume/lnInclude/ddtScheme.H:342,
                 from /opt/openfoam5/src/finiteVolume/lnInclude/fvcDdt.C:28,
                 from /opt/openfoam5/src/finiteVolume/lnInclude/fvcDdt.H:205,
                 from /opt/openfoam5/src/finiteVolume/lnInclude/fvc.H:44,
                 from /opt/openfoam5/src/finiteVolume/lnInclude/fvCFD.H:8,
                 from pamFoam.C:36:
/opt/openfoam5/src/finiteVolume/lnInclude/fvMatrix.C:2066:33: note: candidate: template<class Type> Foam::tmp<Foam::fvMatrix<Type> > Foam::operator+(const Foam::fvMatrix<Type>&, const Foam::dimensioned<Type>&)
 Foam::tmp<Foam::fvMatrix<Type>> Foam::operator+
                                 ^
/opt/openfoam5/src/finiteVolume/lnInclude/fvMatrix.C:2066:33: note:   template argument deduction/substitution failed:
In file included from pamFoam.C:142:0:
./processModels/XIEqn.H:9:7: note:   'const volScalarField {aka const Foam::GeometricField<double, Foam::fvPatchField, Foam::volMesh>}' is not derived from 'const Foam::fvMatrix<Type>'
     + alphaLiquid*fXIXS*rhoHydrolysis
       ^
In file included from /opt/openfoam5/src/finiteVolume/lnInclude/fvMatrix.H:1061:0,
                 from /opt/openfoam5/src/finiteVolume/lnInclude/ddtScheme.C:29,
                 from /opt/openfoam5/src/finiteVolume/lnInclude/ddtScheme.H:342,
                 from /opt/openfoam5/src/finiteVolume/lnInclude/fvcDdt.C:28,
                 from /opt/openfoam5/src/finiteVolume/lnInclude/fvcDdt.H:205,
                 from /opt/openfoam5/src/finiteVolume/lnInclude/fvc.H:44,
                 from /opt/openfoam5/src/finiteVolume/lnInclude/fvCFD.H:8,
                 from pamFoam.C:36:
/opt/openfoam5/src/finiteVolume/lnInclude/fvMatrix.C:2079:33: note: candidate: template<class Type> Foam::tmp<Foam::fvMatrix<Type> > Foam::operator+(const Foam::tmp<Foam::fvMatrix<Type> >&, const Foam::dimensioned<Type>&)
 Foam::tmp<Foam::fvMatrix<Type>> Foam::operator+
                                 ^
/opt/openfoam5/src/finiteVolume/lnInclude/fvMatrix.C:2079:33: note:   template argument deduction/substitution failed:
In file included from pamFoam.C:142:0:
./processModels/XIEqn.H:9:7: note:   'const volScalarField {aka const Foam::GeometricField<double, Foam::fvPatchField, Foam::volMesh>}' is not derived from 'const Foam::tmp<Foam::fvMatrix<Type> >'
     + alphaLiquid*fXIXS*rhoHydrolysis
       ^
In file included from /opt/openfoam5/src/finiteVolume/lnInclude/fvMatrix.H:1061:0,
                 from /opt/openfoam5/src/finiteVolume/lnInclude/ddtScheme.C:29,
                 from /opt/openfoam5/src/finiteVolume/lnInclude/ddtScheme.H:342,
                 from /opt/openfoam5/src/finiteVolume/lnInclude/fvcDdt.C:28,
                 from /opt/openfoam5/src/finiteVolume/lnInclude/fvcDdt.H:205,
                 from /opt/openfoam5/src/finiteVolume/lnInclude/fvc.H:44,
                 from /opt/openfoam5/src/finiteVolume/lnInclude/fvCFD.H:8,
                 from pamFoam.C:36:
/opt/openfoam5/src/finiteVolume/lnInclude/fvMatrix.C:2092:33: note: candidate: template<class Type> Foam::tmp<Foam::fvMatrix<Type> > Foam::operator+(const Foam::dimensioned<Type>&, const Foam::fvMatrix<Type>&)
 Foam::tmp<Foam::fvMatrix<Type>> Foam::operator+
                                 ^
/opt/openfoam5/src/finiteVolume/lnInclude/fvMatrix.C:2092:33: note:   template argument deduction/substitution failed:
In file included from pamFoam.C:142:0:
./processModels/XIEqn.H:9:7: note:   'const volScalarField {aka const Foam::GeometricField<double, Foam::fvPatchField, Foam::volMesh>}' is not derived from 'const Foam::dimensioned<Type>'
     + alphaLiquid*fXIXS*rhoHydrolysis
       ^
In file included from /opt/openfoam5/src/finiteVolume/lnInclude/fvMatrix.H:1061:0,
                 from /opt/openfoam5/src/finiteVolume/lnInclude/ddtScheme.C:29,
                 from /opt/openfoam5/src/finiteVolume/lnInclude/ddtScheme.H:342,
                 from /opt/openfoam5/src/finiteVolume/lnInclude/fvcDdt.C:28,
                 from /opt/openfoam5/src/finiteVolume/lnInclude/fvcDdt.H:205,
                 from /opt/openfoam5/src/finiteVolume/lnInclude/fvc.H:44,
                 from /opt/openfoam5/src/finiteVolume/lnInclude/fvCFD.H:8,
                 from pamFoam.C:36:
/opt/openfoam5/src/finiteVolume/lnInclude/fvMatrix.C:2105:33: note: candidate: template<class Type> Foam::tmp<Foam::fvMatrix<Type> > Foam::operator+(const Foam::dimensioned<Type>&, const Foam::tmp<Foam::fvMatrix<Type> >&)
 Foam::tmp<Foam::fvMatrix<Type>> Foam::operator+
                                 ^
/opt/openfoam5/src/finiteVolume/lnInclude/fvMatrix.C:2105:33: note:   template argument deduction/substitution failed:
In file included from pamFoam.C:142:0:
./processModels/XIEqn.H:9:7: note:   'const volScalarField {aka const Foam::GeometricField<double, Foam::fvPatchField, Foam::volMesh>}' is not derived from 'const Foam::dimensioned<Type>'
     + alphaLiquid*fXIXS*rhoHydrolysis
       ^
./processModels/XIEqn.H:9:19: error: 'fXIXS' was not declared in this scope
     + alphaLiquid*fXIXS*rhoHydrolysis
                   ^
In file included from pamFoam.C:143:0:
./processModels/SINEqn.H:9:5: error: no match for 'operator+' (operand type is 'const volScalarField {aka const Foam::GeometricField<double, Foam::fvPatchField, Foam::volMesh>}')
     + alphaLiquid*fSINXS * rhoHydrolysis
     ^
In file included from /opt/openfoam5/src/OpenFOAM/lnInclude/zero.H:101:0,
                 from /opt/openfoam5/src/OpenFOAM/lnInclude/UList.H:49,
                 from /opt/openfoam5/src/OpenFOAM/lnInclude/List.H:43,
                 from /opt/openfoam5/src/OpenFOAM/lnInclude/labelList.H:48,
                 from /opt/openfoam5/src/OpenFOAM/lnInclude/UPstream.H:42,
                 from /opt/openfoam5/src/OpenFOAM/lnInclude/Pstream.H:42,
                 from /opt/openfoam5/src/OpenFOAM/lnInclude/parRun.H:35,
                 from /opt/openfoam5/src/finiteVolume/lnInclude/fvCFD.H:4,
                 from pamFoam.C:36:
/opt/openfoam5/src/OpenFOAM/lnInclude/zeroI.H:35:13: note: candidate: Foam::zero Foam::operator+(const Foam::zero&, const Foam::zero&)
 inline zero operator+(const zero&, const zero&)
             ^
/opt/openfoam5/src/OpenFOAM/lnInclude/zeroI.H:35:13: note:   candidate expects 2 arguments, 1 provided
/opt/openfoam5/src/OpenFOAM/lnInclude/zeroI.H:41:20: note: candidate: template<class Type> const Type& Foam::operator+(const Type&, const Foam::zero&)
 inline const Type& operator+(const Type& t, const zero&)
                    ^
/opt/openfoam5/src/OpenFOAM/lnInclude/zeroI.H:41:20: note:   template argument deduction/substitution failed:
In file included from pamFoam.C:143:0:
./processModels/SINEqn.H:9:7: note:   candidate expects 2 arguments, 1 provided
     + alphaLiquid*fSINXS * rhoHydrolysis
       ^
In file included from /opt/openfoam5/src/OpenFOAM/lnInclude/zero.H:101:0,
                 from /opt/openfoam5/src/OpenFOAM/lnInclude/UList.H:49,
                 from /opt/openfoam5/src/OpenFOAM/lnInclude/List.H:43,
                 from /opt/openfoam5/src/OpenFOAM/lnInclude/labelList.H:48,
                 from /opt/openfoam5/src/OpenFOAM/lnInclude/UPstream.H:42,
                 from /opt/openfoam5/src/OpenFOAM/lnInclude/Pstream.H:42,
                 from /opt/openfoam5/src/OpenFOAM/lnInclude/parRun.H:35,
                 from /opt/openfoam5/src/finiteVolume/lnInclude/fvCFD.H:4,
                 from pamFoam.C:36:
/opt/openfoam5/src/OpenFOAM/lnInclude/zeroI.H:47:20: note: candidate: template<class Type> const Type& Foam::operator+(const Foam::zero&, const Type&)
 inline const Type& operator+(const zero&, const Type& t)
                    ^
/opt/openfoam5/src/OpenFOAM/lnInclude/zeroI.H:47:20: note:   template argument deduction/substitution failed:
In file included from pamFoam.C:143:0:
./processModels/SINEqn.H:9:7: note:   cannot convert 'alphaLiquid' (type 'const volScalarField {aka const Foam::GeometricField<double, Foam::fvPatchField, Foam::volMesh>}') to type 'const Foam::zero&'
     + alphaLiquid*fSINXS * rhoHydrolysis
       ^
In file included from /opt/openfoam5/src/OpenFOAM/lnInclude/UPtrList.H:393:0,
                 from /opt/openfoam5/src/OpenFOAM/lnInclude/PtrList.H:44,
                 from /opt/openfoam5/src/OpenFOAM/lnInclude/List.C:29,
                 from /opt/openfoam5/src/OpenFOAM/lnInclude/List.H:309,
                 from /opt/openfoam5/src/OpenFOAM/lnInclude/labelList.H:48,
                 from /opt/openfoam5/src/OpenFOAM/lnInclude/UPstream.H:42,
                 from /opt/openfoam5/src/OpenFOAM/lnInclude/Pstream.H:42,
                 from /opt/openfoam5/src/OpenFOAM/lnInclude/parRun.H:35,
                 from /opt/openfoam5/src/finiteVolume/lnInclude/fvCFD.H:4,
                 from pamFoam.C:36:
/opt/openfoam5/src/OpenFOAM/lnInclude/UPtrListI.H:217:1: note: candidate: template<class T> typename Foam::UPtrList<T>::iterator Foam::operator+(const typename Foam::UPtrList<T>::iterator&, Foam::label)
 Foam::operator+(const typename UPtrList<T>::iterator& iter, label n)
 ^
/opt/openfoam5/src/OpenFOAM/lnInclude/UPtrListI.H:217:1: note:   template argument deduction/substitution failed:
In file included from pamFoam.C:143:0:
./processModels/SINEqn.H:9:7: note:   candidate expects 2 arguments, 1 provided
     + alphaLiquid*fSINXS * rhoHydrolysis
       ^
In file included from /opt/openfoam5/src/OpenFOAM/lnInclude/UPtrList.H:393:0,
                 from /opt/openfoam5/src/OpenFOAM/lnInclude/PtrList.H:44,
                 from /opt/openfoam5/src/OpenFOAM/lnInclude/List.C:29,
                 from /opt/openfoam5/src/OpenFOAM/lnInclude/List.H:309,
                 from /opt/openfoam5/src/OpenFOAM/lnInclude/labelList.H:48,
                 from /opt/openfoam5/src/OpenFOAM/lnInclude/UPstream.H:42,
                 from /opt/openfoam5/src/OpenFOAM/lnInclude/Pstream.H:42,
                 from /opt/openfoam5/src/OpenFOAM/lnInclude/parRun.H:35,
                 from /opt/openfoam5/src/finiteVolume/lnInclude/fvCFD.H:4,
                 from pamFoam.C:36:
/opt/openfoam5/src/OpenFOAM/lnInclude/UPtrListI.H:225:1: note: candidate: template<class T> typename Foam::UPtrList<T>::iterator Foam::operator+(Foam::label, const typename Foam::UPtrList<T>::iterator&)
 Foam::operator+(label n, const typename UPtrList<T>::iterator& iter)
 ^
/opt/openfoam5/src/OpenFOAM/lnInclude/UPtrListI.H:225:1: note:   template argument deduction/substitution failed:
In file included from pamFoam.C:143:0:
./processModels/SINEqn.H:9:7: note:   cannot convert 'alphaLiquid' (type 'const volScalarField {aka const Foam::GeometricField<double, Foam::fvPatchField, Foam::volMesh>}') to type 'Foam::label {aka int}'
     + alphaLiquid*fSINXS * rhoHydrolysis
       ^
In file included from /opt/openfoam5/src/OpenFOAM/lnInclude/UPtrList.H:393:0,
                 from /opt/openfoam5/src/OpenFOAM/lnInclude/PtrList.H:44,
                 from /opt/openfoam5/src/OpenFOAM/lnInclude/List.C:29,
                 from /opt/openfoam5/src/OpenFOAM/lnInclude/List.H:309,
                 from /opt/openfoam5/src/OpenFOAM/lnInclude/labelList.H:48,
                 from /opt/openfoam5/src/OpenFOAM/lnInclude/UPstream.H:42,
                 from /opt/openfoam5/src/OpenFOAM/lnInclude/Pstream.H:42,
                 from /opt/openfoam5/src/OpenFOAM/lnInclude/parRun.H:35,
                 from /opt/openfoam5/src/finiteVolume/lnInclude/fvCFD.H:4,
                 from pamFoam.C:36:
/opt/openfoam5/src/OpenFOAM/lnInclude/UPtrListI.H:401:1: note: candidate: template<class T> typename Foam::UPtrList<T>::const_iterator Foam::operator+(const typename Foam::UPtrList<T>::const_iterator&, Foam::label)
 Foam::operator+(const typename UPtrList<T>::const_iterator& iter, label n)
 ^
/opt/openfoam5/src/OpenFOAM/lnInclude/UPtrListI.H:401:1: note:   template argument deduction/substitution failed:
In file included from pamFoam.C:143:0:
./processModels/SINEqn.H:9:7: note:   candidate expects 2 arguments, 1 provided
     + alphaLiquid*fSINXS * rhoHydrolysis
       ^
In file included from /opt/openfoam5/src/OpenFOAM/lnInclude/UPtrList.H:393:0,
                 from /opt/openfoam5/src/OpenFOAM/lnInclude/PtrList.H:44,
                 from /opt/openfoam5/src/OpenFOAM/lnInclude/List.C:29,
                 from /opt/openfoam5/src/OpenFOAM/lnInclude/List.H:309,
                 from /opt/openfoam5/src/OpenFOAM/lnInclude/labelList.H:48,
                 from /opt/openfoam5/src/OpenFOAM/lnInclude/UPstream.H:42,
                 from /opt/openfoam5/src/OpenFOAM/lnInclude/Pstream.H:42,
                 from /opt/openfoam5/src/OpenFOAM/lnInclude/parRun.H:35,
                 from /opt/openfoam5/src/finiteVolume/lnInclude/fvCFD.H:4,
                 from pamFoam.C:36:
/opt/openfoam5/src/OpenFOAM/lnInclude/UPtrListI.H:410:1: note: candidate: template<class T> typename Foam::UPtrList<T>::const_iterator Foam::operator+(Foam::label, const typename Foam::UPtrList<T>::const_iterator&)
 Foam::operator+(label n, const typename UPtrList<T>::const_iterator& iter)
 ^
/opt/openfoam5/src/OpenFOAM/lnInclude/UPtrListI.H:410:1: note:   template argument deduction/substitution failed:
In file included from pamFoam.C:143:0:
./processModels/SINEqn.H:9:7: note:   cannot convert 'alphaLiquid' (type 'const volScalarField {aka const Foam::GeometricField<double, Foam::fvPatchField, Foam::volMesh>}') to type 'Foam::label {aka int}'
     + alphaLiquid*fSINXS * rhoHydrolysis
       ^
In file included from /opt/openfoam5/src/OpenFOAM/lnInclude/baseIOdictionary.H:43:0,
                 from /opt/openfoam5/src/OpenFOAM/lnInclude/unwatchedIOdictionary.H:37,
                 from /opt/openfoam5/src/OpenFOAM/lnInclude/Time.H:43,
                 from /opt/openfoam5/src/finiteVolume/lnInclude/fvCFD.H:6,
                 from pamFoam.C:36:
/opt/openfoam5/src/OpenFOAM/lnInclude/dictionary.H:575:12: note: candidate: Foam::dictionary Foam::operator+(const Foam::dictionary&, const Foam::dictionary&)
 dictionary operator+(const dictionary& dict1, const dictionary& dict2);
            ^
/opt/openfoam5/src/OpenFOAM/lnInclude/dictionary.H:575:12: note:   candidate expects 2 arguments, 1 provided
In file included from /opt/openfoam5/src/OpenFOAM/lnInclude/VectorSpace.H:230:0,
                 from /opt/openfoam5/src/OpenFOAM/lnInclude/Field.H:46,
                 from /opt/openfoam5/src/OpenFOAM/lnInclude/scalarField.H:38,
                 from /opt/openfoam5/src/OpenFOAM/lnInclude/dimensionSet.H:46,
                 from /opt/openfoam5/src/OpenFOAM/lnInclude/dimensionedType.H:40,
                 from /opt/openfoam5/src/OpenFOAM/lnInclude/dimensionedScalar.H:38,
                 from /opt/openfoam5/src/OpenFOAM/lnInclude/TimeState.H:38,
                 from /opt/openfoam5/src/OpenFOAM/lnInclude/Time.H:47,
                 from /opt/openfoam5/src/finiteVolume/lnInclude/fvCFD.H:6,
                 from pamFoam.C:36:
/opt/openfoam5/src/OpenFOAM/lnInclude/VectorSpaceI.H:647:13: note: candidate: template<class Form, class Cmpt, unsigned char Ncmpts> Form Foam::operator+(const Foam::VectorSpace<Form, Cmpt, Ncmpts>&, const Foam::VectorSpace<Form, Cmpt, Ncmpts>&)
 inline Form operator+
             ^
/opt/openfoam5/src/OpenFOAM/lnInclude/VectorSpaceI.H:647:13: note:   template argument deduction/substitution failed:
In file included from pamFoam.C:143:0:
./processModels/SINEqn.H:9:7: note:   'const volScalarField {aka const Foam::GeometricField<double, Foam::fvPatchField, Foam::volMesh>}' is not derived from 'const Foam::VectorSpace<Form, Cmpt, Ncmpts>'
     + alphaLiquid*fSINXS * rhoHydrolysis
       ^
In file included from /opt/openfoam5/src/OpenFOAM/lnInclude/Field.C:877:0,
                 from /opt/openfoam5/src/OpenFOAM/lnInclude/Field.H:408,
                 from /opt/openfoam5/src/OpenFOAM/lnInclude/scalarField.H:38,
                 from /opt/openfoam5/src/OpenFOAM/lnInclude/dimensionSet.H:46,
                 from /opt/openfoam5/src/OpenFOAM/lnInclude/dimensionedType.H:40,
                 from /opt/openfoam5/src/OpenFOAM/lnInclude/dimensionedScalar.H:38,
                 from /opt/openfoam5/src/OpenFOAM/lnInclude/TimeState.H:38,
                 from /opt/openfoam5/src/OpenFOAM/lnInclude/Time.H:47,
                 from /opt/openfoam5/src/finiteVolume/lnInclude/fvCFD.H:6,
                 from pamFoam.C:36:
/opt/openfoam5/src/OpenFOAM/lnInclude/FieldFunctions.C:652:1: note: candidate: template<class Type1, class Type2> Foam::tmp<Foam::Field<typename Foam::typeOfSum<Type1, Type2>::type> > Foam::operator+(const Foam::UList<T>&, const Foam::UList<Key>&)
 operator Op(const UList<Type1>& f1, const UList<Type2>& f2)                    \
 ^
/opt/openfoam5/src/OpenFOAM/lnInclude/FieldFunctions.C:770:1: note: in expansion of macro 'PRODUCT_OPERATOR'
 PRODUCT_OPERATOR(typeOfSum, +, add)
 ^
/opt/openfoam5/src/OpenFOAM/lnInclude/FieldFunctions.C:652:1: note:   template argument deduction/substitution failed:
 operator Op(const UList<Type1>& f1, const UList<Type2>& f2)                    \
 ^
/opt/openfoam5/src/OpenFOAM/lnInclude/FieldFunctions.C:770:1: note: in expansion of macro 'PRODUCT_OPERATOR'
 PRODUCT_OPERATOR(typeOfSum, +, add)
 ^
In file included from pamFoam.C:143:0:
./processModels/SINEqn.H:9:7: note:   candidate expects 2 arguments, 1 provided
     + alphaLiquid*fSINXS * rhoHydrolysis
       ^
In file included from /opt/openfoam5/src/OpenFOAM/lnInclude/Field.C:877:0,
                 from /opt/openfoam5/src/OpenFOAM/lnInclude/Field.H:408,
                 from /opt/openfoam5/src/OpenFOAM/lnInclude/scalarField.H:38,
                 from /opt/openfoam5/src/OpenFOAM/lnInclude/dimensionSet.H:46,
                 from /opt/openfoam5/src/OpenFOAM/lnInclude/dimensionedType.H:40,
                 from /opt/openfoam5/src/OpenFOAM/lnInclude/dimensionedScalar.H:38,
                 from /opt/openfoam5/src/OpenFOAM/lnInclude/TimeState.H:38,
                 from /opt/openfoam5/src/OpenFOAM/lnInclude/Time.H:47,
                 from /opt/openfoam5/src/finiteVolume/lnInclude/fvCFD.H:6,
                 from pamFoam.C:36:
/opt/openfoam5/src/OpenFOAM/lnInclude/FieldFunctions.C:662:1: note: candidate: template<class Type1, class Type2> Foam::tmp<Foam::Field<typename Foam::typeOfSum<Type1, Type2>::type> > Foam::operator+(const Foam::UList<T>&, const Foam::tmp<Foam::Field<Type2> >&)
 operator Op(const UList<Type1>& f1, const tmp<Field<Type2>>& tf2)              \
 ^
/opt/openfoam5/src/OpenFOAM/lnInclude/FieldFunctions.C:770:1: note: in expansion of macro 'PRODUCT_OPERATOR'
 PRODUCT_OPERATOR(typeOfSum, +, add)
 ^
/opt/openfoam5/src/OpenFOAM/lnInclude/FieldFunctions.C:662:1: note:   template argument deduction/substitution failed:
 operator Op(const UList<Type1>& f1, const tmp<Field<Type2>>& tf2)              \
 ^
/opt/openfoam5/src/OpenFOAM/lnInclude/FieldFunctions.C:770:1: note: in expansion of macro 'PRODUCT_OPERATOR'
 PRODUCT_OPERATOR(typeOfSum, +, add)
 ^
In file included from pamFoam.C:143:0:
./processModels/SINEqn.H:9:7: note:   candidate expects 2 arguments, 1 provided
     + alphaLiquid*fSINXS * rhoHydrolysis
       ^
In file included from /opt/openfoam5/src/OpenFOAM/lnInclude/Field.C:877:0,
                 from /opt/openfoam5/src/OpenFOAM/lnInclude/Field.H:408,
                 from /opt/openfoam5/src/OpenFOAM/lnInclude/scalarField.H:38,
                 from /opt/openfoam5/src/OpenFOAM/lnInclude/dimensionSet.H:46,
                 from /opt/openfoam5/src/OpenFOAM/lnInclude/dimensionedType.H:40,
                 from /opt/openfoam5/src/OpenFOAM/lnInclude/dimensionedScalar.H:38,
                 from /opt/openfoam5/src/OpenFOAM/lnInclude/TimeState.H:38,
                 from /opt/openfoam5/src/OpenFOAM/lnInclude/Time.H:47,
                 from /opt/openfoam5/src/finiteVolume/lnInclude/fvCFD.H:6,
                 from pamFoam.C:36:
/opt/openfoam5/src/OpenFOAM/lnInclude/FieldFunctions.C:673:1: note: candidate: template<class Type1, class Type2> Foam::tmp<Foam::Field<typename Foam::typeOfSum<Type1, Type2>::type> > Foam::operator+(const Foam::tmp<Foam::Field<Type> >&, const Foam::UList<Key>&)
 operator Op(const tmp<Field<Type1>>& tf1, const UList<Type2>& f2)              \
 ^
/opt/openfoam5/src/OpenFOAM/lnInclude/FieldFunctions.C:770:1: note: in expansion of macro 'PRODUCT_OPERATOR'
 PRODUCT_OPERATOR(typeOfSum, +, add)
 ^
/opt/openfoam5/src/OpenFOAM/lnInclude/FieldFunctions.C:673:1: note:   template argument deduction/substitution failed:
 operator Op(const tmp<Field<Type1>>& tf1, const UList<Type2>& f2)              \
 ^
/opt/openfoam5/src/OpenFOAM/lnInclude/FieldFunctions.C:770:1: note: in expansion of macro 'PRODUCT_OPERATOR'
 PRODUCT_OPERATOR(typeOfSum, +, add)
 ^
In file included from pamFoam.C:143:0:
./processModels/SINEqn.H:9:7: note:   'const volScalarField {aka const Foam::GeometricField<double, Foam::fvPatchField, Foam::volMesh>}' is not derived from 'const Foam::tmp<Foam::Field<Type> >'
     + alphaLiquid*fSINXS * rhoHydrolysis
       ^
In file included from /opt/openfoam5/src/OpenFOAM/lnInclude/Field.C:877:0,
                 from /opt/openfoam5/src/OpenFOAM/lnInclude/Field.H:408,
                 from /opt/openfoam5/src/OpenFOAM/lnInclude/scalarField.H:38,
                 from /opt/openfoam5/src/OpenFOAM/lnInclude/dimensionSet.H:46,
                 from /opt/openfoam5/src/OpenFOAM/lnInclude/dimensionedType.H:40,
                 from /opt/openfoam5/src/OpenFOAM/lnInclude/dimensionedScalar.H:38,
                 from /opt/openfoam5/src/OpenFOAM/lnInclude/TimeState.H:38,
                 from /opt/openfoam5/src/OpenFOAM/lnInclude/Time.H:47,
                 from /opt/openfoam5/src/finiteVolume/lnInclude/fvCFD.H:6,
                 from pamFoam.C:36:
/opt/openfoam5/src/OpenFOAM/lnInclude/FieldFunctions.C:684:1: note: candidate: template<class Type1, class Type2> Foam::tmp<Foam::Field<typename Foam::typeOfSum<Type1, Type2>::type> > Foam::operator+(const Foam::tmp<Foam::Field<Type> >&, const Foam::tmp<Foam::Field<Type2> >&)
 operator Op(const tmp<Field<Type1>>& tf1, const tmp<Field<Type2>>& tf2)        \
 ^
/opt/openfoam5/src/OpenFOAM/lnInclude/FieldFunctions.C:770:1: note: in expansion of macro 'PRODUCT_OPERATOR'
 PRODUCT_OPERATOR(typeOfSum, +, add)
 ^
/opt/openfoam5/src/OpenFOAM/lnInclude/FieldFunctions.C:684:1: note:   template argument deduction/substitution failed:
 operator Op(const tmp<Field<Type1>>& tf1, const tmp<Field<Type2>>& tf2)        \
 ^
/opt/openfoam5/src/OpenFOAM/lnInclude/FieldFunctions.C:770:1: note: in expansion of macro 'PRODUCT_OPERATOR'
 PRODUCT_OPERATOR(typeOfSum, +, add)
 ^
In file included from pamFoam.C:143:0:
./processModels/SINEqn.H:9:7: note:   'const volScalarField {aka const Foam::GeometricField<double, Foam::fvPatchField, Foam::volMesh>}' is not derived from 'const Foam::tmp<Foam::Field<Type> >'
     + alphaLiquid*fSINXS * rhoHydrolysis
       ^
In file included from /opt/openfoam5/src/OpenFOAM/lnInclude/Field.C:877:0,
                 from /opt/openfoam5/src/OpenFOAM/lnInclude/Field.H:408,
                 from /opt/openfoam5/src/OpenFOAM/lnInclude/scalarField.H:38,
                 from /opt/openfoam5/src/OpenFOAM/lnInclude/dimensionSet.H:46,
                 from /opt/openfoam5/src/OpenFOAM/lnInclude/dimensionedType.H:40,
                 from /opt/openfoam5/src/OpenFOAM/lnInclude/dimensionedScalar.H:38,
                 from /opt/openfoam5/src/OpenFOAM/lnInclude/TimeState.H:38,
                 from /opt/openfoam5/src/OpenFOAM/lnInclude/Time.H:47,
                 from /opt/openfoam5/src/finiteVolume/lnInclude/fvCFD.H:6,
                 from pamFoam.C:36:
/opt/openfoam5/src/OpenFOAM/lnInclude/FieldFunctions.C:710:1: note: candidate: template<class Type, class Form, class Cmpt, unsigned char nCmpt> Foam::tmp<Foam::Field<typename Foam::typeOfSum<Type1, Type2>::type> > Foam::operator+(const Foam::UList<T>&, const Foam::VectorSpace<Form, Cmpt, nCmpt>&)
 operator Op(const UList<Type>& f1, const VectorSpace<Form,Cmpt,nCmpt>& vs)     \
 ^
/opt/openfoam5/src/OpenFOAM/lnInclude/FieldFunctions.C:770:1: note: in expansion of macro 'PRODUCT_OPERATOR'
 PRODUCT_OPERATOR(typeOfSum, +, add)
 ^
/opt/openfoam5/src/OpenFOAM/lnInclude/FieldFunctions.C:710:1: note:   template argument deduction/substitution failed:
 operator Op(const UList<Type>& f1, const VectorSpace<Form,Cmpt,nCmpt>& vs)     \
 ^
/opt/openfoam5/src/OpenFOAM/lnInclude/FieldFunctions.C:770:1: note: in expansion of macro 'PRODUCT_OPERATOR'
 PRODUCT_OPERATOR(typeOfSum, +, add)
 ^
In file included from pamFoam.C:143:0:
./processModels/SINEqn.H:9:7: note:   candidate expects 2 arguments, 1 provided
     + alphaLiquid*fSINXS * rhoHydrolysis
       ^
In file included from /opt/openfoam5/src/OpenFOAM/lnInclude/Field.C:877:0,
                 from /opt/openfoam5/src/OpenFOAM/lnInclude/Field.H:408,
                 from /opt/openfoam5/src/OpenFOAM/lnInclude/scalarField.H:38,
                 from /opt/openfoam5/src/OpenFOAM/lnInclude/dimensionSet.H:46,
                 from /opt/openfoam5/src/OpenFOAM/lnInclude/dimensionedType.H:40,
                 from /opt/openfoam5/src/OpenFOAM/lnInclude/dimensionedScalar.H:38,
                 from /opt/openfoam5/src/OpenFOAM/lnInclude/TimeState.H:38,
                 from /opt/openfoam5/src/OpenFOAM/lnInclude/Time.H:47,
                 from /opt/openfoam5/src/finiteVolume/lnInclude/fvCFD.H:6,
                 from pamFoam.C:36:
/opt/openfoam5/src/OpenFOAM/lnInclude/FieldFunctions.C:720:1: note: candidate: template<class Type, class Form, class Cmpt, unsigned char nCmpt> Foam::tmp<Foam::Field<typename Foam::typeOfSum<Type1, Type2>::type> > Foam::operator+(const Foam::tmp<Foam::Field<Type> >&, const Foam::VectorSpace<Form, Cmpt, nCmpt>&)
 operator Op                                                                    \
 ^
/opt/openfoam5/src/OpenFOAM/lnInclude/FieldFunctions.C:770:1: note: in expansion of macro 'PRODUCT_OPERATOR'
 PRODUCT_OPERATOR(typeOfSum, +, add)
 ^
/opt/openfoam5/src/OpenFOAM/lnInclude/FieldFunctions.C:720:1: note:   template argument deduction/substitution failed:
 operator Op                                                                    \
 ^
/opt/openfoam5/src/OpenFOAM/lnInclude/FieldFunctions.C:770:1: note: in expansion of macro 'PRODUCT_OPERATOR'
 PRODUCT_OPERATOR(typeOfSum, +, add)
 ^
In file included from pamFoam.C:143:0:
./processModels/SINEqn.H:9:7: note:   'const volScalarField {aka const Foam::GeometricField<double, Foam::fvPatchField, Foam::volMesh>}' is not derived from 'const Foam::tmp<Foam::Field<Type> >'
     + alphaLiquid*fSINXS * rhoHydrolysis
       ^
In file included from /opt/openfoam5/src/OpenFOAM/lnInclude/Field.C:877:0,
                 from /opt/openfoam5/src/OpenFOAM/lnInclude/Field.H:408,
                 from /opt/openfoam5/src/OpenFOAM/lnInclude/scalarField.H:38,
                 from /opt/openfoam5/src/OpenFOAM/lnInclude/dimensionSet.H:46,
                 from /opt/openfoam5/src/OpenFOAM/lnInclude/dimensionedType.H:40,
                 from /opt/openfoam5/src/OpenFOAM/lnInclude/dimensionedScalar.H:38,
                 from /opt/openfoam5/src/OpenFOAM/lnInclude/TimeState.H:38,
                 from /opt/openfoam5/src/OpenFOAM/lnInclude/Time.H:47,
                 from /opt/openfoam5/src/finiteVolume/lnInclude/fvCFD.H:6,
                 from pamFoam.C:36:
/opt/openfoam5/src/OpenFOAM/lnInclude/FieldFunctions.C:748:1: note: candidate: template<class Form, class Cmpt, unsigned char nCmpt, class Type> Foam::tmp<Foam::Field<typename Foam::typeOfSum<Form, Type>::type> > Foam::operator+(const Foam::VectorSpace<Form, Cmpt, Ncmpts>&, const Foam::UList<Type>&)
 operator Op(const VectorSpace<Form,Cmpt,nCmpt>& vs, const UList<Type>& f1)     \
 ^
/opt/openfoam5/src/OpenFOAM/lnInclude/FieldFunctions.C:770:1: note: in expansion of macro 'PRODUCT_OPERATOR'
 PRODUCT_OPERATOR(typeOfSum, +, add)
 ^
/opt/openfoam5/src/OpenFOAM/lnInclude/FieldFunctions.C:748:1: note:   template argument deduction/substitution failed:
 operator Op(const VectorSpace<Form,Cmpt,nCmpt>& vs, const UList<Type>& f1)     \
 ^
/opt/openfoam5/src/OpenFOAM/lnInclude/FieldFunctions.C:770:1: note: in expansion of macro 'PRODUCT_OPERATOR'
 PRODUCT_OPERATOR(typeOfSum, +, add)
 ^
In file included from pamFoam.C:143:0:
./processModels/SINEqn.H:9:7: note:   'const volScalarField {aka const Foam::GeometricField<double, Foam::fvPatchField, Foam::volMesh>}' is not derived from 'const Foam::VectorSpace<Form, Cmpt, Ncmpts>'
     + alphaLiquid*fSINXS * rhoHydrolysis
       ^
In file included from /opt/openfoam5/src/OpenFOAM/lnInclude/Field.C:877:0,
                 from /opt/openfoam5/src/OpenFOAM/lnInclude/Field.H:408,
                 from /opt/openfoam5/src/OpenFOAM/lnInclude/scalarField.H:38,
                 from /opt/openfoam5/src/OpenFOAM/lnInclude/dimensionSet.H:46,
                 from /opt/openfoam5/src/OpenFOAM/lnInclude/dimensionedType.H:40,
                 from /opt/openfoam5/src/OpenFOAM/lnInclude/dimensionedScalar.H:38,
                 from /opt/openfoam5/src/OpenFOAM/lnInclude/TimeState.H:38,
                 from /opt/openfoam5/src/OpenFOAM/lnInclude/Time.H:47,
                 from /opt/openfoam5/src/finiteVolume/lnInclude/fvCFD.H:6,
                 from pamFoam.C:36:
/opt/openfoam5/src/OpenFOAM/lnInclude/FieldFunctions.C:758:1: note: candidate: template<class Form, class Cmpt, unsigned char nCmpt, class Type> Foam::tmp<Foam::Field<typename Foam::typeOfSum<Form, Type>::type> > Foam::operator+(const Foam::VectorSpace<Form, Cmpt, Ncmpts>&, const Foam::tmp<Foam::Field<Type> >&)
 operator Op                                                                    \
 ^
/opt/openfoam5/src/OpenFOAM/lnInclude/FieldFunctions.C:770:1: note: in expansion of macro 'PRODUCT_OPERATOR'
 PRODUCT_OPERATOR(typeOfSum, +, add)
 ^
/opt/openfoam5/src/OpenFOAM/lnInclude/FieldFunctions.C:758:1: note:   template argument deduction/substitution failed:
 operator Op                                                                    \
 ^
/opt/openfoam5/src/OpenFOAM/lnInclude/FieldFunctions.C:770:1: note: in expansion of macro 'PRODUCT_OPERATOR'
 PRODUCT_OPERATOR(typeOfSum, +, add)
 ^
In file included from pamFoam.C:143:0:
./processModels/SINEqn.H:9:7: note:   'const volScalarField {aka const Foam::GeometricField<double, Foam::fvPatchField, Foam::volMesh>}' is not derived from 'const Foam::VectorSpace<Form, Cmpt, Ncmpts>'
     + alphaLiquid*fSINXS * rhoHydrolysis
       ^
In file included from /opt/openfoam5/src/OpenFOAM/lnInclude/Tensor.H:231:0,
                 from /opt/openfoam5/src/OpenFOAM/lnInclude/SymmTensorI.H:27,
                 from /opt/openfoam5/src/OpenFOAM/lnInclude/SymmTensor.H:155,
                 from /opt/openfoam5/src/OpenFOAM/lnInclude/symmTensor.H:38,
                 from /opt/openfoam5/src/OpenFOAM/lnInclude/fieldTypes.H:37,
                 from /opt/openfoam5/src/OpenFOAM/lnInclude/flipOp.H:40,
                 from /opt/openfoam5/src/OpenFOAM/lnInclude/mapDistributeBaseTemplates.C:29,
                 from /opt/openfoam5/src/OpenFOAM/lnInclude/mapDistributeBase.H:489,
                 from /opt/openfoam5/src/OpenFOAM/lnInclude/FieldMapper.H:35,
                 from /opt/openfoam5/src/OpenFOAM/lnInclude/Field.C:26,
                 from /opt/openfoam5/src/OpenFOAM/lnInclude/Field.H:408,
                 from /opt/openfoam5/src/OpenFOAM/lnInclude/scalarField.H:38,
                 from /opt/openfoam5/src/OpenFOAM/lnInclude/dimensionSet.H:46,
                 from /opt/openfoam5/src/OpenFOAM/lnInclude/dimensionedType.H:40,
                 from /opt/openfoam5/src/OpenFOAM/lnInclude/dimensionedScalar.H:38,
                 from /opt/openfoam5/src/OpenFOAM/lnInclude/TimeState.H:38,
                 from /opt/openfoam5/src/OpenFOAM/lnInclude/Time.H:47,
                 from /opt/openfoam5/src/finiteVolume/lnInclude/fvCFD.H:6,
                 from pamFoam.C:36:
/opt/openfoam5/src/OpenFOAM/lnInclude/TensorI.H:680:1: note: candidate: template<class Cmpt> Foam::Tensor<Cmpt> Foam::operator+(const Foam::SphericalTensor<Cmpt>&, const Foam::Tensor<Cmpt>&)
 operator+(const SphericalTensor<Cmpt>& st1, const Tensor<Cmpt>& t2)
 ^
/opt/openfoam5/src/OpenFOAM/lnInclude/TensorI.H:680:1: note:   template argument deduction/substitution failed:
In file included from pamFoam.C:143:0:
./processModels/SINEqn.H:9:7: note:   'const volScalarField {aka const Foam::GeometricField<double, Foam::fvPatchField, Foam::volMesh>}' is not derived from 'const Foam::SphericalTensor<Cmpt>'
     + alphaLiquid*fSINXS * rhoHydrolysis
       ^
In file included from /opt/openfoam5/src/OpenFOAM/lnInclude/Tensor.H:231:0,
                 from /opt/openfoam5/src/OpenFOAM/lnInclude/SymmTensorI.H:27,
                 from /opt/openfoam5/src/OpenFOAM/lnInclude/SymmTensor.H:155,
                 from /opt/openfoam5/src/OpenFOAM/lnInclude/symmTensor.H:38,
                 from /opt/openfoam5/src/OpenFOAM/lnInclude/fieldTypes.H:37,
                 from /opt/openfoam5/src/OpenFOAM/lnInclude/flipOp.H:40,
                 from /opt/openfoam5/src/OpenFOAM/lnInclude/mapDistributeBaseTemplates.C:29,
                 from /opt/openfoam5/src/OpenFOAM/lnInclude/mapDistributeBase.H:489,
                 from /opt/openfoam5/src/OpenFOAM/lnInclude/FieldMapper.H:35,
                 from /opt/openfoam5/src/OpenFOAM/lnInclude/Field.C:26,
                 from /opt/openfoam5/src/OpenFOAM/lnInclude/Field.H:408,
                 from /opt/openfoam5/src/OpenFOAM/lnInclude/scalarField.H:38,
                 from /opt/openfoam5/src/OpenFOAM/lnInclude/dimensionSet.H:46,
                 from /opt/openfoam5/src/OpenFOAM/lnInclude/dimensionedType.H:40,
                 from /opt/openfoam5/src/OpenFOAM/lnInclude/dimensionedScalar.H:38,
                 from /opt/openfoam5/src/OpenFOAM/lnInclude/TimeState.H:38,
                 from /opt/openfoam5/src/OpenFOAM/lnInclude/Time.H:47,
                 from /opt/openfoam5/src/finiteVolume/lnInclude/fvCFD.H:6,
                 from pamFoam.C:36:
/opt/openfoam5/src/OpenFOAM/lnInclude/TensorI.H:693:1: note: candidate: template<class Cmpt> Foam::Tensor<Cmpt> Foam::operator+(const Foam::Tensor<Cmpt>&, const Foam::SphericalTensor<Cmpt>&)
 operator+(const Tensor<Cmpt>& t1, const SphericalTensor<Cmpt>& st2)
 ^
/opt/openfoam5/src/OpenFOAM/lnInclude/TensorI.H:693:1: note:   template argument deduction/substitution failed:
In file included from pamFoam.C:143:0:
./processModels/SINEqn.H:9:7: note:   'const volScalarField {aka const Foam::GeometricField<double, Foam::fvPatchField, Foam::volMesh>}' is not derived from 'const Foam::Tensor<Cmpt>'
     + alphaLiquid*fSINXS * rhoHydrolysis
       ^
In file included from /opt/openfoam5/src/OpenFOAM/lnInclude/Tensor.H:231:0,
                 from /opt/openfoam5/src/OpenFOAM/lnInclude/SymmTensorI.H:27,
                 from /opt/openfoam5/src/OpenFOAM/lnInclude/SymmTensor.H:155,
                 from /opt/openfoam5/src/OpenFOAM/lnInclude/symmTensor.H:38,
                 from /opt/openfoam5/src/OpenFOAM/lnInclude/fieldTypes.H:37,
                 from /opt/openfoam5/src/OpenFOAM/lnInclude/flipOp.H:40,
                 from /opt/openfoam5/src/OpenFOAM/lnInclude/mapDistributeBaseTemplates.C:29,
                 from /opt/openfoam5/src/OpenFOAM/lnInclude/mapDistributeBase.H:489,
                 from /opt/openfoam5/src/OpenFOAM/lnInclude/FieldMapper.H:35,
                 from /opt/openfoam5/src/OpenFOAM/lnInclude/Field.C:26,
                 from /opt/openfoam5/src/OpenFOAM/lnInclude/Field.H:408,
                 from /opt/openfoam5/src/OpenFOAM/lnInclude/scalarField.H:38,
                 from /opt/openfoam5/src/OpenFOAM/lnInclude/dimensionSet.H:46,
                 from /opt/openfoam5/src/OpenFOAM/lnInclude/dimensionedType.H:40,
                 from /opt/openfoam5/src/OpenFOAM/lnInclude/dimensionedScalar.H:38,
                 from /opt/openfoam5/src/OpenFOAM/lnInclude/TimeState.H:38,
                 from /opt/openfoam5/src/OpenFOAM/lnInclude/Time.H:47,
                 from /opt/openfoam5/src/finiteVolume/lnInclude/fvCFD.H:6,
                 from pamFoam.C:36:
/opt/openfoam5/src/OpenFOAM/lnInclude/TensorI.H:816:1: note: candidate: template<class Cmpt> Foam::Tensor<Cmpt> Foam::operator+(const Foam::SymmTensor<Cmpt>&, const Foam::Tensor<Cmpt>&)
 operator+(const SymmTensor<Cmpt>& st1, const Tensor<Cmpt>& t2)
 ^
/opt/openfoam5/src/OpenFOAM/lnInclude/TensorI.H:816:1: note:   template argument deduction/substitution failed:
In file included from pamFoam.C:143:0:
./processModels/SINEqn.H:9:7: note:   'const volScalarField {aka const Foam::GeometricField<double, Foam::fvPatchField, Foam::volMesh>}' is not derived from 'const Foam::SymmTensor<Cmpt>'
     + alphaLiquid*fSINXS * rhoHydrolysis
       ^
In file included from /opt/openfoam5/src/OpenFOAM/lnInclude/Tensor.H:231:0,
                 from /opt/openfoam5/src/OpenFOAM/lnInclude/SymmTensorI.H:27,
                 from /opt/openfoam5/src/OpenFOAM/lnInclude/SymmTensor.H:155,
                 from /opt/openfoam5/src/OpenFOAM/lnInclude/symmTensor.H:38,
                 from /opt/openfoam5/src/OpenFOAM/lnInclude/fieldTypes.H:37,
                 from /opt/openfoam5/src/OpenFOAM/lnInclude/flipOp.H:40,
                 from /opt/openfoam5/src/OpenFOAM/lnInclude/mapDistributeBaseTemplates.C:29,
                 from /opt/openfoam5/src/OpenFOAM/lnInclude/mapDistributeBase.H:489,
                 from /opt/openfoam5/src/OpenFOAM/lnInclude/FieldMapper.H:35,
                 from /opt/openfoam5/src/OpenFOAM/lnInclude/Field.C:26,
                 from /opt/openfoam5/src/OpenFOAM/lnInclude/Field.H:408,
                 from /opt/openfoam5/src/OpenFOAM/lnInclude/scalarField.H:38,
                 from /opt/openfoam5/src/OpenFOAM/lnInclude/dimensionSet.H:46,
                 from /opt/openfoam5/src/OpenFOAM/lnInclude/dimensionedType.H:40,
                 from /opt/openfoam5/src/OpenFOAM/lnInclude/dimensionedScalar.H:38,
                 from /opt/openfoam5/src/OpenFOAM/lnInclude/TimeState.H:38,
                 from /opt/openfoam5/src/OpenFOAM/lnInclude/Time.H:47,
                 from /opt/openfoam5/src/finiteVolume/lnInclude/fvCFD.H:6,
                 from pamFoam.C:36:
/opt/openfoam5/src/OpenFOAM/lnInclude/TensorI.H:829:1: note: candidate: template<class Cmpt> Foam::Tensor<Cmpt> Foam::operator+(const Foam::Tensor<Cmpt>&, const Foam::SymmTensor<Cmpt>&)
 operator+(const Tensor<Cmpt>& t1, const SymmTensor<Cmpt>& st2)
 ^
/opt/openfoam5/src/OpenFOAM/lnInclude/TensorI.H:829:1: note:   template argument deduction/substitution failed:
In file included from pamFoam.C:143:0:
./processModels/SINEqn.H:9:7: note:   'const volScalarField {aka const Foam::GeometricField<double, Foam::fvPatchField, Foam::volMesh>}' is not derived from 'const Foam::Tensor<Cmpt>'
     + alphaLiquid*fSINXS * rhoHydrolysis
       ^
In file included from /opt/openfoam5/src/OpenFOAM/lnInclude/SymmTensor.H:155:0,
                 from /opt/openfoam5/src/OpenFOAM/lnInclude/symmTensor.H:38,
                 from /opt/openfoam5/src/OpenFOAM/lnInclude/fieldTypes.H:37,
                 from /opt/openfoam5/src/OpenFOAM/lnInclude/flipOp.H:40,
                 from /opt/openfoam5/src/OpenFOAM/lnInclude/mapDistributeBaseTemplates.C:29,
                 from /opt/openfoam5/src/OpenFOAM/lnInclude/mapDistributeBase.H:489,
                 from /opt/openfoam5/src/OpenFOAM/lnInclude/FieldMapper.H:35,
                 from /opt/openfoam5/src/OpenFOAM/lnInclude/Field.C:26,
                 from /opt/openfoam5/src/OpenFOAM/lnInclude/Field.H:408,
                 from /opt/openfoam5/src/OpenFOAM/lnInclude/scalarField.H:38,
                 from /opt/openfoam5/src/OpenFOAM/lnInclude/dimensionSet.H:46,
                 from /opt/openfoam5/src/OpenFOAM/lnInclude/dimensionedType.H:40,
                 from /opt/openfoam5/src/OpenFOAM/lnInclude/dimensionedScalar.H:38,
                 from /opt/openfoam5/src/OpenFOAM/lnInclude/TimeState.H:38,
                 from /opt/openfoam5/src/OpenFOAM/lnInclude/Time.H:47,
                 from /opt/openfoam5/src/finiteVolume/lnInclude/fvCFD.H:6,
                 from pamFoam.C:36:
/opt/openfoam5/src/OpenFOAM/lnInclude/SymmTensorI.H:423:1: note: candidate: template<class Cmpt> Foam::SymmTensor<Cmpt> Foam::operator+(const Foam::SphericalTensor<Cmpt>&, const Foam::SymmTensor<Cmpt>&)
 operator+(const SphericalTensor<Cmpt>& spt1, const SymmTensor<Cmpt>& st2)
 ^
/opt/openfoam5/src/OpenFOAM/lnInclude/SymmTensorI.H:423:1: note:   template argument deduction/substitution failed:
In file included from pamFoam.C:143:0:
./processModels/SINEqn.H:9:7: note:   'const volScalarField {aka const Foam::GeometricField<double, Foam::fvPatchField, Foam::volMesh>}' is not derived from 'const Foam::SphericalTensor<Cmpt>'
     + alphaLiquid*fSINXS * rhoHydrolysis
       ^
In file included from /opt/openfoam5/src/OpenFOAM/lnInclude/SymmTensor.H:155:0,
                 from /opt/openfoam5/src/OpenFOAM/lnInclude/symmTensor.H:38,
                 from /opt/openfoam5/src/OpenFOAM/lnInclude/fieldTypes.H:37,
                 from /opt/openfoam5/src/OpenFOAM/lnInclude/flipOp.H:40,
                 from /opt/openfoam5/src/OpenFOAM/lnInclude/mapDistributeBaseTemplates.C:29,
                 from /opt/openfoam5/src/OpenFOAM/lnInclude/mapDistributeBase.H:489,
                 from /opt/openfoam5/src/OpenFOAM/lnInclude/FieldMapper.H:35,
                 from /opt/openfoam5/src/OpenFOAM/lnInclude/Field.C:26,
                 from /opt/openfoam5/src/OpenFOAM/lnInclude/Field.H:408,
                 from /opt/openfoam5/src/OpenFOAM/lnInclude/scalarField.H:38,
                 from /opt/openfoam5/src/OpenFOAM/lnInclude/dimensionSet.H:46,
                 from /opt/openfoam5/src/OpenFOAM/lnInclude/dimensionedType.H:40,
                 from /opt/openfoam5/src/OpenFOAM/lnInclude/dimensionedScalar.H:38,
                 from /opt/openfoam5/src/OpenFOAM/lnInclude/TimeState.H:38,
                 from /opt/openfoam5/src/OpenFOAM/lnInclude/Time.H:47,
                 from /opt/openfoam5/src/finiteVolume/lnInclude/fvCFD.H:6,
                 from pamFoam.C:36:
/opt/openfoam5/src/OpenFOAM/lnInclude/SymmTensorI.H:436:1: note: candidate: template<class Cmpt> Foam::SymmTensor<Cmpt> Foam::operator+(const Foam::SymmTensor<Cmpt>&, const Foam::SphericalTensor<Cmpt>&)
 operator+(const SymmTensor<Cmpt>& st1, const SphericalTensor<Cmpt>& spt2)
 ^
/opt/openfoam5/src/OpenFOAM/lnInclude/SymmTensorI.H:436:1: note:   template argument deduction/substitution failed:
In file included from pamFoam.C:143:0:
./processModels/SINEqn.H:9:7: note:   'const volScalarField {aka const Foam::GeometricField<double, Foam::fvPatchField, Foam::volMesh>}' is not derived from 'const Foam::SymmTensor<Cmpt>'
     + alphaLiquid*fSINXS * rhoHydrolysis
       ^
In file included from /opt/openfoam5/src/OpenFOAM/lnInclude/scalarField.H:42:0,
                 from /opt/openfoam5/src/OpenFOAM/lnInclude/dimensionSet.H:46,
                 from /opt/openfoam5/src/OpenFOAM/lnInclude/dimensionedType.H:40,
                 from /opt/openfoam5/src/OpenFOAM/lnInclude/dimensionedScalar.H:38,
                 from /opt/openfoam5/src/OpenFOAM/lnInclude/TimeState.H:38,
                 from /opt/openfoam5/src/OpenFOAM/lnInclude/Time.H:47,
                 from /opt/openfoam5/src/finiteVolume/lnInclude/fvCFD.H:6,
                 from pamFoam.C:36:
/opt/openfoam5/src/OpenFOAM/lnInclude/FieldFunctionsM.H:207:24: note: candidate: Foam::tmp<Foam::Field<double> > Foam::operator+(const scalar&, const Foam::UList<double>&)
 tmp<Field<ReturnType>> operator Op                                             \
                        ^
/opt/openfoam5/src/OpenFOAM/lnInclude/FieldFunctionsM.H:247:5: note: in expansion of macro 'BINARY_TYPE_OPERATOR_SF'
     BINARY_TYPE_OPERATOR_SF(ReturnType, Type1, Type2, Op, OpFunc)              \
     ^
/opt/openfoam5/src/OpenFOAM/lnInclude/scalarField.H:83:1: note: in expansion of macro 'BINARY_TYPE_OPERATOR'
 BINARY_TYPE_OPERATOR(scalar, scalar, scalar, +, add)
 ^
/opt/openfoam5/src/OpenFOAM/lnInclude/FieldFunctionsM.H:207:24: note:   candidate expects 2 arguments, 1 provided
 tmp<Field<ReturnType>> operator Op                                             \
                        ^
/opt/openfoam5/src/OpenFOAM/lnInclude/FieldFunctionsM.H:247:5: note: in expansion of macro 'BINARY_TYPE_OPERATOR_SF'
     BINARY_TYPE_OPERATOR_SF(ReturnType, Type1, Type2, Op, OpFunc)              \
     ^
/opt/openfoam5/src/OpenFOAM/lnInclude/scalarField.H:83:1: note: in expansion of macro 'BINARY_TYPE_OPERATOR'
 BINARY_TYPE_OPERATOR(scalar, scalar, scalar, +, add)
 ^
/opt/openfoam5/src/OpenFOAM/lnInclude/FieldFunctionsM.H:214:24: note: candidate: Foam::tmp<Foam::Field<double> > Foam::operator+(const scalar&, const Foam::tmp<Foam::Field<double> >&)
 tmp<Field<ReturnType>> operator Op                                             \
                        ^
/opt/openfoam5/src/OpenFOAM/lnInclude/FieldFunctionsM.H:247:5: note: in expansion of macro 'BINARY_TYPE_OPERATOR_SF'
     BINARY_TYPE_OPERATOR_SF(ReturnType, Type1, Type2, Op, OpFunc)              \
     ^
/opt/openfoam5/src/OpenFOAM/lnInclude/scalarField.H:83:1: note: in expansion of macro 'BINARY_TYPE_OPERATOR'
 BINARY_TYPE_OPERATOR(scalar, scalar, scalar, +, add)
 ^
/opt/openfoam5/src/OpenFOAM/lnInclude/FieldFunctionsM.H:214:24: note:   candidate expects 2 arguments, 1 provided
 tmp<Field<ReturnType>> operator Op                                             \
                        ^
/opt/openfoam5/src/OpenFOAM/lnInclude/FieldFunctionsM.H:247:5: note: in expansion of macro 'BINARY_TYPE_OPERATOR_SF'
     BINARY_TYPE_OPERATOR_SF(ReturnType, Type1, Type2, Op, OpFunc)              \
     ^
/opt/openfoam5/src/OpenFOAM/lnInclude/scalarField.H:83:1: note: in expansion of macro 'BINARY_TYPE_OPERATOR'
 BINARY_TYPE_OPERATOR(scalar, scalar, scalar, +, add)
 ^
/opt/openfoam5/src/OpenFOAM/lnInclude/FieldFunctionsM.H:232:24: note: candidate: Foam::tmp<Foam::Field<double> > Foam::operator+(const Foam::UList<double>&, const scalar&)
 tmp<Field<ReturnType>> operator Op                                             \
                        ^
/opt/openfoam5/src/OpenFOAM/lnInclude/FieldFunctionsM.H:248:5: note: in expansion of macro 'BINARY_TYPE_OPERATOR_FS'
     BINARY_TYPE_OPERATOR_FS(ReturnType, Type1, Type2, Op, OpFunc)
     ^
/opt/openfoam5/src/OpenFOAM/lnInclude/scalarField.H:83:1: note: in expansion of macro 'BINARY_TYPE_OPERATOR'
 BINARY_TYPE_OPERATOR(scalar, scalar, scalar, +, add)
 ^
/opt/openfoam5/src/OpenFOAM/lnInclude/FieldFunctionsM.H:232:24: note:   candidate expects 2 arguments, 1 provided
 tmp<Field<ReturnType>> operator Op                                             \
                        ^
/opt/openfoam5/src/OpenFOAM/lnInclude/FieldFunctionsM.H:248:5: note: in expansion of macro 'BINARY_TYPE_OPERATOR_FS'
     BINARY_TYPE_OPERATOR_FS(ReturnType, Type1, Type2, Op, OpFunc)
     ^
/opt/openfoam5/src/OpenFOAM/lnInclude/scalarField.H:83:1: note: in expansion of macro 'BINARY_TYPE_OPERATOR'
 BINARY_TYPE_OPERATOR(scalar, scalar, scalar, +, add)
 ^
/opt/openfoam5/src/OpenFOAM/lnInclude/FieldFunctionsM.H:239:24: note: candidate: Foam::tmp<Foam::Field<double> > Foam::operator+(const Foam::tmp<Foam::Field<double> >&, const scalar&)
 tmp<Field<ReturnType>> operator Op                                             \
                        ^
/opt/openfoam5/src/OpenFOAM/lnInclude/FieldFunctionsM.H:248:5: note: in expansion of macro 'BINARY_TYPE_OPERATOR_FS'
     BINARY_TYPE_OPERATOR_FS(ReturnType, Type1, Type2, Op, OpFunc)
     ^
/opt/openfoam5/src/OpenFOAM/lnInclude/scalarField.H:83:1: note: in expansion of macro 'BINARY_TYPE_OPERATOR'
 BINARY_TYPE_OPERATOR(scalar, scalar, scalar, +, add)
 ^
/opt/openfoam5/src/OpenFOAM/lnInclude/FieldFunctionsM.H:239:24: note:   candidate expects 2 arguments, 1 provided
 tmp<Field<ReturnType>> operator Op                                             \
                        ^
/opt/openfoam5/src/OpenFOAM/lnInclude/FieldFunctionsM.H:248:5: note: in expansion of macro 'BINARY_TYPE_OPERATOR_FS'
     BINARY_TYPE_OPERATOR_FS(ReturnType, Type1, Type2, Op, OpFunc)
     ^
/opt/openfoam5/src/OpenFOAM/lnInclude/scalarField.H:83:1: note: in expansion of macro 'BINARY_TYPE_OPERATOR'
 BINARY_TYPE_OPERATOR(scalar, scalar, scalar, +, add)
 ^
In file included from /opt/openfoam5/src/OpenFOAM/lnInclude/dimensionedType.H:40:0,
                 from /opt/openfoam5/src/OpenFOAM/lnInclude/dimensionedScalar.H:38,
                 from /opt/openfoam5/src/OpenFOAM/lnInclude/TimeState.H:38,
                 from /opt/openfoam5/src/OpenFOAM/lnInclude/Time.H:47,
                 from /opt/openfoam5/src/finiteVolume/lnInclude/fvCFD.H:6,
                 from pamFoam.C:36:
/opt/openfoam5/src/OpenFOAM/lnInclude/dimensionSet.H:383:29: note: candidate: Foam::dimensionSet Foam::operator+(const Foam::dimensionSet&, const Foam::dimensionSet&)
         friend dimensionSet operator+
                             ^
/opt/openfoam5/src/OpenFOAM/lnInclude/dimensionSet.H:383:29: note:   candidate expects 2 arguments, 1 provided
In file included from /opt/openfoam5/src/OpenFOAM/lnInclude/Matrix.H:383:0,
                 from /opt/openfoam5/src/OpenFOAM/lnInclude/RectangularMatrix.H:41,
                 from /opt/openfoam5/src/OpenFOAM/lnInclude/scalarMatrices.H:43,
                 from /opt/openfoam5/src/OpenFOAM/lnInclude/dimensionSets.H:39,
                 from /opt/openfoam5/src/OpenFOAM/lnInclude/dimensionSet.H:439,
                 from /opt/openfoam5/src/OpenFOAM/lnInclude/dimensionedType.H:40,
                 from /opt/openfoam5/src/OpenFOAM/lnInclude/dimensionedScalar.H:38,
                 from /opt/openfoam5/src/OpenFOAM/lnInclude/TimeState.H:38,
                 from /opt/openfoam5/src/OpenFOAM/lnInclude/Time.H:47,
                 from /opt/openfoam5/src/finiteVolume/lnInclude/fvCFD.H:6,
                 from pamFoam.C:36:
/opt/openfoam5/src/OpenFOAM/lnInclude/Matrix.C:464:6: note: candidate: template<class Form, class Type> Form Foam::operator+(const Foam::Matrix<Form, Type>&, const Foam::Matrix<Form, Type>&)
 Form Foam::operator+(const Matrix<Form, Type>& A, const Matrix<Form, Type>& B)
      ^
/opt/openfoam5/src/OpenFOAM/lnInclude/Matrix.C:464:6: note:   template argument deduction/substitution failed:
In file included from pamFoam.C:143:0:
./processModels/SINEqn.H:9:7: note:   'const volScalarField {aka const Foam::GeometricField<double, Foam::fvPatchField, Foam::volMesh>}' is not derived from 'const Foam::Matrix<Form, Type>'
     + alphaLiquid*fSINXS * rhoHydrolysis
       ^
In file included from /opt/openfoam5/src/OpenFOAM/lnInclude/dimensionedType.H:340:0,
                 from /opt/openfoam5/src/OpenFOAM/lnInclude/dimensionedScalar.H:38,
                 from /opt/openfoam5/src/OpenFOAM/lnInclude/TimeState.H:38,
                 from /opt/openfoam5/src/OpenFOAM/lnInclude/Time.H:47,
                 from /opt/openfoam5/src/finiteVolume/lnInclude/fvCFD.H:6,
                 from pamFoam.C:36:
/opt/openfoam5/src/OpenFOAM/lnInclude/dimensionedType.C:657:25: note: candidate: template<class Type> Foam::dimensioned<Type> Foam::operator+(const Foam::dimensioned<Type>&, const Foam::dimensioned<Type>&)
 Foam::dimensioned<Type> Foam::operator+
                         ^
/opt/openfoam5/src/OpenFOAM/lnInclude/dimensionedType.C:657:25: note:   template argument deduction/substitution failed:
In file included from pamFoam.C:143:0:
./processModels/SINEqn.H:9:7: note:   'const volScalarField {aka const Foam::GeometricField<double, Foam::fvPatchField, Foam::volMesh>}' is not derived from 'const Foam::dimensioned<Type>'
     + alphaLiquid*fSINXS * rhoHydrolysis
       ^
In file included from /opt/openfoam5/src/OpenFOAM/lnInclude/TimeState.H:38:0,
                 from /opt/openfoam5/src/OpenFOAM/lnInclude/Time.H:47,
                 from /opt/openfoam5/src/finiteVolume/lnInclude/fvCFD.H:6,
                 from pamFoam.C:36:
/opt/openfoam5/src/OpenFOAM/lnInclude/dimensionedScalar.H:49:19: note: candidate: Foam::dimensionedScalar Foam::operator+(const dimensionedScalar&, Foam::scalar)
 dimensionedScalar operator+(const dimensionedScalar&, const scalar);
                   ^
/opt/openfoam5/src/OpenFOAM/lnInclude/dimensionedScalar.H:49:19: note:   candidate expects 2 arguments, 1 provided
/opt/openfoam5/src/OpenFOAM/lnInclude/dimensionedScalar.H:50:19: note: candidate: Foam::dimensionedScalar Foam::operator+(Foam::scalar, const dimensionedScalar&)
 dimensionedScalar operator+(const scalar, const dimensionedScalar&);
                   ^
/opt/openfoam5/src/OpenFOAM/lnInclude/dimensionedScalar.H:50:19: note:   candidate expects 2 arguments, 1 provided
In file included from /opt/openfoam5/src/OpenFOAM/lnInclude/labelField.H:42:0,
                 from /opt/openfoam5/src/OpenFOAM/lnInclude/primitiveFields.H:37,
                 from /opt/openfoam5/src/OpenFOAM/lnInclude/pointField.H:36,
                 from /opt/openfoam5/src/OpenFOAM/lnInclude/edge.H:40,
                 from /opt/openfoam5/src/OpenFOAM/lnInclude/edgeList.H:32,
                 from /opt/openfoam5/src/OpenFOAM/lnInclude/primitiveMesh.H:54,
                 from /opt/openfoam5/src/OpenFOAM/lnInclude/polyMesh.H:45,
                 from /opt/openfoam5/src/finiteVolume/lnInclude/fvMesh.H:50,
                 from /opt/openfoam5/src/finiteVolume/lnInclude/fvCFD.H:7,
                 from pamFoam.C:36:
/opt/openfoam5/src/OpenFOAM/lnInclude/FieldFunctionsM.H:207:24: note: candidate: Foam::tmp<Foam::Field<int> > Foam::operator+(const label&, const Foam::UList<int>&)
 tmp<Field<ReturnType>> operator Op                                             \
                        ^
/opt/openfoam5/src/OpenFOAM/lnInclude/FieldFunctionsM.H:247:5: note: in expansion of macro 'BINARY_TYPE_OPERATOR_SF'
     BINARY_TYPE_OPERATOR_SF(ReturnType, Type1, Type2, Op, OpFunc)              \
     ^
/opt/openfoam5/src/OpenFOAM/lnInclude/labelField.H:53:1: note: in expansion of macro 'BINARY_TYPE_OPERATOR'
 BINARY_TYPE_OPERATOR(label, label, label, +, add)
 ^
/opt/openfoam5/src/OpenFOAM/lnInclude/FieldFunctionsM.H:207:24: note:   candidate expects 2 arguments, 1 provided
 tmp<Field<ReturnType>> operator Op                                             \
                        ^
/opt/openfoam5/src/OpenFOAM/lnInclude/FieldFunctionsM.H:247:5: note: in expansion of macro 'BINARY_TYPE_OPERATOR_SF'
     BINARY_TYPE_OPERATOR_SF(ReturnType, Type1, Type2, Op, OpFunc)              \
     ^
/opt/openfoam5/src/OpenFOAM/lnInclude/labelField.H:53:1: note: in expansion of macro 'BINARY_TYPE_OPERATOR'
 BINARY_TYPE_OPERATOR(label, label, label, +, add)
 ^
/opt/openfoam5/src/OpenFOAM/lnInclude/FieldFunctionsM.H:214:24: note: candidate: Foam::tmp<Foam::Field<int> > Foam::operator+(const label&, const Foam::tmp<Foam::Field<int> >&)
 tmp<Field<ReturnType>> operator Op                                             \
                        ^
/opt/openfoam5/src/OpenFOAM/lnInclude/FieldFunctionsM.H:247:5: note: in expansion of macro 'BINARY_TYPE_OPERATOR_SF'
     BINARY_TYPE_OPERATOR_SF(ReturnType, Type1, Type2, Op, OpFunc)              \
     ^
/opt/openfoam5/src/OpenFOAM/lnInclude/labelField.H:53:1: note: in expansion of macro 'BINARY_TYPE_OPERATOR'
 BINARY_TYPE_OPERATOR(label, label, label, +, add)
 ^
/opt/openfoam5/src/OpenFOAM/lnInclude/FieldFunctionsM.H:214:24: note:   candidate expects 2 arguments, 1 provided
 tmp<Field<ReturnType>> operator Op                                             \
                        ^
/opt/openfoam5/src/OpenFOAM/lnInclude/FieldFunctionsM.H:247:5: note: in expansion of macro 'BINARY_TYPE_OPERATOR_SF'
     BINARY_TYPE_OPERATOR_SF(ReturnType, Type1, Type2, Op, OpFunc)              \
     ^
/opt/openfoam5/src/OpenFOAM/lnInclude/labelField.H:53:1: note: in expansion of macro 'BINARY_TYPE_OPERATOR'
 BINARY_TYPE_OPERATOR(label, label, label, +, add)
 ^
/opt/openfoam5/src/OpenFOAM/lnInclude/FieldFunctionsM.H:232:24: note: candidate: Foam::tmp<Foam::Field<int> > Foam::operator+(const Foam::UList<int>&, const label&)
 tmp<Field<ReturnType>> operator Op                                             \
                        ^
/opt/openfoam5/src/OpenFOAM/lnInclude/FieldFunctionsM.H:248:5: note: in expansion of macro 'BINARY_TYPE_OPERATOR_FS'
     BINARY_TYPE_OPERATOR_FS(ReturnType, Type1, Type2, Op, OpFunc)
     ^
/opt/openfoam5/src/OpenFOAM/lnInclude/labelField.H:53:1: note: in expansion of macro 'BINARY_TYPE_OPERATOR'
 BINARY_TYPE_OPERATOR(label, label, label, +, add)
 ^
/opt/openfoam5/src/OpenFOAM/lnInclude/FieldFunctionsM.H:232:24: note:   candidate expects 2 arguments, 1 provided
 tmp<Field<ReturnType>> operator Op                                             \
                        ^
/opt/openfoam5/src/OpenFOAM/lnInclude/FieldFunctionsM.H:248:5: note: in expansion of macro 'BINARY_TYPE_OPERATOR_FS'
     BINARY_TYPE_OPERATOR_FS(ReturnType, Type1, Type2, Op, OpFunc)
     ^
/opt/openfoam5/src/OpenFOAM/lnInclude/labelField.H:53:1: note: in expansion of macro 'BINARY_TYPE_OPERATOR'
 BINARY_TYPE_OPERATOR(label, label, label, +, add)
 ^
/opt/openfoam5/src/OpenFOAM/lnInclude/FieldFunctionsM.H:239:24: note: candidate: Foam::tmp<Foam::Field<int> > Foam::operator+(const Foam::tmp<Foam::Field<int> >&, const label&)
 tmp<Field<ReturnType>> operator Op                                             \
                        ^
/opt/openfoam5/src/OpenFOAM/lnInclude/FieldFunctionsM.H:248:5: note: in expansion of macro 'BINARY_TYPE_OPERATOR_FS'
     BINARY_TYPE_OPERATOR_FS(ReturnType, Type1, Type2, Op, OpFunc)
     ^
/opt/openfoam5/src/OpenFOAM/lnInclude/labelField.H:53:1: note: in expansion of macro 'BINARY_TYPE_OPERATOR'
 BINARY_TYPE_OPERATOR(label, label, label, +, add)
 ^
/opt/openfoam5/src/OpenFOAM/lnInclude/FieldFunctionsM.H:239:24: note:   candidate expects 2 arguments, 1 provided
 tmp<Field<ReturnType>> operator Op                                             \
                        ^
/opt/openfoam5/src/OpenFOAM/lnInclude/FieldFunctionsM.H:248:5: note: in expansion of macro 'BINARY_TYPE_OPERATOR_FS'
     BINARY_TYPE_OPERATOR_FS(ReturnType, Type1, Type2, Op, OpFunc)
     ^
/opt/openfoam5/src/OpenFOAM/lnInclude/labelField.H:53:1: note: in expansion of macro 'BINARY_TYPE_OPERATOR'
 BINARY_TYPE_OPERATOR(label, label, label, +, add)
 ^
In file included from /opt/openfoam5/src/OpenFOAM/lnInclude/DimensionedScalarField.C:29:0,
                 from /opt/openfoam5/src/OpenFOAM/lnInclude/DimensionedScalarField.H:157,
                 from /opt/openfoam5/src/OpenFOAM/lnInclude/DimensionedFieldFunctions.H:26,
                 from /opt/openfoam5/src/OpenFOAM/lnInclude/DimensionedField.H:363,
                 from /opt/openfoam5/src/finiteVolume/lnInclude/fvMesh.H:58,
                 from /opt/openfoam5/src/finiteVolume/lnInclude/fvCFD.H:7,
                 from pamFoam.C:36:
/opt/openfoam5/src/OpenFOAM/lnInclude/DimensionedFieldFunctionsM.C:534:44: note: candidate: template<class GeoMesh> Foam::tmp<Foam::DimensionedField<double, GeoMesh> > Foam::operator+(const Foam::dimensioned<double>&, const Foam::DimensionedField<double, GeoMesh>&)
 tmp<DimensionedField<ReturnType, GeoMesh>> operator Op                         \
                                            ^
/opt/openfoam5/src/OpenFOAM/lnInclude/DimensionedFieldFunctionsM.C:685:5: note: in expansion of macro 'BINARY_TYPE_OPERATOR_SF'
     BINARY_TYPE_OPERATOR_SF(ReturnType, Type1, Type2, Op, OpName, OpFunc)      \
     ^
/opt/openfoam5/src/OpenFOAM/lnInclude/DimensionedScalarField.C:92:1: note: in expansion of macro 'BINARY_TYPE_OPERATOR'
 BINARY_TYPE_OPERATOR(scalar, scalar, scalar, +, '+', add)
 ^
/opt/openfoam5/src/OpenFOAM/lnInclude/DimensionedFieldFunctionsM.C:534:44: note:   template argument deduction/substitution failed:
 tmp<DimensionedField<ReturnType, GeoMesh>> operator Op                         \
                                            ^
/opt/openfoam5/src/OpenFOAM/lnInclude/DimensionedFieldFunctionsM.C:685:5: note: in expansion of macro 'BINARY_TYPE_OPERATOR_SF'
     BINARY_TYPE_OPERATOR_SF(ReturnType, Type1, Type2, Op, OpName, OpFunc)      \
     ^
/opt/openfoam5/src/OpenFOAM/lnInclude/DimensionedScalarField.C:92:1: note: in expansion of macro 'BINARY_TYPE_OPERATOR'
 BINARY_TYPE_OPERATOR(scalar, scalar, scalar, +, '+', add)
 ^
In file included from pamFoam.C:143:0:
./processModels/SINEqn.H:9:7: note:   cannot convert 'alphaLiquid' (type 'const volScalarField {aka const Foam::GeometricField<double, Foam::fvPatchField, Foam::volMesh>}') to type 'const Foam::dimensioned<double>&'
     + alphaLiquid*fSINXS * rhoHydrolysis
       ^
In file included from /opt/openfoam5/src/OpenFOAM/lnInclude/DimensionedScalarField.C:29:0,
                 from /opt/openfoam5/src/OpenFOAM/lnInclude/DimensionedScalarField.H:157,
                 from /opt/openfoam5/src/OpenFOAM/lnInclude/DimensionedFieldFunctions.H:26,
                 from /opt/openfoam5/src/OpenFOAM/lnInclude/DimensionedField.H:363,
                 from /opt/openfoam5/src/finiteVolume/lnInclude/fvMesh.H:58,
                 from /opt/openfoam5/src/finiteVolume/lnInclude/fvCFD.H:7,
                 from pamFoam.C:36:
/opt/openfoam5/src/OpenFOAM/lnInclude/DimensionedFieldFunctionsM.C:561:44: note: candidate: template<class GeoMesh> Foam::tmp<Foam::DimensionedField<double, GeoMesh> > Foam::operator+(const scalar&, const Foam::DimensionedField<double, GeoMesh>&)
 tmp<DimensionedField<ReturnType, GeoMesh>> operator Op                         \
                                            ^
/opt/openfoam5/src/OpenFOAM/lnInclude/DimensionedFieldFunctionsM.C:685:5: note: in expansion of macro 'BINARY_TYPE_OPERATOR_SF'
     BINARY_TYPE_OPERATOR_SF(ReturnType, Type1, Type2, Op, OpName, OpFunc)      \
     ^
/opt/openfoam5/src/OpenFOAM/lnInclude/DimensionedScalarField.C:92:1: note: in expansion of macro 'BINARY_TYPE_OPERATOR'
 BINARY_TYPE_OPERATOR(scalar, scalar, scalar, +, '+', add)
 ^
/opt/openfoam5/src/OpenFOAM/lnInclude/DimensionedFieldFunctionsM.C:561:44: note:   template argument deduction/substitution failed:
 tmp<DimensionedField<ReturnType, GeoMesh>> operator Op                         \
                                            ^
/opt/openfoam5/src/OpenFOAM/lnInclude/DimensionedFieldFunctionsM.C:685:5: note: in expansion of macro 'BINARY_TYPE_OPERATOR_SF'
     BINARY_TYPE_OPERATOR_SF(ReturnType, Type1, Type2, Op, OpName, OpFunc)      \
     ^
/opt/openfoam5/src/OpenFOAM/lnInclude/DimensionedScalarField.C:92:1: note: in expansion of macro 'BINARY_TYPE_OPERATOR'
 BINARY_TYPE_OPERATOR(scalar, scalar, scalar, +, '+', add)
 ^
In file included from pamFoam.C:143:0:
./processModels/SINEqn.H:9:7: note:   cannot convert 'alphaLiquid' (type 'const volScalarField {aka const Foam::GeometricField<double, Foam::fvPatchField, Foam::volMesh>}') to type 'const scalar& {aka const double&}'
     + alphaLiquid*fSINXS * rhoHydrolysis
       ^
In file included from /opt/openfoam5/src/OpenFOAM/lnInclude/DimensionedScalarField.C:29:0,
                 from /opt/openfoam5/src/OpenFOAM/lnInclude/DimensionedScalarField.H:157,
                 from /opt/openfoam5/src/OpenFOAM/lnInclude/DimensionedFieldFunctions.H:26,
                 from /opt/openfoam5/src/OpenFOAM/lnInclude/DimensionedField.H:363,
                 from /opt/openfoam5/src/finiteVolume/lnInclude/fvMesh.H:58,
                 from /opt/openfoam5/src/finiteVolume/lnInclude/fvCFD.H:7,
                 from pamFoam.C:36:
/opt/openfoam5/src/OpenFOAM/lnInclude/DimensionedFieldFunctionsM.C:572:44: note: candidate: template<class GeoMesh> Foam::tmp<Foam::DimensionedField<double, GeoMesh> > Foam::operator+(const Foam::dimensioned<double>&, const Foam::tmp<Foam::DimensionedField<double, GeoMesh> >&)
 tmp<DimensionedField<ReturnType, GeoMesh>> operator Op                         \
                                            ^
/opt/openfoam5/src/OpenFOAM/lnInclude/DimensionedFieldFunctionsM.C:685:5: note: in expansion of macro 'BINARY_TYPE_OPERATOR_SF'
     BINARY_TYPE_OPERATOR_SF(ReturnType, Type1, Type2, Op, OpName, OpFunc)      \
     ^
/opt/openfoam5/src/OpenFOAM/lnInclude/DimensionedScalarField.C:92:1: note: in expansion of macro 'BINARY_TYPE_OPERATOR'
 BINARY_TYPE_OPERATOR(scalar, scalar, scalar, +, '+', add)
 ^
/opt/openfoam5/src/OpenFOAM/lnInclude/DimensionedFieldFunctionsM.C:572:44: note:   template argument deduction/substitution failed:
 tmp<DimensionedField<ReturnType, GeoMesh>> operator Op                         \
                                            ^
/opt/openfoam5/src/OpenFOAM/lnInclude/DimensionedFieldFunctionsM.C:685:5: note: in expansion of macro 'BINARY_TYPE_OPERATOR_SF'
     BINARY_TYPE_OPERATOR_SF(ReturnType, Type1, Type2, Op, OpName, OpFunc)      \
     ^
/opt/openfoam5/src/OpenFOAM/lnInclude/DimensionedScalarField.C:92:1: note: in expansion of macro 'BINARY_TYPE_OPERATOR'
 BINARY_TYPE_OPERATOR(scalar, scalar, scalar, +, '+', add)
 ^
In file included from pamFoam.C:143:0:
./processModels/SINEqn.H:9:7: note:   cannot convert 'alphaLiquid' (type 'const volScalarField {aka const Foam::GeometricField<double, Foam::fvPatchField, Foam::volMesh>}') to type 'const Foam::dimensioned<double>&'
     + alphaLiquid*fSINXS * rhoHydrolysis
       ^
In file included from /opt/openfoam5/src/OpenFOAM/lnInclude/DimensionedScalarField.C:29:0,
                 from /opt/openfoam5/src/OpenFOAM/lnInclude/DimensionedScalarField.H:157,
                 from /opt/openfoam5/src/OpenFOAM/lnInclude/DimensionedFieldFunctions.H:26,
                 from /opt/openfoam5/src/OpenFOAM/lnInclude/DimensionedField.H:363,
                 from /opt/openfoam5/src/finiteVolume/lnInclude/fvMesh.H:58,
                 from /opt/openfoam5/src/finiteVolume/lnInclude/fvCFD.H:7,
                 from pamFoam.C:36:
/opt/openfoam5/src/OpenFOAM/lnInclude/DimensionedFieldFunctionsM.C:598:44: note: candidate: template<class GeoMesh> Foam::tmp<Foam::DimensionedField<double, GeoMesh> > Foam::operator+(const scalar&, const Foam::tmp<Foam::DimensionedField<double, GeoMesh> >&)
 tmp<DimensionedField<ReturnType, GeoMesh>> operator Op                         \
                                            ^
/opt/openfoam5/src/OpenFOAM/lnInclude/DimensionedFieldFunctionsM.C:685:5: note: in expansion of macro 'BINARY_TYPE_OPERATOR_SF'
     BINARY_TYPE_OPERATOR_SF(ReturnType, Type1, Type2, Op, OpName, OpFunc)      \
     ^
/opt/openfoam5/src/OpenFOAM/lnInclude/DimensionedScalarField.C:92:1: note: in expansion of macro 'BINARY_TYPE_OPERATOR'
 BINARY_TYPE_OPERATOR(scalar, scalar, scalar, +, '+', add)
 ^
/opt/openfoam5/src/OpenFOAM/lnInclude/DimensionedFieldFunctionsM.C:598:44: note:   template argument deduction/substitution failed:
 tmp<DimensionedField<ReturnType, GeoMesh>> operator Op                         \
                                            ^
/opt/openfoam5/src/OpenFOAM/lnInclude/DimensionedFieldFunctionsM.C:685:5: note: in expansion of macro 'BINARY_TYPE_OPERATOR_SF'
     BINARY_TYPE_OPERATOR_SF(ReturnType, Type1, Type2, Op, OpName, OpFunc)      \
     ^
/opt/openfoam5/src/OpenFOAM/lnInclude/DimensionedScalarField.C:92:1: note: in expansion of macro 'BINARY_TYPE_OPERATOR'
 BINARY_TYPE_OPERATOR(scalar, scalar, scalar, +, '+', add)
 ^
In file included from pamFoam.C:143:0:
./processModels/SINEqn.H:9:7: note:   cannot convert 'alphaLiquid' (type 'const volScalarField {aka const Foam::GeometricField<double, Foam::fvPatchField, Foam::volMesh>}') to type 'const scalar& {aka const double&}'
     + alphaLiquid*fSINXS * rhoHydrolysis
       ^
In file included from /opt/openfoam5/src/OpenFOAM/lnInclude/DimensionedScalarField.C:29:0,
                 from /opt/openfoam5/src/OpenFOAM/lnInclude/DimensionedScalarField.H:157,
                 from /opt/openfoam5/src/OpenFOAM/lnInclude/DimensionedFieldFunctions.H:26,
                 from /opt/openfoam5/src/OpenFOAM/lnInclude/DimensionedField.H:363,
                 from /opt/openfoam5/src/finiteVolume/lnInclude/fvMesh.H:58,
                 from /opt/openfoam5/src/finiteVolume/lnInclude/fvCFD.H:7,
                 from pamFoam.C:36:
/opt/openfoam5/src/OpenFOAM/lnInclude/DimensionedFieldFunctionsM.C:611:44: note: candidate: template<class GeoMesh> Foam::tmp<Foam::DimensionedField<double, GeoMesh> > Foam::operator+(const Foam::DimensionedField<double, GeoMesh>&, const Foam::dimensioned<double>&)
 tmp<DimensionedField<ReturnType, GeoMesh>> operator Op                         \
                                            ^
/opt/openfoam5/src/OpenFOAM/lnInclude/DimensionedFieldFunctionsM.C:686:5: note: in expansion of macro 'BINARY_TYPE_OPERATOR_FS'
     BINARY_TYPE_OPERATOR_FS(ReturnType, Type1, Type2, Op, OpName, OpFunc)
     ^
/opt/openfoam5/src/OpenFOAM/lnInclude/DimensionedScalarField.C:92:1: note: in expansion of macro 'BINARY_TYPE_OPERATOR'
 BINARY_TYPE_OPERATOR(scalar, scalar, scalar, +, '+', add)
 ^
/opt/openfoam5/src/OpenFOAM/lnInclude/DimensionedFieldFunctionsM.C:611:44: note:   template argument deduction/substitution failed:
 tmp<DimensionedField<ReturnType, GeoMesh>> operator Op                         \
                                            ^
/opt/openfoam5/src/OpenFOAM/lnInclude/DimensionedFieldFunctionsM.C:686:5: note: in expansion of macro 'BINARY_TYPE_OPERATOR_FS'
     BINARY_TYPE_OPERATOR_FS(ReturnType, Type1, Type2, Op, OpName, OpFunc)
     ^
/opt/openfoam5/src/OpenFOAM/lnInclude/DimensionedScalarField.C:92:1: note: in expansion of macro 'BINARY_TYPE_OPERATOR'
 BINARY_TYPE_OPERATOR(scalar, scalar, scalar, +, '+', add)
 ^
In file included from pamFoam.C:143:0:
./processModels/SINEqn.H:9:7: note:   candidate expects 2 arguments, 1 provided
     + alphaLiquid*fSINXS * rhoHydrolysis
       ^
In file included from /opt/openfoam5/src/OpenFOAM/lnInclude/DimensionedScalarField.C:29:0,
                 from /opt/openfoam5/src/OpenFOAM/lnInclude/DimensionedScalarField.H:157,
                 from /opt/openfoam5/src/OpenFOAM/lnInclude/DimensionedFieldFunctions.H:26,
                 from /opt/openfoam5/src/OpenFOAM/lnInclude/DimensionedField.H:363,
                 from /opt/openfoam5/src/finiteVolume/lnInclude/fvMesh.H:58,
                 from /opt/openfoam5/src/finiteVolume/lnInclude/fvCFD.H:7,
                 from pamFoam.C:36:
/opt/openfoam5/src/OpenFOAM/lnInclude/DimensionedFieldFunctionsM.C:638:44: note: candidate: template<class GeoMesh> Foam::tmp<Foam::DimensionedField<double, GeoMesh> > Foam::operator+(const Foam::DimensionedField<double, GeoMesh>&, const scalar&)
 tmp<DimensionedField<ReturnType, GeoMesh>> operator Op                         \
                                            ^
/opt/openfoam5/src/OpenFOAM/lnInclude/DimensionedFieldFunctionsM.C:686:5: note: in expansion of macro 'BINARY_TYPE_OPERATOR_FS'
     BINARY_TYPE_OPERATOR_FS(ReturnType, Type1, Type2, Op, OpName, OpFunc)
     ^
/opt/openfoam5/src/OpenFOAM/lnInclude/DimensionedScalarField.C:92:1: note: in expansion of macro 'BINARY_TYPE_OPERATOR'
 BINARY_TYPE_OPERATOR(scalar, scalar, scalar, +, '+', add)
 ^
/opt/openfoam5/src/OpenFOAM/lnInclude/DimensionedFieldFunctionsM.C:638:44: note:   template argument deduction/substitution failed:
 tmp<DimensionedField<ReturnType, GeoMesh>> operator Op                         \
                                            ^
/opt/openfoam5/src/OpenFOAM/lnInclude/DimensionedFieldFunctionsM.C:686:5: note: in expansion of macro 'BINARY_TYPE_OPERATOR_FS'
     BINARY_TYPE_OPERATOR_FS(ReturnType, Type1, Type2, Op, OpName, OpFunc)
     ^
/opt/openfoam5/src/OpenFOAM/lnInclude/DimensionedScalarField.C:92:1: note: in expansion of macro 'BINARY_TYPE_OPERATOR'
 BINARY_TYPE_OPERATOR(scalar, scalar, scalar, +, '+', add)
 ^
In file included from pamFoam.C:143:0:
./processModels/SINEqn.H:9:7: note:   candidate expects 2 arguments, 1 provided
     + alphaLiquid*fSINXS * rhoHydrolysis
       ^
In file included from /opt/openfoam5/src/OpenFOAM/lnInclude/DimensionedScalarField.C:29:0,
                 from /opt/openfoam5/src/OpenFOAM/lnInclude/DimensionedScalarField.H:157,
                 from /opt/openfoam5/src/OpenFOAM/lnInclude/DimensionedFieldFunctions.H:26,
                 from /opt/openfoam5/src/OpenFOAM/lnInclude/DimensionedField.H:363,
                 from /opt/openfoam5/src/finiteVolume/lnInclude/fvMesh.H:58,
                 from /opt/openfoam5/src/finiteVolume/lnInclude/fvCFD.H:7,
                 from pamFoam.C:36:
/opt/openfoam5/src/OpenFOAM/lnInclude/DimensionedFieldFunctionsM.C:649:44: note: candidate: template<class GeoMesh> Foam::tmp<Foam::DimensionedField<double, GeoMesh> > Foam::operator+(const Foam::tmp<Foam::DimensionedField<double, GeoMesh> >&, const Foam::dimensioned<double>&)
 tmp<DimensionedField<ReturnType, GeoMesh>> operator Op                         \
                                            ^
/opt/openfoam5/src/OpenFOAM/lnInclude/DimensionedFieldFunctionsM.C:686:5: note: in expansion of macro 'BINARY_TYPE_OPERATOR_FS'
     BINARY_TYPE_OPERATOR_FS(ReturnType, Type1, Type2, Op, OpName, OpFunc)
     ^
/opt/openfoam5/src/OpenFOAM/lnInclude/DimensionedScalarField.C:92:1: note: in expansion of macro 'BINARY_TYPE_OPERATOR'
 BINARY_TYPE_OPERATOR(scalar, scalar, scalar, +, '+', add)
 ^
/opt/openfoam5/src/OpenFOAM/lnInclude/DimensionedFieldFunctionsM.C:649:44: note:   template argument deduction/substitution failed:
 tmp<DimensionedField<ReturnType, GeoMesh>> operator Op                         \
                                            ^
/opt/openfoam5/src/OpenFOAM/lnInclude/DimensionedFieldFunctionsM.C:686:5: note: in expansion of macro 'BINARY_TYPE_OPERATOR_FS'
     BINARY_TYPE_OPERATOR_FS(ReturnType, Type1, Type2, Op, OpName, OpFunc)
     ^
/opt/openfoam5/src/OpenFOAM/lnInclude/DimensionedScalarField.C:92:1: note: in expansion of macro 'BINARY_TYPE_OPERATOR'
 BINARY_TYPE_OPERATOR(scalar, scalar, scalar, +, '+', add)
 ^
In file included from pamFoam.C:143:0:
./processModels/SINEqn.H:9:7: note:   'const volScalarField {aka const Foam::GeometricField<double, Foam::fvPatchField, Foam::volMesh>}' is not derived from 'const Foam::tmp<Foam::DimensionedField<double, GeoMesh> >'
     + alphaLiquid*fSINXS * rhoHydrolysis
       ^
In file included from /opt/openfoam5/src/OpenFOAM/lnInclude/DimensionedScalarField.C:29:0,
                 from /opt/openfoam5/src/OpenFOAM/lnInclude/DimensionedScalarField.H:157,
                 from /opt/openfoam5/src/OpenFOAM/lnInclude/DimensionedFieldFunctions.H:26,
                 from /opt/openfoam5/src/OpenFOAM/lnInclude/DimensionedField.H:363,
                 from /opt/openfoam5/src/finiteVolume/lnInclude/fvMesh.H:58,
                 from /opt/openfoam5/src/finiteVolume/lnInclude/fvCFD.H:7,
                 from pamFoam.C:36:
/opt/openfoam5/src/OpenFOAM/lnInclude/DimensionedFieldFunctionsM.C:675:44: note: candidate: template<class GeoMesh> Foam::tmp<Foam::DimensionedField<double, GeoMesh> > Foam::operator+(const Foam::tmp<Foam::DimensionedField<double, GeoMesh> >&, const scalar&)
 tmp<DimensionedField<ReturnType, GeoMesh>> operator Op                         \
                                            ^
/opt/openfoam5/src/OpenFOAM/lnInclude/DimensionedFieldFunctionsM.C:686:5: note: in expansion of macro 'BINARY_TYPE_OPERATOR_FS'
     BINARY_TYPE_OPERATOR_FS(ReturnType, Type1, Type2, Op, OpName, OpFunc)
     ^
/opt/openfoam5/src/OpenFOAM/lnInclude/DimensionedScalarField.C:92:1: note: in expansion of macro 'BINARY_TYPE_OPERATOR'
 BINARY_TYPE_OPERATOR(scalar, scalar, scalar, +, '+', add)
 ^
/opt/openfoam5/src/OpenFOAM/lnInclude/DimensionedFieldFunctionsM.C:675:44: note:   template argument deduction/substitution failed:
 tmp<DimensionedField<ReturnType, GeoMesh>> operator Op                         \
                                            ^
/opt/openfoam5/src/OpenFOAM/lnInclude/DimensionedFieldFunctionsM.C:686:5: note: in expansion of macro 'BINARY_TYPE_OPERATOR_FS'
     BINARY_TYPE_OPERATOR_FS(ReturnType, Type1, Type2, Op, OpName, OpFunc)
     ^
/opt/openfoam5/src/OpenFOAM/lnInclude/DimensionedScalarField.C:92:1: note: in expansion of macro 'BINARY_TYPE_OPERATOR'
 BINARY_TYPE_OPERATOR(scalar, scalar, scalar, +, '+', add)
 ^
In file included from pamFoam.C:143:0:
./processModels/SINEqn.H:9:7: note:   'const volScalarField {aka const Foam::GeometricField<double, Foam::fvPatchField, Foam::volMesh>}' is not derived from 'const Foam::tmp<Foam::DimensionedField<double, GeoMesh> >'
     + alphaLiquid*fSINXS * rhoHydrolysis
       ^
In file included from /opt/openfoam5/src/OpenFOAM/lnInclude/DimensionedField.C:532:0,
                 from /opt/openfoam5/src/OpenFOAM/lnInclude/DimensionedField.H:366,
                 from /opt/openfoam5/src/finiteVolume/lnInclude/fvMesh.H:58,
                 from /opt/openfoam5/src/finiteVolume/lnInclude/fvCFD.H:7,
                 from pamFoam.C:36:
/opt/openfoam5/src/OpenFOAM/lnInclude/DimensionedFieldFunctions.C:371:1: note: candidate: template<class Type1, class Type2, class GeoMesh> Foam::tmp<Foam::DimensionedField<typename Foam::typeOfSum<arg1, arg2>::type, GeoMesh> > Foam::operator+(const Foam::DimensionedField<TypeR, GeoMesh>&, const Foam::DimensionedField<Type1, GeoMesh>&)
 operator op                                                                    \
 ^
/opt/openfoam5/src/OpenFOAM/lnInclude/DimensionedFieldFunctions.C:642:1: note: in expansion of macro 'PRODUCT_OPERATOR'
 PRODUCT_OPERATOR(typeOfSum, +, add)
 ^
/opt/openfoam5/src/OpenFOAM/lnInclude/DimensionedFieldFunctions.C:371:1: note:   template argument deduction/substitution failed:
 operator op                                                                    \
 ^
/opt/openfoam5/src/OpenFOAM/lnInclude/DimensionedFieldFunctions.C:642:1: note: in expansion of macro 'PRODUCT_OPERATOR'
 PRODUCT_OPERATOR(typeOfSum, +, add)
 ^
In file included from pamFoam.C:143:0:
./processModels/SINEqn.H:9:7: note:   candidate expects 2 arguments, 1 provided
     + alphaLiquid*fSINXS * rhoHydrolysis
       ^
In file included from /opt/openfoam5/src/OpenFOAM/lnInclude/DimensionedField.C:532:0,
                 from /opt/openfoam5/src/OpenFOAM/lnInclude/DimensionedField.H:366,
                 from /opt/openfoam5/src/finiteVolume/lnInclude/fvMesh.H:58,
                 from /opt/openfoam5/src/finiteVolume/lnInclude/fvCFD.H:7,
                 from pamFoam.C:36:
/opt/openfoam5/src/OpenFOAM/lnInclude/DimensionedFieldFunctions.C:400:1: note: candidate: template<class Type1, class Type2, class GeoMesh> Foam::tmp<Foam::DimensionedField<typename Foam::typeOfSum<arg1, arg2>::type, GeoMesh> > Foam::operator+(const Foam::DimensionedField<TypeR, GeoMesh>&, const Foam::tmp<Foam::DimensionedField<Type1, GeoMesh> >&)
 operator op                                                                    \
 ^
/opt/openfoam5/src/OpenFOAM/lnInclude/DimensionedFieldFunctions.C:642:1: note: in expansion of macro 'PRODUCT_OPERATOR'
 PRODUCT_OPERATOR(typeOfSum, +, add)
 ^
/opt/openfoam5/src/OpenFOAM/lnInclude/DimensionedFieldFunctions.C:400:1: note:   template argument deduction/substitution failed:
 operator op                                                                    \
 ^
/opt/openfoam5/src/OpenFOAM/lnInclude/DimensionedFieldFunctions.C:642:1: note: in expansion of macro 'PRODUCT_OPERATOR'
 PRODUCT_OPERATOR(typeOfSum, +, add)
 ^
In file included from pamFoam.C:143:0:
./processModels/SINEqn.H:9:7: note:   candidate expects 2 arguments, 1 provided
     + alphaLiquid*fSINXS * rhoHydrolysis
       ^
In file included from /opt/openfoam5/src/OpenFOAM/lnInclude/DimensionedField.C:532:0,
                 from /opt/openfoam5/src/OpenFOAM/lnInclude/DimensionedField.H:366,
                 from /opt/openfoam5/src/finiteVolume/lnInclude/fvMesh.H:58,
                 from /opt/openfoam5/src/finiteVolume/lnInclude/fvCFD.H:7,
                 from pamFoam.C:36:
/opt/openfoam5/src/OpenFOAM/lnInclude/DimensionedFieldFunctions.C:427:1: note: candidate: template<class Type1, class Type2, class GeoMesh> Foam::tmp<Foam::DimensionedField<typename Foam::typeOfSum<arg1, arg2>::type, GeoMesh> > Foam::operator+(const Foam::tmp<Foam::DimensionedField<TypeR, GeoMesh> >&, const Foam::DimensionedField<Type1, GeoMesh>&)
 operator op                                                                    \
 ^
/opt/openfoam5/src/OpenFOAM/lnInclude/DimensionedFieldFunctions.C:642:1: note: in expansion of macro 'PRODUCT_OPERATOR'
 PRODUCT_OPERATOR(typeOfSum, +, add)
 ^
/opt/openfoam5/src/OpenFOAM/lnInclude/DimensionedFieldFunctions.C:427:1: note:   template argument deduction/substitution failed:
 operator op                                                                    \
 ^
/opt/openfoam5/src/OpenFOAM/lnInclude/DimensionedFieldFunctions.C:642:1: note: in expansion of macro 'PRODUCT_OPERATOR'
 PRODUCT_OPERATOR(typeOfSum, +, add)
 ^
In file included from pamFoam.C:143:0:
./processModels/SINEqn.H:9:7: note:   'const volScalarField {aka const Foam::GeometricField<double, Foam::fvPatchField, Foam::volMesh>}' is not derived from 'const Foam::tmp<Foam::DimensionedField<TypeR, GeoMesh> >'
     + alphaLiquid*fSINXS * rhoHydrolysis
       ^
In file included from /opt/openfoam5/src/OpenFOAM/lnInclude/DimensionedField.C:532:0,
                 from /opt/openfoam5/src/OpenFOAM/lnInclude/DimensionedField.H:366,
                 from /opt/openfoam5/src/finiteVolume/lnInclude/fvMesh.H:58,
                 from /opt/openfoam5/src/finiteVolume/lnInclude/fvCFD.H:7,
                 from pamFoam.C:36:
/opt/openfoam5/src/OpenFOAM/lnInclude/DimensionedFieldFunctions.C:454:1: note: candidate: template<class Type1, class Type2, class GeoMesh> Foam::tmp<Foam::DimensionedField<typename Foam::typeOfSum<arg1, arg2>::type, GeoMesh> > Foam::operator+(const Foam::tmp<Foam::DimensionedField<TypeR, GeoMesh> >&, const Foam::tmp<Foam::DimensionedField<Type1, GeoMesh> >&)
 operator op                                                                    \
 ^
/opt/openfoam5/src/OpenFOAM/lnInclude/DimensionedFieldFunctions.C:642:1: note: in expansion of macro 'PRODUCT_OPERATOR'
 PRODUCT_OPERATOR(typeOfSum, +, add)
 ^
/opt/openfoam5/src/OpenFOAM/lnInclude/DimensionedFieldFunctions.C:454:1: note:   template argument deduction/substitution failed:
 operator op                                                                    \
 ^
/opt/openfoam5/src/OpenFOAM/lnInclude/DimensionedFieldFunctions.C:642:1: note: in expansion of macro 'PRODUCT_OPERATOR'
 PRODUCT_OPERATOR(typeOfSum, +, add)
 ^
In file included from pamFoam.C:143:0:
./processModels/SINEqn.H:9:7: note:   'const volScalarField {aka const Foam::GeometricField<double, Foam::fvPatchField, Foam::volMesh>}' is not derived from 'const Foam::tmp<Foam::DimensionedField<TypeR, GeoMesh> >'
     + alphaLiquid*fSINXS * rhoHydrolysis
       ^
In file included from /opt/openfoam5/src/OpenFOAM/lnInclude/DimensionedField.C:532:0,
                 from /opt/openfoam5/src/OpenFOAM/lnInclude/DimensionedField.H:366,
                 from /opt/openfoam5/src/finiteVolume/lnInclude/fvMesh.H:58,
                 from /opt/openfoam5/src/finiteVolume/lnInclude/fvCFD.H:7,
                 from pamFoam.C:36:
/opt/openfoam5/src/OpenFOAM/lnInclude/DimensionedFieldFunctions.C:485:1: note: candidate: template<class Form, class Type, class GeoMesh> Foam::tmp<Foam::DimensionedField<typename Foam::typeOfSum<Type, Form>::type, GeoMesh> > Foam::operator+(const Foam::DimensionedField<Type1, GeoMesh>&, const Foam::dimensioned<Type>&)
 operator op                                                                    \
 ^
/opt/openfoam5/src/OpenFOAM/lnInclude/DimensionedFieldFunctions.C:642:1: note: in expansion of macro 'PRODUCT_OPERATOR'
 PRODUCT_OPERATOR(typeOfSum, +, add)
 ^
/opt/openfoam5/src/OpenFOAM/lnInclude/DimensionedFieldFunctions.C:485:1: note:   template argument deduction/substitution failed:
 operator op                                                                    \
 ^
/opt/openfoam5/src/OpenFOAM/lnInclude/DimensionedFieldFunctions.C:642:1: note: in expansion of macro 'PRODUCT_OPERATOR'
 PRODUCT_OPERATOR(typeOfSum, +, add)
 ^
In file included from pamFoam.C:143:0:
./processModels/SINEqn.H:9:7: note:   candidate expects 2 arguments, 1 provided
     + alphaLiquid*fSINXS * rhoHydrolysis
       ^
In file included from /opt/openfoam5/src/OpenFOAM/lnInclude/DimensionedField.C:532:0,
                 from /opt/openfoam5/src/OpenFOAM/lnInclude/DimensionedField.H:366,
                 from /opt/openfoam5/src/finiteVolume/lnInclude/fvMesh.H:58,
                 from /opt/openfoam5/src/finiteVolume/lnInclude/fvCFD.H:7,
                 from pamFoam.C:36:
/opt/openfoam5/src/OpenFOAM/lnInclude/DimensionedFieldFunctions.C:515:1: note: candidate: template<class Form, class Cmpt, unsigned char nCmpt, class Type, class GeoMesh> Foam::tmp<Foam::DimensionedField<typename Foam::typeOfSum<Form, Type>::type, GeoMesh> > Foam::operator+(const Foam::DimensionedField<Type2, GeoMesh>&, const Foam::VectorSpace<Form, Cmpt, Ncmpts>&)
 operator op                                                                    \
 ^
/opt/openfoam5/src/OpenFOAM/lnInclude/DimensionedFieldFunctions.C:642:1: note: in expansion of macro 'PRODUCT_OPERATOR'
 PRODUCT_OPERATOR(typeOfSum, +, add)
 ^
/opt/openfoam5/src/OpenFOAM/lnInclude/DimensionedFieldFunctions.C:515:1: note:   template argument deduction/substitution failed:
 operator op                                                                    \
 ^
/opt/openfoam5/src/OpenFOAM/lnInclude/DimensionedFieldFunctions.C:642:1: note: in expansion of macro 'PRODUCT_OPERATOR'
 PRODUCT_OPERATOR(typeOfSum, +, add)
 ^
In file included from pamFoam.C:143:0:
./processModels/SINEqn.H:9:7: note:   candidate expects 2 arguments, 1 provided
     + alphaLiquid*fSINXS * rhoHydrolysis
       ^
In file included from /opt/openfoam5/src/OpenFOAM/lnInclude/DimensionedField.C:532:0,
                 from /opt/openfoam5/src/OpenFOAM/lnInclude/DimensionedField.H:366,
                 from /opt/openfoam5/src/finiteVolume/lnInclude/fvMesh.H:58,
                 from /opt/openfoam5/src/finiteVolume/lnInclude/fvCFD.H:7,
                 from pamFoam.C:36:
/opt/openfoam5/src/OpenFOAM/lnInclude/DimensionedFieldFunctions.C:527:1: note: candidate: template<class Form, class Type, class GeoMesh> Foam::tmp<Foam::DimensionedField<typename Foam::typeOfSum<Type, Form>::type, GeoMesh> > Foam::operator+(const Foam::tmp<Foam::DimensionedField<Type1, GeoMesh> >&, const Foam::dimensioned<Type>&)
 operator op                                                                    \
 ^
/opt/openfoam5/src/OpenFOAM/lnInclude/DimensionedFieldFunctions.C:642:1: note: in expansion of macro 'PRODUCT_OPERATOR'
 PRODUCT_OPERATOR(typeOfSum, +, add)
 ^
/opt/openfoam5/src/OpenFOAM/lnInclude/DimensionedFieldFunctions.C:527:1: note:   template argument deduction/substitution failed:
 operator op                                                                    \
 ^
/opt/openfoam5/src/OpenFOAM/lnInclude/DimensionedFieldFunctions.C:642:1: note: in expansion of macro 'PRODUCT_OPERATOR'
 PRODUCT_OPERATOR(typeOfSum, +, add)
 ^
In file included from pamFoam.C:143:0:
./processModels/SINEqn.H:9:7: note:   'const volScalarField {aka const Foam::GeometricField<double, Foam::fvPatchField, Foam::volMesh>}' is not derived from 'const Foam::tmp<Foam::DimensionedField<Type1, GeoMesh> >'
     + alphaLiquid*fSINXS * rhoHydrolysis
       ^
In file included from /opt/openfoam5/src/OpenFOAM/lnInclude/DimensionedField.C:532:0,
                 from /opt/openfoam5/src/OpenFOAM/lnInclude/DimensionedField.H:366,
                 from /opt/openfoam5/src/finiteVolume/lnInclude/fvMesh.H:58,
                 from /opt/openfoam5/src/finiteVolume/lnInclude/fvCFD.H:7,
                 from pamFoam.C:36:
/opt/openfoam5/src/OpenFOAM/lnInclude/DimensionedFieldFunctions.C:554:1: note: candidate: template<class Form, class Cmpt, unsigned char nCmpt, class Type, class GeoMesh> Foam::tmp<Foam::DimensionedField<typename Foam::typeOfSum<Form, Type>::type, GeoMesh> > Foam::operator+(const Foam::tmp<Foam::DimensionedField<Type2, GeoMesh> >&, const Foam::VectorSpace<Form, Cmpt, Ncmpts>&)
 operator op                                                                    \
 ^
/opt/openfoam5/src/OpenFOAM/lnInclude/DimensionedFieldFunctions.C:642:1: note: in expansion of macro 'PRODUCT_OPERATOR'
 PRODUCT_OPERATOR(typeOfSum, +, add)
 ^
/opt/openfoam5/src/OpenFOAM/lnInclude/DimensionedFieldFunctions.C:554:1: note:   template argument deduction/substitution failed:
 operator op                                                                    \
 ^
/opt/openfoam5/src/OpenFOAM/lnInclude/DimensionedFieldFunctions.C:642:1: note: in expansion of macro 'PRODUCT_OPERATOR'
 PRODUCT_OPERATOR(typeOfSum, +, add)
 ^
In file included from pamFoam.C:143:0:
./processModels/SINEqn.H:9:7: note:   'const volScalarField {aka const Foam::GeometricField<double, Foam::fvPatchField, Foam::volMesh>}' is not derived from 'const Foam::tmp<Foam::DimensionedField<Type2, GeoMesh> >'
     + alphaLiquid*fSINXS * rhoHydrolysis
       ^
In file included from /opt/openfoam5/src/OpenFOAM/lnInclude/DimensionedField.C:532:0,
                 from /opt/openfoam5/src/OpenFOAM/lnInclude/DimensionedField.H:366,
                 from /opt/openfoam5/src/finiteVolume/lnInclude/fvMesh.H:58,
                 from /opt/openfoam5/src/finiteVolume/lnInclude/fvCFD.H:7,
                 from pamFoam.C:36:
/opt/openfoam5/src/OpenFOAM/lnInclude/DimensionedFieldFunctions.C:566:1: note: candidate: template<class Form, class Type, class GeoMesh> Foam::tmp<Foam::DimensionedField<typename Foam::typeOfSum<arg1, arg2>::type, GeoMesh> > Foam::operator+(const Foam::dimensioned<Type>&, const Foam::DimensionedField<Type1, GeoMesh>&)
 operator op                                                                    \
 ^
/opt/openfoam5/src/OpenFOAM/lnInclude/DimensionedFieldFunctions.C:642:1: note: in expansion of macro 'PRODUCT_OPERATOR'
 PRODUCT_OPERATOR(typeOfSum, +, add)
 ^
/opt/openfoam5/src/OpenFOAM/lnInclude/DimensionedFieldFunctions.C:566:1: note:   template argument deduction/substitution failed:
 operator op                                                                    \
 ^
/opt/openfoam5/src/OpenFOAM/lnInclude/DimensionedFieldFunctions.C:642:1: note: in expansion of macro 'PRODUCT_OPERATOR'
 PRODUCT_OPERATOR(typeOfSum, +, add)
 ^
In file included from pamFoam.C:143:0:
./processModels/SINEqn.H:9:7: note:   'const volScalarField {aka const Foam::GeometricField<double, Foam::fvPatchField, Foam::volMesh>}' is not derived from 'const Foam::dimensioned<Type>'
     + alphaLiquid*fSINXS * rhoHydrolysis
       ^
In file included from /opt/openfoam5/src/OpenFOAM/lnInclude/DimensionedField.C:532:0,
                 from /opt/openfoam5/src/OpenFOAM/lnInclude/DimensionedField.H:366,
                 from /opt/openfoam5/src/finiteVolume/lnInclude/fvMesh.H:58,
                 from /opt/openfoam5/src/finiteVolume/lnInclude/fvCFD.H:7,
                 from pamFoam.C:36:
/opt/openfoam5/src/OpenFOAM/lnInclude/DimensionedFieldFunctions.C:595:1: note: candidate: template<class Form, class Cmpt, unsigned char nCmpt, class Type, class GeoMesh> Foam::tmp<Foam::DimensionedField<typename Foam::typeOfSum<Form, Type>::type, GeoMesh> > Foam::operator+(const Foam::VectorSpace<Form, Cmpt, Ncmpts>&, const Foam::DimensionedField<Type2, GeoMesh>&)
 operator op                                                                    \
 ^
/opt/openfoam5/src/OpenFOAM/lnInclude/DimensionedFieldFunctions.C:642:1: note: in expansion of macro 'PRODUCT_OPERATOR'
 PRODUCT_OPERATOR(typeOfSum, +, add)
 ^
/opt/openfoam5/src/OpenFOAM/lnInclude/DimensionedFieldFunctions.C:595:1: note:   template argument deduction/substitution failed:
 operator op                                                                    \
 ^
/opt/openfoam5/src/OpenFOAM/lnInclude/DimensionedFieldFunctions.C:642:1: note: in expansion of macro 'PRODUCT_OPERATOR'
 PRODUCT_OPERATOR(typeOfSum, +, add)
 ^
In file included from pamFoam.C:143:0:
./processModels/SINEqn.H:9:7: note:   'const volScalarField {aka const Foam::GeometricField<double, Foam::fvPatchField, Foam::volMesh>}' is not derived from 'const Foam::VectorSpace<Form, Cmpt, Ncmpts>'
     + alphaLiquid*fSINXS * rhoHydrolysis
       ^
In file included from /opt/openfoam5/src/OpenFOAM/lnInclude/DimensionedField.C:532:0,
                 from /opt/openfoam5/src/OpenFOAM/lnInclude/DimensionedField.H:366,
                 from /opt/openfoam5/src/finiteVolume/lnInclude/fvMesh.H:58,
                 from /opt/openfoam5/src/finiteVolume/lnInclude/fvCFD.H:7,
                 from pamFoam.C:36:
/opt/openfoam5/src/OpenFOAM/lnInclude/DimensionedFieldFunctions.C:606:1: note: candidate: template<class Form, class Type, class GeoMesh> Foam::tmp<Foam::DimensionedField<typename Foam::typeOfSum<arg1, arg2>::type, GeoMesh> > Foam::operator+(const Foam::dimensioned<Type>&, const Foam::tmp<Foam::DimensionedField<Type1, GeoMesh> >&)
 operator op                                                                    \
 ^
/opt/openfoam5/src/OpenFOAM/lnInclude/DimensionedFieldFunctions.C:642:1: note: in expansion of macro 'PRODUCT_OPERATOR'
 PRODUCT_OPERATOR(typeOfSum, +, add)
 ^
/opt/openfoam5/src/OpenFOAM/lnInclude/DimensionedFieldFunctions.C:606:1: note:   template argument deduction/substitution failed:
 operator op                                                                    \
 ^
/opt/openfoam5/src/OpenFOAM/lnInclude/DimensionedFieldFunctions.C:642:1: note: in expansion of macro 'PRODUCT_OPERATOR'
 PRODUCT_OPERATOR(typeOfSum, +, add)
 ^
In file included from pamFoam.C:143:0:
./processModels/SINEqn.H:9:7: note:   'const volScalarField {aka const Foam::GeometricField<double, Foam::fvPatchField, Foam::volMesh>}' is not derived from 'const Foam::dimensioned<Type>'
     + alphaLiquid*fSINXS * rhoHydrolysis
       ^
In file included from /opt/openfoam5/src/OpenFOAM/lnInclude/DimensionedField.C:532:0,
                 from /opt/openfoam5/src/OpenFOAM/lnInclude/DimensionedField.H:366,
                 from /opt/openfoam5/src/finiteVolume/lnInclude/fvMesh.H:58,
                 from /opt/openfoam5/src/finiteVolume/lnInclude/fvCFD.H:7,
                 from pamFoam.C:36:
/opt/openfoam5/src/OpenFOAM/lnInclude/DimensionedFieldFunctions.C:633:1: note: candidate: template<class Form, class Cmpt, unsigned char nCmpt, class Type, class GeoMesh> Foam::tmp<Foam::DimensionedField<typename Foam::typeOfSum<Form, Type>::type, GeoMesh> > Foam::operator+(const Foam::VectorSpace<Form, Cmpt, Ncmpts>&, const Foam::tmp<Foam::DimensionedField<Type2, GeoMesh> >&)
 operator op                                                                    \
 ^
/opt/openfoam5/src/OpenFOAM/lnInclude/DimensionedFieldFunctions.C:642:1: note: in expansion of macro 'PRODUCT_OPERATOR'
 PRODUCT_OPERATOR(typeOfSum, +, add)
 ^
/opt/openfoam5/src/OpenFOAM/lnInclude/DimensionedFieldFunctions.C:633:1: note:   template argument deduction/substitution failed:
 operator op                                                                    \
 ^
/opt/openfoam5/src/OpenFOAM/lnInclude/DimensionedFieldFunctions.C:642:1: note: in expansion of macro 'PRODUCT_OPERATOR'
 PRODUCT_OPERATOR(typeOfSum, +, add)
 ^
In file included from pamFoam.C:143:0:
./processModels/SINEqn.H:9:7: note:   'const volScalarField {aka const Foam::GeometricField<double, Foam::fvPatchField, Foam::volMesh>}' is not derived from 'const Foam::VectorSpace<Form, Cmpt, Ncmpts>'
     + alphaLiquid*fSINXS * rhoHydrolysis
       ^
In file included from /opt/openfoam5/src/OpenFOAM/lnInclude/scalarFieldField.C:32:0,
                 from /opt/openfoam5/src/OpenFOAM/lnInclude/scalarFieldField.H:158,
                 from /opt/openfoam5/src/OpenFOAM/lnInclude/FieldFieldFunctions.H:26,
                 from /opt/openfoam5/src/OpenFOAM/lnInclude/FieldField.H:195,
                 from /opt/openfoam5/src/OpenFOAM/lnInclude/GeometricField.H:45,
                 from /opt/openfoam5/src/OpenFOAM/lnInclude/GeometricScalarField.H:38,
                 from /opt/openfoam5/src/OpenFOAM/lnInclude/GeometricFields.H:34,
                 from /opt/openfoam5/src/finiteVolume/lnInclude/volFields.H:37,
                 from /opt/openfoam5/src/finiteVolume/lnInclude/surfaceInterpolationScheme.C:27,
                 from /opt/openfoam5/src/finiteVolume/lnInclude/surfaceInterpolationScheme.H:307,
                 from /opt/openfoam5/src/finiteVolume/lnInclude/surfaceInterpolate.H:41,
                 from /opt/openfoam5/src/finiteVolume/lnInclude/fvc.H:39,
                 from /opt/openfoam5/src/finiteVolume/lnInclude/fvCFD.H:8,
                 from pamFoam.C:36:
/opt/openfoam5/src/OpenFOAM/lnInclude/FieldFieldFunctionsM.C:407:36: note: candidate: template<template<class> class Field> Foam::tmp<Foam::FieldField<Field, double> > Foam::operator+(const scalar&, const Foam::FieldField<Field, double>&)
 tmp<FieldField<Field, ReturnType>> operator Op                                 \
                                    ^
/opt/openfoam5/src/OpenFOAM/lnInclude/FieldFieldFunctionsM.C:487:5: note: in expansion of macro 'BINARY_TYPE_OPERATOR_SF'
     BINARY_TYPE_OPERATOR_SF(ReturnType, Type1, Type2, Op, OpFunc)              \
     ^
/opt/openfoam5/src/OpenFOAM/lnInclude/scalarFieldField.C:85:1: note: in expansion of macro 'BINARY_TYPE_OPERATOR'
 BINARY_TYPE_OPERATOR(scalar, scalar, scalar, +, add)
 ^
/opt/openfoam5/src/OpenFOAM/lnInclude/FieldFieldFunctionsM.C:407:36: note:   template argument deduction/substitution failed:
 tmp<FieldField<Field, ReturnType>> operator Op                                 \
                                    ^
/opt/openfoam5/src/OpenFOAM/lnInclude/FieldFieldFunctionsM.C:487:5: note: in expansion of macro 'BINARY_TYPE_OPERATOR_SF'
     BINARY_TYPE_OPERATOR_SF(ReturnType, Type1, Type2, Op, OpFunc)              \
     ^
/opt/openfoam5/src/OpenFOAM/lnInclude/scalarFieldField.C:85:1: note: in expansion of macro 'BINARY_TYPE_OPERATOR'
 BINARY_TYPE_OPERATOR(scalar, scalar, scalar, +, add)
 ^
In file included from pamFoam.C:143:0:
./processModels/SINEqn.H:9:7: note:   cannot convert 'alphaLiquid' (type 'const volScalarField {aka const Foam::GeometricField<double, Foam::fvPatchField, Foam::volMesh>}') to type 'const scalar& {aka const double&}'
     + alphaLiquid*fSINXS * rhoHydrolysis
       ^
In file included from /opt/openfoam5/src/OpenFOAM/lnInclude/scalarFieldField.C:32:0,
                 from /opt/openfoam5/src/OpenFOAM/lnInclude/scalarFieldField.H:158,
                 from /opt/openfoam5/src/OpenFOAM/lnInclude/FieldFieldFunctions.H:26,
                 from /opt/openfoam5/src/OpenFOAM/lnInclude/FieldField.H:195,
                 from /opt/openfoam5/src/OpenFOAM/lnInclude/GeometricField.H:45,
                 from /opt/openfoam5/src/OpenFOAM/lnInclude/GeometricScalarField.H:38,
                 from /opt/openfoam5/src/OpenFOAM/lnInclude/GeometricFields.H:34,
                 from /opt/openfoam5/src/finiteVolume/lnInclude/volFields.H:37,
                 from /opt/openfoam5/src/finiteVolume/lnInclude/surfaceInterpolationScheme.C:27,
                 from /opt/openfoam5/src/finiteVolume/lnInclude/surfaceInterpolationScheme.H:307,
                 from /opt/openfoam5/src/finiteVolume/lnInclude/surfaceInterpolate.H:41,
                 from /opt/openfoam5/src/finiteVolume/lnInclude/fvc.H:39,
                 from /opt/openfoam5/src/finiteVolume/lnInclude/fvCFD.H:8,
                 from pamFoam.C:36:
/opt/openfoam5/src/OpenFOAM/lnInclude/FieldFieldFunctionsM.C:422:36: note: candidate: template<template<class> class Field> Foam::tmp<Foam::FieldField<Field, double> > Foam::operator+(const scalar&, const Foam::tmp<Foam::FieldField<Field, double> >&)
 tmp<FieldField<Field, ReturnType>> operator Op                                 \
                                    ^
/opt/openfoam5/src/OpenFOAM/lnInclude/FieldFieldFunctionsM.C:487:5: note: in expansion of macro 'BINARY_TYPE_OPERATOR_SF'
     BINARY_TYPE_OPERATOR_SF(ReturnType, Type1, Type2, Op, OpFunc)              \
     ^
/opt/openfoam5/src/OpenFOAM/lnInclude/scalarFieldField.C:85:1: note: in expansion of macro 'BINARY_TYPE_OPERATOR'
 BINARY_TYPE_OPERATOR(scalar, scalar, scalar, +, add)
 ^
/opt/openfoam5/src/OpenFOAM/lnInclude/FieldFieldFunctionsM.C:422:36: note:   template argument deduction/substitution failed:
 tmp<FieldField<Field, ReturnType>> operator Op                                 \
                                    ^
/opt/openfoam5/src/OpenFOAM/lnInclude/FieldFieldFunctionsM.C:487:5: note: in expansion of macro 'BINARY_TYPE_OPERATOR_SF'
     BINARY_TYPE_OPERATOR_SF(ReturnType, Type1, Type2, Op, OpFunc)              \
     ^
/opt/openfoam5/src/OpenFOAM/lnInclude/scalarFieldField.C:85:1: note: in expansion of macro 'BINARY_TYPE_OPERATOR'
 BINARY_TYPE_OPERATOR(scalar, scalar, scalar, +, add)
 ^
In file included from pamFoam.C:143:0:
./processModels/SINEqn.H:9:7: note:   cannot convert 'alphaLiquid' (type 'const volScalarField {aka const Foam::GeometricField<double, Foam::fvPatchField, Foam::volMesh>}') to type 'const scalar& {aka const double&}'
     + alphaLiquid*fSINXS * rhoHydrolysis
       ^
In file included from /opt/openfoam5/src/OpenFOAM/lnInclude/scalarFieldField.C:32:0,
                 from /opt/openfoam5/src/OpenFOAM/lnInclude/scalarFieldField.H:158,
                 from /opt/openfoam5/src/OpenFOAM/lnInclude/FieldFieldFunctions.H:26,
                 from /opt/openfoam5/src/OpenFOAM/lnInclude/FieldField.H:195,
                 from /opt/openfoam5/src/OpenFOAM/lnInclude/GeometricField.H:45,
                 from /opt/openfoam5/src/OpenFOAM/lnInclude/GeometricScalarField.H:38,
                 from /opt/openfoam5/src/OpenFOAM/lnInclude/GeometricFields.H:34,
                 from /opt/openfoam5/src/finiteVolume/lnInclude/volFields.H:37,
                 from /opt/openfoam5/src/finiteVolume/lnInclude/surfaceInterpolationScheme.C:27,
                 from /opt/openfoam5/src/finiteVolume/lnInclude/surfaceInterpolationScheme.H:307,
                 from /opt/openfoam5/src/finiteVolume/lnInclude/surfaceInterpolate.H:41,
                 from /opt/openfoam5/src/finiteVolume/lnInclude/fvc.H:39,
                 from /opt/openfoam5/src/finiteVolume/lnInclude/fvCFD.H:8,
                 from pamFoam.C:36:
/opt/openfoam5/src/OpenFOAM/lnInclude/FieldFieldFunctionsM.C:455:36: note: candidate: template<template<class> class Field> Foam::tmp<Foam::FieldField<Field, double> > Foam::operator+(const Foam::FieldField<Field, double>&, const scalar&)
 tmp<FieldField<Field, ReturnType>> operator Op                                 \
                                    ^
/opt/openfoam5/src/OpenFOAM/lnInclude/FieldFieldFunctionsM.C:488:5: note: in expansion of macro 'BINARY_TYPE_OPERATOR_FS'
     BINARY_TYPE_OPERATOR_FS(ReturnType, Type1, Type2, Op, OpFunc)
     ^
/opt/openfoam5/src/OpenFOAM/lnInclude/scalarFieldField.C:85:1: note: in expansion of macro 'BINARY_TYPE_OPERATOR'
 BINARY_TYPE_OPERATOR(scalar, scalar, scalar, +, add)
 ^
/opt/openfoam5/src/OpenFOAM/lnInclude/FieldFieldFunctionsM.C:455:36: note:   template argument deduction/substitution failed:
 tmp<FieldField<Field, ReturnType>> operator Op                                 \
                                    ^
/opt/openfoam5/src/OpenFOAM/lnInclude/FieldFieldFunctionsM.C:488:5: note: in expansion of macro 'BINARY_TYPE_OPERATOR_FS'
     BINARY_TYPE_OPERATOR_FS(ReturnType, Type1, Type2, Op, OpFunc)
     ^
/opt/openfoam5/src/OpenFOAM/lnInclude/scalarFieldField.C:85:1: note: in expansion of macro 'BINARY_TYPE_OPERATOR'
 BINARY_TYPE_OPERATOR(scalar, scalar, scalar, +, add)
 ^
In file included from pamFoam.C:143:0:
./processModels/SINEqn.H:9:7: note:   'const volScalarField {aka const Foam::GeometricField<double, Foam::fvPatchField, Foam::volMesh>}' is not derived from 'const Foam::FieldField<Field, double>'
     + alphaLiquid*fSINXS * rhoHydrolysis
       ^
In file included from /opt/openfoam5/src/OpenFOAM/lnInclude/scalarFieldField.C:32:0,
                 from /opt/openfoam5/src/OpenFOAM/lnInclude/scalarFieldField.H:158,
                 from /opt/openfoam5/src/OpenFOAM/lnInclude/FieldFieldFunctions.H:26,
                 from /opt/openfoam5/src/OpenFOAM/lnInclude/FieldField.H:195,
                 from /opt/openfoam5/src/OpenFOAM/lnInclude/GeometricField.H:45,
                 from /opt/openfoam5/src/OpenFOAM/lnInclude/GeometricScalarField.H:38,
                 from /opt/openfoam5/src/OpenFOAM/lnInclude/GeometricFields.H:34,
                 from /opt/openfoam5/src/finiteVolume/lnInclude/volFields.H:37,
                 from /opt/openfoam5/src/finiteVolume/lnInclude/surfaceInterpolationScheme.C:27,
                 from /opt/openfoam5/src/finiteVolume/lnInclude/surfaceInterpolationScheme.H:307,
                 from /opt/openfoam5/src/finiteVolume/lnInclude/surfaceInterpolate.H:41,
                 from /opt/openfoam5/src/finiteVolume/lnInclude/fvc.H:39,
                 from /opt/openfoam5/src/finiteVolume/lnInclude/fvCFD.H:8,
                 from pamFoam.C:36:
/opt/openfoam5/src/OpenFOAM/lnInclude/FieldFieldFunctionsM.C:470:36: note: candidate: template<template<class> class Field> Foam::tmp<Foam::FieldField<Field, double> > Foam::operator+(const Foam::tmp<Foam::FieldField<Field, double> >&, const scalar&)
 tmp<FieldField<Field, ReturnType>> operator Op                                 \
                                    ^
/opt/openfoam5/src/OpenFOAM/lnInclude/FieldFieldFunctionsM.C:488:5: note: in expansion of macro 'BINARY_TYPE_OPERATOR_FS'
     BINARY_TYPE_OPERATOR_FS(ReturnType, Type1, Type2, Op, OpFunc)
     ^
/opt/openfoam5/src/OpenFOAM/lnInclude/scalarFieldField.C:85:1: note: in expansion of macro 'BINARY_TYPE_OPERATOR'
 BINARY_TYPE_OPERATOR(scalar, scalar, scalar, +, add)
 ^
/opt/openfoam5/src/OpenFOAM/lnInclude/FieldFieldFunctionsM.C:470:36: note:   template argument deduction/substitution failed:
 tmp<FieldField<Field, ReturnType>> operator Op                                 \
                                    ^
/opt/openfoam5/src/OpenFOAM/lnInclude/FieldFieldFunctionsM.C:488:5: note: in expansion of macro 'BINARY_TYPE_OPERATOR_FS'
     BINARY_TYPE_OPERATOR_FS(ReturnType, Type1, Type2, Op, OpFunc)
     ^
/opt/openfoam5/src/OpenFOAM/lnInclude/scalarFieldField.C:85:1: note: in expansion of macro 'BINARY_TYPE_OPERATOR'
 BINARY_TYPE_OPERATOR(scalar, scalar, scalar, +, add)
 ^
In file included from pamFoam.C:143:0:
./processModels/SINEqn.H:9:7: note:   'const volScalarField {aka const Foam::GeometricField<double, Foam::fvPatchField, Foam::volMesh>}' is not derived from 'const Foam::tmp<Foam::FieldField<Field, double> >'
     + alphaLiquid*fSINXS * rhoHydrolysis
       ^
In file included from /opt/openfoam5/src/OpenFOAM/lnInclude/FieldField.C:390:0,
                 from /opt/openfoam5/src/OpenFOAM/lnInclude/FieldField.H:198,
                 from /opt/openfoam5/src/OpenFOAM/lnInclude/GeometricField.H:45,
                 from /opt/openfoam5/src/OpenFOAM/lnInclude/GeometricScalarField.H:38,
                 from /opt/openfoam5/src/OpenFOAM/lnInclude/GeometricFields.H:34,
                 from /opt/openfoam5/src/finiteVolume/lnInclude/volFields.H:37,
                 from /opt/openfoam5/src/finiteVolume/lnInclude/surfaceInterpolationScheme.C:27,
                 from /opt/openfoam5/src/finiteVolume/lnInclude/surfaceInterpolationScheme.H:307,
                 from /opt/openfoam5/src/finiteVolume/lnInclude/surfaceInterpolate.H:41,
                 from /opt/openfoam5/src/finiteVolume/lnInclude/fvc.H:39,
                 from /opt/openfoam5/src/finiteVolume/lnInclude/fvCFD.H:8,
                 from pamFoam.C:36:
/opt/openfoam5/src/OpenFOAM/lnInclude/FieldFieldFunctions.C:654:1: note: candidate: template<template<class> class Field1, template<class> class Field2, class Type1, class Type2> Foam::tmp<Foam::FieldField<Field1, typename Foam::typeOfSum<Type1, Type2>::type> > Foam::operator+(const Foam::FieldField<Field, Type1>&, const Foam::FieldField<Field2, Type2>&)
 operator op                                                                    \
 ^
/opt/openfoam5/src/OpenFOAM/lnInclude/FieldFieldFunctions.C:901:1: note: in expansion of macro 'PRODUCT_OPERATOR'
 PRODUCT_OPERATOR(typeOfSum, +, add)
 ^
/opt/openfoam5/src/OpenFOAM/lnInclude/FieldFieldFunctions.C:654:1: note:   template argument deduction/substitution failed:
 operator op                                                                    \
 ^
/opt/openfoam5/src/OpenFOAM/lnInclude/FieldFieldFunctions.C:901:1: note: in expansion of macro 'PRODUCT_OPERATOR'
 PRODUCT_OPERATOR(typeOfSum, +, add)
 ^
In file included from pamFoam.C:143:0:
./processModels/SINEqn.H:9:7: note:   'const volScalarField {aka const Foam::GeometricField<double, Foam::fvPatchField, Foam::volMesh>}' is not derived from 'const Foam::FieldField<Field, Type1>'
     + alphaLiquid*fSINXS * rhoHydrolysis
       ^
In file included from /opt/openfoam5/src/OpenFOAM/lnInclude/FieldField.C:390:0,
                 from /opt/openfoam5/src/OpenFOAM/lnInclude/FieldField.H:198,
                 from /opt/openfoam5/src/OpenFOAM/lnInclude/GeometricField.H:45,
                 from /opt/openfoam5/src/OpenFOAM/lnInclude/GeometricScalarField.H:38,
                 from /opt/openfoam5/src/OpenFOAM/lnInclude/GeometricFields.H:34,
                 from /opt/openfoam5/src/finiteVolume/lnInclude/volFields.H:37,
                 from /opt/openfoam5/src/finiteVolume/lnInclude/surfaceInterpolationScheme.C:27,
                 from /opt/openfoam5/src/finiteVolume/lnInclude/surfaceInterpolationScheme.H:307,
                 from /opt/openfoam5/src/finiteVolume/lnInclude/surfaceInterpolate.H:41,
                 from /opt/openfoam5/src/finiteVolume/lnInclude/fvc.H:39,
                 from /opt/openfoam5/src/finiteVolume/lnInclude/fvCFD.H:8,
                 from pamFoam.C:36:
/opt/openfoam5/src/OpenFOAM/lnInclude/FieldFieldFunctions.C:671:1: note: candidate: template<template<class> class Field, class Type1, class Type2> Foam::tmp<Foam::FieldField<Field, typename Foam::typeOfSum<Type1, Type2>::type> > Foam::operator+(const Foam::FieldField<Field, Type>&, const Foam::tmp<Foam::FieldField<Field, Type1> >&)
 operator op                                                                    \
 ^
/opt/openfoam5/src/OpenFOAM/lnInclude/FieldFieldFunctions.C:901:1: note: in expansion of macro 'PRODUCT_OPERATOR'
 PRODUCT_OPERATOR(typeOfSum, +, add)
 ^
/opt/openfoam5/src/OpenFOAM/lnInclude/FieldFieldFunctions.C:671:1: note:   template argument deduction/substitution failed:
 operator op                                                                    \
 ^
/opt/openfoam5/src/OpenFOAM/lnInclude/FieldFieldFunctions.C:901:1: note: in expansion of macro 'PRODUCT_OPERATOR'
 PRODUCT_OPERATOR(typeOfSum, +, add)
 ^
In file included from pamFoam.C:143:0:
./processModels/SINEqn.H:9:7: note:   'const volScalarField {aka const Foam::GeometricField<double, Foam::fvPatchField, Foam::volMesh>}' is not derived from 'const Foam::FieldField<Field, Type>'
     + alphaLiquid*fSINXS * rhoHydrolysis
       ^
In file included from /opt/openfoam5/src/OpenFOAM/lnInclude/FieldField.H:195:0,
                 from /opt/openfoam5/src/OpenFOAM/lnInclude/GeometricField.H:45,
                 from /opt/openfoam5/src/OpenFOAM/lnInclude/GeometricScalarField.H:38,
                 from /opt/openfoam5/src/OpenFOAM/lnInclude/GeometricFields.H:34,
                 from /opt/openfoam5/src/finiteVolume/lnInclude/volFields.H:37,
                 from /opt/openfoam5/src/finiteVolume/lnInclude/surfaceInterpolationScheme.C:27,
                 from /opt/openfoam5/src/finiteVolume/lnInclude/surfaceInterpolationScheme.H:307,
                 from /opt/openfoam5/src/finiteVolume/lnInclude/surfaceInterpolate.H:41,
                 from /opt/openfoam5/src/finiteVolume/lnInclude/fvc.H:39,
                 from /opt/openfoam5/src/finiteVolume/lnInclude/fvCFD.H:8,
                 from pamFoam.C:36:
/opt/openfoam5/src/OpenFOAM/lnInclude/FieldFieldFunctions.H:314:1: note: candidate: template<template<class> class Field1, template<class> class Field2, class Type1, class Type2> Foam::tmp<Foam::FieldField<Field1, typename Foam::typeOfSum<Type1, Type2>::type> > Foam::operator+(const Foam::FieldField<Field, Type1>&, const Foam::tmp<Foam::FieldField<Field2, Type2> >&)
 operator op                                                                    \
 ^
/opt/openfoam5/src/OpenFOAM/lnInclude/FieldFieldFunctions.H:438:1: note: in expansion of macro 'PRODUCT_OPERATOR'
 PRODUCT_OPERATOR(typeOfSum, +, add)
 ^
/opt/openfoam5/src/OpenFOAM/lnInclude/FieldFieldFunctions.H:314:1: note:   template argument deduction/substitution failed:
 operator op                                                                    \
 ^
/opt/openfoam5/src/OpenFOAM/lnInclude/FieldFieldFunctions.H:438:1: note: in expansion of macro 'PRODUCT_OPERATOR'
 PRODUCT_OPERATOR(typeOfSum, +, add)
 ^
In file included from pamFoam.C:143:0:
./processModels/SINEqn.H:9:7: note:   'const volScalarField {aka const Foam::GeometricField<double, Foam::fvPatchField, Foam::volMesh>}' is not derived from 'const Foam::FieldField<Field, Type1>'
     + alphaLiquid*fSINXS * rhoHydrolysis
       ^
In file included from /opt/openfoam5/src/OpenFOAM/lnInclude/FieldField.C:390:0,
                 from /opt/openfoam5/src/OpenFOAM/lnInclude/FieldField.H:198,
                 from /opt/openfoam5/src/OpenFOAM/lnInclude/GeometricField.H:45,
                 from /opt/openfoam5/src/OpenFOAM/lnInclude/GeometricScalarField.H:38,
                 from /opt/openfoam5/src/OpenFOAM/lnInclude/GeometricFields.H:34,
                 from /opt/openfoam5/src/finiteVolume/lnInclude/volFields.H:37,
                 from /opt/openfoam5/src/finiteVolume/lnInclude/surfaceInterpolationScheme.C:27,
                 from /opt/openfoam5/src/finiteVolume/lnInclude/surfaceInterpolationScheme.H:307,
                 from /opt/openfoam5/src/finiteVolume/lnInclude/surfaceInterpolate.H:41,
                 from /opt/openfoam5/src/finiteVolume/lnInclude/fvc.H:39,
                 from /opt/openfoam5/src/finiteVolume/lnInclude/fvCFD.H:8,
                 from pamFoam.C:36:
/opt/openfoam5/src/OpenFOAM/lnInclude/FieldFieldFunctions.C:719:1: note: candidate: template<template<class> class Field1, template<class> class Field2, class Type1, class Type2> Foam::tmp<Foam::FieldField<Field1, typename Foam::typeOfSum<Type1, Type2>::type> > Foam::operator+(const Foam::tmp<Foam::FieldField<Field, Type1> >&, const Foam::FieldField<Field2, Type2>&)
 operator op                                                                    \
 ^
/opt/openfoam5/src/OpenFOAM/lnInclude/FieldFieldFunctions.C:901:1: note: in expansion of macro 'PRODUCT_OPERATOR'
 PRODUCT_OPERATOR(typeOfSum, +, add)
 ^
/opt/openfoam5/src/OpenFOAM/lnInclude/FieldFieldFunctions.C:719:1: note:   template argument deduction/substitution failed:
 operator op                                                                    \
 ^
/opt/openfoam5/src/OpenFOAM/lnInclude/FieldFieldFunctions.C:901:1: note: in expansion of macro 'PRODUCT_OPERATOR'
 PRODUCT_OPERATOR(typeOfSum, +, add)
 ^
In file included from pamFoam.C:143:0:
./processModels/SINEqn.H:9:7: note:   'const volScalarField {aka const Foam::GeometricField<double, Foam::fvPatchField, Foam::volMesh>}' is not derived from 'const Foam::tmp<Foam::FieldField<Field, Type1> >'
     + alphaLiquid*fSINXS * rhoHydrolysis
       ^
In file included from /opt/openfoam5/src/OpenFOAM/lnInclude/FieldField.C:390:0,
                 from /opt/openfoam5/src/OpenFOAM/lnInclude/FieldField.H:198,
                 from /opt/openfoam5/src/OpenFOAM/lnInclude/GeometricField.H:45,
                 from /opt/openfoam5/src/OpenFOAM/lnInclude/GeometricScalarField.H:38,
                 from /opt/openfoam5/src/OpenFOAM/lnInclude/GeometricFields.H:34,
                 from /opt/openfoam5/src/finiteVolume/lnInclude/volFields.H:37,
                 from /opt/openfoam5/src/finiteVolume/lnInclude/surfaceInterpolationScheme.C:27,
                 from /opt/openfoam5/src/finiteVolume/lnInclude/surfaceInterpolationScheme.H:307,
                 from /opt/openfoam5/src/finiteVolume/lnInclude/surfaceInterpolate.H:41,
                 from /opt/openfoam5/src/finiteVolume/lnInclude/fvc.H:39,
                 from /opt/openfoam5/src/finiteVolume/lnInclude/fvCFD.H:8,
                 from pamFoam.C:36:
/opt/openfoam5/src/OpenFOAM/lnInclude/FieldFieldFunctions.C:743:1: note: candidate: template<template<class> class Field1, template<class> class Field2, class Type1, class Type2> Foam::tmp<Foam::FieldField<Field1, typename Foam::typeOfSum<Type1, Type2>::type> > Foam::operator+(const Foam::tmp<Foam::FieldField<Field, Type1> >&, const Foam::tmp<Foam::FieldField<Field2, Type2> >&)
 operator op                                                                    \
 ^
/opt/openfoam5/src/OpenFOAM/lnInclude/FieldFieldFunctions.C:901:1: note: in expansion of macro 'PRODUCT_OPERATOR'
 PRODUCT_OPERATOR(typeOfSum, +, add)
 ^
/opt/openfoam5/src/OpenFOAM/lnInclude/FieldFieldFunctions.C:743:1: note:   template argument deduction/substitution failed:
 operator op                                                                    \
 ^
/opt/openfoam5/src/OpenFOAM/lnInclude/FieldFieldFunctions.C:901:1: note: in expansion of macro 'PRODUCT_OPERATOR'
 PRODUCT_OPERATOR(typeOfSum, +, add)
 ^
In file included from pamFoam.C:143:0:
./processModels/SINEqn.H:9:7: note:   'const volScalarField {aka const Foam::GeometricField<double, Foam::fvPatchField, Foam::volMesh>}' is not derived from 'const Foam::tmp<Foam::FieldField<Field, Type1> >'
     + alphaLiquid*fSINXS * rhoHydrolysis
       ^
In file included from /opt/openfoam5/src/OpenFOAM/lnInclude/FieldField.C:390:0,
                 from /opt/openfoam5/src/OpenFOAM/lnInclude/FieldField.H:198,
                 from /opt/openfoam5/src/OpenFOAM/lnInclude/GeometricField.H:45,
                 from /opt/openfoam5/src/OpenFOAM/lnInclude/GeometricScalarField.H:38,
                 from /opt/openfoam5/src/OpenFOAM/lnInclude/GeometricFields.H:34,
                 from /opt/openfoam5/src/finiteVolume/lnInclude/volFields.H:37,
                 from /opt/openfoam5/src/finiteVolume/lnInclude/surfaceInterpolationScheme.C:27,
                 from /opt/openfoam5/src/finiteVolume/lnInclude/surfaceInterpolationScheme.H:307,
                 from /opt/openfoam5/src/finiteVolume/lnInclude/surfaceInterpolate.H:41,
                 from /opt/openfoam5/src/finiteVolume/lnInclude/fvc.H:39,
                 from /opt/openfoam5/src/finiteVolume/lnInclude/fvCFD.H:8,
                 from pamFoam.C:36:
/opt/openfoam5/src/OpenFOAM/lnInclude/FieldFieldFunctions.C:791:1: note: candidate: template<template<class> class Field, class Type, class Form, class Cmpt, unsigned char nCmpt> Foam::tmp<Foam::FieldField<Field, typename Foam::typeOfSum<Type1, Type2>::type> > Foam::operator+(const Foam::FieldField<Field, Type>&, const Foam::VectorSpace<Form, Cmpt, nCmpt>&)
 operator op                                                                    \
 ^
/opt/openfoam5/src/OpenFOAM/lnInclude/FieldFieldFunctions.C:901:1: note: in expansion of macro 'PRODUCT_OPERATOR'
 PRODUCT_OPERATOR(typeOfSum, +, add)
 ^
/opt/openfoam5/src/OpenFOAM/lnInclude/FieldFieldFunctions.C:791:1: note:   template argument deduction/substitution failed:
 operator op                                                                    \
 ^
/opt/openfoam5/src/OpenFOAM/lnInclude/FieldFieldFunctions.C:901:1: note: in expansion of macro 'PRODUCT_OPERATOR'
 PRODUCT_OPERATOR(typeOfSum, +, add)
 ^
In file included from pamFoam.C:143:0:
./processModels/SINEqn.H:9:7: note:   'const volScalarField {aka const Foam::GeometricField<double, Foam::fvPatchField, Foam::volMesh>}' is not derived from 'const Foam::FieldField<Field, Type>'
     + alphaLiquid*fSINXS * rhoHydrolysis
       ^
In file included from /opt/openfoam5/src/OpenFOAM/lnInclude/FieldField.C:390:0,
                 from /opt/openfoam5/src/OpenFOAM/lnInclude/FieldField.H:198,
                 from /opt/openfoam5/src/OpenFOAM/lnInclude/GeometricField.H:45,
                 from /opt/openfoam5/src/OpenFOAM/lnInclude/GeometricScalarField.H:38,
                 from /opt/openfoam5/src/OpenFOAM/lnInclude/GeometricFields.H:34,
                 from /opt/openfoam5/src/finiteVolume/lnInclude/volFields.H:37,
                 from /opt/openfoam5/src/finiteVolume/lnInclude/surfaceInterpolationScheme.C:27,
                 from /opt/openfoam5/src/finiteVolume/lnInclude/surfaceInterpolationScheme.H:307,
                 from /opt/openfoam5/src/finiteVolume/lnInclude/surfaceInterpolate.H:41,
                 from /opt/openfoam5/src/finiteVolume/lnInclude/fvc.H:39,
                 from /opt/openfoam5/src/finiteVolume/lnInclude/fvCFD.H:8,
                 from pamFoam.C:36:
/opt/openfoam5/src/OpenFOAM/lnInclude/FieldFieldFunctions.C:815:1: note: candidate: template<template<class> class Field, class Type, class Form, class Cmpt, unsigned char nCmpt> Foam::tmp<Foam::FieldField<Field, typename Foam::typeOfSum<Type1, Type2>::type> > Foam::operator+(const Foam::tmp<Foam::FieldField<Field, Type> >&, const Foam::VectorSpace<Form, Cmpt, nCmpt>&)
 operator op                                                                    \
 ^
/opt/openfoam5/src/OpenFOAM/lnInclude/FieldFieldFunctions.C:901:1: note: in expansion of macro 'PRODUCT_OPERATOR'
 PRODUCT_OPERATOR(typeOfSum, +, add)
 ^
/opt/openfoam5/src/OpenFOAM/lnInclude/FieldFieldFunctions.C:815:1: note:   template argument deduction/substitution failed:
 operator op                                                                    \
 ^
/opt/openfoam5/src/OpenFOAM/lnInclude/FieldFieldFunctions.C:901:1: note: in expansion of macro 'PRODUCT_OPERATOR'
 PRODUCT_OPERATOR(typeOfSum, +, add)
 ^
In file included from pamFoam.C:143:0:
./processModels/SINEqn.H:9:7: note:   'const volScalarField {aka const Foam::GeometricField<double, Foam::fvPatchField, Foam::volMesh>}' is not derived from 'const Foam::tmp<Foam::FieldField<Field, Type> >'
     + alphaLiquid*fSINXS * rhoHydrolysis
       ^
In file included from /opt/openfoam5/src/OpenFOAM/lnInclude/FieldField.C:390:0,
                 from /opt/openfoam5/src/OpenFOAM/lnInclude/FieldField.H:198,
                 from /opt/openfoam5/src/OpenFOAM/lnInclude/GeometricField.H:45,
                 from /opt/openfoam5/src/OpenFOAM/lnInclude/GeometricScalarField.H:38,
                 from /opt/openfoam5/src/OpenFOAM/lnInclude/GeometricFields.H:34,
                 from /opt/openfoam5/src/finiteVolume/lnInclude/volFields.H:37,
                 from /opt/openfoam5/src/finiteVolume/lnInclude/surfaceInterpolationScheme.C:27,
                 from /opt/openfoam5/src/finiteVolume/lnInclude/surfaceInterpolationScheme.H:307,
                 from /opt/openfoam5/src/finiteVolume/lnInclude/surfaceInterpolate.H:41,
                 from /opt/openfoam5/src/finiteVolume/lnInclude/fvc.H:39,
                 from /opt/openfoam5/src/finiteVolume/lnInclude/fvCFD.H:8,
                 from pamFoam.C:36:
/opt/openfoam5/src/OpenFOAM/lnInclude/FieldFieldFunctions.C:861:1: note: candidate: template<template<class> class Field, class Type, class Form, class Cmpt, unsigned char nCmpt> Foam::tmp<Foam::FieldField<Field, typename Foam::typeOfSum<Form, Type>::type> > Foam::operator+(const Foam::VectorSpace<Form, Cmpt, nCmpt>&, const Foam::FieldField<Field, Type>&)
 operator op                                                                    \
 ^
/opt/openfoam5/src/OpenFOAM/lnInclude/FieldFieldFunctions.C:901:1: note: in expansion of macro 'PRODUCT_OPERATOR'
 PRODUCT_OPERATOR(typeOfSum, +, add)
 ^
/opt/openfoam5/src/OpenFOAM/lnInclude/FieldFieldFunctions.C:861:1: note:   template argument deduction/substitution failed:
 operator op                                                                    \
 ^
/opt/openfoam5/src/OpenFOAM/lnInclude/FieldFieldFunctions.C:901:1: note: in expansion of macro 'PRODUCT_OPERATOR'
 PRODUCT_OPERATOR(typeOfSum, +, add)
 ^
In file included from pamFoam.C:143:0:
./processModels/SINEqn.H:9:7: note:   'const volScalarField {aka const Foam::GeometricField<double, Foam::fvPatchField, Foam::volMesh>}' is not derived from 'const Foam::VectorSpace<Form, Cmpt, nCmpt>'
     + alphaLiquid*fSINXS * rhoHydrolysis
       ^
In file included from /opt/openfoam5/src/OpenFOAM/lnInclude/FieldField.C:390:0,
                 from /opt/openfoam5/src/OpenFOAM/lnInclude/FieldField.H:198,
                 from /opt/openfoam5/src/OpenFOAM/lnInclude/GeometricField.H:45,
                 from /opt/openfoam5/src/OpenFOAM/lnInclude/GeometricScalarField.H:38,
                 from /opt/openfoam5/src/OpenFOAM/lnInclude/GeometricFields.H:34,
                 from /opt/openfoam5/src/finiteVolume/lnInclude/volFields.H:37,
                 from /opt/openfoam5/src/finiteVolume/lnInclude/surfaceInterpolationScheme.C:27,
                 from /opt/openfoam5/src/finiteVolume/lnInclude/surfaceInterpolationScheme.H:307,
                 from /opt/openfoam5/src/finiteVolume/lnInclude/surfaceInterpolate.H:41,
                 from /opt/openfoam5/src/finiteVolume/lnInclude/fvc.H:39,
                 from /opt/openfoam5/src/finiteVolume/lnInclude/fvCFD.H:8,
                 from pamFoam.C:36:
/opt/openfoam5/src/OpenFOAM/lnInclude/FieldFieldFunctions.C:885:1: note: candidate: template<template<class> class Field, class Type, class Form, class Cmpt, unsigned char nCmpt> Foam::tmp<Foam::FieldField<Field, typename Foam::typeOfSum<Form, Type>::type> > Foam::operator+(const Foam::VectorSpace<Form, Cmpt, nCmpt>&, const Foam::tmp<Foam::FieldField<Field, Type> >&)
 operator op                                                                    \
 ^
/opt/openfoam5/src/OpenFOAM/lnInclude/FieldFieldFunctions.C:901:1: note: in expansion of macro 'PRODUCT_OPERATOR'
 PRODUCT_OPERATOR(typeOfSum, +, add)
 ^
/opt/openfoam5/src/OpenFOAM/lnInclude/FieldFieldFunctions.C:885:1: note:   template argument deduction/substitution failed:
 operator op                                                                    \
 ^
/opt/openfoam5/src/OpenFOAM/lnInclude/FieldFieldFunctions.C:901:1: note: in expansion of macro 'PRODUCT_OPERATOR'
 PRODUCT_OPERATOR(typeOfSum, +, add)
 ^
In file included from pamFoam.C:143:0:
./processModels/SINEqn.H:9:7: note:   'const volScalarField {aka const Foam::GeometricField<double, Foam::fvPatchField, Foam::volMesh>}' is not derived from 'const Foam::VectorSpace<Form, Cmpt, nCmpt>'
     + alphaLiquid*fSINXS * rhoHydrolysis
       ^
In file included from /opt/openfoam5/src/OpenFOAM/lnInclude/FieldField.C:390:0,
                 from /opt/openfoam5/src/OpenFOAM/lnInclude/FieldField.H:198,
                 from /opt/openfoam5/src/OpenFOAM/lnInclude/GeometricField.H:45,
                 from /opt/openfoam5/src/OpenFOAM/lnInclude/GeometricScalarField.H:38,
                 from /opt/openfoam5/src/OpenFOAM/lnInclude/GeometricFields.H:34,
                 from /opt/openfoam5/src/finiteVolume/lnInclude/volFields.H:37,
                 from /opt/openfoam5/src/finiteVolume/lnInclude/surfaceInterpolationScheme.C:27,
                 from /opt/openfoam5/src/finiteVolume/lnInclude/surfaceInterpolationScheme.H:307,
                 from /opt/openfoam5/src/finiteVolume/lnInclude/surfaceInterpolate.H:41,
                 from /opt/openfoam5/src/finiteVolume/lnInclude/fvc.H:39,
                 from /opt/openfoam5/src/finiteVolume/lnInclude/fvCFD.H:8,
                 from pamFoam.C:36:
/opt/openfoam5/src/OpenFOAM/lnInclude/FieldFieldFunctions.C:695:1: note: candidate: template<template<class> class Field1, template<class> class Field2, class Type1, class Type2> Foam::tmp<Foam::FieldField<Foam::Field, typename Foam::typeOfSum<Type1, Type2>::type> > Foam::operator+(const Foam::FieldField<Field, Type1>&, const Foam::tmp<Foam::FieldField<Field2, Type2> >&)
 operator op                                                                    \
 ^
/opt/openfoam5/src/OpenFOAM/lnInclude/FieldFieldFunctions.C:901:1: note: in expansion of macro 'PRODUCT_OPERATOR'
 PRODUCT_OPERATOR(typeOfSum, +, add)
 ^
/opt/openfoam5/src/OpenFOAM/lnInclude/FieldFieldFunctions.C:695:1: note:   template argument deduction/substitution failed:
 operator op                                                                    \
 ^
/opt/openfoam5/src/OpenFOAM/lnInclude/FieldFieldFunctions.C:901:1: note: in expansion of macro 'PRODUCT_OPERATOR'
 PRODUCT_OPERATOR(typeOfSum, +, add)
 ^
In file included from pamFoam.C:143:0:
./processModels/SINEqn.H:9:7: note:   'const volScalarField {aka const Foam::GeometricField<double, Foam::fvPatchField, Foam::volMesh>}' is not derived from 'const Foam::FieldField<Field, Type1>'
     + alphaLiquid*fSINXS * rhoHydrolysis
       ^
In file included from /opt/openfoam5/src/OpenFOAM/lnInclude/DiagTensor.H:115:0,
                 from /opt/openfoam5/src/OpenFOAM/lnInclude/diagTensor.H:38,
                 from /opt/openfoam5/src/OpenFOAM/lnInclude/diagTensorField.H:39,
                 from /opt/openfoam5/src/OpenFOAM/lnInclude/coupledPolyPatch.H:41,
                 from /opt/openfoam5/src/OpenFOAM/lnInclude/processorPolyPatch.H:42,
                 from /opt/openfoam5/src/OpenFOAM/lnInclude/processorTopology.H:30,
                 from /opt/openfoam5/src/OpenFOAM/lnInclude/globalMeshData.H:84,
                 from /opt/openfoam5/src/OpenFOAM/lnInclude/GeometricBoundaryField.C:28,
                 from /opt/openfoam5/src/OpenFOAM/lnInclude/GeometricField.C:1352,
                 from /opt/openfoam5/src/OpenFOAM/lnInclude/GeometricField.H:660,
                 from /opt/openfoam5/src/OpenFOAM/lnInclude/GeometricScalarField.H:38,
                 from /opt/openfoam5/src/OpenFOAM/lnInclude/GeometricFields.H:34,
                 from /opt/openfoam5/src/finiteVolume/lnInclude/volFields.H:37,
                 from /opt/openfoam5/src/finiteVolume/lnInclude/surfaceInterpolationScheme.C:27,
                 from /opt/openfoam5/src/finiteVolume/lnInclude/surfaceInterpolationScheme.H:307,
                 from /opt/openfoam5/src/finiteVolume/lnInclude/surfaceInterpolate.H:41,
                 from /opt/openfoam5/src/finiteVolume/lnInclude/fvc.H:39,
                 from /opt/openfoam5/src/finiteVolume/lnInclude/fvCFD.H:8,
                 from pamFoam.C:36:
/opt/openfoam5/src/OpenFOAM/lnInclude/DiagTensorI.H:124:1: note: candidate: template<class Cmpt> Foam::Tensor<Cmpt> Foam::operator+(const Foam::DiagTensor<Cmpt>&, const Foam::Tensor<Cmpt>&)
 operator+(const DiagTensor<Cmpt>& dt1, const Tensor<Cmpt>& t2)
 ^
/opt/openfoam5/src/OpenFOAM/lnInclude/DiagTensorI.H:124:1: note:   template argument deduction/substitution failed:
In file included from pamFoam.C:143:0:
./processModels/SINEqn.H:9:7: note:   'const volScalarField {aka const Foam::GeometricField<double, Foam::fvPatchField, Foam::volMesh>}' is not derived from 'const Foam::DiagTensor<Cmpt>'
     + alphaLiquid*fSINXS * rhoHydrolysis
       ^
In file included from /opt/openfoam5/src/OpenFOAM/lnInclude/DiagTensor.H:115:0,
                 from /opt/openfoam5/src/OpenFOAM/lnInclude/diagTensor.H:38,
                 from /opt/openfoam5/src/OpenFOAM/lnInclude/diagTensorField.H:39,
                 from /opt/openfoam5/src/OpenFOAM/lnInclude/coupledPolyPatch.H:41,
                 from /opt/openfoam5/src/OpenFOAM/lnInclude/processorPolyPatch.H:42,
                 from /opt/openfoam5/src/OpenFOAM/lnInclude/processorTopology.H:30,
                 from /opt/openfoam5/src/OpenFOAM/lnInclude/globalMeshData.H:84,
                 from /opt/openfoam5/src/OpenFOAM/lnInclude/GeometricBoundaryField.C:28,
                 from /opt/openfoam5/src/OpenFOAM/lnInclude/GeometricField.C:1352,
                 from /opt/openfoam5/src/OpenFOAM/lnInclude/GeometricField.H:660,
                 from /opt/openfoam5/src/OpenFOAM/lnInclude/GeometricScalarField.H:38,
                 from /opt/openfoam5/src/OpenFOAM/lnInclude/GeometricFields.H:34,
                 from /opt/openfoam5/src/finiteVolume/lnInclude/volFields.H:37,
                 from /opt/openfoam5/src/finiteVolume/lnInclude/surfaceInterpolationScheme.C:27,
                 from /opt/openfoam5/src/finiteVolume/lnInclude/surfaceInterpolationScheme.H:307,
                 from /opt/openfoam5/src/finiteVolume/lnInclude/surfaceInterpolate.H:41,
                 from /opt/openfoam5/src/finiteVolume/lnInclude/fvc.H:39,
                 from /opt/openfoam5/src/finiteVolume/lnInclude/fvCFD.H:8,
                 from pamFoam.C:36:
/opt/openfoam5/src/OpenFOAM/lnInclude/DiagTensorI.H:137:1: note: candidate: template<class Cmpt> Foam::Tensor<Cmpt> Foam::operator+(const Foam::Tensor<Cmpt>&, const Foam::DiagTensor<Cmpt>&)
 operator+(const Tensor<Cmpt>& t1, const DiagTensor<Cmpt>& dt2)
 ^
/opt/openfoam5/src/OpenFOAM/lnInclude/DiagTensorI.H:137:1: note:   template argument deduction/substitution failed:
In file included from pamFoam.C:143:0:
./processModels/SINEqn.H:9:7: note:   'const volScalarField {aka const Foam::GeometricField<double, Foam::fvPatchField, Foam::volMesh>}' is not derived from 'const Foam::Tensor<Cmpt>'
     + alphaLiquid*fSINXS * rhoHydrolysis
       ^
In file included from /opt/openfoam5/src/OpenFOAM/lnInclude/diagTensorField.H:42:0,
                 from /opt/openfoam5/src/OpenFOAM/lnInclude/coupledPolyPatch.H:41,
                 from /opt/openfoam5/src/OpenFOAM/lnInclude/processorPolyPatch.H:42,
                 from /opt/openfoam5/src/OpenFOAM/lnInclude/processorTopology.H:30,
                 from /opt/openfoam5/src/OpenFOAM/lnInclude/globalMeshData.H:84,
                 from /opt/openfoam5/src/OpenFOAM/lnInclude/GeometricBoundaryField.C:28,
                 from /opt/openfoam5/src/OpenFOAM/lnInclude/GeometricField.C:1352,
                 from /opt/openfoam5/src/OpenFOAM/lnInclude/GeometricField.H:660,
                 from /opt/openfoam5/src/OpenFOAM/lnInclude/GeometricScalarField.H:38,
                 from /opt/openfoam5/src/OpenFOAM/lnInclude/GeometricFields.H:34,
                 from /opt/openfoam5/src/finiteVolume/lnInclude/volFields.H:37,
                 from /opt/openfoam5/src/finiteVolume/lnInclude/surfaceInterpolationScheme.C:27,
                 from /opt/openfoam5/src/finiteVolume/lnInclude/surfaceInterpolationScheme.H:307,
                 from /opt/openfoam5/src/finiteVolume/lnInclude/surfaceInterpolate.H:41,
                 from /opt/openfoam5/src/finiteVolume/lnInclude/fvc.H:39,
                 from /opt/openfoam5/src/finiteVolume/lnInclude/fvCFD.H:8,
                 from pamFoam.C:36:
/opt/openfoam5/src/OpenFOAM/lnInclude/FieldFunctionsM.H:166:24: note: candidate: Foam::tmp<Foam::Field<Foam::Tensor<double> > > Foam::operator+(const Foam::UList<Foam::DiagTensor<double> >&, const Foam::UList<Foam::Tensor<double> >&)
 tmp<Field<ReturnType>> operator Op                                             \
                        ^
/opt/openfoam5/src/OpenFOAM/lnInclude/diagTensorField.H:60:1: note: in expansion of macro 'BINARY_OPERATOR'
 BINARY_OPERATOR(tensor, diagTensor, tensor, +, add)
 ^
/opt/openfoam5/src/OpenFOAM/lnInclude/FieldFunctionsM.H:166:24: note:   candidate expects 2 arguments, 1 provided
 tmp<Field<ReturnType>> operator Op                                             \
                        ^
/opt/openfoam5/src/OpenFOAM/lnInclude/diagTensorField.H:60:1: note: in expansion of macro 'BINARY_OPERATOR'
 BINARY_OPERATOR(tensor, diagTensor, tensor, +, add)
 ^
/opt/openfoam5/src/OpenFOAM/lnInclude/FieldFunctionsM.H:173:24: note: candidate: Foam::tmp<Foam::Field<Foam::Tensor<double> > > Foam::operator+(const Foam::UList<Foam::DiagTensor<double> >&, const Foam::tmp<Foam::Field<Foam::Tensor<double> > >&)
 tmp<Field<ReturnType>> operator Op                                             \
                        ^
/opt/openfoam5/src/OpenFOAM/lnInclude/diagTensorField.H:60:1: note: in expansion of macro 'BINARY_OPERATOR'
 BINARY_OPERATOR(tensor, diagTensor, tensor, +, add)
 ^
/opt/openfoam5/src/OpenFOAM/lnInclude/FieldFunctionsM.H:173:24: note:   candidate expects 2 arguments, 1 provided
 tmp<Field<ReturnType>> operator Op                                             \
                        ^
/opt/openfoam5/src/OpenFOAM/lnInclude/diagTensorField.H:60:1: note: in expansion of macro 'BINARY_OPERATOR'
 BINARY_OPERATOR(tensor, diagTensor, tensor, +, add)
 ^
/opt/openfoam5/src/OpenFOAM/lnInclude/FieldFunctionsM.H:180:24: note: candidate: Foam::tmp<Foam::Field<Foam::Tensor<double> > > Foam::operator+(const Foam::tmp<Foam::Field<Foam::DiagTensor<double> > >&, const Foam::UList<Foam::Tensor<double> >&)
 tmp<Field<ReturnType>> operator Op                                             \
                        ^
/opt/openfoam5/src/OpenFOAM/lnInclude/diagTensorField.H:60:1: note: in expansion of macro 'BINARY_OPERATOR'
 BINARY_OPERATOR(tensor, diagTensor, tensor, +, add)
 ^
/opt/openfoam5/src/OpenFOAM/lnInclude/FieldFunctionsM.H:180:24: note:   candidate expects 2 arguments, 1 provided
 tmp<Field<ReturnType>> operator Op                                             \
                        ^
/opt/openfoam5/src/OpenFOAM/lnInclude/diagTensorField.H:60:1: note: in expansion of macro 'BINARY_OPERATOR'
 BINARY_OPERATOR(tensor, diagTensor, tensor, +, add)
 ^
/opt/openfoam5/src/OpenFOAM/lnInclude/FieldFunctionsM.H:187:24: note: candidate: Foam::tmp<Foam::Field<Foam::Tensor<double> > > Foam::operator+(const Foam::tmp<Foam::Field<Foam::DiagTensor<double> > >&, const Foam::tmp<Foam::Field<Foam::Tensor<double> > >&)
 tmp<Field<ReturnType>> operator Op                                             \
                        ^
/opt/openfoam5/src/OpenFOAM/lnInclude/diagTensorField.H:60:1: note: in expansion of macro 'BINARY_OPERATOR'
 BINARY_OPERATOR(tensor, diagTensor, tensor, +, add)
 ^
/opt/openfoam5/src/OpenFOAM/lnInclude/FieldFunctionsM.H:187:24: note:   candidate expects 2 arguments, 1 provided
 tmp<Field<ReturnType>> operator Op                                             \
                        ^
/opt/openfoam5/src/OpenFOAM/lnInclude/diagTensorField.H:60:1: note: in expansion of macro 'BINARY_OPERATOR'
 BINARY_OPERATOR(tensor, diagTensor, tensor, +, add)
 ^
/opt/openfoam5/src/OpenFOAM/lnInclude/FieldFunctionsM.H:207:24: note: candidate: Foam::tmp<Foam::Field<Foam::Tensor<double> > > Foam::operator+(const diagTensor&, const Foam::UList<Foam::Tensor<double> >&)
 tmp<Field<ReturnType>> operator Op                                             \
                        ^
/opt/openfoam5/src/OpenFOAM/lnInclude/FieldFunctionsM.H:247:5: note: in expansion of macro 'BINARY_TYPE_OPERATOR_SF'
     BINARY_TYPE_OPERATOR_SF(ReturnType, Type1, Type2, Op, OpFunc)              \
     ^
/opt/openfoam5/src/OpenFOAM/lnInclude/diagTensorField.H:63:1: note: in expansion of macro 'BINARY_TYPE_OPERATOR'
 BINARY_TYPE_OPERATOR(tensor, diagTensor, tensor, +, add)
 ^
/opt/openfoam5/src/OpenFOAM/lnInclude/FieldFunctionsM.H:207:24: note:   candidate expects 2 arguments, 1 provided
 tmp<Field<ReturnType>> operator Op                                             \
                        ^
/opt/openfoam5/src/OpenFOAM/lnInclude/FieldFunctionsM.H:247:5: note: in expansion of macro 'BINARY_TYPE_OPERATOR_SF'
     BINARY_TYPE_OPERATOR_SF(ReturnType, Type1, Type2, Op, OpFunc)              \
     ^
/opt/openfoam5/src/OpenFOAM/lnInclude/diagTensorField.H:63:1: note: in expansion of macro 'BINARY_TYPE_OPERATOR'
 BINARY_TYPE_OPERATOR(tensor, diagTensor, tensor, +, add)
 ^
/opt/openfoam5/src/OpenFOAM/lnInclude/FieldFunctionsM.H:214:24: note: candidate: Foam::tmp<Foam::Field<Foam::Tensor<double> > > Foam::operator+(const diagTensor&, const Foam::tmp<Foam::Field<Foam::Tensor<double> > >&)
 tmp<Field<ReturnType>> operator Op                                             \
                        ^
/opt/openfoam5/src/OpenFOAM/lnInclude/FieldFunctionsM.H:247:5: note: in expansion of macro 'BINARY_TYPE_OPERATOR_SF'
     BINARY_TYPE_OPERATOR_SF(ReturnType, Type1, Type2, Op, OpFunc)              \
     ^
/opt/openfoam5/src/OpenFOAM/lnInclude/diagTensorField.H:63:1: note: in expansion of macro 'BINARY_TYPE_OPERATOR'
 BINARY_TYPE_OPERATOR(tensor, diagTensor, tensor, +, add)
 ^
/opt/openfoam5/src/OpenFOAM/lnInclude/FieldFunctionsM.H:214:24: note:   candidate expects 2 arguments, 1 provided
 tmp<Field<ReturnType>> operator Op                                             \
                        ^
/opt/openfoam5/src/OpenFOAM/lnInclude/FieldFunctionsM.H:247:5: note: in expansion of macro 'BINARY_TYPE_OPERATOR_SF'
     BINARY_TYPE_OPERATOR_SF(ReturnType, Type1, Type2, Op, OpFunc)              \
     ^
/opt/openfoam5/src/OpenFOAM/lnInclude/diagTensorField.H:63:1: note: in expansion of macro 'BINARY_TYPE_OPERATOR'
 BINARY_TYPE_OPERATOR(tensor, diagTensor, tensor, +, add)
 ^
/opt/openfoam5/src/OpenFOAM/lnInclude/FieldFunctionsM.H:232:24: note: candidate: Foam::tmp<Foam::Field<Foam::Tensor<double> > > Foam::operator+(const Foam::UList<Foam::DiagTensor<double> >&, const tensor&)
 tmp<Field<ReturnType>> operator Op                                             \
                        ^
/opt/openfoam5/src/OpenFOAM/lnInclude/FieldFunctionsM.H:248:5: note: in expansion of macro 'BINARY_TYPE_OPERATOR_FS'
     BINARY_TYPE_OPERATOR_FS(ReturnType, Type1, Type2, Op, OpFunc)
     ^
/opt/openfoam5/src/OpenFOAM/lnInclude/diagTensorField.H:63:1: note: in expansion of macro 'BINARY_TYPE_OPERATOR'
 BINARY_TYPE_OPERATOR(tensor, diagTensor, tensor, +, add)
 ^
/opt/openfoam5/src/OpenFOAM/lnInclude/FieldFunctionsM.H:232:24: note:   candidate expects 2 arguments, 1 provided
 tmp<Field<ReturnType>> operator Op                                             \
                        ^
/opt/openfoam5/src/OpenFOAM/lnInclude/FieldFunctionsM.H:248:5: note: in expansion of macro 'BINARY_TYPE_OPERATOR_FS'
     BINARY_TYPE_OPERATOR_FS(ReturnType, Type1, Type2, Op, OpFunc)
     ^
/opt/openfoam5/src/OpenFOAM/lnInclude/diagTensorField.H:63:1: note: in expansion of macro 'BINARY_TYPE_OPERATOR'
 BINARY_TYPE_OPERATOR(tensor, diagTensor, tensor, +, add)
 ^
/opt/openfoam5/src/OpenFOAM/lnInclude/FieldFunctionsM.H:239:24: note: candidate: Foam::tmp<Foam::Field<Foam::Tensor<double> > > Foam::operator+(const Foam::tmp<Foam::Field<Foam::DiagTensor<double> > >&, const tensor&)
 tmp<Field<ReturnType>> operator Op                                             \
                        ^
/opt/openfoam5/src/OpenFOAM/lnInclude/FieldFunctionsM.H:248:5: note: in expansion of macro 'BINARY_TYPE_OPERATOR_FS'
     BINARY_TYPE_OPERATOR_FS(ReturnType, Type1, Type2, Op, OpFunc)
     ^
/opt/openfoam5/src/OpenFOAM/lnInclude/diagTensorField.H:63:1: note: in expansion of macro 'BINARY_TYPE_OPERATOR'
 BINARY_TYPE_OPERATOR(tensor, diagTensor, tensor, +, add)
 ^
/opt/openfoam5/src/OpenFOAM/lnInclude/FieldFunctionsM.H:239:24: note:   candidate expects 2 arguments, 1 provided
 tmp<Field<ReturnType>> operator Op                                             \
                        ^
/opt/openfoam5/src/OpenFOAM/lnInclude/FieldFunctionsM.H:248:5: note: in expansion of macro 'BINARY_TYPE_OPERATOR_FS'
     BINARY_TYPE_OPERATOR_FS(ReturnType, Type1, Type2, Op, OpFunc)
     ^
/opt/openfoam5/src/OpenFOAM/lnInclude/diagTensorField.H:63:1: note: in expansion of macro 'BINARY_TYPE_OPERATOR'
 BINARY_TYPE_OPERATOR(tensor, diagTensor, tensor, +, add)
 ^
In file included from /opt/openfoam5/src/OpenFOAM/lnInclude/vectorTensorTransform.H:248:0,
                 from /opt/openfoam5/src/OpenFOAM/lnInclude/mapDistribute.H:138,
                 from /opt/openfoam5/src/OpenFOAM/lnInclude/globalMeshDataTemplates.C:28,
                 from /opt/openfoam5/src/OpenFOAM/lnInclude/globalMeshData.H:627,
                 from /opt/openfoam5/src/OpenFOAM/lnInclude/GeometricBoundaryField.C:28,
                 from /opt/openfoam5/src/OpenFOAM/lnInclude/GeometricField.C:1352,
                 from /opt/openfoam5/src/OpenFOAM/lnInclude/GeometricField.H:660,
                 from /opt/openfoam5/src/OpenFOAM/lnInclude/GeometricScalarField.H:38,
                 from /opt/openfoam5/src/OpenFOAM/lnInclude/GeometricFields.H:34,
                 from /opt/openfoam5/src/finiteVolume/lnInclude/volFields.H:37,
                 from /opt/openfoam5/src/finiteVolume/lnInclude/surfaceInterpolationScheme.C:27,
                 from /opt/openfoam5/src/finiteVolume/lnInclude/surfaceInterpolationScheme.H:307,
                 from /opt/openfoam5/src/finiteVolume/lnInclude/surfaceInterpolate.H:41,
                 from /opt/openfoam5/src/finiteVolume/lnInclude/fvc.H:39,
                 from /opt/openfoam5/src/finiteVolume/lnInclude/fvCFD.H:8,
                 from pamFoam.C:36:
/opt/openfoam5/src/OpenFOAM/lnInclude/vectorTensorTransformI.H:263:36: note: candidate: Foam::vectorTensorTransform Foam::operator+(const Foam::vectorTensorTransform&, const vector&)
 inline Foam::vectorTensorTransform Foam::operator+
                                    ^
/opt/openfoam5/src/OpenFOAM/lnInclude/vectorTensorTransformI.H:263:36: note:   candidate expects 2 arguments, 1 provided
/opt/openfoam5/src/OpenFOAM/lnInclude/vectorTensorTransformI.H:273:36: note: candidate: Foam::vectorTensorTransform Foam::operator+(const vector&, const Foam::vectorTensorTransform&)
 inline Foam::vectorTensorTransform Foam::operator+
                                    ^
/opt/openfoam5/src/OpenFOAM/lnInclude/vectorTensorTransformI.H:273:36: note:   candidate expects 2 arguments, 1 provided
In file included from /opt/openfoam5/src/OpenFOAM/lnInclude/quaternion.H:304:0,
                 from /opt/openfoam5/src/OpenFOAM/lnInclude/transformField.H:39,
                 from /opt/openfoam5/src/OpenFOAM/lnInclude/mapDistributeTemplates.C:30,
                 from /opt/openfoam5/src/OpenFOAM/lnInclude/mapDistribute.H:655,
                 from /opt/openfoam5/src/OpenFOAM/lnInclude/globalMeshDataTemplates.C:28,
                 from /opt/openfoam5/src/OpenFOAM/lnInclude/globalMeshData.H:627,
                 from /opt/openfoam5/src/OpenFOAM/lnInclude/GeometricBoundaryField.C:28,
                 from /opt/openfoam5/src/OpenFOAM/lnInclude/GeometricField.C:1352,
                 from /opt/openfoam5/src/OpenFOAM/lnInclude/GeometricField.H:660,
                 from /opt/openfoam5/src/OpenFOAM/lnInclude/GeometricScalarField.H:38,
                 from /opt/openfoam5/src/OpenFOAM/lnInclude/GeometricFields.H:34,
                 from /opt/openfoam5/src/finiteVolume/lnInclude/volFields.H:37,
                 from /opt/openfoam5/src/finiteVolume/lnInclude/surfaceInterpolationScheme.C:27,
                 from /opt/openfoam5/src/finiteVolume/lnInclude/surfaceInterpolationScheme.H:307,
                 from /opt/openfoam5/src/finiteVolume/lnInclude/surfaceInterpolate.H:41,
                 from /opt/openfoam5/src/finiteVolume/lnInclude/fvc.H:39,
                 from /opt/openfoam5/src/finiteVolume/lnInclude/fvCFD.H:8,
                 from pamFoam.C:36:
/opt/openfoam5/src/OpenFOAM/lnInclude/quaternionI.H:629:25: note: candidate: Foam::quaternion Foam::operator+(const Foam::quaternion&, const Foam::quaternion&)
 inline Foam::quaternion Foam::operator+
                         ^
/opt/openfoam5/src/OpenFOAM/lnInclude/quaternionI.H:629:25: note:   candidate expects 2 arguments, 1 provided
In file included from /opt/openfoam5/src/OpenFOAM/lnInclude/septernion.H:206:0,
                 from /opt/openfoam5/src/OpenFOAM/lnInclude/transformField.H:40,
                 from /opt/openfoam5/src/OpenFOAM/lnInclude/mapDistributeTemplates.C:30,
                 from /opt/openfoam5/src/OpenFOAM/lnInclude/mapDistribute.H:655,
                 from /opt/openfoam5/src/OpenFOAM/lnInclude/globalMeshDataTemplates.C:28,
                 from /opt/openfoam5/src/OpenFOAM/lnInclude/globalMeshData.H:627,
                 from /opt/openfoam5/src/OpenFOAM/lnInclude/GeometricBoundaryField.C:28,
                 from /opt/openfoam5/src/OpenFOAM/lnInclude/GeometricField.C:1352,
                 from /opt/openfoam5/src/OpenFOAM/lnInclude/GeometricField.H:660,
                 from /opt/openfoam5/src/OpenFOAM/lnInclude/GeometricScalarField.H:38,
                 from /opt/openfoam5/src/OpenFOAM/lnInclude/GeometricFields.H:34,
                 from /opt/openfoam5/src/finiteVolume/lnInclude/volFields.H:37,
                 from /opt/openfoam5/src/finiteVolume/lnInclude/surfaceInterpolationScheme.C:27,
                 from /opt/openfoam5/src/finiteVolume/lnInclude/surfaceInterpolationScheme.H:307,
                 from /opt/openfoam5/src/finiteVolume/lnInclude/surfaceInterpolate.H:41,
                 from /opt/openfoam5/src/finiteVolume/lnInclude/fvc.H:39,
                 from /opt/openfoam5/src/finiteVolume/lnInclude/fvCFD.H:8,
                 from pamFoam.C:36:
/opt/openfoam5/src/OpenFOAM/lnInclude/septernionI.H:180:25: note: candidate: Foam::septernion Foam::operator+(const Foam::septernion&, const vector&)
 inline Foam::septernion Foam::operator+
                         ^
/opt/openfoam5/src/OpenFOAM/lnInclude/septernionI.H:180:25: note:   candidate expects 2 arguments, 1 provided
/opt/openfoam5/src/OpenFOAM/lnInclude/septernionI.H:190:25: note: candidate: Foam::septernion Foam::operator+(const vector&, const Foam::septernion&)
 inline Foam::septernion Foam::operator+
                         ^
/opt/openfoam5/src/OpenFOAM/lnInclude/septernionI.H:190:25: note:   candidate expects 2 arguments, 1 provided
In file included from /opt/openfoam5/src/OpenFOAM/lnInclude/GeometricField.C:1353:0,
                 from /opt/openfoam5/src/OpenFOAM/lnInclude/GeometricField.H:660,
                 from /opt/openfoam5/src/OpenFOAM/lnInclude/GeometricScalarField.H:38,
                 from /opt/openfoam5/src/OpenFOAM/lnInclude/GeometricFields.H:34,
                 from /opt/openfoam5/src/finiteVolume/lnInclude/volFields.H:37,
                 from /opt/openfoam5/src/finiteVolume/lnInclude/surfaceInterpolationScheme.C:27,
                 from /opt/openfoam5/src/finiteVolume/lnInclude/surfaceInterpolationScheme.H:307,
                 from /opt/openfoam5/src/finiteVolume/lnInclude/surfaceInterpolate.H:41,
                 from /opt/openfoam5/src/finiteVolume/lnInclude/fvc.H:39,
                 from /opt/openfoam5/src/finiteVolume/lnInclude/fvCFD.H:8,
                 from pamFoam.C:36:
/opt/openfoam5/src/OpenFOAM/lnInclude/GeometricFieldFunctions.C:622:1: note: candidate: template<class Type1, class Type2, template<class> class PatchField, class GeoMesh> Foam::tmp<Foam::GeometricField<typename Foam::typeOfSum<Type1, Type2>::type, PatchField, GeoMesh> > Foam::operator+(const Foam::GeometricField<TypeR, PatchField, GeoMesh>&, const Foam::GeometricField<Type1, PatchField, GeoMesh>&)
 operator op                                                                    \
 ^
/opt/openfoam5/src/OpenFOAM/lnInclude/GeometricFieldFunctions.C:971:1: note: in expansion of macro 'PRODUCT_OPERATOR'
 PRODUCT_OPERATOR(typeOfSum, +, add)
 ^
/opt/openfoam5/src/OpenFOAM/lnInclude/GeometricFieldFunctions.C:622:1: note:   template argument deduction/substitution failed:
 operator op                                                                    \
 ^
/opt/openfoam5/src/OpenFOAM/lnInclude/GeometricFieldFunctions.C:971:1: note: in expansion of macro 'PRODUCT_OPERATOR'
 PRODUCT_OPERATOR(typeOfSum, +, add)
 ^
In file included from pamFoam.C:143:0:
./processModels/SINEqn.H:9:7: note:   candidate expects 2 arguments, 1 provided
     + alphaLiquid*fSINXS * rhoHydrolysis
       ^
In file included from /opt/openfoam5/src/OpenFOAM/lnInclude/GeometricField.C:1353:0,
                 from /opt/openfoam5/src/OpenFOAM/lnInclude/GeometricField.H:660,
                 from /opt/openfoam5/src/OpenFOAM/lnInclude/GeometricScalarField.H:38,
                 from /opt/openfoam5/src/OpenFOAM/lnInclude/GeometricFields.H:34,
                 from /opt/openfoam5/src/finiteVolume/lnInclude/volFields.H:37,
                 from /opt/openfoam5/src/finiteVolume/lnInclude/surfaceInterpolationScheme.C:27,
                 from /opt/openfoam5/src/finiteVolume/lnInclude/surfaceInterpolationScheme.H:307,
                 from /opt/openfoam5/src/finiteVolume/lnInclude/surfaceInterpolate.H:41,
                 from /opt/openfoam5/src/finiteVolume/lnInclude/fvc.H:39,
                 from /opt/openfoam5/src/finiteVolume/lnInclude/fvCFD.H:8,
                 from pamFoam.C:36:
/opt/openfoam5/src/OpenFOAM/lnInclude/GeometricFieldFunctions.C:657:1: note: candidate: template<class Type1, class Type2, template<class> class PatchField, class GeoMesh> Foam::tmp<Foam::GeometricField<typename Foam::typeOfSum<Type1, Type2>::type, PatchField, GeoMesh> > Foam::operator+(const Foam::GeometricField<TypeR, PatchField, GeoMesh>&, const Foam::tmp<Foam::GeometricField<Type1, PatchField, GeoMesh> >&)
 operator op                                                                    \
 ^
/opt/openfoam5/src/OpenFOAM/lnInclude/GeometricFieldFunctions.C:971:1: note: in expansion of macro 'PRODUCT_OPERATOR'
 PRODUCT_OPERATOR(typeOfSum, +, add)
 ^
/opt/openfoam5/src/OpenFOAM/lnInclude/GeometricFieldFunctions.C:657:1: note:   template argument deduction/substitution failed:
 operator op                                                                    \
 ^
/opt/openfoam5/src/OpenFOAM/lnInclude/GeometricFieldFunctions.C:971:1: note: in expansion of macro 'PRODUCT_OPERATOR'
 PRODUCT_OPERATOR(typeOfSum, +, add)
 ^
In file included from pamFoam.C:143:0:
./processModels/SINEqn.H:9:7: note:   candidate expects 2 arguments, 1 provided
     + alphaLiquid*fSINXS * rhoHydrolysis
       ^
In file included from /opt/openfoam5/src/OpenFOAM/lnInclude/GeometricField.C:1353:0,
                 from /opt/openfoam5/src/OpenFOAM/lnInclude/GeometricField.H:660,
                 from /opt/openfoam5/src/OpenFOAM/lnInclude/GeometricScalarField.H:38,
                 from /opt/openfoam5/src/OpenFOAM/lnInclude/GeometricFields.H:34,
                 from /opt/openfoam5/src/finiteVolume/lnInclude/volFields.H:37,
                 from /opt/openfoam5/src/finiteVolume/lnInclude/surfaceInterpolationScheme.C:27,
                 from /opt/openfoam5/src/finiteVolume/lnInclude/surfaceInterpolationScheme.H:307,
                 from /opt/openfoam5/src/finiteVolume/lnInclude/surfaceInterpolate.H:41,
                 from /opt/openfoam5/src/finiteVolume/lnInclude/fvc.H:39,
                 from /opt/openfoam5/src/finiteVolume/lnInclude/fvCFD.H:8,
                 from pamFoam.C:36:
/opt/openfoam5/src/OpenFOAM/lnInclude/GeometricFieldFunctions.C:688:1: note: candidate: template<class Type1, class Type2, template<class> class PatchField, class GeoMesh> Foam::tmp<Foam::GeometricField<typename Foam::typeOfSum<Type1, Type2>::type, PatchField, GeoMesh> > Foam::operator+(const Foam::tmp<Foam::GeometricField<TypeR, PatchField, GeoMesh> >&, const Foam::GeometricField<Type1, PatchField, GeoMesh>&)
 operator op                                                                    \
 ^
/opt/openfoam5/src/OpenFOAM/lnInclude/GeometricFieldFunctions.C:971:1: note: in expansion of macro 'PRODUCT_OPERATOR'
 PRODUCT_OPERATOR(typeOfSum, +, add)
 ^
/opt/openfoam5/src/OpenFOAM/lnInclude/GeometricFieldFunctions.C:688:1: note:   template argument deduction/substitution failed:
 operator op                                                                    \
 ^
/opt/openfoam5/src/OpenFOAM/lnInclude/GeometricFieldFunctions.C:971:1: note: in expansion of macro 'PRODUCT_OPERATOR'
 PRODUCT_OPERATOR(typeOfSum, +, add)
 ^
In file included from pamFoam.C:143:0:
./processModels/SINEqn.H:9:7: note:   'const volScalarField {aka const Foam::GeometricField<double, Foam::fvPatchField, Foam::volMesh>}' is not derived from 'const Foam::tmp<Foam::GeometricField<TypeR, PatchField, GeoMesh> >'
     + alphaLiquid*fSINXS * rhoHydrolysis
       ^
In file included from /opt/openfoam5/src/OpenFOAM/lnInclude/GeometricField.C:1353:0,
                 from /opt/openfoam5/src/OpenFOAM/lnInclude/GeometricField.H:660,
                 from /opt/openfoam5/src/OpenFOAM/lnInclude/GeometricScalarField.H:38,
                 from /opt/openfoam5/src/OpenFOAM/lnInclude/GeometricFields.H:34,
                 from /opt/openfoam5/src/finiteVolume/lnInclude/volFields.H:37,
                 from /opt/openfoam5/src/finiteVolume/lnInclude/surfaceInterpolationScheme.C:27,
                 from /opt/openfoam5/src/finiteVolume/lnInclude/surfaceInterpolationScheme.H:307,
                 from /opt/openfoam5/src/finiteVolume/lnInclude/surfaceInterpolate.H:41,
                 from /opt/openfoam5/src/finiteVolume/lnInclude/fvc.H:39,
                 from /opt/openfoam5/src/finiteVolume/lnInclude/fvCFD.H:8,
                 from pamFoam.C:36:
/opt/openfoam5/src/OpenFOAM/lnInclude/GeometricFieldFunctions.C:719:1: note: candidate: template<class Type1, class Type2, template<class> class PatchField, class GeoMesh> Foam::tmp<Foam::GeometricField<typename Foam::typeOfSum<Type1, Type2>::type, PatchField, GeoMesh> > Foam::operator+(const Foam::tmp<Foam::GeometricField<TypeR, PatchField, GeoMesh> >&, const Foam::tmp<Foam::GeometricField<Type1, PatchField, GeoMesh> >&)
 operator op                                                                    \
 ^
/opt/openfoam5/src/OpenFOAM/lnInclude/GeometricFieldFunctions.C:971:1: note: in expansion of macro 'PRODUCT_OPERATOR'
 PRODUCT_OPERATOR(typeOfSum, +, add)
 ^
/opt/openfoam5/src/OpenFOAM/lnInclude/GeometricFieldFunctions.C:719:1: note:   template argument deduction/substitution failed:
 operator op                                                                    \
 ^
/opt/openfoam5/src/OpenFOAM/lnInclude/GeometricFieldFunctions.C:971:1: note: in expansion of macro 'PRODUCT_OPERATOR'
 PRODUCT_OPERATOR(typeOfSum, +, add)
 ^
In file included from pamFoam.C:143:0:
./processModels/SINEqn.H:9:7: note:   'const volScalarField {aka const Foam::GeometricField<double, Foam::fvPatchField, Foam::volMesh>}' is not derived from 'const Foam::tmp<Foam::GeometricField<TypeR, PatchField, GeoMesh> >'
     + alphaLiquid*fSINXS * rhoHydrolysis
       ^
In file included from /opt/openfoam5/src/OpenFOAM/lnInclude/GeometricField.C:1353:0,
                 from /opt/openfoam5/src/OpenFOAM/lnInclude/GeometricField.H:660,
                 from /opt/openfoam5/src/OpenFOAM/lnInclude/GeometricScalarField.H:38,
                 from /opt/openfoam5/src/OpenFOAM/lnInclude/GeometricFields.H:34,
                 from /opt/openfoam5/src/finiteVolume/lnInclude/volFields.H:37,
                 from /opt/openfoam5/src/finiteVolume/lnInclude/surfaceInterpolationScheme.C:27,
                 from /opt/openfoam5/src/finiteVolume/lnInclude/surfaceInterpolationScheme.H:307,
                 from /opt/openfoam5/src/finiteVolume/lnInclude/surfaceInterpolate.H:41,
                 from /opt/openfoam5/src/finiteVolume/lnInclude/fvc.H:39,
                 from /opt/openfoam5/src/finiteVolume/lnInclude/fvCFD.H:8,
                 from pamFoam.C:36:
/opt/openfoam5/src/OpenFOAM/lnInclude/GeometricFieldFunctions.C:765:1: note: candidate: template<class Form, class Type, template<class> class PatchField, class GeoMesh> Foam::tmp<Foam::GeometricField<typename Foam::typeOfSum<Type, Form>::type, PatchField, GeoMesh> > Foam::operator+(const Foam::GeometricField<Type1, PatchField, GeoMesh>&, const Foam::dimensioned<Type>&)
 operator op                                                                    \
 ^
/opt/openfoam5/src/OpenFOAM/lnInclude/GeometricFieldFunctions.C:971:1: note: in expansion of macro 'PRODUCT_OPERATOR'
 PRODUCT_OPERATOR(typeOfSum, +, add)
 ^
/opt/openfoam5/src/OpenFOAM/lnInclude/GeometricFieldFunctions.C:765:1: note:   template argument deduction/substitution failed:
 operator op                                                                    \
 ^
/opt/openfoam5/src/OpenFOAM/lnInclude/GeometricFieldFunctions.C:971:1: note: in expansion of macro 'PRODUCT_OPERATOR'
 PRODUCT_OPERATOR(typeOfSum, +, add)
 ^
In file included from pamFoam.C:143:0:
./processModels/SINEqn.H:9:7: note:   candidate expects 2 arguments, 1 provided
     + alphaLiquid*fSINXS * rhoHydrolysis
       ^
In file included from /opt/openfoam5/src/OpenFOAM/lnInclude/GeometricField.C:1353:0,
                 from /opt/openfoam5/src/OpenFOAM/lnInclude/GeometricField.H:660,
                 from /opt/openfoam5/src/OpenFOAM/lnInclude/GeometricScalarField.H:38,
                 from /opt/openfoam5/src/OpenFOAM/lnInclude/GeometricFields.H:34,
                 from /opt/openfoam5/src/finiteVolume/lnInclude/volFields.H:37,
                 from /opt/openfoam5/src/finiteVolume/lnInclude/surfaceInterpolationScheme.C:27,
                 from /opt/openfoam5/src/finiteVolume/lnInclude/surfaceInterpolationScheme.H:307,
                 from /opt/openfoam5/src/finiteVolume/lnInclude/surfaceInterpolate.H:41,
                 from /opt/openfoam5/src/finiteVolume/lnInclude/fvc.H:39,
                 from /opt/openfoam5/src/finiteVolume/lnInclude/fvCFD.H:8,
                 from pamFoam.C:36:
/opt/openfoam5/src/OpenFOAM/lnInclude/GeometricFieldFunctions.C:804:1: note: candidate: template<class Form, class Cmpt, unsigned char nCmpt, class Type, template<class> class PatchField, class GeoMesh> Foam::tmp<Foam::GeometricField<typename Foam::typeOfSum<Form, Type>::type, PatchField, GeoMesh> > Foam::operator+(const Foam::GeometricField<Type2, PatchField, GeoMesh>&, const Foam::VectorSpace<Form, Cmpt, Ncmpts>&)
 operator op                                                                    \
 ^
/opt/openfoam5/src/OpenFOAM/lnInclude/GeometricFieldFunctions.C:971:1: note: in expansion of macro 'PRODUCT_OPERATOR'
 PRODUCT_OPERATOR(typeOfSum, +, add)
 ^
/opt/openfoam5/src/OpenFOAM/lnInclude/GeometricFieldFunctions.C:804:1: note:   template argument deduction/substitution failed:
 operator op                                                                    \
 ^
/opt/openfoam5/src/OpenFOAM/lnInclude/GeometricFieldFunctions.C:971:1: note: in expansion of macro 'PRODUCT_OPERATOR'
 PRODUCT_OPERATOR(typeOfSum, +, add)
 ^
In file included from pamFoam.C:143:0:
./processModels/SINEqn.H:9:7: note:   candidate expects 2 arguments, 1 provided
     + alphaLiquid*fSINXS * rhoHydrolysis
       ^
In file included from /opt/openfoam5/src/OpenFOAM/lnInclude/GeometricField.C:1353:0,
                 from /opt/openfoam5/src/OpenFOAM/lnInclude/GeometricField.H:660,
                 from /opt/openfoam5/src/OpenFOAM/lnInclude/GeometricScalarField.H:38,
                 from /opt/openfoam5/src/OpenFOAM/lnInclude/GeometricFields.H:34,
                 from /opt/openfoam5/src/finiteVolume/lnInclude/volFields.H:37,
                 from /opt/openfoam5/src/finiteVolume/lnInclude/surfaceInterpolationScheme.C:27,
                 from /opt/openfoam5/src/finiteVolume/lnInclude/surfaceInterpolationScheme.H:307,
                 from /opt/openfoam5/src/finiteVolume/lnInclude/surfaceInterpolate.H:41,
                 from /opt/openfoam5/src/finiteVolume/lnInclude/fvc.H:39,
                 from /opt/openfoam5/src/finiteVolume/lnInclude/fvCFD.H:8,
                 from pamFoam.C:36:
/opt/openfoam5/src/OpenFOAM/lnInclude/GeometricFieldFunctions.C:817:1: note: candidate: template<class Form, class Type, template<class> class PatchField, class GeoMesh> Foam::tmp<Foam::GeometricField<typename Foam::typeOfSum<Type, Form>::type, PatchField, GeoMesh> > Foam::operator+(const Foam::tmp<Foam::GeometricField<Type1, PatchField, GeoMesh> >&, const Foam::dimensioned<Type>&)
 operator op                                                                    \
 ^
/opt/openfoam5/src/OpenFOAM/lnInclude/GeometricFieldFunctions.C:971:1: note: in expansion of macro 'PRODUCT_OPERATOR'
 PRODUCT_OPERATOR(typeOfSum, +, add)
 ^
/opt/openfoam5/src/OpenFOAM/lnInclude/GeometricFieldFunctions.C:817:1: note:   template argument deduction/substitution failed:
 operator op                                                                    \
 ^
/opt/openfoam5/src/OpenFOAM/lnInclude/GeometricFieldFunctions.C:971:1: note: in expansion of macro 'PRODUCT_OPERATOR'
 PRODUCT_OPERATOR(typeOfSum, +, add)
 ^
In file included from pamFoam.C:143:0:
./processModels/SINEqn.H:9:7: note:   'const volScalarField {aka const Foam::GeometricField<double, Foam::fvPatchField, Foam::volMesh>}' is not derived from 'const Foam::tmp<Foam::GeometricField<Type1, PatchField, GeoMesh> >'
     + alphaLiquid*fSINXS * rhoHydrolysis
       ^
In file included from /opt/openfoam5/src/OpenFOAM/lnInclude/GeometricField.C:1353:0,
                 from /opt/openfoam5/src/OpenFOAM/lnInclude/GeometricField.H:660,
                 from /opt/openfoam5/src/OpenFOAM/lnInclude/GeometricScalarField.H:38,
                 from /opt/openfoam5/src/OpenFOAM/lnInclude/GeometricFields.H:34,
                 from /opt/openfoam5/src/finiteVolume/lnInclude/volFields.H:37,
                 from /opt/openfoam5/src/finiteVolume/lnInclude/surfaceInterpolationScheme.C:27,
                 from /opt/openfoam5/src/finiteVolume/lnInclude/surfaceInterpolationScheme.H:307,
                 from /opt/openfoam5/src/finiteVolume/lnInclude/surfaceInterpolate.H:41,
                 from /opt/openfoam5/src/finiteVolume/lnInclude/fvc.H:39,
                 from /opt/openfoam5/src/finiteVolume/lnInclude/fvCFD.H:8,
                 from pamFoam.C:36:
/opt/openfoam5/src/OpenFOAM/lnInclude/GeometricFieldFunctions.C:851:1: note: candidate: template<class Form, class Cmpt, unsigned char nCmpt, class Type, template<class> class PatchField, class GeoMesh> Foam::tmp<Foam::GeometricField<typename Foam::typeOfSum<Form, Type>::type, PatchField, GeoMesh> > Foam::operator+(const Foam::tmp<Foam::GeometricField<Type2, PatchField, GeoMesh> >&, const Foam::VectorSpace<Form, Cmpt, Ncmpts>&)
 operator op                                                                    \
 ^
/opt/openfoam5/src/OpenFOAM/lnInclude/GeometricFieldFunctions.C:971:1: note: in expansion of macro 'PRODUCT_OPERATOR'
 PRODUCT_OPERATOR(typeOfSum, +, add)
 ^
/opt/openfoam5/src/OpenFOAM/lnInclude/GeometricFieldFunctions.C:851:1: note:   template argument deduction/substitution failed:
 operator op                                                                    \
 ^
/opt/openfoam5/src/OpenFOAM/lnInclude/GeometricFieldFunctions.C:971:1: note: in expansion of macro 'PRODUCT_OPERATOR'
 PRODUCT_OPERATOR(typeOfSum, +, add)
 ^
In file included from pamFoam.C:143:0:
./processModels/SINEqn.H:9:7: note:   'const volScalarField {aka const Foam::GeometricField<double, Foam::fvPatchField, Foam::volMesh>}' is not derived from 'const Foam::tmp<Foam::GeometricField<Type2, PatchField, GeoMesh> >'
     + alphaLiquid*fSINXS * rhoHydrolysis
       ^
In file included from /opt/openfoam5/src/OpenFOAM/lnInclude/GeometricField.C:1353:0,
                 from /opt/openfoam5/src/OpenFOAM/lnInclude/GeometricField.H:660,
                 from /opt/openfoam5/src/OpenFOAM/lnInclude/GeometricScalarField.H:38,
                 from /opt/openfoam5/src/OpenFOAM/lnInclude/GeometricFields.H:34,
                 from /opt/openfoam5/src/finiteVolume/lnInclude/volFields.H:37,
                 from /opt/openfoam5/src/finiteVolume/lnInclude/surfaceInterpolationScheme.C:27,
                 from /opt/openfoam5/src/finiteVolume/lnInclude/surfaceInterpolationScheme.H:307,
                 from /opt/openfoam5/src/finiteVolume/lnInclude/surfaceInterpolate.H:41,
                 from /opt/openfoam5/src/finiteVolume/lnInclude/fvc.H:39,
                 from /opt/openfoam5/src/finiteVolume/lnInclude/fvCFD.H:8,
                 from pamFoam.C:36:
/opt/openfoam5/src/OpenFOAM/lnInclude/GeometricFieldFunctions.C:878:1: note: candidate: template<class Form, class Type, template<class> class PatchField, class GeoMesh> Foam::tmp<Foam::GeometricField<typename Foam::typeOfSum<Type1, Type2>::type, PatchField, GeoMesh> > Foam::operator+(const Foam::dimensioned<Type>&, const Foam::GeometricField<Type1, PatchField, GeoMesh>&)
 operator op                                                                    \
 ^
/opt/openfoam5/src/OpenFOAM/lnInclude/GeometricFieldFunctions.C:971:1: note: in expansion of macro 'PRODUCT_OPERATOR'
 PRODUCT_OPERATOR(typeOfSum, +, add)
 ^
/opt/openfoam5/src/OpenFOAM/lnInclude/GeometricFieldFunctions.C:878:1: note:   template argument deduction/substitution failed:
 operator op                                                                    \
 ^
/opt/openfoam5/src/OpenFOAM/lnInclude/GeometricFieldFunctions.C:971:1: note: in expansion of macro 'PRODUCT_OPERATOR'
 PRODUCT_OPERATOR(typeOfSum, +, add)
 ^
In file included from pamFoam.C:143:0:
./processModels/SINEqn.H:9:7: note:   'const volScalarField {aka const Foam::GeometricField<double, Foam::fvPatchField, Foam::volMesh>}' is not derived from 'const Foam::dimensioned<Type>'
     + alphaLiquid*fSINXS * rhoHydrolysis
       ^
In file included from /opt/openfoam5/src/OpenFOAM/lnInclude/GeometricField.C:1353:0,
                 from /opt/openfoam5/src/OpenFOAM/lnInclude/GeometricField.H:660,
                 from /opt/openfoam5/src/OpenFOAM/lnInclude/GeometricScalarField.H:38,
                 from /opt/openfoam5/src/OpenFOAM/lnInclude/GeometricFields.H:34,
                 from /opt/openfoam5/src/finiteVolume/lnInclude/volFields.H:37,
                 from /opt/openfoam5/src/finiteVolume/lnInclude/surfaceInterpolationScheme.C:27,
                 from /opt/openfoam5/src/finiteVolume/lnInclude/surfaceInterpolationScheme.H:307,
                 from /opt/openfoam5/src/finiteVolume/lnInclude/surfaceInterpolate.H:41,
                 from /opt/openfoam5/src/finiteVolume/lnInclude/fvc.H:39,
                 from /opt/openfoam5/src/finiteVolume/lnInclude/fvCFD.H:8,
                 from pamFoam.C:36:
/opt/openfoam5/src/OpenFOAM/lnInclude/GeometricFieldFunctions.C:916:1: note: candidate: template<class Form, class Cmpt, unsigned char nCmpt, class Type, template<class> class PatchField, class GeoMesh> Foam::tmp<Foam::GeometricField<typename Foam::typeOfSum<Form, Type>::type, PatchField, GeoMesh> > Foam::operator+(const Foam::VectorSpace<Form, Cmpt, Ncmpts>&, const Foam::GeometricField<Type2, PatchField, GeoMesh>&)
 operator op                                                                    \
 ^
/opt/openfoam5/src/OpenFOAM/lnInclude/GeometricFieldFunctions.C:971:1: note: in expansion of macro 'PRODUCT_OPERATOR'
 PRODUCT_OPERATOR(typeOfSum, +, add)
 ^
/opt/openfoam5/src/OpenFOAM/lnInclude/GeometricFieldFunctions.C:916:1: note:   template argument deduction/substitution failed:
 operator op                                                                    \
 ^
/opt/openfoam5/src/OpenFOAM/lnInclude/GeometricFieldFunctions.C:971:1: note: in expansion of macro 'PRODUCT_OPERATOR'
 PRODUCT_OPERATOR(typeOfSum, +, add)
 ^
In file included from pamFoam.C:143:0:
./processModels/SINEqn.H:9:7: note:   'const volScalarField {aka const Foam::GeometricField<double, Foam::fvPatchField, Foam::volMesh>}' is not derived from 'const Foam::VectorSpace<Form, Cmpt, Ncmpts>'
     + alphaLiquid*fSINXS * rhoHydrolysis
       ^
In file included from /opt/openfoam5/src/OpenFOAM/lnInclude/GeometricField.C:1353:0,
                 from /opt/openfoam5/src/OpenFOAM/lnInclude/GeometricField.H:660,
                 from /opt/openfoam5/src/OpenFOAM/lnInclude/GeometricScalarField.H:38,
                 from /opt/openfoam5/src/OpenFOAM/lnInclude/GeometricFields.H:34,
                 from /opt/openfoam5/src/finiteVolume/lnInclude/volFields.H:37,
                 from /opt/openfoam5/src/finiteVolume/lnInclude/surfaceInterpolationScheme.C:27,
                 from /opt/openfoam5/src/finiteVolume/lnInclude/surfaceInterpolationScheme.H:307,
                 from /opt/openfoam5/src/finiteVolume/lnInclude/surfaceInterpolate.H:41,
                 from /opt/openfoam5/src/finiteVolume/lnInclude/fvc.H:39,
                 from /opt/openfoam5/src/finiteVolume/lnInclude/fvCFD.H:8,
                 from pamFoam.C:36:
/opt/openfoam5/src/OpenFOAM/lnInclude/GeometricFieldFunctions.C:928:1: note: candidate: template<class Form, class Type, template<class> class PatchField, class GeoMesh> Foam::tmp<Foam::GeometricField<typename Foam::typeOfSum<Type1, Type2>::type, PatchField, GeoMesh> > Foam::operator+(const Foam::dimensioned<Type>&, const Foam::tmp<Foam::GeometricField<Type1, PatchField, GeoMesh> >&)
 operator op                                                                    \
 ^
/opt/openfoam5/src/OpenFOAM/lnInclude/GeometricFieldFunctions.C:971:1: note: in expansion of macro 'PRODUCT_OPERATOR'
 PRODUCT_OPERATOR(typeOfSum, +, add)
 ^
/opt/openfoam5/src/OpenFOAM/lnInclude/GeometricFieldFunctions.C:928:1: note:   template argument deduction/substitution failed:
 operator op                                                                    \
 ^
/opt/openfoam5/src/OpenFOAM/lnInclude/GeometricFieldFunctions.C:971:1: note: in expansion of macro 'PRODUCT_OPERATOR'
 PRODUCT_OPERATOR(typeOfSum, +, add)
 ^
In file included from pamFoam.C:143:0:
./processModels/SINEqn.H:9:7: note:   'const volScalarField {aka const Foam::GeometricField<double, Foam::fvPatchField, Foam::volMesh>}' is not derived from 'const Foam::dimensioned<Type>'
     + alphaLiquid*fSINXS * rhoHydrolysis
       ^
In file included from /opt/openfoam5/src/OpenFOAM/lnInclude/GeometricField.C:1353:0,
                 from /opt/openfoam5/src/OpenFOAM/lnInclude/GeometricField.H:660,
                 from /opt/openfoam5/src/OpenFOAM/lnInclude/GeometricScalarField.H:38,
                 from /opt/openfoam5/src/OpenFOAM/lnInclude/GeometricFields.H:34,
                 from /opt/openfoam5/src/finiteVolume/lnInclude/volFields.H:37,
                 from /opt/openfoam5/src/finiteVolume/lnInclude/surfaceInterpolationScheme.C:27,
                 from /opt/openfoam5/src/finiteVolume/lnInclude/surfaceInterpolationScheme.H:307,
                 from /opt/openfoam5/src/finiteVolume/lnInclude/surfaceInterpolate.H:41,
                 from /opt/openfoam5/src/finiteVolume/lnInclude/fvc.H:39,
                 from /opt/openfoam5/src/finiteVolume/lnInclude/fvCFD.H:8,
                 from pamFoam.C:36:
/opt/openfoam5/src/OpenFOAM/lnInclude/GeometricFieldFunctions.C:962:1: note: candidate: template<class Form, class Cmpt, unsigned char nCmpt, class Type, template<class> class PatchField, class GeoMesh> Foam::tmp<Foam::GeometricField<typename Foam::typeOfSum<Form, Type>::type, PatchField, GeoMesh> > Foam::operator+(const Foam::VectorSpace<Form, Cmpt, Ncmpts>&, const Foam::tmp<Foam::GeometricField<Type2, PatchField, GeoMesh> >&)
 operator op                                                                    \
 ^
/opt/openfoam5/src/OpenFOAM/lnInclude/GeometricFieldFunctions.C:971:1: note: in expansion of macro 'PRODUCT_OPERATOR'
 PRODUCT_OPERATOR(typeOfSum, +, add)
 ^
/opt/openfoam5/src/OpenFOAM/lnInclude/GeometricFieldFunctions.C:962:1: note:   template argument deduction/substitution failed:
 operator op                                                                    \
 ^
/opt/openfoam5/src/OpenFOAM/lnInclude/GeometricFieldFunctions.C:971:1: note: in expansion of macro 'PRODUCT_OPERATOR'
 PRODUCT_OPERATOR(typeOfSum, +, add)
 ^
In file included from pamFoam.C:143:0:
./processModels/SINEqn.H:9:7: note:   'const volScalarField {aka const Foam::GeometricField<double, Foam::fvPatchField, Foam::volMesh>}' is not derived from 'const Foam::VectorSpace<Form, Cmpt, Ncmpts>'
     + alphaLiquid*fSINXS * rhoHydrolysis
       ^
In file included from /opt/openfoam5/src/OpenFOAM/lnInclude/GeometricScalarField.C:29:0,
                 from /opt/openfoam5/src/OpenFOAM/lnInclude/GeometricScalarField.H:173,
                 from /opt/openfoam5/src/OpenFOAM/lnInclude/GeometricFields.H:34,
                 from /opt/openfoam5/src/finiteVolume/lnInclude/volFields.H:37,
                 from /opt/openfoam5/src/finiteVolume/lnInclude/surfaceInterpolationScheme.C:27,
                 from /opt/openfoam5/src/finiteVolume/lnInclude/surfaceInterpolationScheme.H:307,
                 from /opt/openfoam5/src/finiteVolume/lnInclude/surfaceInterpolate.H:41,
                 from /opt/openfoam5/src/finiteVolume/lnInclude/fvc.H:39,
                 from /opt/openfoam5/src/finiteVolume/lnInclude/fvCFD.H:8,
                 from pamFoam.C:36:
/opt/openfoam5/src/OpenFOAM/lnInclude/GeometricFieldFunctionsM.C:645:54: note: candidate: template<template<class> class PatchField, class GeoMesh> Foam::tmp<Foam::GeometricField<double, PatchField, GeoMesh> > Foam::operator+(const Foam::dimensioned<double>&, const Foam::GeometricField<double, PatchField, GeoMesh>&)
 tmp<GeometricField<ReturnType, PatchField, GeoMesh>> operator Op               \
                                                      ^
/opt/openfoam5/src/OpenFOAM/lnInclude/GeometricFieldFunctionsM.C:813:5: note: in expansion of macro 'BINARY_TYPE_OPERATOR_SF'
     BINARY_TYPE_OPERATOR_SF(ReturnType, Type1, Type2, Op, OpName, OpFunc)      \
     ^
/opt/openfoam5/src/OpenFOAM/lnInclude/GeometricScalarField.C:110:1: note: in expansion of macro 'BINARY_TYPE_OPERATOR'
 BINARY_TYPE_OPERATOR(scalar, scalar, scalar, +, '+', add)
 ^
/opt/openfoam5/src/OpenFOAM/lnInclude/GeometricFieldFunctionsM.C:645:54: note:   template argument deduction/substitution failed:
 tmp<GeometricField<ReturnType, PatchField, GeoMesh>> operator Op               \
                                                      ^
/opt/openfoam5/src/OpenFOAM/lnInclude/GeometricFieldFunctionsM.C:813:5: note: in expansion of macro 'BINARY_TYPE_OPERATOR_SF'
     BINARY_TYPE_OPERATOR_SF(ReturnType, Type1, Type2, Op, OpName, OpFunc)      \
     ^
/opt/openfoam5/src/OpenFOAM/lnInclude/GeometricScalarField.C:110:1: note: in expansion of macro 'BINARY_TYPE_OPERATOR'
 BINARY_TYPE_OPERATOR(scalar, scalar, scalar, +, '+', add)
 ^
In file included from pamFoam.C:143:0:
./processModels/SINEqn.H:9:7: note:   cannot convert 'alphaLiquid' (type 'const volScalarField {aka const Foam::GeometricField<double, Foam::fvPatchField, Foam::volMesh>}') to type 'const Foam::dimensioned<double>&'
     + alphaLiquid*fSINXS * rhoHydrolysis
       ^
In file included from /opt/openfoam5/src/OpenFOAM/lnInclude/GeometricScalarField.C:29:0,
                 from /opt/openfoam5/src/OpenFOAM/lnInclude/GeometricScalarField.H:173,
                 from /opt/openfoam5/src/OpenFOAM/lnInclude/GeometricFields.H:34,
                 from /opt/openfoam5/src/finiteVolume/lnInclude/volFields.H:37,
                 from /opt/openfoam5/src/finiteVolume/lnInclude/surfaceInterpolationScheme.C:27,
                 from /opt/openfoam5/src/finiteVolume/lnInclude/surfaceInterpolationScheme.H:307,
                 from /opt/openfoam5/src/finiteVolume/lnInclude/surfaceInterpolate.H:41,
                 from /opt/openfoam5/src/finiteVolume/lnInclude/fvc.H:39,
                 from /opt/openfoam5/src/finiteVolume/lnInclude/fvCFD.H:8,
                 from pamFoam.C:36:
/opt/openfoam5/src/OpenFOAM/lnInclude/GeometricFieldFunctionsM.C:674:54: note: candidate: template<template<class> class PatchField, class GeoMesh> Foam::tmp<Foam::GeometricField<double, PatchField, GeoMesh> > Foam::operator+(const scalar&, const Foam::GeometricField<double, PatchField, GeoMesh>&)
 tmp<GeometricField<ReturnType, PatchField, GeoMesh>> operator Op               \
                                                      ^
/opt/openfoam5/src/OpenFOAM/lnInclude/GeometricFieldFunctionsM.C:813:5: note: in expansion of macro 'BINARY_TYPE_OPERATOR_SF'
     BINARY_TYPE_OPERATOR_SF(ReturnType, Type1, Type2, Op, OpName, OpFunc)      \
     ^
/opt/openfoam5/src/OpenFOAM/lnInclude/GeometricScalarField.C:110:1: note: in expansion of macro 'BINARY_TYPE_OPERATOR'
 BINARY_TYPE_OPERATOR(scalar, scalar, scalar, +, '+', add)
 ^
/opt/openfoam5/src/OpenFOAM/lnInclude/GeometricFieldFunctionsM.C:674:54: note:   template argument deduction/substitution failed:
 tmp<GeometricField<ReturnType, PatchField, GeoMesh>> operator Op               \
                                                      ^
/opt/openfoam5/src/OpenFOAM/lnInclude/GeometricFieldFunctionsM.C:813:5: note: in expansion of macro 'BINARY_TYPE_OPERATOR_SF'
     BINARY_TYPE_OPERATOR_SF(ReturnType, Type1, Type2, Op, OpName, OpFunc)      \
     ^
/opt/openfoam5/src/OpenFOAM/lnInclude/GeometricScalarField.C:110:1: note: in expansion of macro 'BINARY_TYPE_OPERATOR'
 BINARY_TYPE_OPERATOR(scalar, scalar, scalar, +, '+', add)
 ^
In file included from pamFoam.C:143:0:
./processModels/SINEqn.H:9:7: note:   cannot convert 'alphaLiquid' (type 'const volScalarField {aka const Foam::GeometricField<double, Foam::fvPatchField, Foam::volMesh>}') to type 'const scalar& {aka const double&}'
     + alphaLiquid*fSINXS * rhoHydrolysis
       ^
In file included from /opt/openfoam5/src/OpenFOAM/lnInclude/GeometricScalarField.C:29:0,
                 from /opt/openfoam5/src/OpenFOAM/lnInclude/GeometricScalarField.H:173,
                 from /opt/openfoam5/src/OpenFOAM/lnInclude/GeometricFields.H:34,
                 from /opt/openfoam5/src/finiteVolume/lnInclude/volFields.H:37,
                 from /opt/openfoam5/src/finiteVolume/lnInclude/surfaceInterpolationScheme.C:27,
                 from /opt/openfoam5/src/finiteVolume/lnInclude/surfaceInterpolationScheme.H:307,
                 from /opt/openfoam5/src/finiteVolume/lnInclude/surfaceInterpolate.H:41,
                 from /opt/openfoam5/src/finiteVolume/lnInclude/fvc.H:39,
                 from /opt/openfoam5/src/finiteVolume/lnInclude/fvCFD.H:8,
                 from pamFoam.C:36:
/opt/openfoam5/src/OpenFOAM/lnInclude/GeometricFieldFunctionsM.C:685:54: note: candidate: template<template<class> class PatchField, class GeoMesh> Foam::tmp<Foam::GeometricField<double, PatchField, GeoMesh> > Foam::operator+(const Foam::dimensioned<double>&, const Foam::tmp<Foam::GeometricField<double, PatchField, GeoMesh> >&)
 tmp<GeometricField<ReturnType, PatchField, GeoMesh>> operator Op               \
                                                      ^
/opt/openfoam5/src/OpenFOAM/lnInclude/GeometricFieldFunctionsM.C:813:5: note: in expansion of macro 'BINARY_TYPE_OPERATOR_SF'
     BINARY_TYPE_OPERATOR_SF(ReturnType, Type1, Type2, Op, OpName, OpFunc)      \
     ^
/opt/openfoam5/src/OpenFOAM/lnInclude/GeometricScalarField.C:110:1: note: in expansion of macro 'BINARY_TYPE_OPERATOR'
 BINARY_TYPE_OPERATOR(scalar, scalar, scalar, +, '+', add)
 ^
/opt/openfoam5/src/OpenFOAM/lnInclude/GeometricFieldFunctionsM.C:685:54: note:   template argument deduction/substitution failed:
 tmp<GeometricField<ReturnType, PatchField, GeoMesh>> operator Op               \
                                                      ^
/opt/openfoam5/src/OpenFOAM/lnInclude/GeometricFieldFunctionsM.C:813:5: note: in expansion of macro 'BINARY_TYPE_OPERATOR_SF'
     BINARY_TYPE_OPERATOR_SF(ReturnType, Type1, Type2, Op, OpName, OpFunc)      \
     ^
/opt/openfoam5/src/OpenFOAM/lnInclude/GeometricScalarField.C:110:1: note: in expansion of macro 'BINARY_TYPE_OPERATOR'
 BINARY_TYPE_OPERATOR(scalar, scalar, scalar, +, '+', add)
 ^
In file included from pamFoam.C:143:0:
./processModels/SINEqn.H:9:7: note:   cannot convert 'alphaLiquid' (type 'const volScalarField {aka const Foam::GeometricField<double, Foam::fvPatchField, Foam::volMesh>}') to type 'const Foam::dimensioned<double>&'
     + alphaLiquid*fSINXS * rhoHydrolysis
       ^
In file included from /opt/openfoam5/src/OpenFOAM/lnInclude/GeometricScalarField.C:29:0,
                 from /opt/openfoam5/src/OpenFOAM/lnInclude/GeometricScalarField.H:173,
                 from /opt/openfoam5/src/OpenFOAM/lnInclude/GeometricFields.H:34,
                 from /opt/openfoam5/src/finiteVolume/lnInclude/volFields.H:37,
                 from /opt/openfoam5/src/finiteVolume/lnInclude/surfaceInterpolationScheme.C:27,
                 from /opt/openfoam5/src/finiteVolume/lnInclude/surfaceInterpolationScheme.H:307,
                 from /opt/openfoam5/src/finiteVolume/lnInclude/surfaceInterpolate.H:41,
                 from /opt/openfoam5/src/finiteVolume/lnInclude/fvc.H:39,
                 from /opt/openfoam5/src/finiteVolume/lnInclude/fvCFD.H:8,
                 from pamFoam.C:36:
/opt/openfoam5/src/OpenFOAM/lnInclude/GeometricFieldFunctionsM.C:711:54: note: candidate: template<template<class> class PatchField, class GeoMesh> Foam::tmp<Foam::GeometricField<double, PatchField, GeoMesh> > Foam::operator+(const scalar&, const Foam::tmp<Foam::GeometricField<double, PatchField, GeoMesh> >&)
 tmp<GeometricField<ReturnType, PatchField, GeoMesh>> operator Op               \
                                                      ^
/opt/openfoam5/src/OpenFOAM/lnInclude/GeometricFieldFunctionsM.C:813:5: note: in expansion of macro 'BINARY_TYPE_OPERATOR_SF'
     BINARY_TYPE_OPERATOR_SF(ReturnType, Type1, Type2, Op, OpName, OpFunc)      \
     ^
/opt/openfoam5/src/OpenFOAM/lnInclude/GeometricScalarField.C:110:1: note: in expansion of macro 'BINARY_TYPE_OPERATOR'
 BINARY_TYPE_OPERATOR(scalar, scalar, scalar, +, '+', add)
 ^
/opt/openfoam5/src/OpenFOAM/lnInclude/GeometricFieldFunctionsM.C:711:54: note:   template argument deduction/substitution failed:
 tmp<GeometricField<ReturnType, PatchField, GeoMesh>> operator Op               \
                                                      ^
/opt/openfoam5/src/OpenFOAM/lnInclude/GeometricFieldFunctionsM.C:813:5: note: in expansion of macro 'BINARY_TYPE_OPERATOR_SF'
     BINARY_TYPE_OPERATOR_SF(ReturnType, Type1, Type2, Op, OpName, OpFunc)      \
     ^
/opt/openfoam5/src/OpenFOAM/lnInclude/GeometricScalarField.C:110:1: note: in expansion of macro 'BINARY_TYPE_OPERATOR'
 BINARY_TYPE_OPERATOR(scalar, scalar, scalar, +, '+', add)
 ^
In file included from pamFoam.C:143:0:
./processModels/SINEqn.H:9:7: note:   cannot convert 'alphaLiquid' (type 'const volScalarField {aka const Foam::GeometricField<double, Foam::fvPatchField, Foam::volMesh>}') to type 'const scalar& {aka const double&}'
     + alphaLiquid*fSINXS * rhoHydrolysis
       ^
In file included from /opt/openfoam5/src/OpenFOAM/lnInclude/GeometricScalarField.C:29:0,
                 from /opt/openfoam5/src/OpenFOAM/lnInclude/GeometricScalarField.H:173,
                 from /opt/openfoam5/src/OpenFOAM/lnInclude/GeometricFields.H:34,
                 from /opt/openfoam5/src/finiteVolume/lnInclude/volFields.H:37,
                 from /opt/openfoam5/src/finiteVolume/lnInclude/surfaceInterpolationScheme.C:27,
                 from /opt/openfoam5/src/finiteVolume/lnInclude/surfaceInterpolationScheme.H:307,
                 from /opt/openfoam5/src/finiteVolume/lnInclude/surfaceInterpolate.H:41,
                 from /opt/openfoam5/src/finiteVolume/lnInclude/fvc.H:39,
                 from /opt/openfoam5/src/finiteVolume/lnInclude/fvCFD.H:8,
                 from pamFoam.C:36:
/opt/openfoam5/src/OpenFOAM/lnInclude/GeometricFieldFunctionsM.C:736:54: note: candidate: template<template<class> class PatchField, class GeoMesh> Foam::tmp<Foam::GeometricField<double, PatchField, GeoMesh> > Foam::operator+(const Foam::GeometricField<double, PatchField, GeoMesh>&, const Foam::dimensioned<double>&)
 tmp<GeometricField<ReturnType, PatchField, GeoMesh>> operator Op               \
                                                      ^
/opt/openfoam5/src/OpenFOAM/lnInclude/GeometricFieldFunctionsM.C:814:5: note: in expansion of macro 'BINARY_TYPE_OPERATOR_FS'
     BINARY_TYPE_OPERATOR_FS(ReturnType, Type1, Type2, Op, OpName, OpFunc)
     ^
/opt/openfoam5/src/OpenFOAM/lnInclude/GeometricScalarField.C:110:1: note: in expansion of macro 'BINARY_TYPE_OPERATOR'
 BINARY_TYPE_OPERATOR(scalar, scalar, scalar, +, '+', add)
 ^
/opt/openfoam5/src/OpenFOAM/lnInclude/GeometricFieldFunctionsM.C:736:54: note:   template argument deduction/substitution failed:
 tmp<GeometricField<ReturnType, PatchField, GeoMesh>> operator Op               \
                                                      ^
/opt/openfoam5/src/OpenFOAM/lnInclude/GeometricFieldFunctionsM.C:814:5: note: in expansion of macro 'BINARY_TYPE_OPERATOR_FS'
     BINARY_TYPE_OPERATOR_FS(ReturnType, Type1, Type2, Op, OpName, OpFunc)
     ^
/opt/openfoam5/src/OpenFOAM/lnInclude/GeometricScalarField.C:110:1: note: in expansion of macro 'BINARY_TYPE_OPERATOR'
 BINARY_TYPE_OPERATOR(scalar, scalar, scalar, +, '+', add)
 ^
In file included from pamFoam.C:143:0:
./processModels/SINEqn.H:9:7: note:   candidate expects 2 arguments, 1 provided
     + alphaLiquid*fSINXS * rhoHydrolysis
       ^
In file included from /opt/openfoam5/src/OpenFOAM/lnInclude/GeometricScalarField.C:29:0,
                 from /opt/openfoam5/src/OpenFOAM/lnInclude/GeometricScalarField.H:173,
                 from /opt/openfoam5/src/OpenFOAM/lnInclude/GeometricFields.H:34,
                 from /opt/openfoam5/src/finiteVolume/lnInclude/volFields.H:37,
                 from /opt/openfoam5/src/finiteVolume/lnInclude/surfaceInterpolationScheme.C:27,
                 from /opt/openfoam5/src/finiteVolume/lnInclude/surfaceInterpolationScheme.H:307,
                 from /opt/openfoam5/src/finiteVolume/lnInclude/surfaceInterpolate.H:41,
                 from /opt/openfoam5/src/finiteVolume/lnInclude/fvc.H:39,
                 from /opt/openfoam5/src/finiteVolume/lnInclude/fvCFD.H:8,
                 from pamFoam.C:36:
/opt/openfoam5/src/OpenFOAM/lnInclude/GeometricFieldFunctionsM.C:765:54: note: candidate: template<template<class> class PatchField, class GeoMesh> Foam::tmp<Foam::GeometricField<double, PatchField, GeoMesh> > Foam::operator+(const Foam::GeometricField<double, PatchField, GeoMesh>&, const scalar&)
 tmp<GeometricField<ReturnType, PatchField, GeoMesh>> operator Op               \
                                                      ^
/opt/openfoam5/src/OpenFOAM/lnInclude/GeometricFieldFunctionsM.C:814:5: note: in expansion of macro 'BINARY_TYPE_OPERATOR_FS'
     BINARY_TYPE_OPERATOR_FS(ReturnType, Type1, Type2, Op, OpName, OpFunc)
     ^
/opt/openfoam5/src/OpenFOAM/lnInclude/GeometricScalarField.C:110:1: note: in expansion of macro 'BINARY_TYPE_OPERATOR'
 BINARY_TYPE_OPERATOR(scalar, scalar, scalar, +, '+', add)
 ^
/opt/openfoam5/src/OpenFOAM/lnInclude/GeometricFieldFunctionsM.C:765:54: note:   template argument deduction/substitution failed:
 tmp<GeometricField<ReturnType, PatchField, GeoMesh>> operator Op               \
                                                      ^
/opt/openfoam5/src/OpenFOAM/lnInclude/GeometricFieldFunctionsM.C:814:5: note: in expansion of macro 'BINARY_TYPE_OPERATOR_FS'
     BINARY_TYPE_OPERATOR_FS(ReturnType, Type1, Type2, Op, OpName, OpFunc)
     ^
/opt/openfoam5/src/OpenFOAM/lnInclude/GeometricScalarField.C:110:1: note: in expansion of macro 'BINARY_TYPE_OPERATOR'
 BINARY_TYPE_OPERATOR(scalar, scalar, scalar, +, '+', add)
 ^
In file included from pamFoam.C:143:0:
./processModels/SINEqn.H:9:7: note:   candidate expects 2 arguments, 1 provided
     + alphaLiquid*fSINXS * rhoHydrolysis
       ^
In file included from /opt/openfoam5/src/OpenFOAM/lnInclude/GeometricScalarField.C:29:0,
                 from /opt/openfoam5/src/OpenFOAM/lnInclude/GeometricScalarField.H:173,
                 from /opt/openfoam5/src/OpenFOAM/lnInclude/GeometricFields.H:34,
                 from /opt/openfoam5/src/finiteVolume/lnInclude/volFields.H:37,
                 from /opt/openfoam5/src/finiteVolume/lnInclude/surfaceInterpolationScheme.C:27,
                 from /opt/openfoam5/src/finiteVolume/lnInclude/surfaceInterpolationScheme.H:307,
                 from /opt/openfoam5/src/finiteVolume/lnInclude/surfaceInterpolate.H:41,
                 from /opt/openfoam5/src/finiteVolume/lnInclude/fvc.H:39,
                 from /opt/openfoam5/src/finiteVolume/lnInclude/fvCFD.H:8,
                 from pamFoam.C:36:
/opt/openfoam5/src/OpenFOAM/lnInclude/GeometricFieldFunctionsM.C:776:54: note: candidate: template<template<class> class PatchField, class GeoMesh> Foam::tmp<Foam::GeometricField<double, PatchField, GeoMesh> > Foam::operator+(const Foam::tmp<Foam::GeometricField<double, PatchField, GeoMesh> >&, const Foam::dimensioned<double>&)
 tmp<GeometricField<ReturnType, PatchField, GeoMesh>> operator Op               \
                                                      ^
/opt/openfoam5/src/OpenFOAM/lnInclude/GeometricFieldFunctionsM.C:814:5: note: in expansion of macro 'BINARY_TYPE_OPERATOR_FS'
     BINARY_TYPE_OPERATOR_FS(ReturnType, Type1, Type2, Op, OpName, OpFunc)
     ^
/opt/openfoam5/src/OpenFOAM/lnInclude/GeometricScalarField.C:110:1: note: in expansion of macro 'BINARY_TYPE_OPERATOR'
 BINARY_TYPE_OPERATOR(scalar, scalar, scalar, +, '+', add)
 ^
/opt/openfoam5/src/OpenFOAM/lnInclude/GeometricFieldFunctionsM.C:776:54: note:   template argument deduction/substitution failed:
 tmp<GeometricField<ReturnType, PatchField, GeoMesh>> operator Op               \
                                                      ^
/opt/openfoam5/src/OpenFOAM/lnInclude/GeometricFieldFunctionsM.C:814:5: note: in expansion of macro 'BINARY_TYPE_OPERATOR_FS'
     BINARY_TYPE_OPERATOR_FS(ReturnType, Type1, Type2, Op, OpName, OpFunc)
     ^
/opt/openfoam5/src/OpenFOAM/lnInclude/GeometricScalarField.C:110:1: note: in expansion of macro 'BINARY_TYPE_OPERATOR'
 BINARY_TYPE_OPERATOR(scalar, scalar, scalar, +, '+', add)
 ^
In file included from pamFoam.C:143:0:
./processModels/SINEqn.H:9:7: note:   'const volScalarField {aka const Foam::GeometricField<double, Foam::fvPatchField, Foam::volMesh>}' is not derived from 'const Foam::tmp<Foam::GeometricField<double, PatchField, GeoMesh> >'
     + alphaLiquid*fSINXS * rhoHydrolysis
       ^
In file included from /opt/openfoam5/src/OpenFOAM/lnInclude/GeometricScalarField.C:29:0,
                 from /opt/openfoam5/src/OpenFOAM/lnInclude/GeometricScalarField.H:173,
                 from /opt/openfoam5/src/OpenFOAM/lnInclude/GeometricFields.H:34,
                 from /opt/openfoam5/src/finiteVolume/lnInclude/volFields.H:37,
                 from /opt/openfoam5/src/finiteVolume/lnInclude/surfaceInterpolationScheme.C:27,
                 from /opt/openfoam5/src/finiteVolume/lnInclude/surfaceInterpolationScheme.H:307,
                 from /opt/openfoam5/src/finiteVolume/lnInclude/surfaceInterpolate.H:41,
                 from /opt/openfoam5/src/finiteVolume/lnInclude/fvc.H:39,
                 from /opt/openfoam5/src/finiteVolume/lnInclude/fvCFD.H:8,
                 from pamFoam.C:36:
/opt/openfoam5/src/OpenFOAM/lnInclude/GeometricFieldFunctionsM.C:802:54: note: candidate: template<template<class> class PatchField, class GeoMesh> Foam::tmp<Foam::GeometricField<double, PatchField, GeoMesh> > Foam::operator+(const Foam::tmp<Foam::GeometricField<double, PatchField, GeoMesh> >&, const scalar&)
 tmp<GeometricField<ReturnType, PatchField, GeoMesh>> operator Op               \
                                                      ^
/opt/openfoam5/src/OpenFOAM/lnInclude/GeometricFieldFunctionsM.C:814:5: note: in expansion of macro 'BINARY_TYPE_OPERATOR_FS'
     BINARY_TYPE_OPERATOR_FS(ReturnType, Type1, Type2, Op, OpName, OpFunc)
     ^
/opt/openfoam5/src/OpenFOAM/lnInclude/GeometricScalarField.C:110:1: note: in expansion of macro 'BINARY_TYPE_OPERATOR'
 BINARY_TYPE_OPERATOR(scalar, scalar, scalar, +, '+', add)
 ^
/opt/openfoam5/src/OpenFOAM/lnInclude/GeometricFieldFunctionsM.C:802:54: note:   template argument deduction/substitution failed:
 tmp<GeometricField<ReturnType, PatchField, GeoMesh>> operator Op               \
                                                      ^
/opt/openfoam5/src/OpenFOAM/lnInclude/GeometricFieldFunctionsM.C:814:5: note: in expansion of macro 'BINARY_TYPE_OPERATOR_FS'
     BINARY_TYPE_OPERATOR_FS(ReturnType, Type1, Type2, Op, OpName, OpFunc)
     ^
/opt/openfoam5/src/OpenFOAM/lnInclude/GeometricScalarField.C:110:1: note: in expansion of macro 'BINARY_TYPE_OPERATOR'
 BINARY_TYPE_OPERATOR(scalar, scalar, scalar, +, '+', add)
 ^
In file included from pamFoam.C:143:0:
./processModels/SINEqn.H:9:7: note:   'const volScalarField {aka const Foam::GeometricField<double, Foam::fvPatchField, Foam::volMesh>}' is not derived from 'const Foam::tmp<Foam::GeometricField<double, PatchField, GeoMesh> >'
     + alphaLiquid*fSINXS * rhoHydrolysis
       ^
In file included from /opt/openfoam5/src/OpenFOAM/lnInclude/zeroField.H:82:0,
                 from /opt/openfoam5/src/OpenFOAM/lnInclude/zeroFieldField.H:40,
                 from /opt/openfoam5/src/OpenFOAM/lnInclude/geometricZeroField.H:40,
                 from /opt/openfoam5/src/finiteVolume/lnInclude/fvcDdt.H:43,
                 from /opt/openfoam5/src/finiteVolume/lnInclude/fvc.H:44,
                 from /opt/openfoam5/src/finiteVolume/lnInclude/fvCFD.H:8,
                 from pamFoam.C:36:
/opt/openfoam5/src/OpenFOAM/lnInclude/zeroFieldI.H:61:24: note: candidate: const Foam::zeroField Foam::operator+(const Foam::zeroField&, const Foam::zeroField&)
 inline const zeroField operator+(const zeroField&, const zeroField&)
                        ^
/opt/openfoam5/src/OpenFOAM/lnInclude/zeroFieldI.H:61:24: note:   candidate expects 2 arguments, 1 provided
/opt/openfoam5/src/OpenFOAM/lnInclude/zeroFieldI.H:67:20: note: candidate: template<class Type> const Type& Foam::operator+(const Type&, const Foam::zeroField&)
 inline const Type& operator+(const Type& t, const zeroField&)
                    ^
/opt/openfoam5/src/OpenFOAM/lnInclude/zeroFieldI.H:67:20: note:   template argument deduction/substitution failed:
In file included from pamFoam.C:143:0:
./processModels/SINEqn.H:9:7: note:   candidate expects 2 arguments, 1 provided
     + alphaLiquid*fSINXS * rhoHydrolysis
       ^
In file included from /opt/openfoam5/src/OpenFOAM/lnInclude/zeroField.H:82:0,
                 from /opt/openfoam5/src/OpenFOAM/lnInclude/zeroFieldField.H:40,
                 from /opt/openfoam5/src/OpenFOAM/lnInclude/geometricZeroField.H:40,
                 from /opt/openfoam5/src/finiteVolume/lnInclude/fvcDdt.H:43,
                 from /opt/openfoam5/src/finiteVolume/lnInclude/fvc.H:44,
                 from /opt/openfoam5/src/finiteVolume/lnInclude/fvCFD.H:8,
                 from pamFoam.C:36:
/opt/openfoam5/src/OpenFOAM/lnInclude/zeroFieldI.H:73:20: note: candidate: template<class Type> const Type& Foam::operator+(const Foam::zeroField&, const Type&)
 inline const Type& operator+(const zeroField&, const Type& t)
                    ^
/opt/openfoam5/src/OpenFOAM/lnInclude/zeroFieldI.H:73:20: note:   template argument deduction/substitution failed:
In file included from pamFoam.C:143:0:
./processModels/SINEqn.H:9:7: note:   cannot convert 'alphaLiquid' (type 'const volScalarField {aka const Foam::GeometricField<double, Foam::fvPatchField, Foam::volMesh>}') to type 'const Foam::zeroField&'
     + alphaLiquid*fSINXS * rhoHydrolysis
       ^
In file included from /opt/openfoam5/src/finiteVolume/lnInclude/fvMatrix.H:1061:0,
                 from /opt/openfoam5/src/finiteVolume/lnInclude/ddtScheme.C:29,
                 from /opt/openfoam5/src/finiteVolume/lnInclude/ddtScheme.H:342,
                 from /opt/openfoam5/src/finiteVolume/lnInclude/fvcDdt.C:28,
                 from /opt/openfoam5/src/finiteVolume/lnInclude/fvcDdt.H:205,
                 from /opt/openfoam5/src/finiteVolume/lnInclude/fvc.H:44,
                 from /opt/openfoam5/src/finiteVolume/lnInclude/fvCFD.H:8,
                 from pamFoam.C:36:
/opt/openfoam5/src/finiteVolume/lnInclude/fvMatrix.C:1624:33: note: candidate: template<class Type> Foam::tmp<Foam::fvMatrix<Type> > Foam::operator+(const Foam::fvMatrix<Type>&, const Foam::fvMatrix<Type>&)
 Foam::tmp<Foam::fvMatrix<Type>> Foam::operator+
                                 ^
/opt/openfoam5/src/finiteVolume/lnInclude/fvMatrix.C:1624:33: note:   template argument deduction/substitution failed:
In file included from pamFoam.C:143:0:
./processModels/SINEqn.H:9:7: note:   'const volScalarField {aka const Foam::GeometricField<double, Foam::fvPatchField, Foam::volMesh>}' is not derived from 'const Foam::fvMatrix<Type>'
     + alphaLiquid*fSINXS * rhoHydrolysis
       ^
In file included from /opt/openfoam5/src/finiteVolume/lnInclude/fvMatrix.H:1061:0,
                 from /opt/openfoam5/src/finiteVolume/lnInclude/ddtScheme.C:29,
                 from /opt/openfoam5/src/finiteVolume/lnInclude/ddtScheme.H:342,
                 from /opt/openfoam5/src/finiteVolume/lnInclude/fvcDdt.C:28,
                 from /opt/openfoam5/src/finiteVolume/lnInclude/fvcDdt.H:205,
                 from /opt/openfoam5/src/finiteVolume/lnInclude/fvc.H:44,
                 from /opt/openfoam5/src/finiteVolume/lnInclude/fvCFD.H:8,
                 from pamFoam.C:36:
/opt/openfoam5/src/finiteVolume/lnInclude/fvMatrix.C:1637:33: note: candidate: template<class Type> Foam::tmp<Foam::fvMatrix<Type> > Foam::operator+(const Foam::tmp<Foam::fvMatrix<Type> >&, const Foam::fvMatrix<Type>&)
 Foam::tmp<Foam::fvMatrix<Type>> Foam::operator+
                                 ^
/opt/openfoam5/src/finiteVolume/lnInclude/fvMatrix.C:1637:33: note:   template argument deduction/substitution failed:
In file included from pamFoam.C:143:0:
./processModels/SINEqn.H:9:7: note:   'const volScalarField {aka const Foam::GeometricField<double, Foam::fvPatchField, Foam::volMesh>}' is not derived from 'const Foam::tmp<Foam::fvMatrix<Type> >'
     + alphaLiquid*fSINXS * rhoHydrolysis
       ^
In file included from /opt/openfoam5/src/finiteVolume/lnInclude/fvMatrix.H:1061:0,
                 from /opt/openfoam5/src/finiteVolume/lnInclude/ddtScheme.C:29,
                 from /opt/openfoam5/src/finiteVolume/lnInclude/ddtScheme.H:342,
                 from /opt/openfoam5/src/finiteVolume/lnInclude/fvcDdt.C:28,
                 from /opt/openfoam5/src/finiteVolume/lnInclude/fvcDdt.H:205,
                 from /opt/openfoam5/src/finiteVolume/lnInclude/fvc.H:44,
                 from /opt/openfoam5/src/finiteVolume/lnInclude/fvCFD.H:8,
                 from pamFoam.C:36:
/opt/openfoam5/src/finiteVolume/lnInclude/fvMatrix.C:1650:33: note: candidate: template<class Type> Foam::tmp<Foam::fvMatrix<Type> > Foam::operator+(const Foam::fvMatrix<Type>&, const Foam::tmp<Foam::fvMatrix<Type> >&)
 Foam::tmp<Foam::fvMatrix<Type>> Foam::operator+
                                 ^
/opt/openfoam5/src/finiteVolume/lnInclude/fvMatrix.C:1650:33: note:   template argument deduction/substitution failed:
In file included from pamFoam.C:143:0:
./processModels/SINEqn.H:9:7: note:   'const volScalarField {aka const Foam::GeometricField<double, Foam::fvPatchField, Foam::volMesh>}' is not derived from 'const Foam::fvMatrix<Type>'
     + alphaLiquid*fSINXS * rhoHydrolysis
       ^
In file included from /opt/openfoam5/src/finiteVolume/lnInclude/fvMatrix.H:1061:0,
                 from /opt/openfoam5/src/finiteVolume/lnInclude/ddtScheme.C:29,
                 from /opt/openfoam5/src/finiteVolume/lnInclude/ddtScheme.H:342,
                 from /opt/openfoam5/src/finiteVolume/lnInclude/fvcDdt.C:28,
                 from /opt/openfoam5/src/finiteVolume/lnInclude/fvcDdt.H:205,
                 from /opt/openfoam5/src/finiteVolume/lnInclude/fvc.H:44,
                 from /opt/openfoam5/src/finiteVolume/lnInclude/fvCFD.H:8,
                 from pamFoam.C:36:
/opt/openfoam5/src/finiteVolume/lnInclude/fvMatrix.C:1663:33: note: candidate: template<class Type> Foam::tmp<Foam::fvMatrix<Type> > Foam::operator+(const Foam::tmp<Foam::fvMatrix<Type> >&, const Foam::tmp<Foam::fvMatrix<Type> >&)
 Foam::tmp<Foam::fvMatrix<Type>> Foam::operator+
                                 ^
/opt/openfoam5/src/finiteVolume/lnInclude/fvMatrix.C:1663:33: note:   template argument deduction/substitution failed:
In file included from pamFoam.C:143:0:
./processModels/SINEqn.H:9:7: note:   'const volScalarField {aka const Foam::GeometricField<double, Foam::fvPatchField, Foam::volMesh>}' is not derived from 'const Foam::tmp<Foam::fvMatrix<Type> >'
     + alphaLiquid*fSINXS * rhoHydrolysis
       ^
In file included from /opt/openfoam5/src/finiteVolume/lnInclude/fvMatrix.H:1061:0,
                 from /opt/openfoam5/src/finiteVolume/lnInclude/ddtScheme.C:29,
                 from /opt/openfoam5/src/finiteVolume/lnInclude/ddtScheme.H:342,
                 from /opt/openfoam5/src/finiteVolume/lnInclude/fvcDdt.C:28,
                 from /opt/openfoam5/src/finiteVolume/lnInclude/fvcDdt.H:205,
                 from /opt/openfoam5/src/finiteVolume/lnInclude/fvc.H:44,
                 from /opt/openfoam5/src/finiteVolume/lnInclude/fvCFD.H:8,
                 from pamFoam.C:36:
/opt/openfoam5/src/finiteVolume/lnInclude/fvMatrix.C:1677:33: note: candidate: template<class Type> Foam::tmp<Foam::fvMatrix<Type> > Foam::operator+(const Foam::fvMatrix<Type>&, const Foam::DimensionedField<Type, Foam::volMesh>&)
 Foam::tmp<Foam::fvMatrix<Type>> Foam::operator+
                                 ^
/opt/openfoam5/src/finiteVolume/lnInclude/fvMatrix.C:1677:33: note:   template argument deduction/substitution failed:
In file included from pamFoam.C:143:0:
./processModels/SINEqn.H:9:7: note:   'const volScalarField {aka const Foam::GeometricField<double, Foam::fvPatchField, Foam::volMesh>}' is not derived from 'const Foam::fvMatrix<Type>'
     + alphaLiquid*fSINXS * rhoHydrolysis
       ^
In file included from /opt/openfoam5/src/finiteVolume/lnInclude/fvMatrix.H:1061:0,
                 from /opt/openfoam5/src/finiteVolume/lnInclude/ddtScheme.C:29,
                 from /opt/openfoam5/src/finiteVolume/lnInclude/ddtScheme.H:342,
                 from /opt/openfoam5/src/finiteVolume/lnInclude/fvcDdt.C:28,
                 from /opt/openfoam5/src/finiteVolume/lnInclude/fvcDdt.H:205,
                 from /opt/openfoam5/src/finiteVolume/lnInclude/fvc.H:44,
                 from /opt/openfoam5/src/finiteVolume/lnInclude/fvCFD.H:8,
                 from pamFoam.C:36:
/opt/openfoam5/src/finiteVolume/lnInclude/fvMatrix.C:1690:33: note: candidate: template<class Type> Foam::tmp<Foam::fvMatrix<Type> > Foam::operator+(const Foam::fvMatrix<Type>&, const Foam::tmp<Foam::DimensionedField<Type, Foam::volMesh> >&)
 Foam::tmp<Foam::fvMatrix<Type>> Foam::operator+
                                 ^
/opt/openfoam5/src/finiteVolume/lnInclude/fvMatrix.C:1690:33: note:   template argument deduction/substitution failed:
In file included from pamFoam.C:143:0:
./processModels/SINEqn.H:9:7: note:   'const volScalarField {aka const Foam::GeometricField<double, Foam::fvPatchField, Foam::volMesh>}' is not derived from 'const Foam::fvMatrix<Type>'
     + alphaLiquid*fSINXS * rhoHydrolysis
       ^
In file included from /opt/openfoam5/src/finiteVolume/lnInclude/fvMatrix.H:1061:0,
                 from /opt/openfoam5/src/finiteVolume/lnInclude/ddtScheme.C:29,
                 from /opt/openfoam5/src/finiteVolume/lnInclude/ddtScheme.H:342,
                 from /opt/openfoam5/src/finiteVolume/lnInclude/fvcDdt.C:28,
                 from /opt/openfoam5/src/finiteVolume/lnInclude/fvcDdt.H:205,
                 from /opt/openfoam5/src/finiteVolume/lnInclude/fvc.H:44,
                 from /opt/openfoam5/src/finiteVolume/lnInclude/fvCFD.H:8,
                 from pamFoam.C:36:
/opt/openfoam5/src/finiteVolume/lnInclude/fvMatrix.C:1704:33: note: candidate: template<class Type> Foam::tmp<Foam::fvMatrix<Type> > Foam::operator+(const Foam::fvMatrix<Type>&, const Foam::tmp<Foam::GeometricField<Type, Foam::fvPatchField, Foam::volMesh> >&)
 Foam::tmp<Foam::fvMatrix<Type>> Foam::operator+
                                 ^
/opt/openfoam5/src/finiteVolume/lnInclude/fvMatrix.C:1704:33: note:   template argument deduction/substitution failed:
In file included from pamFoam.C:143:0:
./processModels/SINEqn.H:9:7: note:   'const volScalarField {aka const Foam::GeometricField<double, Foam::fvPatchField, Foam::volMesh>}' is not derived from 'const Foam::fvMatrix<Type>'
     + alphaLiquid*fSINXS * rhoHydrolysis
       ^
In file included from /opt/openfoam5/src/finiteVolume/lnInclude/fvMatrix.H:1061:0,
                 from /opt/openfoam5/src/finiteVolume/lnInclude/ddtScheme.C:29,
                 from /opt/openfoam5/src/finiteVolume/lnInclude/ddtScheme.H:342,
                 from /opt/openfoam5/src/finiteVolume/lnInclude/fvcDdt.C:28,
                 from /opt/openfoam5/src/finiteVolume/lnInclude/fvcDdt.H:205,
                 from /opt/openfoam5/src/finiteVolume/lnInclude/fvc.H:44,
                 from /opt/openfoam5/src/finiteVolume/lnInclude/fvCFD.H:8,
                 from pamFoam.C:36:
/opt/openfoam5/src/finiteVolume/lnInclude/fvMatrix.C:1718:33: note: candidate: template<class Type> Foam::tmp<Foam::fvMatrix<Type> > Foam::operator+(const Foam::tmp<Foam::fvMatrix<Type> >&, const Foam::DimensionedField<Type, Foam::volMesh>&)
 Foam::tmp<Foam::fvMatrix<Type>> Foam::operator+
                                 ^
/opt/openfoam5/src/finiteVolume/lnInclude/fvMatrix.C:1718:33: note:   template argument deduction/substitution failed:
In file included from pamFoam.C:143:0:
./processModels/SINEqn.H:9:7: note:   'const volScalarField {aka const Foam::GeometricField<double, Foam::fvPatchField, Foam::volMesh>}' is not derived from 'const Foam::tmp<Foam::fvMatrix<Type> >'
     + alphaLiquid*fSINXS * rhoHydrolysis
       ^
In file included from /opt/openfoam5/src/finiteVolume/lnInclude/fvMatrix.H:1061:0,
                 from /opt/openfoam5/src/finiteVolume/lnInclude/ddtScheme.C:29,
                 from /opt/openfoam5/src/finiteVolume/lnInclude/ddtScheme.H:342,
                 from /opt/openfoam5/src/finiteVolume/lnInclude/fvcDdt.C:28,
                 from /opt/openfoam5/src/finiteVolume/lnInclude/fvcDdt.H:205,
                 from /opt/openfoam5/src/finiteVolume/lnInclude/fvc.H:44,
                 from /opt/openfoam5/src/finiteVolume/lnInclude/fvCFD.H:8,
                 from pamFoam.C:36:
/opt/openfoam5/src/finiteVolume/lnInclude/fvMatrix.C:1731:33: note: candidate: template<class Type> Foam::tmp<Foam::fvMatrix<Type> > Foam::operator+(const Foam::tmp<Foam::fvMatrix<Type> >&, const Foam::tmp<Foam::DimensionedField<Type, Foam::volMesh> >&)
 Foam::tmp<Foam::fvMatrix<Type>> Foam::operator+
                                 ^
/opt/openfoam5/src/finiteVolume/lnInclude/fvMatrix.C:1731:33: note:   template argument deduction/substitution failed:
In file included from pamFoam.C:143:0:
./processModels/SINEqn.H:9:7: note:   'const volScalarField {aka const Foam::GeometricField<double, Foam::fvPatchField, Foam::volMesh>}' is not derived from 'const Foam::tmp<Foam::fvMatrix<Type> >'
     + alphaLiquid*fSINXS * rhoHydrolysis
       ^
In file included from /opt/openfoam5/src/finiteVolume/lnInclude/fvMatrix.H:1061:0,
                 from /opt/openfoam5/src/finiteVolume/lnInclude/ddtScheme.C:29,
                 from /opt/openfoam5/src/finiteVolume/lnInclude/ddtScheme.H:342,
                 from /opt/openfoam5/src/finiteVolume/lnInclude/fvcDdt.C:28,
                 from /opt/openfoam5/src/finiteVolume/lnInclude/fvcDdt.H:205,
                 from /opt/openfoam5/src/finiteVolume/lnInclude/fvc.H:44,
                 from /opt/openfoam5/src/finiteVolume/lnInclude/fvCFD.H:8,
                 from pamFoam.C:36:
/opt/openfoam5/src/finiteVolume/lnInclude/fvMatrix.C:1745:33: note: candidate: template<class Type> Foam::tmp<Foam::fvMatrix<Type> > Foam::operator+(const Foam::tmp<Foam::fvMatrix<Type> >&, const Foam::tmp<Foam::GeometricField<Type, Foam::fvPatchField, Foam::volMesh> >&)
 Foam::tmp<Foam::fvMatrix<Type>> Foam::operator+
                                 ^
/opt/openfoam5/src/finiteVolume/lnInclude/fvMatrix.C:1745:33: note:   template argument deduction/substitution failed:
In file included from pamFoam.C:143:0:
./processModels/SINEqn.H:9:7: note:   'const volScalarField {aka const Foam::GeometricField<double, Foam::fvPatchField, Foam::volMesh>}' is not derived from 'const Foam::tmp<Foam::fvMatrix<Type> >'
     + alphaLiquid*fSINXS * rhoHydrolysis
       ^
In file included from /opt/openfoam5/src/finiteVolume/lnInclude/fvMatrix.H:1061:0,
                 from /opt/openfoam5/src/finiteVolume/lnInclude/ddtScheme.C:29,
                 from /opt/openfoam5/src/finiteVolume/lnInclude/ddtScheme.H:342,
                 from /opt/openfoam5/src/finiteVolume/lnInclude/fvcDdt.C:28,
                 from /opt/openfoam5/src/finiteVolume/lnInclude/fvcDdt.H:205,
                 from /opt/openfoam5/src/finiteVolume/lnInclude/fvc.H:44,
                 from /opt/openfoam5/src/finiteVolume/lnInclude/fvCFD.H:8,
                 from pamFoam.C:36:
/opt/openfoam5/src/finiteVolume/lnInclude/fvMatrix.C:1759:33: note: candidate: template<class Type> Foam::tmp<Foam::fvMatrix<Type> > Foam::operator+(const Foam::DimensionedField<Type, Foam::volMesh>&, const Foam::fvMatrix<Type>&)
 Foam::tmp<Foam::fvMatrix<Type>> Foam::operator+
                                 ^
/opt/openfoam5/src/finiteVolume/lnInclude/fvMatrix.C:1759:33: note:   template argument deduction/substitution failed:
In file included from pamFoam.C:143:0:
./processModels/SINEqn.H:9:7: note:   candidate expects 2 arguments, 1 provided
     + alphaLiquid*fSINXS * rhoHydrolysis
       ^
In file included from /opt/openfoam5/src/finiteVolume/lnInclude/fvMatrix.H:1061:0,
                 from /opt/openfoam5/src/finiteVolume/lnInclude/ddtScheme.C:29,
                 from /opt/openfoam5/src/finiteVolume/lnInclude/ddtScheme.H:342,
                 from /opt/openfoam5/src/finiteVolume/lnInclude/fvcDdt.C:28,
                 from /opt/openfoam5/src/finiteVolume/lnInclude/fvcDdt.H:205,
                 from /opt/openfoam5/src/finiteVolume/lnInclude/fvc.H:44,
                 from /opt/openfoam5/src/finiteVolume/lnInclude/fvCFD.H:8,
                 from pamFoam.C:36:
/opt/openfoam5/src/finiteVolume/lnInclude/fvMatrix.C:1772:33: note: candidate: template<class Type> Foam::tmp<Foam::fvMatrix<Type> > Foam::operator+(const Foam::tmp<Foam::DimensionedField<Type, Foam::volMesh> >&, const Foam::fvMatrix<Type>&)
 Foam::tmp<Foam::fvMatrix<Type>> Foam::operator+
                                 ^
/opt/openfoam5/src/finiteVolume/lnInclude/fvMatrix.C:1772:33: note:   template argument deduction/substitution failed:
In file included from pamFoam.C:143:0:
./processModels/SINEqn.H:9:7: note:   'const volScalarField {aka const Foam::GeometricField<double, Foam::fvPatchField, Foam::volMesh>}' is not derived from 'const Foam::tmp<Foam::DimensionedField<Type, Foam::volMesh> >'
     + alphaLiquid*fSINXS * rhoHydrolysis
       ^
In file included from /opt/openfoam5/src/finiteVolume/lnInclude/fvMatrix.H:1061:0,
                 from /opt/openfoam5/src/finiteVolume/lnInclude/ddtScheme.C:29,
                 from /opt/openfoam5/src/finiteVolume/lnInclude/ddtScheme.H:342,
                 from /opt/openfoam5/src/finiteVolume/lnInclude/fvcDdt.C:28,
                 from /opt/openfoam5/src/finiteVolume/lnInclude/fvcDdt.H:205,
                 from /opt/openfoam5/src/finiteVolume/lnInclude/fvc.H:44,
                 from /opt/openfoam5/src/finiteVolume/lnInclude/fvCFD.H:8,
                 from pamFoam.C:36:
/opt/openfoam5/src/finiteVolume/lnInclude/fvMatrix.C:1786:33: note: candidate: template<class Type> Foam::tmp<Foam::fvMatrix<Type> > Foam::operator+(const Foam::tmp<Foam::GeometricField<Type, Foam::fvPatchField, Foam::volMesh> >&, const Foam::fvMatrix<Type>&)
 Foam::tmp<Foam::fvMatrix<Type>> Foam::operator+
                                 ^
/opt/openfoam5/src/finiteVolume/lnInclude/fvMatrix.C:1786:33: note:   template argument deduction/substitution failed:
In file included from pamFoam.C:143:0:
./processModels/SINEqn.H:9:7: note:   'const volScalarField {aka const Foam::GeometricField<double, Foam::fvPatchField, Foam::volMesh>}' is not derived from 'const Foam::tmp<Foam::GeometricField<Type, Foam::fvPatchField, Foam::volMesh> >'
     + alphaLiquid*fSINXS * rhoHydrolysis
       ^
In file included from /opt/openfoam5/src/finiteVolume/lnInclude/fvMatrix.H:1061:0,
                 from /opt/openfoam5/src/finiteVolume/lnInclude/ddtScheme.C:29,
                 from /opt/openfoam5/src/finiteVolume/lnInclude/ddtScheme.H:342,
                 from /opt/openfoam5/src/finiteVolume/lnInclude/fvcDdt.C:28,
                 from /opt/openfoam5/src/finiteVolume/lnInclude/fvcDdt.H:205,
                 from /opt/openfoam5/src/finiteVolume/lnInclude/fvc.H:44,
                 from /opt/openfoam5/src/finiteVolume/lnInclude/fvCFD.H:8,
                 from pamFoam.C:36:
/opt/openfoam5/src/finiteVolume/lnInclude/fvMatrix.C:1800:33: note: candidate: template<class Type> Foam::tmp<Foam::fvMatrix<Type> > Foam::operator+(const Foam::DimensionedField<Type, Foam::volMesh>&, const Foam::tmp<Foam::fvMatrix<Type> >&)
 Foam::tmp<Foam::fvMatrix<Type>> Foam::operator+
                                 ^
/opt/openfoam5/src/finiteVolume/lnInclude/fvMatrix.C:1800:33: note:   template argument deduction/substitution failed:
In file included from pamFoam.C:143:0:
./processModels/SINEqn.H:9:7: note:   candidate expects 2 arguments, 1 provided
     + alphaLiquid*fSINXS * rhoHydrolysis
       ^
In file included from /opt/openfoam5/src/finiteVolume/lnInclude/fvMatrix.H:1061:0,
                 from /opt/openfoam5/src/finiteVolume/lnInclude/ddtScheme.C:29,
                 from /opt/openfoam5/src/finiteVolume/lnInclude/ddtScheme.H:342,
                 from /opt/openfoam5/src/finiteVolume/lnInclude/fvcDdt.C:28,
                 from /opt/openfoam5/src/finiteVolume/lnInclude/fvcDdt.H:205,
                 from /opt/openfoam5/src/finiteVolume/lnInclude/fvc.H:44,
                 from /opt/openfoam5/src/finiteVolume/lnInclude/fvCFD.H:8,
                 from pamFoam.C:36:
/opt/openfoam5/src/finiteVolume/lnInclude/fvMatrix.C:1813:33: note: candidate: template<class Type> Foam::tmp<Foam::fvMatrix<Type> > Foam::operator+(const Foam::tmp<Foam::DimensionedField<Type, Foam::volMesh> >&, const Foam::tmp<Foam::fvMatrix<Type> >&)
 Foam::tmp<Foam::fvMatrix<Type>> Foam::operator+
                                 ^
/opt/openfoam5/src/finiteVolume/lnInclude/fvMatrix.C:1813:33: note:   template argument deduction/substitution failed:
In file included from pamFoam.C:143:0:
./processModels/SINEqn.H:9:7: note:   'const volScalarField {aka const Foam::GeometricField<double, Foam::fvPatchField, Foam::volMesh>}' is not derived from 'const Foam::tmp<Foam::DimensionedField<Type, Foam::volMesh> >'
     + alphaLiquid*fSINXS * rhoHydrolysis
       ^
In file included from /opt/openfoam5/src/finiteVolume/lnInclude/fvMatrix.H:1061:0,
                 from /opt/openfoam5/src/finiteVolume/lnInclude/ddtScheme.C:29,
                 from /opt/openfoam5/src/finiteVolume/lnInclude/ddtScheme.H:342,
                 from /opt/openfoam5/src/finiteVolume/lnInclude/fvcDdt.C:28,
                 from /opt/openfoam5/src/finiteVolume/lnInclude/fvcDdt.H:205,
                 from /opt/openfoam5/src/finiteVolume/lnInclude/fvc.H:44,
                 from /opt/openfoam5/src/finiteVolume/lnInclude/fvCFD.H:8,
                 from pamFoam.C:36:
/opt/openfoam5/src/finiteVolume/lnInclude/fvMatrix.C:1827:33: note: candidate: template<class Type> Foam::tmp<Foam::fvMatrix<Type> > Foam::operator+(const Foam::tmp<Foam::GeometricField<Type, Foam::fvPatchField, Foam::volMesh> >&, const Foam::tmp<Foam::fvMatrix<Type> >&)
 Foam::tmp<Foam::fvMatrix<Type>> Foam::operator+
                                 ^
/opt/openfoam5/src/finiteVolume/lnInclude/fvMatrix.C:1827:33: note:   template argument deduction/substitution failed:
In file included from pamFoam.C:143:0:
./processModels/SINEqn.H:9:7: note:   'const volScalarField {aka const Foam::GeometricField<double, Foam::fvPatchField, Foam::volMesh>}' is not derived from 'const Foam::tmp<Foam::GeometricField<Type, Foam::fvPatchField, Foam::volMesh> >'
     + alphaLiquid*fSINXS * rhoHydrolysis
       ^
In file included from /opt/openfoam5/src/finiteVolume/lnInclude/fvMatrix.H:1061:0,
                 from /opt/openfoam5/src/finiteVolume/lnInclude/ddtScheme.C:29,
                 from /opt/openfoam5/src/finiteVolume/lnInclude/ddtScheme.H:342,
                 from /opt/openfoam5/src/finiteVolume/lnInclude/fvcDdt.C:28,
                 from /opt/openfoam5/src/finiteVolume/lnInclude/fvcDdt.H:205,
                 from /opt/openfoam5/src/finiteVolume/lnInclude/fvc.H:44,
                 from /opt/openfoam5/src/finiteVolume/lnInclude/fvCFD.H:8,
                 from pamFoam.C:36:
/opt/openfoam5/src/finiteVolume/lnInclude/fvMatrix.C:2066:33: note: candidate: template<class Type> Foam::tmp<Foam::fvMatrix<Type> > Foam::operator+(const Foam::fvMatrix<Type>&, const Foam::dimensioned<Type>&)
 Foam::tmp<Foam::fvMatrix<Type>> Foam::operator+
                                 ^
/opt/openfoam5/src/finiteVolume/lnInclude/fvMatrix.C:2066:33: note:   template argument deduction/substitution failed:
In file included from pamFoam.C:143:0:
./processModels/SINEqn.H:9:7: note:   'const volScalarField {aka const Foam::GeometricField<double, Foam::fvPatchField, Foam::volMesh>}' is not derived from 'const Foam::fvMatrix<Type>'
     + alphaLiquid*fSINXS * rhoHydrolysis
       ^
In file included from /opt/openfoam5/src/finiteVolume/lnInclude/fvMatrix.H:1061:0,
                 from /opt/openfoam5/src/finiteVolume/lnInclude/ddtScheme.C:29,
                 from /opt/openfoam5/src/finiteVolume/lnInclude/ddtScheme.H:342,
                 from /opt/openfoam5/src/finiteVolume/lnInclude/fvcDdt.C:28,
                 from /opt/openfoam5/src/finiteVolume/lnInclude/fvcDdt.H:205,
                 from /opt/openfoam5/src/finiteVolume/lnInclude/fvc.H:44,
                 from /opt/openfoam5/src/finiteVolume/lnInclude/fvCFD.H:8,
                 from pamFoam.C:36:
/opt/openfoam5/src/finiteVolume/lnInclude/fvMatrix.C:2079:33: note: candidate: template<class Type> Foam::tmp<Foam::fvMatrix<Type> > Foam::operator+(const Foam::tmp<Foam::fvMatrix<Type> >&, const Foam::dimensioned<Type>&)
 Foam::tmp<Foam::fvMatrix<Type>> Foam::operator+
                                 ^
/opt/openfoam5/src/finiteVolume/lnInclude/fvMatrix.C:2079:33: note:   template argument deduction/substitution failed:
In file included from pamFoam.C:143:0:
./processModels/SINEqn.H:9:7: note:   'const volScalarField {aka const Foam::GeometricField<double, Foam::fvPatchField, Foam::volMesh>}' is not derived from 'const Foam::tmp<Foam::fvMatrix<Type> >'
     + alphaLiquid*fSINXS * rhoHydrolysis
       ^
In file included from /opt/openfoam5/src/finiteVolume/lnInclude/fvMatrix.H:1061:0,
                 from /opt/openfoam5/src/finiteVolume/lnInclude/ddtScheme.C:29,
                 from /opt/openfoam5/src/finiteVolume/lnInclude/ddtScheme.H:342,
                 from /opt/openfoam5/src/finiteVolume/lnInclude/fvcDdt.C:28,
                 from /opt/openfoam5/src/finiteVolume/lnInclude/fvcDdt.H:205,
                 from /opt/openfoam5/src/finiteVolume/lnInclude/fvc.H:44,
                 from /opt/openfoam5/src/finiteVolume/lnInclude/fvCFD.H:8,
                 from pamFoam.C:36:
/opt/openfoam5/src/finiteVolume/lnInclude/fvMatrix.C:2092:33: note: candidate: template<class Type> Foam::tmp<Foam::fvMatrix<Type> > Foam::operator+(const Foam::dimensioned<Type>&, const Foam::fvMatrix<Type>&)
 Foam::tmp<Foam::fvMatrix<Type>> Foam::operator+
                                 ^
/opt/openfoam5/src/finiteVolume/lnInclude/fvMatrix.C:2092:33: note:   template argument deduction/substitution failed:
In file included from pamFoam.C:143:0:
./processModels/SINEqn.H:9:7: note:   'const volScalarField {aka const Foam::GeometricField<double, Foam::fvPatchField, Foam::volMesh>}' is not derived from 'const Foam::dimensioned<Type>'
     + alphaLiquid*fSINXS * rhoHydrolysis
       ^
In file included from /opt/openfoam5/src/finiteVolume/lnInclude/fvMatrix.H:1061:0,
                 from /opt/openfoam5/src/finiteVolume/lnInclude/ddtScheme.C:29,
                 from /opt/openfoam5/src/finiteVolume/lnInclude/ddtScheme.H:342,
                 from /opt/openfoam5/src/finiteVolume/lnInclude/fvcDdt.C:28,
                 from /opt/openfoam5/src/finiteVolume/lnInclude/fvcDdt.H:205,
                 from /opt/openfoam5/src/finiteVolume/lnInclude/fvc.H:44,
                 from /opt/openfoam5/src/finiteVolume/lnInclude/fvCFD.H:8,
                 from pamFoam.C:36:
/opt/openfoam5/src/finiteVolume/lnInclude/fvMatrix.C:2105:33: note: candidate: template<class Type> Foam::tmp<Foam::fvMatrix<Type> > Foam::operator+(const Foam::dimensioned<Type>&, const Foam::tmp<Foam::fvMatrix<Type> >&)
 Foam::tmp<Foam::fvMatrix<Type>> Foam::operator+
                                 ^
/opt/openfoam5/src/finiteVolume/lnInclude/fvMatrix.C:2105:33: note:   template argument deduction/substitution failed:
In file included from pamFoam.C:143:0:
./processModels/SINEqn.H:9:7: note:   'const volScalarField {aka const Foam::GeometricField<double, Foam::fvPatchField, Foam::volMesh>}' is not derived from 'const Foam::dimensioned<Type>'
     + alphaLiquid*fSINXS * rhoHydrolysis
       ^
In file included from pamFoam.C:144:0:
./processModels/SIPEqn.H:9:5: error: no match for 'operator+' (operand type is 'const volScalarField {aka const Foam::GeometricField<double, Foam::fvPatchField, Foam::volMesh>}')
     + alphaLiquid * fSIPXS * rhoHydrolysis
     ^
In file included from /opt/openfoam5/src/OpenFOAM/lnInclude/zero.H:101:0,
                 from /opt/openfoam5/src/OpenFOAM/lnInclude/UList.H:49,
                 from /opt/openfoam5/src/OpenFOAM/lnInclude/List.H:43,
                 from /opt/openfoam5/src/OpenFOAM/lnInclude/labelList.H:48,
                 from /opt/openfoam5/src/OpenFOAM/lnInclude/UPstream.H:42,
                 from /opt/openfoam5/src/OpenFOAM/lnInclude/Pstream.H:42,
                 from /opt/openfoam5/src/OpenFOAM/lnInclude/parRun.H:35,
                 from /opt/openfoam5/src/finiteVolume/lnInclude/fvCFD.H:4,
                 from pamFoam.C:36:
/opt/openfoam5/src/OpenFOAM/lnInclude/zeroI.H:35:13: note: candidate: Foam::zero Foam::operator+(const Foam::zero&, const Foam::zero&)
 inline zero operator+(const zero&, const zero&)
             ^
/opt/openfoam5/src/OpenFOAM/lnInclude/zeroI.H:35:13: note:   candidate expects 2 arguments, 1 provided
/opt/openfoam5/src/OpenFOAM/lnInclude/zeroI.H:41:20: note: candidate: template<class Type> const Type& Foam::operator+(const Type&, const Foam::zero&)
 inline const Type& operator+(const Type& t, const zero&)
                    ^
/opt/openfoam5/src/OpenFOAM/lnInclude/zeroI.H:41:20: note:   template argument deduction/substitution failed:
In file included from pamFoam.C:144:0:
./processModels/SIPEqn.H:9:7: note:   candidate expects 2 arguments, 1 provided
     + alphaLiquid * fSIPXS * rhoHydrolysis
       ^
In file included from /opt/openfoam5/src/OpenFOAM/lnInclude/zero.H:101:0,
                 from /opt/openfoam5/src/OpenFOAM/lnInclude/UList.H:49,
                 from /opt/openfoam5/src/OpenFOAM/lnInclude/List.H:43,
                 from /opt/openfoam5/src/OpenFOAM/lnInclude/labelList.H:48,
                 from /opt/openfoam5/src/OpenFOAM/lnInclude/UPstream.H:42,
                 from /opt/openfoam5/src/OpenFOAM/lnInclude/Pstream.H:42,
                 from /opt/openfoam5/src/OpenFOAM/lnInclude/parRun.H:35,
                 from /opt/openfoam5/src/finiteVolume/lnInclude/fvCFD.H:4,
                 from pamFoam.C:36:
/opt/openfoam5/src/OpenFOAM/lnInclude/zeroI.H:47:20: note: candidate: template<class Type> const Type& Foam::operator+(const Foam::zero&, const Type&)
 inline const Type& operator+(const zero&, const Type& t)
                    ^
/opt/openfoam5/src/OpenFOAM/lnInclude/zeroI.H:47:20: note:   template argument deduction/substitution failed:
In file included from pamFoam.C:144:0:
./processModels/SIPEqn.H:9:7: note:   cannot convert 'alphaLiquid' (type 'const volScalarField {aka const Foam::GeometricField<double, Foam::fvPatchField, Foam::volMesh>}') to type 'const Foam::zero&'
     + alphaLiquid * fSIPXS * rhoHydrolysis
       ^
In file included from /opt/openfoam5/src/OpenFOAM/lnInclude/UPtrList.H:393:0,
                 from /opt/openfoam5/src/OpenFOAM/lnInclude/PtrList.H:44,
                 from /opt/openfoam5/src/OpenFOAM/lnInclude/List.C:29,
                 from /opt/openfoam5/src/OpenFOAM/lnInclude/List.H:309,
                 from /opt/openfoam5/src/OpenFOAM/lnInclude/labelList.H:48,
                 from /opt/openfoam5/src/OpenFOAM/lnInclude/UPstream.H:42,
                 from /opt/openfoam5/src/OpenFOAM/lnInclude/Pstream.H:42,
                 from /opt/openfoam5/src/OpenFOAM/lnInclude/parRun.H:35,
                 from /opt/openfoam5/src/finiteVolume/lnInclude/fvCFD.H:4,
                 from pamFoam.C:36:
/opt/openfoam5/src/OpenFOAM/lnInclude/UPtrListI.H:217:1: note: candidate: template<class T> typename Foam::UPtrList<T>::iterator Foam::operator+(const typename Foam::UPtrList<T>::iterator&, Foam::label)
 Foam::operator+(const typename UPtrList<T>::iterator& iter, label n)
 ^
/opt/openfoam5/src/OpenFOAM/lnInclude/UPtrListI.H:217:1: note:   template argument deduction/substitution failed:
In file included from pamFoam.C:144:0:
./processModels/SIPEqn.H:9:7: note:   candidate expects 2 arguments, 1 provided
     + alphaLiquid * fSIPXS * rhoHydrolysis
       ^
In file included from /opt/openfoam5/src/OpenFOAM/lnInclude/UPtrList.H:393:0,
                 from /opt/openfoam5/src/OpenFOAM/lnInclude/PtrList.H:44,
                 from /opt/openfoam5/src/OpenFOAM/lnInclude/List.C:29,
                 from /opt/openfoam5/src/OpenFOAM/lnInclude/List.H:309,
                 from /opt/openfoam5/src/OpenFOAM/lnInclude/labelList.H:48,
                 from /opt/openfoam5/src/OpenFOAM/lnInclude/UPstream.H:42,
                 from /opt/openfoam5/src/OpenFOAM/lnInclude/Pstream.H:42,
                 from /opt/openfoam5/src/OpenFOAM/lnInclude/parRun.H:35,
                 from /opt/openfoam5/src/finiteVolume/lnInclude/fvCFD.H:4,
                 from pamFoam.C:36:
/opt/openfoam5/src/OpenFOAM/lnInclude/UPtrListI.H:225:1: note: candidate: template<class T> typename Foam::UPtrList<T>::iterator Foam::operator+(Foam::label, const typename Foam::UPtrList<T>::iterator&)
 Foam::operator+(label n, const typename UPtrList<T>::iterator& iter)
 ^
/opt/openfoam5/src/OpenFOAM/lnInclude/UPtrListI.H:225:1: note:   template argument deduction/substitution failed:
In file included from pamFoam.C:144:0:
./processModels/SIPEqn.H:9:7: note:   cannot convert 'alphaLiquid' (type 'const volScalarField {aka const Foam::GeometricField<double, Foam::fvPatchField, Foam::volMesh>}') to type 'Foam::label {aka int}'
     + alphaLiquid * fSIPXS * rhoHydrolysis
       ^
In file included from /opt/openfoam5/src/OpenFOAM/lnInclude/UPtrList.H:393:0,
                 from /opt/openfoam5/src/OpenFOAM/lnInclude/PtrList.H:44,
                 from /opt/openfoam5/src/OpenFOAM/lnInclude/List.C:29,
                 from /opt/openfoam5/src/OpenFOAM/lnInclude/List.H:309,
                 from /opt/openfoam5/src/OpenFOAM/lnInclude/labelList.H:48,
                 from /opt/openfoam5/src/OpenFOAM/lnInclude/UPstream.H:42,
                 from /opt/openfoam5/src/OpenFOAM/lnInclude/Pstream.H:42,
                 from /opt/openfoam5/src/OpenFOAM/lnInclude/parRun.H:35,
                 from /opt/openfoam5/src/finiteVolume/lnInclude/fvCFD.H:4,
                 from pamFoam.C:36:
/opt/openfoam5/src/OpenFOAM/lnInclude/UPtrListI.H:401:1: note: candidate: template<class T> typename Foam::UPtrList<T>::const_iterator Foam::operator+(const typename Foam::UPtrList<T>::const_iterator&, Foam::label)
 Foam::operator+(const typename UPtrList<T>::const_iterator& iter, label n)
 ^
/opt/openfoam5/src/OpenFOAM/lnInclude/UPtrListI.H:401:1: note:   template argument deduction/substitution failed:
In file included from pamFoam.C:144:0:
./processModels/SIPEqn.H:9:7: note:   candidate expects 2 arguments, 1 provided
     + alphaLiquid * fSIPXS * rhoHydrolysis
       ^
In file included from /opt/openfoam5/src/OpenFOAM/lnInclude/UPtrList.H:393:0,
                 from /opt/openfoam5/src/OpenFOAM/lnInclude/PtrList.H:44,
                 from /opt/openfoam5/src/OpenFOAM/lnInclude/List.C:29,
                 from /opt/openfoam5/src/OpenFOAM/lnInclude/List.H:309,
                 from /opt/openfoam5/src/OpenFOAM/lnInclude/labelList.H:48,
                 from /opt/openfoam5/src/OpenFOAM/lnInclude/UPstream.H:42,
                 from /opt/openfoam5/src/OpenFOAM/lnInclude/Pstream.H:42,
                 from /opt/openfoam5/src/OpenFOAM/lnInclude/parRun.H:35,
                 from /opt/openfoam5/src/finiteVolume/lnInclude/fvCFD.H:4,
                 from pamFoam.C:36:
/opt/openfoam5/src/OpenFOAM/lnInclude/UPtrListI.H:410:1: note: candidate: template<class T> typename Foam::UPtrList<T>::const_iterator Foam::operator+(Foam::label, const typename Foam::UPtrList<T>::const_iterator&)
 Foam::operator+(label n, const typename UPtrList<T>::const_iterator& iter)
 ^
/opt/openfoam5/src/OpenFOAM/lnInclude/UPtrListI.H:410:1: note:   template argument deduction/substitution failed:
In file included from pamFoam.C:144:0:
./processModels/SIPEqn.H:9:7: note:   cannot convert 'alphaLiquid' (type 'const volScalarField {aka const Foam::GeometricField<double, Foam::fvPatchField, Foam::volMesh>}') to type 'Foam::label {aka int}'
     + alphaLiquid * fSIPXS * rhoHydrolysis
       ^
In file included from /opt/openfoam5/src/OpenFOAM/lnInclude/baseIOdictionary.H:43:0,
                 from /opt/openfoam5/src/OpenFOAM/lnInclude/unwatchedIOdictionary.H:37,
                 from /opt/openfoam5/src/OpenFOAM/lnInclude/Time.H:43,
                 from /opt/openfoam5/src/finiteVolume/lnInclude/fvCFD.H:6,
                 from pamFoam.C:36:
/opt/openfoam5/src/OpenFOAM/lnInclude/dictionary.H:575:12: note: candidate: Foam::dictionary Foam::operator+(const Foam::dictionary&, const Foam::dictionary&)
 dictionary operator+(const dictionary& dict1, const dictionary& dict2);
            ^
/opt/openfoam5/src/OpenFOAM/lnInclude/dictionary.H:575:12: note:   candidate expects 2 arguments, 1 provided
In file included from /opt/openfoam5/src/OpenFOAM/lnInclude/VectorSpace.H:230:0,
                 from /opt/openfoam5/src/OpenFOAM/lnInclude/Field.H:46,
                 from /opt/openfoam5/src/OpenFOAM/lnInclude/scalarField.H:38,
                 from /opt/openfoam5/src/OpenFOAM/lnInclude/dimensionSet.H:46,
                 from /opt/openfoam5/src/OpenFOAM/lnInclude/dimensionedType.H:40,
                 from /opt/openfoam5/src/OpenFOAM/lnInclude/dimensionedScalar.H:38,
                 from /opt/openfoam5/src/OpenFOAM/lnInclude/TimeState.H:38,
                 from /opt/openfoam5/src/OpenFOAM/lnInclude/Time.H:47,
                 from /opt/openfoam5/src/finiteVolume/lnInclude/fvCFD.H:6,
                 from pamFoam.C:36:
/opt/openfoam5/src/OpenFOAM/lnInclude/VectorSpaceI.H:647:13: note: candidate: template<class Form, class Cmpt, unsigned char Ncmpts> Form Foam::operator+(const Foam::VectorSpace<Form, Cmpt, Ncmpts>&, const Foam::VectorSpace<Form, Cmpt, Ncmpts>&)
 inline Form operator+
             ^
/opt/openfoam5/src/OpenFOAM/lnInclude/VectorSpaceI.H:647:13: note:   template argument deduction/substitution failed:
In file included from pamFoam.C:144:0:
./processModels/SIPEqn.H:9:7: note:   'const volScalarField {aka const Foam::GeometricField<double, Foam::fvPatchField, Foam::volMesh>}' is not derived from 'const Foam::VectorSpace<Form, Cmpt, Ncmpts>'
     + alphaLiquid * fSIPXS * rhoHydrolysis
       ^
In file included from /opt/openfoam5/src/OpenFOAM/lnInclude/Field.C:877:0,
                 from /opt/openfoam5/src/OpenFOAM/lnInclude/Field.H:408,
                 from /opt/openfoam5/src/OpenFOAM/lnInclude/scalarField.H:38,
                 from /opt/openfoam5/src/OpenFOAM/lnInclude/dimensionSet.H:46,
                 from /opt/openfoam5/src/OpenFOAM/lnInclude/dimensionedType.H:40,
                 from /opt/openfoam5/src/OpenFOAM/lnInclude/dimensionedScalar.H:38,
                 from /opt/openfoam5/src/OpenFOAM/lnInclude/TimeState.H:38,
                 from /opt/openfoam5/src/OpenFOAM/lnInclude/Time.H:47,
                 from /opt/openfoam5/src/finiteVolume/lnInclude/fvCFD.H:6,
                 from pamFoam.C:36:
/opt/openfoam5/src/OpenFOAM/lnInclude/FieldFunctions.C:652:1: note: candidate: template<class Type1, class Type2> Foam::tmp<Foam::Field<typename Foam::typeOfSum<Type1, Type2>::type> > Foam::operator+(const Foam::UList<T>&, const Foam::UList<Key>&)
 operator Op(const UList<Type1>& f1, const UList<Type2>& f2)                    \
 ^
/opt/openfoam5/src/OpenFOAM/lnInclude/FieldFunctions.C:770:1: note: in expansion of macro 'PRODUCT_OPERATOR'
 PRODUCT_OPERATOR(typeOfSum, +, add)
 ^
/opt/openfoam5/src/OpenFOAM/lnInclude/FieldFunctions.C:652:1: note:   template argument deduction/substitution failed:
 operator Op(const UList<Type1>& f1, const UList<Type2>& f2)                    \
 ^
/opt/openfoam5/src/OpenFOAM/lnInclude/FieldFunctions.C:770:1: note: in expansion of macro 'PRODUCT_OPERATOR'
 PRODUCT_OPERATOR(typeOfSum, +, add)
 ^
In file included from pamFoam.C:144:0:
./processModels/SIPEqn.H:9:7: note:   candidate expects 2 arguments, 1 provided
     + alphaLiquid * fSIPXS * rhoHydrolysis
       ^
In file included from /opt/openfoam5/src/OpenFOAM/lnInclude/Field.C:877:0,
                 from /opt/openfoam5/src/OpenFOAM/lnInclude/Field.H:408,
                 from /opt/openfoam5/src/OpenFOAM/lnInclude/scalarField.H:38,
                 from /opt/openfoam5/src/OpenFOAM/lnInclude/dimensionSet.H:46,
                 from /opt/openfoam5/src/OpenFOAM/lnInclude/dimensionedType.H:40,
                 from /opt/openfoam5/src/OpenFOAM/lnInclude/dimensionedScalar.H:38,
                 from /opt/openfoam5/src/OpenFOAM/lnInclude/TimeState.H:38,
                 from /opt/openfoam5/src/OpenFOAM/lnInclude/Time.H:47,
                 from /opt/openfoam5/src/finiteVolume/lnInclude/fvCFD.H:6,
                 from pamFoam.C:36:
/opt/openfoam5/src/OpenFOAM/lnInclude/FieldFunctions.C:662:1: note: candidate: template<class Type1, class Type2> Foam::tmp<Foam::Field<typename Foam::typeOfSum<Type1, Type2>::type> > Foam::operator+(const Foam::UList<T>&, const Foam::tmp<Foam::Field<Type2> >&)
 operator Op(const UList<Type1>& f1, const tmp<Field<Type2>>& tf2)              \
 ^
/opt/openfoam5/src/OpenFOAM/lnInclude/FieldFunctions.C:770:1: note: in expansion of macro 'PRODUCT_OPERATOR'
 PRODUCT_OPERATOR(typeOfSum, +, add)
 ^
/opt/openfoam5/src/OpenFOAM/lnInclude/FieldFunctions.C:662:1: note:   template argument deduction/substitution failed:
 operator Op(const UList<Type1>& f1, const tmp<Field<Type2>>& tf2)              \
 ^
/opt/openfoam5/src/OpenFOAM/lnInclude/FieldFunctions.C:770:1: note: in expansion of macro 'PRODUCT_OPERATOR'
 PRODUCT_OPERATOR(typeOfSum, +, add)
 ^
In file included from pamFoam.C:144:0:
./processModels/SIPEqn.H:9:7: note:   candidate expects 2 arguments, 1 provided
     + alphaLiquid * fSIPXS * rhoHydrolysis
       ^
In file included from /opt/openfoam5/src/OpenFOAM/lnInclude/Field.C:877:0,
                 from /opt/openfoam5/src/OpenFOAM/lnInclude/Field.H:408,
                 from /opt/openfoam5/src/OpenFOAM/lnInclude/scalarField.H:38,
                 from /opt/openfoam5/src/OpenFOAM/lnInclude/dimensionSet.H:46,
                 from /opt/openfoam5/src/OpenFOAM/lnInclude/dimensionedType.H:40,
                 from /opt/openfoam5/src/OpenFOAM/lnInclude/dimensionedScalar.H:38,
                 from /opt/openfoam5/src/OpenFOAM/lnInclude/TimeState.H:38,
                 from /opt/openfoam5/src/OpenFOAM/lnInclude/Time.H:47,
                 from /opt/openfoam5/src/finiteVolume/lnInclude/fvCFD.H:6,
                 from pamFoam.C:36:
/opt/openfoam5/src/OpenFOAM/lnInclude/FieldFunctions.C:673:1: note: candidate: template<class Type1, class Type2> Foam::tmp<Foam::Field<typename Foam::typeOfSum<Type1, Type2>::type> > Foam::operator+(const Foam::tmp<Foam::Field<Type> >&, const Foam::UList<Key>&)
 operator Op(const tmp<Field<Type1>>& tf1, const UList<Type2>& f2)              \
 ^
/opt/openfoam5/src/OpenFOAM/lnInclude/FieldFunctions.C:770:1: note: in expansion of macro 'PRODUCT_OPERATOR'
 PRODUCT_OPERATOR(typeOfSum, +, add)
 ^
/opt/openfoam5/src/OpenFOAM/lnInclude/FieldFunctions.C:673:1: note:   template argument deduction/substitution failed:
 operator Op(const tmp<Field<Type1>>& tf1, const UList<Type2>& f2)              \
 ^
/opt/openfoam5/src/OpenFOAM/lnInclude/FieldFunctions.C:770:1: note: in expansion of macro 'PRODUCT_OPERATOR'
 PRODUCT_OPERATOR(typeOfSum, +, add)
 ^
In file included from pamFoam.C:144:0:
./processModels/SIPEqn.H:9:7: note:   'const volScalarField {aka const Foam::GeometricField<double, Foam::fvPatchField, Foam::volMesh>}' is not derived from 'const Foam::tmp<Foam::Field<Type> >'
     + alphaLiquid * fSIPXS * rhoHydrolysis
       ^
In file included from /opt/openfoam5/src/OpenFOAM/lnInclude/Field.C:877:0,
                 from /opt/openfoam5/src/OpenFOAM/lnInclude/Field.H:408,
                 from /opt/openfoam5/src/OpenFOAM/lnInclude/scalarField.H:38,
                 from /opt/openfoam5/src/OpenFOAM/lnInclude/dimensionSet.H:46,
                 from /opt/openfoam5/src/OpenFOAM/lnInclude/dimensionedType.H:40,
                 from /opt/openfoam5/src/OpenFOAM/lnInclude/dimensionedScalar.H:38,
                 from /opt/openfoam5/src/OpenFOAM/lnInclude/TimeState.H:38,
                 from /opt/openfoam5/src/OpenFOAM/lnInclude/Time.H:47,
                 from /opt/openfoam5/src/finiteVolume/lnInclude/fvCFD.H:6,
                 from pamFoam.C:36:
/opt/openfoam5/src/OpenFOAM/lnInclude/FieldFunctions.C:684:1: note: candidate: template<class Type1, class Type2> Foam::tmp<Foam::Field<typename Foam::typeOfSum<Type1, Type2>::type> > Foam::operator+(const Foam::tmp<Foam::Field<Type> >&, const Foam::tmp<Foam::Field<Type2> >&)
 operator Op(const tmp<Field<Type1>>& tf1, const tmp<Field<Type2>>& tf2)        \
 ^
/opt/openfoam5/src/OpenFOAM/lnInclude/FieldFunctions.C:770:1: note: in expansion of macro 'PRODUCT_OPERATOR'
 PRODUCT_OPERATOR(typeOfSum, +, add)
 ^
/opt/openfoam5/src/OpenFOAM/lnInclude/FieldFunctions.C:684:1: note:   template argument deduction/substitution failed:
 operator Op(const tmp<Field<Type1>>& tf1, const tmp<Field<Type2>>& tf2)        \
 ^
/opt/openfoam5/src/OpenFOAM/lnInclude/FieldFunctions.C:770:1: note: in expansion of macro 'PRODUCT_OPERATOR'
 PRODUCT_OPERATOR(typeOfSum, +, add)
 ^
In file included from pamFoam.C:144:0:
./processModels/SIPEqn.H:9:7: note:   'const volScalarField {aka const Foam::GeometricField<double, Foam::fvPatchField, Foam::volMesh>}' is not derived from 'const Foam::tmp<Foam::Field<Type> >'
     + alphaLiquid * fSIPXS * rhoHydrolysis
       ^
In file included from /opt/openfoam5/src/OpenFOAM/lnInclude/Field.C:877:0,
                 from /opt/openfoam5/src/OpenFOAM/lnInclude/Field.H:408,
                 from /opt/openfoam5/src/OpenFOAM/lnInclude/scalarField.H:38,
                 from /opt/openfoam5/src/OpenFOAM/lnInclude/dimensionSet.H:46,
                 from /opt/openfoam5/src/OpenFOAM/lnInclude/dimensionedType.H:40,
                 from /opt/openfoam5/src/OpenFOAM/lnInclude/dimensionedScalar.H:38,
                 from /opt/openfoam5/src/OpenFOAM/lnInclude/TimeState.H:38,
                 from /opt/openfoam5/src/OpenFOAM/lnInclude/Time.H:47,
                 from /opt/openfoam5/src/finiteVolume/lnInclude/fvCFD.H:6,
                 from pamFoam.C:36:
/opt/openfoam5/src/OpenFOAM/lnInclude/FieldFunctions.C:710:1: note: candidate: template<class Type, class Form, class Cmpt, unsigned char nCmpt> Foam::tmp<Foam::Field<typename Foam::typeOfSum<Type1, Type2>::type> > Foam::operator+(const Foam::UList<T>&, const Foam::VectorSpace<Form, Cmpt, nCmpt>&)
 operator Op(const UList<Type>& f1, const VectorSpace<Form,Cmpt,nCmpt>& vs)     \
 ^
/opt/openfoam5/src/OpenFOAM/lnInclude/FieldFunctions.C:770:1: note: in expansion of macro 'PRODUCT_OPERATOR'
 PRODUCT_OPERATOR(typeOfSum, +, add)
 ^
/opt/openfoam5/src/OpenFOAM/lnInclude/FieldFunctions.C:710:1: note:   template argument deduction/substitution failed:
 operator Op(const UList<Type>& f1, const VectorSpace<Form,Cmpt,nCmpt>& vs)     \
 ^
/opt/openfoam5/src/OpenFOAM/lnInclude/FieldFunctions.C:770:1: note: in expansion of macro 'PRODUCT_OPERATOR'
 PRODUCT_OPERATOR(typeOfSum, +, add)
 ^
In file included from pamFoam.C:144:0:
./processModels/SIPEqn.H:9:7: note:   candidate expects 2 arguments, 1 provided
     + alphaLiquid * fSIPXS * rhoHydrolysis
       ^
In file included from /opt/openfoam5/src/OpenFOAM/lnInclude/Field.C:877:0,
                 from /opt/openfoam5/src/OpenFOAM/lnInclude/Field.H:408,
                 from /opt/openfoam5/src/OpenFOAM/lnInclude/scalarField.H:38,
                 from /opt/openfoam5/src/OpenFOAM/lnInclude/dimensionSet.H:46,
                 from /opt/openfoam5/src/OpenFOAM/lnInclude/dimensionedType.H:40,
                 from /opt/openfoam5/src/OpenFOAM/lnInclude/dimensionedScalar.H:38,
                 from /opt/openfoam5/src/OpenFOAM/lnInclude/TimeState.H:38,
                 from /opt/openfoam5/src/OpenFOAM/lnInclude/Time.H:47,
                 from /opt/openfoam5/src/finiteVolume/lnInclude/fvCFD.H:6,
                 from pamFoam.C:36:
/opt/openfoam5/src/OpenFOAM/lnInclude/FieldFunctions.C:720:1: note: candidate: template<class Type, class Form, class Cmpt, unsigned char nCmpt> Foam::tmp<Foam::Field<typename Foam::typeOfSum<Type1, Type2>::type> > Foam::operator+(const Foam::tmp<Foam::Field<Type> >&, const Foam::VectorSpace<Form, Cmpt, nCmpt>&)
 operator Op                                                                    \
 ^
/opt/openfoam5/src/OpenFOAM/lnInclude/FieldFunctions.C:770:1: note: in expansion of macro 'PRODUCT_OPERATOR'
 PRODUCT_OPERATOR(typeOfSum, +, add)
 ^
/opt/openfoam5/src/OpenFOAM/lnInclude/FieldFunctions.C:720:1: note:   template argument deduction/substitution failed:
 operator Op                                                                    \
 ^
/opt/openfoam5/src/OpenFOAM/lnInclude/FieldFunctions.C:770:1: note: in expansion of macro 'PRODUCT_OPERATOR'
 PRODUCT_OPERATOR(typeOfSum, +, add)
 ^
In file included from pamFoam.C:144:0:
./processModels/SIPEqn.H:9:7: note:   'const volScalarField {aka const Foam::GeometricField<double, Foam::fvPatchField, Foam::volMesh>}' is not derived from 'const Foam::tmp<Foam::Field<Type> >'
     + alphaLiquid * fSIPXS * rhoHydrolysis
       ^
In file included from /opt/openfoam5/src/OpenFOAM/lnInclude/Field.C:877:0,
                 from /opt/openfoam5/src/OpenFOAM/lnInclude/Field.H:408,
                 from /opt/openfoam5/src/OpenFOAM/lnInclude/scalarField.H:38,
                 from /opt/openfoam5/src/OpenFOAM/lnInclude/dimensionSet.H:46,
                 from /opt/openfoam5/src/OpenFOAM/lnInclude/dimensionedType.H:40,
                 from /opt/openfoam5/src/OpenFOAM/lnInclude/dimensionedScalar.H:38,
                 from /opt/openfoam5/src/OpenFOAM/lnInclude/TimeState.H:38,
                 from /opt/openfoam5/src/OpenFOAM/lnInclude/Time.H:47,
                 from /opt/openfoam5/src/finiteVolume/lnInclude/fvCFD.H:6,
                 from pamFoam.C:36:
/opt/openfoam5/src/OpenFOAM/lnInclude/FieldFunctions.C:748:1: note: candidate: template<class Form, class Cmpt, unsigned char nCmpt, class Type> Foam::tmp<Foam::Field<typename Foam::typeOfSum<Form, Type>::type> > Foam::operator+(const Foam::VectorSpace<Form, Cmpt, Ncmpts>&, const Foam::UList<Type>&)
 operator Op(const VectorSpace<Form,Cmpt,nCmpt>& vs, const UList<Type>& f1)     \
 ^
/opt/openfoam5/src/OpenFOAM/lnInclude/FieldFunctions.C:770:1: note: in expansion of macro 'PRODUCT_OPERATOR'
 PRODUCT_OPERATOR(typeOfSum, +, add)
 ^
/opt/openfoam5/src/OpenFOAM/lnInclude/FieldFunctions.C:748:1: note:   template argument deduction/substitution failed:
 operator Op(const VectorSpace<Form,Cmpt,nCmpt>& vs, const UList<Type>& f1)     \
 ^
/opt/openfoam5/src/OpenFOAM/lnInclude/FieldFunctions.C:770:1: note: in expansion of macro 'PRODUCT_OPERATOR'
 PRODUCT_OPERATOR(typeOfSum, +, add)
 ^
In file included from pamFoam.C:144:0:
./processModels/SIPEqn.H:9:7: note:   'const volScalarField {aka const Foam::GeometricField<double, Foam::fvPatchField, Foam::volMesh>}' is not derived from 'const Foam::VectorSpace<Form, Cmpt, Ncmpts>'
     + alphaLiquid * fSIPXS * rhoHydrolysis
       ^
In file included from /opt/openfoam5/src/OpenFOAM/lnInclude/Field.C:877:0,
                 from /opt/openfoam5/src/OpenFOAM/lnInclude/Field.H:408,
                 from /opt/openfoam5/src/OpenFOAM/lnInclude/scalarField.H:38,
                 from /opt/openfoam5/src/OpenFOAM/lnInclude/dimensionSet.H:46,
                 from /opt/openfoam5/src/OpenFOAM/lnInclude/dimensionedType.H:40,
                 from /opt/openfoam5/src/OpenFOAM/lnInclude/dimensionedScalar.H:38,
                 from /opt/openfoam5/src/OpenFOAM/lnInclude/TimeState.H:38,
                 from /opt/openfoam5/src/OpenFOAM/lnInclude/Time.H:47,
                 from /opt/openfoam5/src/finiteVolume/lnInclude/fvCFD.H:6,
                 from pamFoam.C:36:
/opt/openfoam5/src/OpenFOAM/lnInclude/FieldFunctions.C:758:1: note: candidate: template<class Form, class Cmpt, unsigned char nCmpt, class Type> Foam::tmp<Foam::Field<typename Foam::typeOfSum<Form, Type>::type> > Foam::operator+(const Foam::VectorSpace<Form, Cmpt, Ncmpts>&, const Foam::tmp<Foam::Field<Type> >&)
 operator Op                                                                    \
 ^
/opt/openfoam5/src/OpenFOAM/lnInclude/FieldFunctions.C:770:1: note: in expansion of macro 'PRODUCT_OPERATOR'
 PRODUCT_OPERATOR(typeOfSum, +, add)
 ^
/opt/openfoam5/src/OpenFOAM/lnInclude/FieldFunctions.C:758:1: note:   template argument deduction/substitution failed:
 operator Op                                                                    \
 ^
/opt/openfoam5/src/OpenFOAM/lnInclude/FieldFunctions.C:770:1: note: in expansion of macro 'PRODUCT_OPERATOR'
 PRODUCT_OPERATOR(typeOfSum, +, add)
 ^
In file included from pamFoam.C:144:0:
./processModels/SIPEqn.H:9:7: note:   'const volScalarField {aka const Foam::GeometricField<double, Foam::fvPatchField, Foam::volMesh>}' is not derived from 'const Foam::VectorSpace<Form, Cmpt, Ncmpts>'
     + alphaLiquid * fSIPXS * rhoHydrolysis
       ^
In file included from /opt/openfoam5/src/OpenFOAM/lnInclude/Tensor.H:231:0,
                 from /opt/openfoam5/src/OpenFOAM/lnInclude/SymmTensorI.H:27,
                 from /opt/openfoam5/src/OpenFOAM/lnInclude/SymmTensor.H:155,
                 from /opt/openfoam5/src/OpenFOAM/lnInclude/symmTensor.H:38,
                 from /opt/openfoam5/src/OpenFOAM/lnInclude/fieldTypes.H:37,
                 from /opt/openfoam5/src/OpenFOAM/lnInclude/flipOp.H:40,
                 from /opt/openfoam5/src/OpenFOAM/lnInclude/mapDistributeBaseTemplates.C:29,
                 from /opt/openfoam5/src/OpenFOAM/lnInclude/mapDistributeBase.H:489,
                 from /opt/openfoam5/src/OpenFOAM/lnInclude/FieldMapper.H:35,
                 from /opt/openfoam5/src/OpenFOAM/lnInclude/Field.C:26,
                 from /opt/openfoam5/src/OpenFOAM/lnInclude/Field.H:408,
                 from /opt/openfoam5/src/OpenFOAM/lnInclude/scalarField.H:38,
                 from /opt/openfoam5/src/OpenFOAM/lnInclude/dimensionSet.H:46,
                 from /opt/openfoam5/src/OpenFOAM/lnInclude/dimensionedType.H:40,
                 from /opt/openfoam5/src/OpenFOAM/lnInclude/dimensionedScalar.H:38,
                 from /opt/openfoam5/src/OpenFOAM/lnInclude/TimeState.H:38,
                 from /opt/openfoam5/src/OpenFOAM/lnInclude/Time.H:47,
                 from /opt/openfoam5/src/finiteVolume/lnInclude/fvCFD.H:6,
                 from pamFoam.C:36:
/opt/openfoam5/src/OpenFOAM/lnInclude/TensorI.H:680:1: note: candidate: template<class Cmpt> Foam::Tensor<Cmpt> Foam::operator+(const Foam::SphericalTensor<Cmpt>&, const Foam::Tensor<Cmpt>&)
 operator+(const SphericalTensor<Cmpt>& st1, const Tensor<Cmpt>& t2)
 ^
/opt/openfoam5/src/OpenFOAM/lnInclude/TensorI.H:680:1: note:   template argument deduction/substitution failed:
In file included from pamFoam.C:144:0:
./processModels/SIPEqn.H:9:7: note:   'const volScalarField {aka const Foam::GeometricField<double, Foam::fvPatchField, Foam::volMesh>}' is not derived from 'const Foam::SphericalTensor<Cmpt>'
     + alphaLiquid * fSIPXS * rhoHydrolysis
       ^
In file included from /opt/openfoam5/src/OpenFOAM/lnInclude/Tensor.H:231:0,
                 from /opt/openfoam5/src/OpenFOAM/lnInclude/SymmTensorI.H:27,
                 from /opt/openfoam5/src/OpenFOAM/lnInclude/SymmTensor.H:155,
                 from /opt/openfoam5/src/OpenFOAM/lnInclude/symmTensor.H:38,
                 from /opt/openfoam5/src/OpenFOAM/lnInclude/fieldTypes.H:37,
                 from /opt/openfoam5/src/OpenFOAM/lnInclude/flipOp.H:40,
                 from /opt/openfoam5/src/OpenFOAM/lnInclude/mapDistributeBaseTemplates.C:29,
                 from /opt/openfoam5/src/OpenFOAM/lnInclude/mapDistributeBase.H:489,
                 from /opt/openfoam5/src/OpenFOAM/lnInclude/FieldMapper.H:35,
                 from /opt/openfoam5/src/OpenFOAM/lnInclude/Field.C:26,
                 from /opt/openfoam5/src/OpenFOAM/lnInclude/Field.H:408,
                 from /opt/openfoam5/src/OpenFOAM/lnInclude/scalarField.H:38,
                 from /opt/openfoam5/src/OpenFOAM/lnInclude/dimensionSet.H:46,
                 from /opt/openfoam5/src/OpenFOAM/lnInclude/dimensionedType.H:40,
                 from /opt/openfoam5/src/OpenFOAM/lnInclude/dimensionedScalar.H:38,
                 from /opt/openfoam5/src/OpenFOAM/lnInclude/TimeState.H:38,
                 from /opt/openfoam5/src/OpenFOAM/lnInclude/Time.H:47,
                 from /opt/openfoam5/src/finiteVolume/lnInclude/fvCFD.H:6,
                 from pamFoam.C:36:
/opt/openfoam5/src/OpenFOAM/lnInclude/TensorI.H:693:1: note: candidate: template<class Cmpt> Foam::Tensor<Cmpt> Foam::operator+(const Foam::Tensor<Cmpt>&, const Foam::SphericalTensor<Cmpt>&)
 operator+(const Tensor<Cmpt>& t1, const SphericalTensor<Cmpt>& st2)
 ^
/opt/openfoam5/src/OpenFOAM/lnInclude/TensorI.H:693:1: note:   template argument deduction/substitution failed:
In file included from pamFoam.C:144:0:
./processModels/SIPEqn.H:9:7: note:   'const volScalarField {aka const Foam::GeometricField<double, Foam::fvPatchField, Foam::volMesh>}' is not derived from 'const Foam::Tensor<Cmpt>'
     + alphaLiquid * fSIPXS * rhoHydrolysis
       ^
In file included from /opt/openfoam5/src/OpenFOAM/lnInclude/Tensor.H:231:0,
                 from /opt/openfoam5/src/OpenFOAM/lnInclude/SymmTensorI.H:27,
                 from /opt/openfoam5/src/OpenFOAM/lnInclude/SymmTensor.H:155,
                 from /opt/openfoam5/src/OpenFOAM/lnInclude/symmTensor.H:38,
                 from /opt/openfoam5/src/OpenFOAM/lnInclude/fieldTypes.H:37,
                 from /opt/openfoam5/src/OpenFOAM/lnInclude/flipOp.H:40,
                 from /opt/openfoam5/src/OpenFOAM/lnInclude/mapDistributeBaseTemplates.C:29,
                 from /opt/openfoam5/src/OpenFOAM/lnInclude/mapDistributeBase.H:489,
                 from /opt/openfoam5/src/OpenFOAM/lnInclude/FieldMapper.H:35,
                 from /opt/openfoam5/src/OpenFOAM/lnInclude/Field.C:26,
                 from /opt/openfoam5/src/OpenFOAM/lnInclude/Field.H:408,
                 from /opt/openfoam5/src/OpenFOAM/lnInclude/scalarField.H:38,
                 from /opt/openfoam5/src/OpenFOAM/lnInclude/dimensionSet.H:46,
                 from /opt/openfoam5/src/OpenFOAM/lnInclude/dimensionedType.H:40,
                 from /opt/openfoam5/src/OpenFOAM/lnInclude/dimensionedScalar.H:38,
                 from /opt/openfoam5/src/OpenFOAM/lnInclude/TimeState.H:38,
                 from /opt/openfoam5/src/OpenFOAM/lnInclude/Time.H:47,
                 from /opt/openfoam5/src/finiteVolume/lnInclude/fvCFD.H:6,
                 from pamFoam.C:36:
/opt/openfoam5/src/OpenFOAM/lnInclude/TensorI.H:816:1: note: candidate: template<class Cmpt> Foam::Tensor<Cmpt> Foam::operator+(const Foam::SymmTensor<Cmpt>&, const Foam::Tensor<Cmpt>&)
 operator+(const SymmTensor<Cmpt>& st1, const Tensor<Cmpt>& t2)
 ^
/opt/openfoam5/src/OpenFOAM/lnInclude/TensorI.H:816:1: note:   template argument deduction/substitution failed:
In file included from pamFoam.C:144:0:
./processModels/SIPEqn.H:9:7: note:   'const volScalarField {aka const Foam::GeometricField<double, Foam::fvPatchField, Foam::volMesh>}' is not derived from 'const Foam::SymmTensor<Cmpt>'
     + alphaLiquid * fSIPXS * rhoHydrolysis
       ^
In file included from /opt/openfoam5/src/OpenFOAM/lnInclude/Tensor.H:231:0,
                 from /opt/openfoam5/src/OpenFOAM/lnInclude/SymmTensorI.H:27,
                 from /opt/openfoam5/src/OpenFOAM/lnInclude/SymmTensor.H:155,
                 from /opt/openfoam5/src/OpenFOAM/lnInclude/symmTensor.H:38,
                 from /opt/openfoam5/src/OpenFOAM/lnInclude/fieldTypes.H:37,
                 from /opt/openfoam5/src/OpenFOAM/lnInclude/flipOp.H:40,
                 from /opt/openfoam5/src/OpenFOAM/lnInclude/mapDistributeBaseTemplates.C:29,
                 from /opt/openfoam5/src/OpenFOAM/lnInclude/mapDistributeBase.H:489,
                 from /opt/openfoam5/src/OpenFOAM/lnInclude/FieldMapper.H:35,
                 from /opt/openfoam5/src/OpenFOAM/lnInclude/Field.C:26,
                 from /opt/openfoam5/src/OpenFOAM/lnInclude/Field.H:408,
                 from /opt/openfoam5/src/OpenFOAM/lnInclude/scalarField.H:38,
                 from /opt/openfoam5/src/OpenFOAM/lnInclude/dimensionSet.H:46,
                 from /opt/openfoam5/src/OpenFOAM/lnInclude/dimensionedType.H:40,
                 from /opt/openfoam5/src/OpenFOAM/lnInclude/dimensionedScalar.H:38,
                 from /opt/openfoam5/src/OpenFOAM/lnInclude/TimeState.H:38,
                 from /opt/openfoam5/src/OpenFOAM/lnInclude/Time.H:47,
                 from /opt/openfoam5/src/finiteVolume/lnInclude/fvCFD.H:6,
                 from pamFoam.C:36:
/opt/openfoam5/src/OpenFOAM/lnInclude/TensorI.H:829:1: note: candidate: template<class Cmpt> Foam::Tensor<Cmpt> Foam::operator+(const Foam::Tensor<Cmpt>&, const Foam::SymmTensor<Cmpt>&)
 operator+(const Tensor<Cmpt>& t1, const SymmTensor<Cmpt>& st2)
 ^
/opt/openfoam5/src/OpenFOAM/lnInclude/TensorI.H:829:1: note:   template argument deduction/substitution failed:
In file included from pamFoam.C:144:0:
./processModels/SIPEqn.H:9:7: note:   'const volScalarField {aka const Foam::GeometricField<double, Foam::fvPatchField, Foam::volMesh>}' is not derived from 'const Foam::Tensor<Cmpt>'
     + alphaLiquid * fSIPXS * rhoHydrolysis
       ^
In file included from /opt/openfoam5/src/OpenFOAM/lnInclude/SymmTensor.H:155:0,
                 from /opt/openfoam5/src/OpenFOAM/lnInclude/symmTensor.H:38,
                 from /opt/openfoam5/src/OpenFOAM/lnInclude/fieldTypes.H:37,
                 from /opt/openfoam5/src/OpenFOAM/lnInclude/flipOp.H:40,
                 from /opt/openfoam5/src/OpenFOAM/lnInclude/mapDistributeBaseTemplates.C:29,
                 from /opt/openfoam5/src/OpenFOAM/lnInclude/mapDistributeBase.H:489,
                 from /opt/openfoam5/src/OpenFOAM/lnInclude/FieldMapper.H:35,
                 from /opt/openfoam5/src/OpenFOAM/lnInclude/Field.C:26,
                 from /opt/openfoam5/src/OpenFOAM/lnInclude/Field.H:408,
                 from /opt/openfoam5/src/OpenFOAM/lnInclude/scalarField.H:38,
                 from /opt/openfoam5/src/OpenFOAM/lnInclude/dimensionSet.H:46,
                 from /opt/openfoam5/src/OpenFOAM/lnInclude/dimensionedType.H:40,
                 from /opt/openfoam5/src/OpenFOAM/lnInclude/dimensionedScalar.H:38,
                 from /opt/openfoam5/src/OpenFOAM/lnInclude/TimeState.H:38,
                 from /opt/openfoam5/src/OpenFOAM/lnInclude/Time.H:47,
                 from /opt/openfoam5/src/finiteVolume/lnInclude/fvCFD.H:6,
                 from pamFoam.C:36:
/opt/openfoam5/src/OpenFOAM/lnInclude/SymmTensorI.H:423:1: note: candidate: template<class Cmpt> Foam::SymmTensor<Cmpt> Foam::operator+(const Foam::SphericalTensor<Cmpt>&, const Foam::SymmTensor<Cmpt>&)
 operator+(const SphericalTensor<Cmpt>& spt1, const SymmTensor<Cmpt>& st2)
 ^
/opt/openfoam5/src/OpenFOAM/lnInclude/SymmTensorI.H:423:1: note:   template argument deduction/substitution failed:
In file included from pamFoam.C:144:0:
./processModels/SIPEqn.H:9:7: note:   'const volScalarField {aka const Foam::GeometricField<double, Foam::fvPatchField, Foam::volMesh>}' is not derived from 'const Foam::SphericalTensor<Cmpt>'
     + alphaLiquid * fSIPXS * rhoHydrolysis
       ^
In file included from /opt/openfoam5/src/OpenFOAM/lnInclude/SymmTensor.H:155:0,
                 from /opt/openfoam5/src/OpenFOAM/lnInclude/symmTensor.H:38,
                 from /opt/openfoam5/src/OpenFOAM/lnInclude/fieldTypes.H:37,
                 from /opt/openfoam5/src/OpenFOAM/lnInclude/flipOp.H:40,
                 from /opt/openfoam5/src/OpenFOAM/lnInclude/mapDistributeBaseTemplates.C:29,
                 from /opt/openfoam5/src/OpenFOAM/lnInclude/mapDistributeBase.H:489,
                 from /opt/openfoam5/src/OpenFOAM/lnInclude/FieldMapper.H:35,
                 from /opt/openfoam5/src/OpenFOAM/lnInclude/Field.C:26,
                 from /opt/openfoam5/src/OpenFOAM/lnInclude/Field.H:408,
                 from /opt/openfoam5/src/OpenFOAM/lnInclude/scalarField.H:38,
                 from /opt/openfoam5/src/OpenFOAM/lnInclude/dimensionSet.H:46,
                 from /opt/openfoam5/src/OpenFOAM/lnInclude/dimensionedType.H:40,
                 from /opt/openfoam5/src/OpenFOAM/lnInclude/dimensionedScalar.H:38,
                 from /opt/openfoam5/src/OpenFOAM/lnInclude/TimeState.H:38,
                 from /opt/openfoam5/src/OpenFOAM/lnInclude/Time.H:47,
                 from /opt/openfoam5/src/finiteVolume/lnInclude/fvCFD.H:6,
                 from pamFoam.C:36:
/opt/openfoam5/src/OpenFOAM/lnInclude/SymmTensorI.H:436:1: note: candidate: template<class Cmpt> Foam::SymmTensor<Cmpt> Foam::operator+(const Foam::SymmTensor<Cmpt>&, const Foam::SphericalTensor<Cmpt>&)
 operator+(const SymmTensor<Cmpt>& st1, const SphericalTensor<Cmpt>& spt2)
 ^
/opt/openfoam5/src/OpenFOAM/lnInclude/SymmTensorI.H:436:1: note:   template argument deduction/substitution failed:
In file included from pamFoam.C:144:0:
./processModels/SIPEqn.H:9:7: note:   'const volScalarField {aka const Foam::GeometricField<double, Foam::fvPatchField, Foam::volMesh>}' is not derived from 'const Foam::SymmTensor<Cmpt>'
     + alphaLiquid * fSIPXS * rhoHydrolysis
       ^
In file included from /opt/openfoam5/src/OpenFOAM/lnInclude/scalarField.H:42:0,
                 from /opt/openfoam5/src/OpenFOAM/lnInclude/dimensionSet.H:46,
                 from /opt/openfoam5/src/OpenFOAM/lnInclude/dimensionedType.H:40,
                 from /opt/openfoam5/src/OpenFOAM/lnInclude/dimensionedScalar.H:38,
                 from /opt/openfoam5/src/OpenFOAM/lnInclude/TimeState.H:38,
                 from /opt/openfoam5/src/OpenFOAM/lnInclude/Time.H:47,
                 from /opt/openfoam5/src/finiteVolume/lnInclude/fvCFD.H:6,
                 from pamFoam.C:36:
/opt/openfoam5/src/OpenFOAM/lnInclude/FieldFunctionsM.H:207:24: note: candidate: Foam::tmp<Foam::Field<double> > Foam::operator+(const scalar&, const Foam::UList<double>&)
 tmp<Field<ReturnType>> operator Op                                             \
                        ^
/opt/openfoam5/src/OpenFOAM/lnInclude/FieldFunctionsM.H:247:5: note: in expansion of macro 'BINARY_TYPE_OPERATOR_SF'
     BINARY_TYPE_OPERATOR_SF(ReturnType, Type1, Type2, Op, OpFunc)              \
     ^
/opt/openfoam5/src/OpenFOAM/lnInclude/scalarField.H:83:1: note: in expansion of macro 'BINARY_TYPE_OPERATOR'
 BINARY_TYPE_OPERATOR(scalar, scalar, scalar, +, add)
 ^
/opt/openfoam5/src/OpenFOAM/lnInclude/FieldFunctionsM.H:207:24: note:   candidate expects 2 arguments, 1 provided
 tmp<Field<ReturnType>> operator Op                                             \
                        ^
/opt/openfoam5/src/OpenFOAM/lnInclude/FieldFunctionsM.H:247:5: note: in expansion of macro 'BINARY_TYPE_OPERATOR_SF'
     BINARY_TYPE_OPERATOR_SF(ReturnType, Type1, Type2, Op, OpFunc)              \
     ^
/opt/openfoam5/src/OpenFOAM/lnInclude/scalarField.H:83:1: note: in expansion of macro 'BINARY_TYPE_OPERATOR'
 BINARY_TYPE_OPERATOR(scalar, scalar, scalar, +, add)
 ^
/opt/openfoam5/src/OpenFOAM/lnInclude/FieldFunctionsM.H:214:24: note: candidate: Foam::tmp<Foam::Field<double> > Foam::operator+(const scalar&, const Foam::tmp<Foam::Field<double> >&)
 tmp<Field<ReturnType>> operator Op                                             \
                        ^
/opt/openfoam5/src/OpenFOAM/lnInclude/FieldFunctionsM.H:247:5: note: in expansion of macro 'BINARY_TYPE_OPERATOR_SF'
     BINARY_TYPE_OPERATOR_SF(ReturnType, Type1, Type2, Op, OpFunc)              \
     ^
/opt/openfoam5/src/OpenFOAM/lnInclude/scalarField.H:83:1: note: in expansion of macro 'BINARY_TYPE_OPERATOR'
 BINARY_TYPE_OPERATOR(scalar, scalar, scalar, +, add)
 ^
/opt/openfoam5/src/OpenFOAM/lnInclude/FieldFunctionsM.H:214:24: note:   candidate expects 2 arguments, 1 provided
 tmp<Field<ReturnType>> operator Op                                             \
                        ^
/opt/openfoam5/src/OpenFOAM/lnInclude/FieldFunctionsM.H:247:5: note: in expansion of macro 'BINARY_TYPE_OPERATOR_SF'
     BINARY_TYPE_OPERATOR_SF(ReturnType, Type1, Type2, Op, OpFunc)              \
     ^
/opt/openfoam5/src/OpenFOAM/lnInclude/scalarField.H:83:1: note: in expansion of macro 'BINARY_TYPE_OPERATOR'
 BINARY_TYPE_OPERATOR(scalar, scalar, scalar, +, add)
 ^
/opt/openfoam5/src/OpenFOAM/lnInclude/FieldFunctionsM.H:232:24: note: candidate: Foam::tmp<Foam::Field<double> > Foam::operator+(const Foam::UList<double>&, const scalar&)
 tmp<Field<ReturnType>> operator Op                                             \
                        ^
/opt/openfoam5/src/OpenFOAM/lnInclude/FieldFunctionsM.H:248:5: note: in expansion of macro 'BINARY_TYPE_OPERATOR_FS'
     BINARY_TYPE_OPERATOR_FS(ReturnType, Type1, Type2, Op, OpFunc)
     ^
/opt/openfoam5/src/OpenFOAM/lnInclude/scalarField.H:83:1: note: in expansion of macro 'BINARY_TYPE_OPERATOR'
 BINARY_TYPE_OPERATOR(scalar, scalar, scalar, +, add)
 ^
/opt/openfoam5/src/OpenFOAM/lnInclude/FieldFunctionsM.H:232:24: note:   candidate expects 2 arguments, 1 provided
 tmp<Field<ReturnType>> operator Op                                             \
                        ^
/opt/openfoam5/src/OpenFOAM/lnInclude/FieldFunctionsM.H:248:5: note: in expansion of macro 'BINARY_TYPE_OPERATOR_FS'
     BINARY_TYPE_OPERATOR_FS(ReturnType, Type1, Type2, Op, OpFunc)
     ^
/opt/openfoam5/src/OpenFOAM/lnInclude/scalarField.H:83:1: note: in expansion of macro 'BINARY_TYPE_OPERATOR'
 BINARY_TYPE_OPERATOR(scalar, scalar, scalar, +, add)
 ^
/opt/openfoam5/src/OpenFOAM/lnInclude/FieldFunctionsM.H:239:24: note: candidate: Foam::tmp<Foam::Field<double> > Foam::operator+(const Foam::tmp<Foam::Field<double> >&, const scalar&)
 tmp<Field<ReturnType>> operator Op                                             \
                        ^
/opt/openfoam5/src/OpenFOAM/lnInclude/FieldFunctionsM.H:248:5: note: in expansion of macro 'BINARY_TYPE_OPERATOR_FS'
     BINARY_TYPE_OPERATOR_FS(ReturnType, Type1, Type2, Op, OpFunc)
     ^
/opt/openfoam5/src/OpenFOAM/lnInclude/scalarField.H:83:1: note: in expansion of macro 'BINARY_TYPE_OPERATOR'
 BINARY_TYPE_OPERATOR(scalar, scalar, scalar, +, add)
 ^
/opt/openfoam5/src/OpenFOAM/lnInclude/FieldFunctionsM.H:239:24: note:   candidate expects 2 arguments, 1 provided
 tmp<Field<ReturnType>> operator Op                                             \
                        ^
/opt/openfoam5/src/OpenFOAM/lnInclude/FieldFunctionsM.H:248:5: note: in expansion of macro 'BINARY_TYPE_OPERATOR_FS'
     BINARY_TYPE_OPERATOR_FS(ReturnType, Type1, Type2, Op, OpFunc)
     ^
/opt/openfoam5/src/OpenFOAM/lnInclude/scalarField.H:83:1: note: in expansion of macro 'BINARY_TYPE_OPERATOR'
 BINARY_TYPE_OPERATOR(scalar, scalar, scalar, +, add)
 ^
In file included from /opt/openfoam5/src/OpenFOAM/lnInclude/dimensionedType.H:40:0,
                 from /opt/openfoam5/src/OpenFOAM/lnInclude/dimensionedScalar.H:38,
                 from /opt/openfoam5/src/OpenFOAM/lnInclude/TimeState.H:38,
                 from /opt/openfoam5/src/OpenFOAM/lnInclude/Time.H:47,
                 from /opt/openfoam5/src/finiteVolume/lnInclude/fvCFD.H:6,
                 from pamFoam.C:36:
/opt/openfoam5/src/OpenFOAM/lnInclude/dimensionSet.H:383:29: note: candidate: Foam::dimensionSet Foam::operator+(const Foam::dimensionSet&, const Foam::dimensionSet&)
         friend dimensionSet operator+
                             ^
/opt/openfoam5/src/OpenFOAM/lnInclude/dimensionSet.H:383:29: note:   candidate expects 2 arguments, 1 provided
In file included from /opt/openfoam5/src/OpenFOAM/lnInclude/Matrix.H:383:0,
                 from /opt/openfoam5/src/OpenFOAM/lnInclude/RectangularMatrix.H:41,
                 from /opt/openfoam5/src/OpenFOAM/lnInclude/scalarMatrices.H:43,
                 from /opt/openfoam5/src/OpenFOAM/lnInclude/dimensionSets.H:39,
                 from /opt/openfoam5/src/OpenFOAM/lnInclude/dimensionSet.H:439,
                 from /opt/openfoam5/src/OpenFOAM/lnInclude/dimensionedType.H:40,
                 from /opt/openfoam5/src/OpenFOAM/lnInclude/dimensionedScalar.H:38,
                 from /opt/openfoam5/src/OpenFOAM/lnInclude/TimeState.H:38,
                 from /opt/openfoam5/src/OpenFOAM/lnInclude/Time.H:47,
                 from /opt/openfoam5/src/finiteVolume/lnInclude/fvCFD.H:6,
                 from pamFoam.C:36:
/opt/openfoam5/src/OpenFOAM/lnInclude/Matrix.C:464:6: note: candidate: template<class Form, class Type> Form Foam::operator+(const Foam::Matrix<Form, Type>&, const Foam::Matrix<Form, Type>&)
 Form Foam::operator+(const Matrix<Form, Type>& A, const Matrix<Form, Type>& B)
      ^
/opt/openfoam5/src/OpenFOAM/lnInclude/Matrix.C:464:6: note:   template argument deduction/substitution failed:
In file included from pamFoam.C:144:0:
./processModels/SIPEqn.H:9:7: note:   'const volScalarField {aka const Foam::GeometricField<double, Foam::fvPatchField, Foam::volMesh>}' is not derived from 'const Foam::Matrix<Form, Type>'
     + alphaLiquid * fSIPXS * rhoHydrolysis
       ^
In file included from /opt/openfoam5/src/OpenFOAM/lnInclude/dimensionedType.H:340:0,
                 from /opt/openfoam5/src/OpenFOAM/lnInclude/dimensionedScalar.H:38,
                 from /opt/openfoam5/src/OpenFOAM/lnInclude/TimeState.H:38,
                 from /opt/openfoam5/src/OpenFOAM/lnInclude/Time.H:47,
                 from /opt/openfoam5/src/finiteVolume/lnInclude/fvCFD.H:6,
                 from pamFoam.C:36:
/opt/openfoam5/src/OpenFOAM/lnInclude/dimensionedType.C:657:25: note: candidate: template<class Type> Foam::dimensioned<Type> Foam::operator+(const Foam::dimensioned<Type>&, const Foam::dimensioned<Type>&)
 Foam::dimensioned<Type> Foam::operator+
                         ^
/opt/openfoam5/src/OpenFOAM/lnInclude/dimensionedType.C:657:25: note:   template argument deduction/substitution failed:
In file included from pamFoam.C:144:0:
./processModels/SIPEqn.H:9:7: note:   'const volScalarField {aka const Foam::GeometricField<double, Foam::fvPatchField, Foam::volMesh>}' is not derived from 'const Foam::dimensioned<Type>'
     + alphaLiquid * fSIPXS * rhoHydrolysis
       ^
In file included from /opt/openfoam5/src/OpenFOAM/lnInclude/TimeState.H:38:0,
                 from /opt/openfoam5/src/OpenFOAM/lnInclude/Time.H:47,
                 from /opt/openfoam5/src/finiteVolume/lnInclude/fvCFD.H:6,
                 from pamFoam.C:36:
/opt/openfoam5/src/OpenFOAM/lnInclude/dimensionedScalar.H:49:19: note: candidate: Foam::dimensionedScalar Foam::operator+(const dimensionedScalar&, Foam::scalar)
 dimensionedScalar operator+(const dimensionedScalar&, const scalar);
                   ^
/opt/openfoam5/src/OpenFOAM/lnInclude/dimensionedScalar.H:49:19: note:   candidate expects 2 arguments, 1 provided
/opt/openfoam5/src/OpenFOAM/lnInclude/dimensionedScalar.H:50:19: note: candidate: Foam::dimensionedScalar Foam::operator+(Foam::scalar, const dimensionedScalar&)
 dimensionedScalar operator+(const scalar, const dimensionedScalar&);
                   ^
/opt/openfoam5/src/OpenFOAM/lnInclude/dimensionedScalar.H:50:19: note:   candidate expects 2 arguments, 1 provided
In file included from /opt/openfoam5/src/OpenFOAM/lnInclude/labelField.H:42:0,
                 from /opt/openfoam5/src/OpenFOAM/lnInclude/primitiveFields.H:37,
                 from /opt/openfoam5/src/OpenFOAM/lnInclude/pointField.H:36,
                 from /opt/openfoam5/src/OpenFOAM/lnInclude/edge.H:40,
                 from /opt/openfoam5/src/OpenFOAM/lnInclude/edgeList.H:32,
                 from /opt/openfoam5/src/OpenFOAM/lnInclude/primitiveMesh.H:54,
                 from /opt/openfoam5/src/OpenFOAM/lnInclude/polyMesh.H:45,
                 from /opt/openfoam5/src/finiteVolume/lnInclude/fvMesh.H:50,
                 from /opt/openfoam5/src/finiteVolume/lnInclude/fvCFD.H:7,
                 from pamFoam.C:36:
/opt/openfoam5/src/OpenFOAM/lnInclude/FieldFunctionsM.H:207:24: note: candidate: Foam::tmp<Foam::Field<int> > Foam::operator+(const label&, const Foam::UList<int>&)
 tmp<Field<ReturnType>> operator Op                                             \
                        ^
/opt/openfoam5/src/OpenFOAM/lnInclude/FieldFunctionsM.H:247:5: note: in expansion of macro 'BINARY_TYPE_OPERATOR_SF'
     BINARY_TYPE_OPERATOR_SF(ReturnType, Type1, Type2, Op, OpFunc)              \
     ^
/opt/openfoam5/src/OpenFOAM/lnInclude/labelField.H:53:1: note: in expansion of macro 'BINARY_TYPE_OPERATOR'
 BINARY_TYPE_OPERATOR(label, label, label, +, add)
 ^
/opt/openfoam5/src/OpenFOAM/lnInclude/FieldFunctionsM.H:207:24: note:   candidate expects 2 arguments, 1 provided
 tmp<Field<ReturnType>> operator Op                                             \
                        ^
/opt/openfoam5/src/OpenFOAM/lnInclude/FieldFunctionsM.H:247:5: note: in expansion of macro 'BINARY_TYPE_OPERATOR_SF'
     BINARY_TYPE_OPERATOR_SF(ReturnType, Type1, Type2, Op, OpFunc)              \
     ^
/opt/openfoam5/src/OpenFOAM/lnInclude/labelField.H:53:1: note: in expansion of macro 'BINARY_TYPE_OPERATOR'
 BINARY_TYPE_OPERATOR(label, label, label, +, add)
 ^
/opt/openfoam5/src/OpenFOAM/lnInclude/FieldFunctionsM.H:214:24: note: candidate: Foam::tmp<Foam::Field<int> > Foam::operator+(const label&, const Foam::tmp<Foam::Field<int> >&)
 tmp<Field<ReturnType>> operator Op                                             \
                        ^
/opt/openfoam5/src/OpenFOAM/lnInclude/FieldFunctionsM.H:247:5: note: in expansion of macro 'BINARY_TYPE_OPERATOR_SF'
     BINARY_TYPE_OPERATOR_SF(ReturnType, Type1, Type2, Op, OpFunc)              \
     ^
/opt/openfoam5/src/OpenFOAM/lnInclude/labelField.H:53:1: note: in expansion of macro 'BINARY_TYPE_OPERATOR'
 BINARY_TYPE_OPERATOR(label, label, label, +, add)
 ^
/opt/openfoam5/src/OpenFOAM/lnInclude/FieldFunctionsM.H:214:24: note:   candidate expects 2 arguments, 1 provided
 tmp<Field<ReturnType>> operator Op                                             \
                        ^
/opt/openfoam5/src/OpenFOAM/lnInclude/FieldFunctionsM.H:247:5: note: in expansion of macro 'BINARY_TYPE_OPERATOR_SF'
     BINARY_TYPE_OPERATOR_SF(ReturnType, Type1, Type2, Op, OpFunc)              \
     ^
/opt/openfoam5/src/OpenFOAM/lnInclude/labelField.H:53:1: note: in expansion of macro 'BINARY_TYPE_OPERATOR'
 BINARY_TYPE_OPERATOR(label, label, label, +, add)
 ^
/opt/openfoam5/src/OpenFOAM/lnInclude/FieldFunctionsM.H:232:24: note: candidate: Foam::tmp<Foam::Field<int> > Foam::operator+(const Foam::UList<int>&, const label&)
 tmp<Field<ReturnType>> operator Op                                             \
                        ^
/opt/openfoam5/src/OpenFOAM/lnInclude/FieldFunctionsM.H:248:5: note: in expansion of macro 'BINARY_TYPE_OPERATOR_FS'
     BINARY_TYPE_OPERATOR_FS(ReturnType, Type1, Type2, Op, OpFunc)
     ^
/opt/openfoam5/src/OpenFOAM/lnInclude/labelField.H:53:1: note: in expansion of macro 'BINARY_TYPE_OPERATOR'
 BINARY_TYPE_OPERATOR(label, label, label, +, add)
 ^
/opt/openfoam5/src/OpenFOAM/lnInclude/FieldFunctionsM.H:232:24: note:   candidate expects 2 arguments, 1 provided
 tmp<Field<ReturnType>> operator Op                                             \
                        ^
/opt/openfoam5/src/OpenFOAM/lnInclude/FieldFunctionsM.H:248:5: note: in expansion of macro 'BINARY_TYPE_OPERATOR_FS'
     BINARY_TYPE_OPERATOR_FS(ReturnType, Type1, Type2, Op, OpFunc)
     ^
/opt/openfoam5/src/OpenFOAM/lnInclude/labelField.H:53:1: note: in expansion of macro 'BINARY_TYPE_OPERATOR'
 BINARY_TYPE_OPERATOR(label, label, label, +, add)
 ^
/opt/openfoam5/src/OpenFOAM/lnInclude/FieldFunctionsM.H:239:24: note: candidate: Foam::tmp<Foam::Field<int> > Foam::operator+(const Foam::tmp<Foam::Field<int> >&, const label&)
 tmp<Field<ReturnType>> operator Op                                             \
                        ^
/opt/openfoam5/src/OpenFOAM/lnInclude/FieldFunctionsM.H:248:5: note: in expansion of macro 'BINARY_TYPE_OPERATOR_FS'
     BINARY_TYPE_OPERATOR_FS(ReturnType, Type1, Type2, Op, OpFunc)
     ^
/opt/openfoam5/src/OpenFOAM/lnInclude/labelField.H:53:1: note: in expansion of macro 'BINARY_TYPE_OPERATOR'
 BINARY_TYPE_OPERATOR(label, label, label, +, add)
 ^
/opt/openfoam5/src/OpenFOAM/lnInclude/FieldFunctionsM.H:239:24: note:   candidate expects 2 arguments, 1 provided
 tmp<Field<ReturnType>> operator Op                                             \
                        ^
/opt/openfoam5/src/OpenFOAM/lnInclude/FieldFunctionsM.H:248:5: note: in expansion of macro 'BINARY_TYPE_OPERATOR_FS'
     BINARY_TYPE_OPERATOR_FS(ReturnType, Type1, Type2, Op, OpFunc)
     ^
/opt/openfoam5/src/OpenFOAM/lnInclude/labelField.H:53:1: note: in expansion of macro 'BINARY_TYPE_OPERATOR'
 BINARY_TYPE_OPERATOR(label, label, label, +, add)
 ^
In file included from /opt/openfoam5/src/OpenFOAM/lnInclude/DimensionedScalarField.C:29:0,
                 from /opt/openfoam5/src/OpenFOAM/lnInclude/DimensionedScalarField.H:157,
                 from /opt/openfoam5/src/OpenFOAM/lnInclude/DimensionedFieldFunctions.H:26,
                 from /opt/openfoam5/src/OpenFOAM/lnInclude/DimensionedField.H:363,
                 from /opt/openfoam5/src/finiteVolume/lnInclude/fvMesh.H:58,
                 from /opt/openfoam5/src/finiteVolume/lnInclude/fvCFD.H:7,
                 from pamFoam.C:36:
/opt/openfoam5/src/OpenFOAM/lnInclude/DimensionedFieldFunctionsM.C:534:44: note: candidate: template<class GeoMesh> Foam::tmp<Foam::DimensionedField<double, GeoMesh> > Foam::operator+(const Foam::dimensioned<double>&, const Foam::DimensionedField<double, GeoMesh>&)
 tmp<DimensionedField<ReturnType, GeoMesh>> operator Op                         \
                                            ^
/opt/openfoam5/src/OpenFOAM/lnInclude/DimensionedFieldFunctionsM.C:685:5: note: in expansion of macro 'BINARY_TYPE_OPERATOR_SF'
     BINARY_TYPE_OPERATOR_SF(ReturnType, Type1, Type2, Op, OpName, OpFunc)      \
     ^
/opt/openfoam5/src/OpenFOAM/lnInclude/DimensionedScalarField.C:92:1: note: in expansion of macro 'BINARY_TYPE_OPERATOR'
 BINARY_TYPE_OPERATOR(scalar, scalar, scalar, +, '+', add)
 ^
/opt/openfoam5/src/OpenFOAM/lnInclude/DimensionedFieldFunctionsM.C:534:44: note:   template argument deduction/substitution failed:
 tmp<DimensionedField<ReturnType, GeoMesh>> operator Op                         \
                                            ^
/opt/openfoam5/src/OpenFOAM/lnInclude/DimensionedFieldFunctionsM.C:685:5: note: in expansion of macro 'BINARY_TYPE_OPERATOR_SF'
     BINARY_TYPE_OPERATOR_SF(ReturnType, Type1, Type2, Op, OpName, OpFunc)      \
     ^
/opt/openfoam5/src/OpenFOAM/lnInclude/DimensionedScalarField.C:92:1: note: in expansion of macro 'BINARY_TYPE_OPERATOR'
 BINARY_TYPE_OPERATOR(scalar, scalar, scalar, +, '+', add)
 ^
In file included from pamFoam.C:144:0:
./processModels/SIPEqn.H:9:7: note:   cannot convert 'alphaLiquid' (type 'const volScalarField {aka const Foam::GeometricField<double, Foam::fvPatchField, Foam::volMesh>}') to type 'const Foam::dimensioned<double>&'
     + alphaLiquid * fSIPXS * rhoHydrolysis
       ^
In file included from /opt/openfoam5/src/OpenFOAM/lnInclude/DimensionedScalarField.C:29:0,
                 from /opt/openfoam5/src/OpenFOAM/lnInclude/DimensionedScalarField.H:157,
                 from /opt/openfoam5/src/OpenFOAM/lnInclude/DimensionedFieldFunctions.H:26,
                 from /opt/openfoam5/src/OpenFOAM/lnInclude/DimensionedField.H:363,
                 from /opt/openfoam5/src/finiteVolume/lnInclude/fvMesh.H:58,
                 from /opt/openfoam5/src/finiteVolume/lnInclude/fvCFD.H:7,
                 from pamFoam.C:36:
/opt/openfoam5/src/OpenFOAM/lnInclude/DimensionedFieldFunctionsM.C:561:44: note: candidate: template<class GeoMesh> Foam::tmp<Foam::DimensionedField<double, GeoMesh> > Foam::operator+(const scalar&, const Foam::DimensionedField<double, GeoMesh>&)
 tmp<DimensionedField<ReturnType, GeoMesh>> operator Op                         \
                                            ^
/opt/openfoam5/src/OpenFOAM/lnInclude/DimensionedFieldFunctionsM.C:685:5: note: in expansion of macro 'BINARY_TYPE_OPERATOR_SF'
     BINARY_TYPE_OPERATOR_SF(ReturnType, Type1, Type2, Op, OpName, OpFunc)      \
     ^
/opt/openfoam5/src/OpenFOAM/lnInclude/DimensionedScalarField.C:92:1: note: in expansion of macro 'BINARY_TYPE_OPERATOR'
 BINARY_TYPE_OPERATOR(scalar, scalar, scalar, +, '+', add)
 ^
/opt/openfoam5/src/OpenFOAM/lnInclude/DimensionedFieldFunctionsM.C:561:44: note:   template argument deduction/substitution failed:
 tmp<DimensionedField<ReturnType, GeoMesh>> operator Op                         \
                                            ^
/opt/openfoam5/src/OpenFOAM/lnInclude/DimensionedFieldFunctionsM.C:685:5: note: in expansion of macro 'BINARY_TYPE_OPERATOR_SF'
     BINARY_TYPE_OPERATOR_SF(ReturnType, Type1, Type2, Op, OpName, OpFunc)      \
     ^
/opt/openfoam5/src/OpenFOAM/lnInclude/DimensionedScalarField.C:92:1: note: in expansion of macro 'BINARY_TYPE_OPERATOR'
 BINARY_TYPE_OPERATOR(scalar, scalar, scalar, +, '+', add)
 ^
In file included from pamFoam.C:144:0:
./processModels/SIPEqn.H:9:7: note:   cannot convert 'alphaLiquid' (type 'const volScalarField {aka const Foam::GeometricField<double, Foam::fvPatchField, Foam::volMesh>}') to type 'const scalar& {aka const double&}'
     + alphaLiquid * fSIPXS * rhoHydrolysis
       ^
In file included from /opt/openfoam5/src/OpenFOAM/lnInclude/DimensionedScalarField.C:29:0,
                 from /opt/openfoam5/src/OpenFOAM/lnInclude/DimensionedScalarField.H:157,
                 from /opt/openfoam5/src/OpenFOAM/lnInclude/DimensionedFieldFunctions.H:26,
                 from /opt/openfoam5/src/OpenFOAM/lnInclude/DimensionedField.H:363,
                 from /opt/openfoam5/src/finiteVolume/lnInclude/fvMesh.H:58,
                 from /opt/openfoam5/src/finiteVolume/lnInclude/fvCFD.H:7,
                 from pamFoam.C:36:
/opt/openfoam5/src/OpenFOAM/lnInclude/DimensionedFieldFunctionsM.C:572:44: note: candidate: template<class GeoMesh> Foam::tmp<Foam::DimensionedField<double, GeoMesh> > Foam::operator+(const Foam::dimensioned<double>&, const Foam::tmp<Foam::DimensionedField<double, GeoMesh> >&)
 tmp<DimensionedField<ReturnType, GeoMesh>> operator Op                         \
                                            ^
/opt/openfoam5/src/OpenFOAM/lnInclude/DimensionedFieldFunctionsM.C:685:5: note: in expansion of macro 'BINARY_TYPE_OPERATOR_SF'
     BINARY_TYPE_OPERATOR_SF(ReturnType, Type1, Type2, Op, OpName, OpFunc)      \
     ^
/opt/openfoam5/src/OpenFOAM/lnInclude/DimensionedScalarField.C:92:1: note: in expansion of macro 'BINARY_TYPE_OPERATOR'
 BINARY_TYPE_OPERATOR(scalar, scalar, scalar, +, '+', add)
 ^
/opt/openfoam5/src/OpenFOAM/lnInclude/DimensionedFieldFunctionsM.C:572:44: note:   template argument deduction/substitution failed:
 tmp<DimensionedField<ReturnType, GeoMesh>> operator Op                         \
                                            ^
/opt/openfoam5/src/OpenFOAM/lnInclude/DimensionedFieldFunctionsM.C:685:5: note: in expansion of macro 'BINARY_TYPE_OPERATOR_SF'
     BINARY_TYPE_OPERATOR_SF(ReturnType, Type1, Type2, Op, OpName, OpFunc)      \
     ^
/opt/openfoam5/src/OpenFOAM/lnInclude/DimensionedScalarField.C:92:1: note: in expansion of macro 'BINARY_TYPE_OPERATOR'
 BINARY_TYPE_OPERATOR(scalar, scalar, scalar, +, '+', add)
 ^
In file included from pamFoam.C:144:0:
./processModels/SIPEqn.H:9:7: note:   cannot convert 'alphaLiquid' (type 'const volScalarField {aka const Foam::GeometricField<double, Foam::fvPatchField, Foam::volMesh>}') to type 'const Foam::dimensioned<double>&'
     + alphaLiquid * fSIPXS * rhoHydrolysis
       ^
In file included from /opt/openfoam5/src/OpenFOAM/lnInclude/DimensionedScalarField.C:29:0,
                 from /opt/openfoam5/src/OpenFOAM/lnInclude/DimensionedScalarField.H:157,
                 from /opt/openfoam5/src/OpenFOAM/lnInclude/DimensionedFieldFunctions.H:26,
                 from /opt/openfoam5/src/OpenFOAM/lnInclude/DimensionedField.H:363,
                 from /opt/openfoam5/src/finiteVolume/lnInclude/fvMesh.H:58,
                 from /opt/openfoam5/src/finiteVolume/lnInclude/fvCFD.H:7,
                 from pamFoam.C:36:
/opt/openfoam5/src/OpenFOAM/lnInclude/DimensionedFieldFunctionsM.C:598:44: note: candidate: template<class GeoMesh> Foam::tmp<Foam::DimensionedField<double, GeoMesh> > Foam::operator+(const scalar&, const Foam::tmp<Foam::DimensionedField<double, GeoMesh> >&)
 tmp<DimensionedField<ReturnType, GeoMesh>> operator Op                         \
                                            ^
/opt/openfoam5/src/OpenFOAM/lnInclude/DimensionedFieldFunctionsM.C:685:5: note: in expansion of macro 'BINARY_TYPE_OPERATOR_SF'
     BINARY_TYPE_OPERATOR_SF(ReturnType, Type1, Type2, Op, OpName, OpFunc)      \
     ^
/opt/openfoam5/src/OpenFOAM/lnInclude/DimensionedScalarField.C:92:1: note: in expansion of macro 'BINARY_TYPE_OPERATOR'
 BINARY_TYPE_OPERATOR(scalar, scalar, scalar, +, '+', add)
 ^
/opt/openfoam5/src/OpenFOAM/lnInclude/DimensionedFieldFunctionsM.C:598:44: note:   template argument deduction/substitution failed:
 tmp<DimensionedField<ReturnType, GeoMesh>> operator Op                         \
                                            ^
/opt/openfoam5/src/OpenFOAM/lnInclude/DimensionedFieldFunctionsM.C:685:5: note: in expansion of macro 'BINARY_TYPE_OPERATOR_SF'
     BINARY_TYPE_OPERATOR_SF(ReturnType, Type1, Type2, Op, OpName, OpFunc)      \
     ^
/opt/openfoam5/src/OpenFOAM/lnInclude/DimensionedScalarField.C:92:1: note: in expansion of macro 'BINARY_TYPE_OPERATOR'
 BINARY_TYPE_OPERATOR(scalar, scalar, scalar, +, '+', add)
 ^
In file included from pamFoam.C:144:0:
./processModels/SIPEqn.H:9:7: note:   cannot convert 'alphaLiquid' (type 'const volScalarField {aka const Foam::GeometricField<double, Foam::fvPatchField, Foam::volMesh>}') to type 'const scalar& {aka const double&}'
     + alphaLiquid * fSIPXS * rhoHydrolysis
       ^
In file included from /opt/openfoam5/src/OpenFOAM/lnInclude/DimensionedScalarField.C:29:0,
                 from /opt/openfoam5/src/OpenFOAM/lnInclude/DimensionedScalarField.H:157,
                 from /opt/openfoam5/src/OpenFOAM/lnInclude/DimensionedFieldFunctions.H:26,
                 from /opt/openfoam5/src/OpenFOAM/lnInclude/DimensionedField.H:363,
                 from /opt/openfoam5/src/finiteVolume/lnInclude/fvMesh.H:58,
                 from /opt/openfoam5/src/finiteVolume/lnInclude/fvCFD.H:7,
                 from pamFoam.C:36:
/opt/openfoam5/src/OpenFOAM/lnInclude/DimensionedFieldFunctionsM.C:611:44: note: candidate: template<class GeoMesh> Foam::tmp<Foam::DimensionedField<double, GeoMesh> > Foam::operator+(const Foam::DimensionedField<double, GeoMesh>&, const Foam::dimensioned<double>&)
 tmp<DimensionedField<ReturnType, GeoMesh>> operator Op                         \
                                            ^
/opt/openfoam5/src/OpenFOAM/lnInclude/DimensionedFieldFunctionsM.C:686:5: note: in expansion of macro 'BINARY_TYPE_OPERATOR_FS'
     BINARY_TYPE_OPERATOR_FS(ReturnType, Type1, Type2, Op, OpName, OpFunc)
     ^
/opt/openfoam5/src/OpenFOAM/lnInclude/DimensionedScalarField.C:92:1: note: in expansion of macro 'BINARY_TYPE_OPERATOR'
 BINARY_TYPE_OPERATOR(scalar, scalar, scalar, +, '+', add)
 ^
/opt/openfoam5/src/OpenFOAM/lnInclude/DimensionedFieldFunctionsM.C:611:44: note:   template argument deduction/substitution failed:
 tmp<DimensionedField<ReturnType, GeoMesh>> operator Op                         \
                                            ^
/opt/openfoam5/src/OpenFOAM/lnInclude/DimensionedFieldFunctionsM.C:686:5: note: in expansion of macro 'BINARY_TYPE_OPERATOR_FS'
     BINARY_TYPE_OPERATOR_FS(ReturnType, Type1, Type2, Op, OpName, OpFunc)
     ^
/opt/openfoam5/src/OpenFOAM/lnInclude/DimensionedScalarField.C:92:1: note: in expansion of macro 'BINARY_TYPE_OPERATOR'
 BINARY_TYPE_OPERATOR(scalar, scalar, scalar, +, '+', add)
 ^
In file included from pamFoam.C:144:0:
./processModels/SIPEqn.H:9:7: note:   candidate expects 2 arguments, 1 provided
     + alphaLiquid * fSIPXS * rhoHydrolysis
       ^
In file included from /opt/openfoam5/src/OpenFOAM/lnInclude/DimensionedScalarField.C:29:0,
                 from /opt/openfoam5/src/OpenFOAM/lnInclude/DimensionedScalarField.H:157,
                 from /opt/openfoam5/src/OpenFOAM/lnInclude/DimensionedFieldFunctions.H:26,
                 from /opt/openfoam5/src/OpenFOAM/lnInclude/DimensionedField.H:363,
                 from /opt/openfoam5/src/finiteVolume/lnInclude/fvMesh.H:58,
                 from /opt/openfoam5/src/finiteVolume/lnInclude/fvCFD.H:7,
                 from pamFoam.C:36:
/opt/openfoam5/src/OpenFOAM/lnInclude/DimensionedFieldFunctionsM.C:638:44: note: candidate: template<class GeoMesh> Foam::tmp<Foam::DimensionedField<double, GeoMesh> > Foam::operator+(const Foam::DimensionedField<double, GeoMesh>&, const scalar&)
 tmp<DimensionedField<ReturnType, GeoMesh>> operator Op                         \
                                            ^
/opt/openfoam5/src/OpenFOAM/lnInclude/DimensionedFieldFunctionsM.C:686:5: note: in expansion of macro 'BINARY_TYPE_OPERATOR_FS'
     BINARY_TYPE_OPERATOR_FS(ReturnType, Type1, Type2, Op, OpName, OpFunc)
     ^
/opt/openfoam5/src/OpenFOAM/lnInclude/DimensionedScalarField.C:92:1: note: in expansion of macro 'BINARY_TYPE_OPERATOR'
 BINARY_TYPE_OPERATOR(scalar, scalar, scalar, +, '+', add)
 ^
/opt/openfoam5/src/OpenFOAM/lnInclude/DimensionedFieldFunctionsM.C:638:44: note:   template argument deduction/substitution failed:
 tmp<DimensionedField<ReturnType, GeoMesh>> operator Op                         \
                                            ^
/opt/openfoam5/src/OpenFOAM/lnInclude/DimensionedFieldFunctionsM.C:686:5: note: in expansion of macro 'BINARY_TYPE_OPERATOR_FS'
     BINARY_TYPE_OPERATOR_FS(ReturnType, Type1, Type2, Op, OpName, OpFunc)
     ^
/opt/openfoam5/src/OpenFOAM/lnInclude/DimensionedScalarField.C:92:1: note: in expansion of macro 'BINARY_TYPE_OPERATOR'
 BINARY_TYPE_OPERATOR(scalar, scalar, scalar, +, '+', add)
 ^
In file included from pamFoam.C:144:0:
./processModels/SIPEqn.H:9:7: note:   candidate expects 2 arguments, 1 provided
     + alphaLiquid * fSIPXS * rhoHydrolysis
       ^
In file included from /opt/openfoam5/src/OpenFOAM/lnInclude/DimensionedScalarField.C:29:0,
                 from /opt/openfoam5/src/OpenFOAM/lnInclude/DimensionedScalarField.H:157,
                 from /opt/openfoam5/src/OpenFOAM/lnInclude/DimensionedFieldFunctions.H:26,
                 from /opt/openfoam5/src/OpenFOAM/lnInclude/DimensionedField.H:363,
                 from /opt/openfoam5/src/finiteVolume/lnInclude/fvMesh.H:58,
                 from /opt/openfoam5/src/finiteVolume/lnInclude/fvCFD.H:7,
                 from pamFoam.C:36:
/opt/openfoam5/src/OpenFOAM/lnInclude/DimensionedFieldFunctionsM.C:649:44: note: candidate: template<class GeoMesh> Foam::tmp<Foam::DimensionedField<double, GeoMesh> > Foam::operator+(const Foam::tmp<Foam::DimensionedField<double, GeoMesh> >&, const Foam::dimensioned<double>&)
 tmp<DimensionedField<ReturnType, GeoMesh>> operator Op                         \
                                            ^
/opt/openfoam5/src/OpenFOAM/lnInclude/DimensionedFieldFunctionsM.C:686:5: note: in expansion of macro 'BINARY_TYPE_OPERATOR_FS'
     BINARY_TYPE_OPERATOR_FS(ReturnType, Type1, Type2, Op, OpName, OpFunc)
     ^
/opt/openfoam5/src/OpenFOAM/lnInclude/DimensionedScalarField.C:92:1: note: in expansion of macro 'BINARY_TYPE_OPERATOR'
 BINARY_TYPE_OPERATOR(scalar, scalar, scalar, +, '+', add)
 ^
/opt/openfoam5/src/OpenFOAM/lnInclude/DimensionedFieldFunctionsM.C:649:44: note:   template argument deduction/substitution failed:
 tmp<DimensionedField<ReturnType, GeoMesh>> operator Op                         \
                                            ^
/opt/openfoam5/src/OpenFOAM/lnInclude/DimensionedFieldFunctionsM.C:686:5: note: in expansion of macro 'BINARY_TYPE_OPERATOR_FS'
     BINARY_TYPE_OPERATOR_FS(ReturnType, Type1, Type2, Op, OpName, OpFunc)
     ^
/opt/openfoam5/src/OpenFOAM/lnInclude/DimensionedScalarField.C:92:1: note: in expansion of macro 'BINARY_TYPE_OPERATOR'
 BINARY_TYPE_OPERATOR(scalar, scalar, scalar, +, '+', add)
 ^
In file included from pamFoam.C:144:0:
./processModels/SIPEqn.H:9:7: note:   'const volScalarField {aka const Foam::GeometricField<double, Foam::fvPatchField, Foam::volMesh>}' is not derived from 'const Foam::tmp<Foam::DimensionedField<double, GeoMesh> >'
     + alphaLiquid * fSIPXS * rhoHydrolysis
       ^
In file included from /opt/openfoam5/src/OpenFOAM/lnInclude/DimensionedScalarField.C:29:0,
                 from /opt/openfoam5/src/OpenFOAM/lnInclude/DimensionedScalarField.H:157,
                 from /opt/openfoam5/src/OpenFOAM/lnInclude/DimensionedFieldFunctions.H:26,
                 from /opt/openfoam5/src/OpenFOAM/lnInclude/DimensionedField.H:363,
                 from /opt/openfoam5/src/finiteVolume/lnInclude/fvMesh.H:58,
                 from /opt/openfoam5/src/finiteVolume/lnInclude/fvCFD.H:7,
                 from pamFoam.C:36:
/opt/openfoam5/src/OpenFOAM/lnInclude/DimensionedFieldFunctionsM.C:675:44: note: candidate: template<class GeoMesh> Foam::tmp<Foam::DimensionedField<double, GeoMesh> > Foam::operator+(const Foam::tmp<Foam::DimensionedField<double, GeoMesh> >&, const scalar&)
 tmp<DimensionedField<ReturnType, GeoMesh>> operator Op                         \
                                            ^
/opt/openfoam5/src/OpenFOAM/lnInclude/DimensionedFieldFunctionsM.C:686:5: note: in expansion of macro 'BINARY_TYPE_OPERATOR_FS'
     BINARY_TYPE_OPERATOR_FS(ReturnType, Type1, Type2, Op, OpName, OpFunc)
     ^
/opt/openfoam5/src/OpenFOAM/lnInclude/DimensionedScalarField.C:92:1: note: in expansion of macro 'BINARY_TYPE_OPERATOR'
 BINARY_TYPE_OPERATOR(scalar, scalar, scalar, +, '+', add)
 ^
/opt/openfoam5/src/OpenFOAM/lnInclude/DimensionedFieldFunctionsM.C:675:44: note:   template argument deduction/substitution failed:
 tmp<DimensionedField<ReturnType, GeoMesh>> operator Op                         \
                                            ^
/opt/openfoam5/src/OpenFOAM/lnInclude/DimensionedFieldFunctionsM.C:686:5: note: in expansion of macro 'BINARY_TYPE_OPERATOR_FS'
     BINARY_TYPE_OPERATOR_FS(ReturnType, Type1, Type2, Op, OpName, OpFunc)
     ^
/opt/openfoam5/src/OpenFOAM/lnInclude/DimensionedScalarField.C:92:1: note: in expansion of macro 'BINARY_TYPE_OPERATOR'
 BINARY_TYPE_OPERATOR(scalar, scalar, scalar, +, '+', add)
 ^
In file included from pamFoam.C:144:0:
./processModels/SIPEqn.H:9:7: note:   'const volScalarField {aka const Foam::GeometricField<double, Foam::fvPatchField, Foam::volMesh>}' is not derived from 'const Foam::tmp<Foam::DimensionedField<double, GeoMesh> >'
     + alphaLiquid * fSIPXS * rhoHydrolysis
       ^
In file included from /opt/openfoam5/src/OpenFOAM/lnInclude/DimensionedField.C:532:0,
                 from /opt/openfoam5/src/OpenFOAM/lnInclude/DimensionedField.H:366,
                 from /opt/openfoam5/src/finiteVolume/lnInclude/fvMesh.H:58,
                 from /opt/openfoam5/src/finiteVolume/lnInclude/fvCFD.H:7,
                 from pamFoam.C:36:
/opt/openfoam5/src/OpenFOAM/lnInclude/DimensionedFieldFunctions.C:371:1: note: candidate: template<class Type1, class Type2, class GeoMesh> Foam::tmp<Foam::DimensionedField<typename Foam::typeOfSum<arg1, arg2>::type, GeoMesh> > Foam::operator+(const Foam::DimensionedField<TypeR, GeoMesh>&, const Foam::DimensionedField<Type1, GeoMesh>&)
 operator op                                                                    \
 ^
/opt/openfoam5/src/OpenFOAM/lnInclude/DimensionedFieldFunctions.C:642:1: note: in expansion of macro 'PRODUCT_OPERATOR'
 PRODUCT_OPERATOR(typeOfSum, +, add)
 ^
/opt/openfoam5/src/OpenFOAM/lnInclude/DimensionedFieldFunctions.C:371:1: note:   template argument deduction/substitution failed:
 operator op                                                                    \
 ^
/opt/openfoam5/src/OpenFOAM/lnInclude/DimensionedFieldFunctions.C:642:1: note: in expansion of macro 'PRODUCT_OPERATOR'
 PRODUCT_OPERATOR(typeOfSum, +, add)
 ^
In file included from pamFoam.C:144:0:
./processModels/SIPEqn.H:9:7: note:   candidate expects 2 arguments, 1 provided
     + alphaLiquid * fSIPXS * rhoHydrolysis
       ^
In file included from /opt/openfoam5/src/OpenFOAM/lnInclude/DimensionedField.C:532:0,
                 from /opt/openfoam5/src/OpenFOAM/lnInclude/DimensionedField.H:366,
                 from /opt/openfoam5/src/finiteVolume/lnInclude/fvMesh.H:58,
                 from /opt/openfoam5/src/finiteVolume/lnInclude/fvCFD.H:7,
                 from pamFoam.C:36:
/opt/openfoam5/src/OpenFOAM/lnInclude/DimensionedFieldFunctions.C:400:1: note: candidate: template<class Type1, class Type2, class GeoMesh> Foam::tmp<Foam::DimensionedField<typename Foam::typeOfSum<arg1, arg2>::type, GeoMesh> > Foam::operator+(const Foam::DimensionedField<TypeR, GeoMesh>&, const Foam::tmp<Foam::DimensionedField<Type1, GeoMesh> >&)
 operator op                                                                    \
 ^
/opt/openfoam5/src/OpenFOAM/lnInclude/DimensionedFieldFunctions.C:642:1: note: in expansion of macro 'PRODUCT_OPERATOR'
 PRODUCT_OPERATOR(typeOfSum, +, add)
 ^
/opt/openfoam5/src/OpenFOAM/lnInclude/DimensionedFieldFunctions.C:400:1: note:   template argument deduction/substitution failed:
 operator op                                                                    \
 ^
/opt/openfoam5/src/OpenFOAM/lnInclude/DimensionedFieldFunctions.C:642:1: note: in expansion of macro 'PRODUCT_OPERATOR'
 PRODUCT_OPERATOR(typeOfSum, +, add)
 ^
In file included from pamFoam.C:144:0:
./processModels/SIPEqn.H:9:7: note:   candidate expects 2 arguments, 1 provided
     + alphaLiquid * fSIPXS * rhoHydrolysis
       ^
In file included from /opt/openfoam5/src/OpenFOAM/lnInclude/DimensionedField.C:532:0,
                 from /opt/openfoam5/src/OpenFOAM/lnInclude/DimensionedField.H:366,
                 from /opt/openfoam5/src/finiteVolume/lnInclude/fvMesh.H:58,
                 from /opt/openfoam5/src/finiteVolume/lnInclude/fvCFD.H:7,
                 from pamFoam.C:36:
/opt/openfoam5/src/OpenFOAM/lnInclude/DimensionedFieldFunctions.C:427:1: note: candidate: template<class Type1, class Type2, class GeoMesh> Foam::tmp<Foam::DimensionedField<typename Foam::typeOfSum<arg1, arg2>::type, GeoMesh> > Foam::operator+(const Foam::tmp<Foam::DimensionedField<TypeR, GeoMesh> >&, const Foam::DimensionedField<Type1, GeoMesh>&)
 operator op                                                                    \
 ^
/opt/openfoam5/src/OpenFOAM/lnInclude/DimensionedFieldFunctions.C:642:1: note: in expansion of macro 'PRODUCT_OPERATOR'
 PRODUCT_OPERATOR(typeOfSum, +, add)
 ^
/opt/openfoam5/src/OpenFOAM/lnInclude/DimensionedFieldFunctions.C:427:1: note:   template argument deduction/substitution failed:
 operator op                                                                    \
 ^
/opt/openfoam5/src/OpenFOAM/lnInclude/DimensionedFieldFunctions.C:642:1: note: in expansion of macro 'PRODUCT_OPERATOR'
 PRODUCT_OPERATOR(typeOfSum, +, add)
 ^
In file included from pamFoam.C:144:0:
./processModels/SIPEqn.H:9:7: note:   'const volScalarField {aka const Foam::GeometricField<double, Foam::fvPatchField, Foam::volMesh>}' is not derived from 'const Foam::tmp<Foam::DimensionedField<TypeR, GeoMesh> >'
     + alphaLiquid * fSIPXS * rhoHydrolysis
       ^
In file included from /opt/openfoam5/src/OpenFOAM/lnInclude/DimensionedField.C:532:0,
                 from /opt/openfoam5/src/OpenFOAM/lnInclude/DimensionedField.H:366,
                 from /opt/openfoam5/src/finiteVolume/lnInclude/fvMesh.H:58,
                 from /opt/openfoam5/src/finiteVolume/lnInclude/fvCFD.H:7,
                 from pamFoam.C:36:
/opt/openfoam5/src/OpenFOAM/lnInclude/DimensionedFieldFunctions.C:454:1: note: candidate: template<class Type1, class Type2, class GeoMesh> Foam::tmp<Foam::DimensionedField<typename Foam::typeOfSum<arg1, arg2>::type, GeoMesh> > Foam::operator+(const Foam::tmp<Foam::DimensionedField<TypeR, GeoMesh> >&, const Foam::tmp<Foam::DimensionedField<Type1, GeoMesh> >&)
 operator op                                                                    \
 ^
/opt/openfoam5/src/OpenFOAM/lnInclude/DimensionedFieldFunctions.C:642:1: note: in expansion of macro 'PRODUCT_OPERATOR'
 PRODUCT_OPERATOR(typeOfSum, +, add)
 ^
/opt/openfoam5/src/OpenFOAM/lnInclude/DimensionedFieldFunctions.C:454:1: note:   template argument deduction/substitution failed:
 operator op                                                                    \
 ^
/opt/openfoam5/src/OpenFOAM/lnInclude/DimensionedFieldFunctions.C:642:1: note: in expansion of macro 'PRODUCT_OPERATOR'
 PRODUCT_OPERATOR(typeOfSum, +, add)
 ^
In file included from pamFoam.C:144:0:
./processModels/SIPEqn.H:9:7: note:   'const volScalarField {aka const Foam::GeometricField<double, Foam::fvPatchField, Foam::volMesh>}' is not derived from 'const Foam::tmp<Foam::DimensionedField<TypeR, GeoMesh> >'
     + alphaLiquid * fSIPXS * rhoHydrolysis
       ^
In file included from /opt/openfoam5/src/OpenFOAM/lnInclude/DimensionedField.C:532:0,
                 from /opt/openfoam5/src/OpenFOAM/lnInclude/DimensionedField.H:366,
                 from /opt/openfoam5/src/finiteVolume/lnInclude/fvMesh.H:58,
                 from /opt/openfoam5/src/finiteVolume/lnInclude/fvCFD.H:7,
                 from pamFoam.C:36:
/opt/openfoam5/src/OpenFOAM/lnInclude/DimensionedFieldFunctions.C:485:1: note: candidate: template<class Form, class Type, class GeoMesh> Foam::tmp<Foam::DimensionedField<typename Foam::typeOfSum<Type, Form>::type, GeoMesh> > Foam::operator+(const Foam::DimensionedField<Type1, GeoMesh>&, const Foam::dimensioned<Type>&)
 operator op                                                                    \
 ^
/opt/openfoam5/src/OpenFOAM/lnInclude/DimensionedFieldFunctions.C:642:1: note: in expansion of macro 'PRODUCT_OPERATOR'
 PRODUCT_OPERATOR(typeOfSum, +, add)
 ^
/opt/openfoam5/src/OpenFOAM/lnInclude/DimensionedFieldFunctions.C:485:1: note:   template argument deduction/substitution failed:
 operator op                                                                    \
 ^
/opt/openfoam5/src/OpenFOAM/lnInclude/DimensionedFieldFunctions.C:642:1: note: in expansion of macro 'PRODUCT_OPERATOR'
 PRODUCT_OPERATOR(typeOfSum, +, add)
 ^
In file included from pamFoam.C:144:0:
./processModels/SIPEqn.H:9:7: note:   candidate expects 2 arguments, 1 provided
     + alphaLiquid * fSIPXS * rhoHydrolysis
       ^
In file included from /opt/openfoam5/src/OpenFOAM/lnInclude/DimensionedField.C:532:0,
                 from /opt/openfoam5/src/OpenFOAM/lnInclude/DimensionedField.H:366,
                 from /opt/openfoam5/src/finiteVolume/lnInclude/fvMesh.H:58,
                 from /opt/openfoam5/src/finiteVolume/lnInclude/fvCFD.H:7,
                 from pamFoam.C:36:
/opt/openfoam5/src/OpenFOAM/lnInclude/DimensionedFieldFunctions.C:515:1: note: candidate: template<class Form, class Cmpt, unsigned char nCmpt, class Type, class GeoMesh> Foam::tmp<Foam::DimensionedField<typename Foam::typeOfSum<Form, Type>::type, GeoMesh> > Foam::operator+(const Foam::DimensionedField<Type2, GeoMesh>&, const Foam::VectorSpace<Form, Cmpt, Ncmpts>&)
 operator op                                                                    \
 ^
/opt/openfoam5/src/OpenFOAM/lnInclude/DimensionedFieldFunctions.C:642:1: note: in expansion of macro 'PRODUCT_OPERATOR'
 PRODUCT_OPERATOR(typeOfSum, +, add)
 ^
/opt/openfoam5/src/OpenFOAM/lnInclude/DimensionedFieldFunctions.C:515:1: note:   template argument deduction/substitution failed:
 operator op                                                                    \
 ^
/opt/openfoam5/src/OpenFOAM/lnInclude/DimensionedFieldFunctions.C:642:1: note: in expansion of macro 'PRODUCT_OPERATOR'
 PRODUCT_OPERATOR(typeOfSum, +, add)
 ^
In file included from pamFoam.C:144:0:
./processModels/SIPEqn.H:9:7: note:   candidate expects 2 arguments, 1 provided
     + alphaLiquid * fSIPXS * rhoHydrolysis
       ^
In file included from /opt/openfoam5/src/OpenFOAM/lnInclude/DimensionedField.C:532:0,
                 from /opt/openfoam5/src/OpenFOAM/lnInclude/DimensionedField.H:366,
                 from /opt/openfoam5/src/finiteVolume/lnInclude/fvMesh.H:58,
                 from /opt/openfoam5/src/finiteVolume/lnInclude/fvCFD.H:7,
                 from pamFoam.C:36:
/opt/openfoam5/src/OpenFOAM/lnInclude/DimensionedFieldFunctions.C:527:1: note: candidate: template<class Form, class Type, class GeoMesh> Foam::tmp<Foam::DimensionedField<typename Foam::typeOfSum<Type, Form>::type, GeoMesh> > Foam::operator+(const Foam::tmp<Foam::DimensionedField<Type1, GeoMesh> >&, const Foam::dimensioned<Type>&)
 operator op                                                                    \
 ^
/opt/openfoam5/src/OpenFOAM/lnInclude/DimensionedFieldFunctions.C:642:1: note: in expansion of macro 'PRODUCT_OPERATOR'
 PRODUCT_OPERATOR(typeOfSum, +, add)
 ^
/opt/openfoam5/src/OpenFOAM/lnInclude/DimensionedFieldFunctions.C:527:1: note:   template argument deduction/substitution failed:
 operator op                                                                    \
 ^
/opt/openfoam5/src/OpenFOAM/lnInclude/DimensionedFieldFunctions.C:642:1: note: in expansion of macro 'PRODUCT_OPERATOR'
 PRODUCT_OPERATOR(typeOfSum, +, add)
 ^
In file included from pamFoam.C:144:0:
./processModels/SIPEqn.H:9:7: note:   'const volScalarField {aka const Foam::GeometricField<double, Foam::fvPatchField, Foam::volMesh>}' is not derived from 'const Foam::tmp<Foam::DimensionedField<Type1, GeoMesh> >'
     + alphaLiquid * fSIPXS * rhoHydrolysis
       ^
In file included from /opt/openfoam5/src/OpenFOAM/lnInclude/DimensionedField.C:532:0,
                 from /opt/openfoam5/src/OpenFOAM/lnInclude/DimensionedField.H:366,
                 from /opt/openfoam5/src/finiteVolume/lnInclude/fvMesh.H:58,
                 from /opt/openfoam5/src/finiteVolume/lnInclude/fvCFD.H:7,
                 from pamFoam.C:36:
/opt/openfoam5/src/OpenFOAM/lnInclude/DimensionedFieldFunctions.C:554:1: note: candidate: template<class Form, class Cmpt, unsigned char nCmpt, class Type, class GeoMesh> Foam::tmp<Foam::DimensionedField<typename Foam::typeOfSum<Form, Type>::type, GeoMesh> > Foam::operator+(const Foam::tmp<Foam::DimensionedField<Type2, GeoMesh> >&, const Foam::VectorSpace<Form, Cmpt, Ncmpts>&)
 operator op                                                                    \
 ^
/opt/openfoam5/src/OpenFOAM/lnInclude/DimensionedFieldFunctions.C:642:1: note: in expansion of macro 'PRODUCT_OPERATOR'
 PRODUCT_OPERATOR(typeOfSum, +, add)
 ^
/opt/openfoam5/src/OpenFOAM/lnInclude/DimensionedFieldFunctions.C:554:1: note:   template argument deduction/substitution failed:
 operator op                                                                    \
 ^
/opt/openfoam5/src/OpenFOAM/lnInclude/DimensionedFieldFunctions.C:642:1: note: in expansion of macro 'PRODUCT_OPERATOR'
 PRODUCT_OPERATOR(typeOfSum, +, add)
 ^
In file included from pamFoam.C:144:0:
./processModels/SIPEqn.H:9:7: note:   'const volScalarField {aka const Foam::GeometricField<double, Foam::fvPatchField, Foam::volMesh>}' is not derived from 'const Foam::tmp<Foam::DimensionedField<Type2, GeoMesh> >'
     + alphaLiquid * fSIPXS * rhoHydrolysis
       ^
In file included from /opt/openfoam5/src/OpenFOAM/lnInclude/DimensionedField.C:532:0,
                 from /opt/openfoam5/src/OpenFOAM/lnInclude/DimensionedField.H:366,
                 from /opt/openfoam5/src/finiteVolume/lnInclude/fvMesh.H:58,
                 from /opt/openfoam5/src/finiteVolume/lnInclude/fvCFD.H:7,
                 from pamFoam.C:36:
/opt/openfoam5/src/OpenFOAM/lnInclude/DimensionedFieldFunctions.C:566:1: note: candidate: template<class Form, class Type, class GeoMesh> Foam::tmp<Foam::DimensionedField<typename Foam::typeOfSum<arg1, arg2>::type, GeoMesh> > Foam::operator+(const Foam::dimensioned<Type>&, const Foam::DimensionedField<Type1, GeoMesh>&)
 operator op                                                                    \
 ^
/opt/openfoam5/src/OpenFOAM/lnInclude/DimensionedFieldFunctions.C:642:1: note: in expansion of macro 'PRODUCT_OPERATOR'
 PRODUCT_OPERATOR(typeOfSum, +, add)
 ^
/opt/openfoam5/src/OpenFOAM/lnInclude/DimensionedFieldFunctions.C:566:1: note:   template argument deduction/substitution failed:
 operator op                                                                    \
 ^
/opt/openfoam5/src/OpenFOAM/lnInclude/DimensionedFieldFunctions.C:642:1: note: in expansion of macro 'PRODUCT_OPERATOR'
 PRODUCT_OPERATOR(typeOfSum, +, add)
 ^
In file included from pamFoam.C:144:0:
./processModels/SIPEqn.H:9:7: note:   'const volScalarField {aka const Foam::GeometricField<double, Foam::fvPatchField, Foam::volMesh>}' is not derived from 'const Foam::dimensioned<Type>'
     + alphaLiquid * fSIPXS * rhoHydrolysis
       ^
In file included from /opt/openfoam5/src/OpenFOAM/lnInclude/DimensionedField.C:532:0,
                 from /opt/openfoam5/src/OpenFOAM/lnInclude/DimensionedField.H:366,
                 from /opt/openfoam5/src/finiteVolume/lnInclude/fvMesh.H:58,
                 from /opt/openfoam5/src/finiteVolume/lnInclude/fvCFD.H:7,
                 from pamFoam.C:36:
/opt/openfoam5/src/OpenFOAM/lnInclude/DimensionedFieldFunctions.C:595:1: note: candidate: template<class Form, class Cmpt, unsigned char nCmpt, class Type, class GeoMesh> Foam::tmp<Foam::DimensionedField<typename Foam::typeOfSum<Form, Type>::type, GeoMesh> > Foam::operator+(const Foam::VectorSpace<Form, Cmpt, Ncmpts>&, const Foam::DimensionedField<Type2, GeoMesh>&)
 operator op                                                                    \
 ^
/opt/openfoam5/src/OpenFOAM/lnInclude/DimensionedFieldFunctions.C:642:1: note: in expansion of macro 'PRODUCT_OPERATOR'
 PRODUCT_OPERATOR(typeOfSum, +, add)
 ^
/opt/openfoam5/src/OpenFOAM/lnInclude/DimensionedFieldFunctions.C:595:1: note:   template argument deduction/substitution failed:
 operator op                                                                    \
 ^
/opt/openfoam5/src/OpenFOAM/lnInclude/DimensionedFieldFunctions.C:642:1: note: in expansion of macro 'PRODUCT_OPERATOR'
 PRODUCT_OPERATOR(typeOfSum, +, add)
 ^
In file included from pamFoam.C:144:0:
./processModels/SIPEqn.H:9:7: note:   'const volScalarField {aka const Foam::GeometricField<double, Foam::fvPatchField, Foam::volMesh>}' is not derived from 'const Foam::VectorSpace<Form, Cmpt, Ncmpts>'
     + alphaLiquid * fSIPXS * rhoHydrolysis
       ^
In file included from /opt/openfoam5/src/OpenFOAM/lnInclude/DimensionedField.C:532:0,
                 from /opt/openfoam5/src/OpenFOAM/lnInclude/DimensionedField.H:366,
                 from /opt/openfoam5/src/finiteVolume/lnInclude/fvMesh.H:58,
                 from /opt/openfoam5/src/finiteVolume/lnInclude/fvCFD.H:7,
                 from pamFoam.C:36:
/opt/openfoam5/src/OpenFOAM/lnInclude/DimensionedFieldFunctions.C:606:1: note: candidate: template<class Form, class Type, class GeoMesh> Foam::tmp<Foam::DimensionedField<typename Foam::typeOfSum<arg1, arg2>::type, GeoMesh> > Foam::operator+(const Foam::dimensioned<Type>&, const Foam::tmp<Foam::DimensionedField<Type1, GeoMesh> >&)
 operator op                                                                    \
 ^
/opt/openfoam5/src/OpenFOAM/lnInclude/DimensionedFieldFunctions.C:642:1: note: in expansion of macro 'PRODUCT_OPERATOR'
 PRODUCT_OPERATOR(typeOfSum, +, add)
 ^
/opt/openfoam5/src/OpenFOAM/lnInclude/DimensionedFieldFunctions.C:606:1: note:   template argument deduction/substitution failed:
 operator op                                                                    \
 ^
/opt/openfoam5/src/OpenFOAM/lnInclude/DimensionedFieldFunctions.C:642:1: note: in expansion of macro 'PRODUCT_OPERATOR'
 PRODUCT_OPERATOR(typeOfSum, +, add)
 ^
In file included from pamFoam.C:144:0:
./processModels/SIPEqn.H:9:7: note:   'const volScalarField {aka const Foam::GeometricField<double, Foam::fvPatchField, Foam::volMesh>}' is not derived from 'const Foam::dimensioned<Type>'
     + alphaLiquid * fSIPXS * rhoHydrolysis
       ^
In file included from /opt/openfoam5/src/OpenFOAM/lnInclude/DimensionedField.C:532:0,
                 from /opt/openfoam5/src/OpenFOAM/lnInclude/DimensionedField.H:366,
                 from /opt/openfoam5/src/finiteVolume/lnInclude/fvMesh.H:58,
                 from /opt/openfoam5/src/finiteVolume/lnInclude/fvCFD.H:7,
                 from pamFoam.C:36:
/opt/openfoam5/src/OpenFOAM/lnInclude/DimensionedFieldFunctions.C:633:1: note: candidate: template<class Form, class Cmpt, unsigned char nCmpt, class Type, class GeoMesh> Foam::tmp<Foam::DimensionedField<typename Foam::typeOfSum<Form, Type>::type, GeoMesh> > Foam::operator+(const Foam::VectorSpace<Form, Cmpt, Ncmpts>&, const Foam::tmp<Foam::DimensionedField<Type2, GeoMesh> >&)
 operator op                                                                    \
 ^
/opt/openfoam5/src/OpenFOAM/lnInclude/DimensionedFieldFunctions.C:642:1: note: in expansion of macro 'PRODUCT_OPERATOR'
 PRODUCT_OPERATOR(typeOfSum, +, add)
 ^
/opt/openfoam5/src/OpenFOAM/lnInclude/DimensionedFieldFunctions.C:633:1: note:   template argument deduction/substitution failed:
 operator op                                                                    \
 ^
/opt/openfoam5/src/OpenFOAM/lnInclude/DimensionedFieldFunctions.C:642:1: note: in expansion of macro 'PRODUCT_OPERATOR'
 PRODUCT_OPERATOR(typeOfSum, +, add)
 ^
In file included from pamFoam.C:144:0:
./processModels/SIPEqn.H:9:7: note:   'const volScalarField {aka const Foam::GeometricField<double, Foam::fvPatchField, Foam::volMesh>}' is not derived from 'const Foam::VectorSpace<Form, Cmpt, Ncmpts>'
     + alphaLiquid * fSIPXS * rhoHydrolysis
       ^
In file included from /opt/openfoam5/src/OpenFOAM/lnInclude/scalarFieldField.C:32:0,
                 from /opt/openfoam5/src/OpenFOAM/lnInclude/scalarFieldField.H:158,
                 from /opt/openfoam5/src/OpenFOAM/lnInclude/FieldFieldFunctions.H:26,
                 from /opt/openfoam5/src/OpenFOAM/lnInclude/FieldField.H:195,
                 from /opt/openfoam5/src/OpenFOAM/lnInclude/GeometricField.H:45,
                 from /opt/openfoam5/src/OpenFOAM/lnInclude/GeometricScalarField.H:38,
                 from /opt/openfoam5/src/OpenFOAM/lnInclude/GeometricFields.H:34,
                 from /opt/openfoam5/src/finiteVolume/lnInclude/volFields.H:37,
                 from /opt/openfoam5/src/finiteVolume/lnInclude/surfaceInterpolationScheme.C:27,
                 from /opt/openfoam5/src/finiteVolume/lnInclude/surfaceInterpolationScheme.H:307,
                 from /opt/openfoam5/src/finiteVolume/lnInclude/surfaceInterpolate.H:41,
                 from /opt/openfoam5/src/finiteVolume/lnInclude/fvc.H:39,
                 from /opt/openfoam5/src/finiteVolume/lnInclude/fvCFD.H:8,
                 from pamFoam.C:36:
/opt/openfoam5/src/OpenFOAM/lnInclude/FieldFieldFunctionsM.C:407:36: note: candidate: template<template<class> class Field> Foam::tmp<Foam::FieldField<Field, double> > Foam::operator+(const scalar&, const Foam::FieldField<Field, double>&)
 tmp<FieldField<Field, ReturnType>> operator Op                                 \
                                    ^
/opt/openfoam5/src/OpenFOAM/lnInclude/FieldFieldFunctionsM.C:487:5: note: in expansion of macro 'BINARY_TYPE_OPERATOR_SF'
     BINARY_TYPE_OPERATOR_SF(ReturnType, Type1, Type2, Op, OpFunc)              \
     ^
/opt/openfoam5/src/OpenFOAM/lnInclude/scalarFieldField.C:85:1: note: in expansion of macro 'BINARY_TYPE_OPERATOR'
 BINARY_TYPE_OPERATOR(scalar, scalar, scalar, +, add)
 ^
/opt/openfoam5/src/OpenFOAM/lnInclude/FieldFieldFunctionsM.C:407:36: note:   template argument deduction/substitution failed:
 tmp<FieldField<Field, ReturnType>> operator Op                                 \
                                    ^
/opt/openfoam5/src/OpenFOAM/lnInclude/FieldFieldFunctionsM.C:487:5: note: in expansion of macro 'BINARY_TYPE_OPERATOR_SF'
     BINARY_TYPE_OPERATOR_SF(ReturnType, Type1, Type2, Op, OpFunc)              \
     ^
/opt/openfoam5/src/OpenFOAM/lnInclude/scalarFieldField.C:85:1: note: in expansion of macro 'BINARY_TYPE_OPERATOR'
 BINARY_TYPE_OPERATOR(scalar, scalar, scalar, +, add)
 ^
In file included from pamFoam.C:144:0:
./processModels/SIPEqn.H:9:7: note:   cannot convert 'alphaLiquid' (type 'const volScalarField {aka const Foam::GeometricField<double, Foam::fvPatchField, Foam::volMesh>}') to type 'const scalar& {aka const double&}'
     + alphaLiquid * fSIPXS * rhoHydrolysis
       ^
In file included from /opt/openfoam5/src/OpenFOAM/lnInclude/scalarFieldField.C:32:0,
                 from /opt/openfoam5/src/OpenFOAM/lnInclude/scalarFieldField.H:158,
                 from /opt/openfoam5/src/OpenFOAM/lnInclude/FieldFieldFunctions.H:26,
                 from /opt/openfoam5/src/OpenFOAM/lnInclude/FieldField.H:195,
                 from /opt/openfoam5/src/OpenFOAM/lnInclude/GeometricField.H:45,
                 from /opt/openfoam5/src/OpenFOAM/lnInclude/GeometricScalarField.H:38,
                 from /opt/openfoam5/src/OpenFOAM/lnInclude/GeometricFields.H:34,
                 from /opt/openfoam5/src/finiteVolume/lnInclude/volFields.H:37,
                 from /opt/openfoam5/src/finiteVolume/lnInclude/surfaceInterpolationScheme.C:27,
                 from /opt/openfoam5/src/finiteVolume/lnInclude/surfaceInterpolationScheme.H:307,
                 from /opt/openfoam5/src/finiteVolume/lnInclude/surfaceInterpolate.H:41,
                 from /opt/openfoam5/src/finiteVolume/lnInclude/fvc.H:39,
                 from /opt/openfoam5/src/finiteVolume/lnInclude/fvCFD.H:8,
                 from pamFoam.C:36:
/opt/openfoam5/src/OpenFOAM/lnInclude/FieldFieldFunctionsM.C:422:36: note: candidate: template<template<class> class Field> Foam::tmp<Foam::FieldField<Field, double> > Foam::operator+(const scalar&, const Foam::tmp<Foam::FieldField<Field, double> >&)
 tmp<FieldField<Field, ReturnType>> operator Op                                 \
                                    ^
/opt/openfoam5/src/OpenFOAM/lnInclude/FieldFieldFunctionsM.C:487:5: note: in expansion of macro 'BINARY_TYPE_OPERATOR_SF'
     BINARY_TYPE_OPERATOR_SF(ReturnType, Type1, Type2, Op, OpFunc)              \
     ^
/opt/openfoam5/src/OpenFOAM/lnInclude/scalarFieldField.C:85:1: note: in expansion of macro 'BINARY_TYPE_OPERATOR'
 BINARY_TYPE_OPERATOR(scalar, scalar, scalar, +, add)
 ^
/opt/openfoam5/src/OpenFOAM/lnInclude/FieldFieldFunctionsM.C:422:36: note:   template argument deduction/substitution failed:
 tmp<FieldField<Field, ReturnType>> operator Op                                 \
                                    ^
/opt/openfoam5/src/OpenFOAM/lnInclude/FieldFieldFunctionsM.C:487:5: note: in expansion of macro 'BINARY_TYPE_OPERATOR_SF'
     BINARY_TYPE_OPERATOR_SF(ReturnType, Type1, Type2, Op, OpFunc)              \
     ^
/opt/openfoam5/src/OpenFOAM/lnInclude/scalarFieldField.C:85:1: note: in expansion of macro 'BINARY_TYPE_OPERATOR'
 BINARY_TYPE_OPERATOR(scalar, scalar, scalar, +, add)
 ^
In file included from pamFoam.C:144:0:
./processModels/SIPEqn.H:9:7: note:   cannot convert 'alphaLiquid' (type 'const volScalarField {aka const Foam::GeometricField<double, Foam::fvPatchField, Foam::volMesh>}') to type 'const scalar& {aka const double&}'
     + alphaLiquid * fSIPXS * rhoHydrolysis
       ^
In file included from /opt/openfoam5/src/OpenFOAM/lnInclude/scalarFieldField.C:32:0,
                 from /opt/openfoam5/src/OpenFOAM/lnInclude/scalarFieldField.H:158,
                 from /opt/openfoam5/src/OpenFOAM/lnInclude/FieldFieldFunctions.H:26,
                 from /opt/openfoam5/src/OpenFOAM/lnInclude/FieldField.H:195,
                 from /opt/openfoam5/src/OpenFOAM/lnInclude/GeometricField.H:45,
                 from /opt/openfoam5/src/OpenFOAM/lnInclude/GeometricScalarField.H:38,
                 from /opt/openfoam5/src/OpenFOAM/lnInclude/GeometricFields.H:34,
                 from /opt/openfoam5/src/finiteVolume/lnInclude/volFields.H:37,
                 from /opt/openfoam5/src/finiteVolume/lnInclude/surfaceInterpolationScheme.C:27,
                 from /opt/openfoam5/src/finiteVolume/lnInclude/surfaceInterpolationScheme.H:307,
                 from /opt/openfoam5/src/finiteVolume/lnInclude/surfaceInterpolate.H:41,
                 from /opt/openfoam5/src/finiteVolume/lnInclude/fvc.H:39,
                 from /opt/openfoam5/src/finiteVolume/lnInclude/fvCFD.H:8,
                 from pamFoam.C:36:
/opt/openfoam5/src/OpenFOAM/lnInclude/FieldFieldFunctionsM.C:455:36: note: candidate: template<template<class> class Field> Foam::tmp<Foam::FieldField<Field, double> > Foam::operator+(const Foam::FieldField<Field, double>&, const scalar&)
 tmp<FieldField<Field, ReturnType>> operator Op                                 \
                                    ^
/opt/openfoam5/src/OpenFOAM/lnInclude/FieldFieldFunctionsM.C:488:5: note: in expansion of macro 'BINARY_TYPE_OPERATOR_FS'
     BINARY_TYPE_OPERATOR_FS(ReturnType, Type1, Type2, Op, OpFunc)
     ^
/opt/openfoam5/src/OpenFOAM/lnInclude/scalarFieldField.C:85:1: note: in expansion of macro 'BINARY_TYPE_OPERATOR'
 BINARY_TYPE_OPERATOR(scalar, scalar, scalar, +, add)
 ^
/opt/openfoam5/src/OpenFOAM/lnInclude/FieldFieldFunctionsM.C:455:36: note:   template argument deduction/substitution failed:
 tmp<FieldField<Field, ReturnType>> operator Op                                 \
                                    ^
/opt/openfoam5/src/OpenFOAM/lnInclude/FieldFieldFunctionsM.C:488:5: note: in expansion of macro 'BINARY_TYPE_OPERATOR_FS'
     BINARY_TYPE_OPERATOR_FS(ReturnType, Type1, Type2, Op, OpFunc)
     ^
/opt/openfoam5/src/OpenFOAM/lnInclude/scalarFieldField.C:85:1: note: in expansion of macro 'BINARY_TYPE_OPERATOR'
 BINARY_TYPE_OPERATOR(scalar, scalar, scalar, +, add)
 ^
In file included from pamFoam.C:144:0:
./processModels/SIPEqn.H:9:7: note:   'const volScalarField {aka const Foam::GeometricField<double, Foam::fvPatchField, Foam::volMesh>}' is not derived from 'const Foam::FieldField<Field, double>'
     + alphaLiquid * fSIPXS * rhoHydrolysis
       ^
In file included from /opt/openfoam5/src/OpenFOAM/lnInclude/scalarFieldField.C:32:0,
                 from /opt/openfoam5/src/OpenFOAM/lnInclude/scalarFieldField.H:158,
                 from /opt/openfoam5/src/OpenFOAM/lnInclude/FieldFieldFunctions.H:26,
                 from /opt/openfoam5/src/OpenFOAM/lnInclude/FieldField.H:195,
                 from /opt/openfoam5/src/OpenFOAM/lnInclude/GeometricField.H:45,
                 from /opt/openfoam5/src/OpenFOAM/lnInclude/GeometricScalarField.H:38,
                 from /opt/openfoam5/src/OpenFOAM/lnInclude/GeometricFields.H:34,
                 from /opt/openfoam5/src/finiteVolume/lnInclude/volFields.H:37,
                 from /opt/openfoam5/src/finiteVolume/lnInclude/surfaceInterpolationScheme.C:27,
                 from /opt/openfoam5/src/finiteVolume/lnInclude/surfaceInterpolationScheme.H:307,
                 from /opt/openfoam5/src/finiteVolume/lnInclude/surfaceInterpolate.H:41,
                 from /opt/openfoam5/src/finiteVolume/lnInclude/fvc.H:39,
                 from /opt/openfoam5/src/finiteVolume/lnInclude/fvCFD.H:8,
                 from pamFoam.C:36:
/opt/openfoam5/src/OpenFOAM/lnInclude/FieldFieldFunctionsM.C:470:36: note: candidate: template<template<class> class Field> Foam::tmp<Foam::FieldField<Field, double> > Foam::operator+(const Foam::tmp<Foam::FieldField<Field, double> >&, const scalar&)
 tmp<FieldField<Field, ReturnType>> operator Op                                 \
                                    ^
/opt/openfoam5/src/OpenFOAM/lnInclude/FieldFieldFunctionsM.C:488:5: note: in expansion of macro 'BINARY_TYPE_OPERATOR_FS'
     BINARY_TYPE_OPERATOR_FS(ReturnType, Type1, Type2, Op, OpFunc)
     ^
/opt/openfoam5/src/OpenFOAM/lnInclude/scalarFieldField.C:85:1: note: in expansion of macro 'BINARY_TYPE_OPERATOR'
 BINARY_TYPE_OPERATOR(scalar, scalar, scalar, +, add)
 ^
/opt/openfoam5/src/OpenFOAM/lnInclude/FieldFieldFunctionsM.C:470:36: note:   template argument deduction/substitution failed:
 tmp<FieldField<Field, ReturnType>> operator Op                                 \
                                    ^
/opt/openfoam5/src/OpenFOAM/lnInclude/FieldFieldFunctionsM.C:488:5: note: in expansion of macro 'BINARY_TYPE_OPERATOR_FS'
     BINARY_TYPE_OPERATOR_FS(ReturnType, Type1, Type2, Op, OpFunc)
     ^
/opt/openfoam5/src/OpenFOAM/lnInclude/scalarFieldField.C:85:1: note: in expansion of macro 'BINARY_TYPE_OPERATOR'
 BINARY_TYPE_OPERATOR(scalar, scalar, scalar, +, add)
 ^
In file included from pamFoam.C:144:0:
./processModels/SIPEqn.H:9:7: note:   'const volScalarField {aka const Foam::GeometricField<double, Foam::fvPatchField, Foam::volMesh>}' is not derived from 'const Foam::tmp<Foam::FieldField<Field, double> >'
     + alphaLiquid * fSIPXS * rhoHydrolysis
       ^
In file included from /opt/openfoam5/src/OpenFOAM/lnInclude/FieldField.C:390:0,
                 from /opt/openfoam5/src/OpenFOAM/lnInclude/FieldField.H:198,
                 from /opt/openfoam5/src/OpenFOAM/lnInclude/GeometricField.H:45,
                 from /opt/openfoam5/src/OpenFOAM/lnInclude/GeometricScalarField.H:38,
                 from /opt/openfoam5/src/OpenFOAM/lnInclude/GeometricFields.H:34,
                 from /opt/openfoam5/src/finiteVolume/lnInclude/volFields.H:37,
                 from /opt/openfoam5/src/finiteVolume/lnInclude/surfaceInterpolationScheme.C:27,
                 from /opt/openfoam5/src/finiteVolume/lnInclude/surfaceInterpolationScheme.H:307,
                 from /opt/openfoam5/src/finiteVolume/lnInclude/surfaceInterpolate.H:41,
                 from /opt/openfoam5/src/finiteVolume/lnInclude/fvc.H:39,
                 from /opt/openfoam5/src/finiteVolume/lnInclude/fvCFD.H:8,
                 from pamFoam.C:36:
/opt/openfoam5/src/OpenFOAM/lnInclude/FieldFieldFunctions.C:654:1: note: candidate: template<template<class> class Field1, template<class> class Field2, class Type1, class Type2> Foam::tmp<Foam::FieldField<Field1, typename Foam::typeOfSum<Type1, Type2>::type> > Foam::operator+(const Foam::FieldField<Field, Type1>&, const Foam::FieldField<Field2, Type2>&)
 operator op                                                                    \
 ^
/opt/openfoam5/src/OpenFOAM/lnInclude/FieldFieldFunctions.C:901:1: note: in expansion of macro 'PRODUCT_OPERATOR'
 PRODUCT_OPERATOR(typeOfSum, +, add)
 ^
/opt/openfoam5/src/OpenFOAM/lnInclude/FieldFieldFunctions.C:654:1: note:   template argument deduction/substitution failed:
 operator op                                                                    \
 ^
/opt/openfoam5/src/OpenFOAM/lnInclude/FieldFieldFunctions.C:901:1: note: in expansion of macro 'PRODUCT_OPERATOR'
 PRODUCT_OPERATOR(typeOfSum, +, add)
 ^
In file included from pamFoam.C:144:0:
./processModels/SIPEqn.H:9:7: note:   'const volScalarField {aka const Foam::GeometricField<double, Foam::fvPatchField, Foam::volMesh>}' is not derived from 'const Foam::FieldField<Field, Type1>'
     + alphaLiquid * fSIPXS * rhoHydrolysis
       ^
In file included from /opt/openfoam5/src/OpenFOAM/lnInclude/FieldField.C:390:0,
                 from /opt/openfoam5/src/OpenFOAM/lnInclude/FieldField.H:198,
                 from /opt/openfoam5/src/OpenFOAM/lnInclude/GeometricField.H:45,
                 from /opt/openfoam5/src/OpenFOAM/lnInclude/GeometricScalarField.H:38,
                 from /opt/openfoam5/src/OpenFOAM/lnInclude/GeometricFields.H:34,
                 from /opt/openfoam5/src/finiteVolume/lnInclude/volFields.H:37,
                 from /opt/openfoam5/src/finiteVolume/lnInclude/surfaceInterpolationScheme.C:27,
                 from /opt/openfoam5/src/finiteVolume/lnInclude/surfaceInterpolationScheme.H:307,
                 from /opt/openfoam5/src/finiteVolume/lnInclude/surfaceInterpolate.H:41,
                 from /opt/openfoam5/src/finiteVolume/lnInclude/fvc.H:39,
                 from /opt/openfoam5/src/finiteVolume/lnInclude/fvCFD.H:8,
                 from pamFoam.C:36:
/opt/openfoam5/src/OpenFOAM/lnInclude/FieldFieldFunctions.C:671:1: note: candidate: template<template<class> class Field, class Type1, class Type2> Foam::tmp<Foam::FieldField<Field, typename Foam::typeOfSum<Type1, Type2>::type> > Foam::operator+(const Foam::FieldField<Field, Type>&, const Foam::tmp<Foam::FieldField<Field, Type1> >&)
 operator op                                                                    \
 ^
/opt/openfoam5/src/OpenFOAM/lnInclude/FieldFieldFunctions.C:901:1: note: in expansion of macro 'PRODUCT_OPERATOR'
 PRODUCT_OPERATOR(typeOfSum, +, add)
 ^
/opt/openfoam5/src/OpenFOAM/lnInclude/FieldFieldFunctions.C:671:1: note:   template argument deduction/substitution failed:
 operator op                                                                    \
 ^
/opt/openfoam5/src/OpenFOAM/lnInclude/FieldFieldFunctions.C:901:1: note: in expansion of macro 'PRODUCT_OPERATOR'
 PRODUCT_OPERATOR(typeOfSum, +, add)
 ^
In file included from pamFoam.C:144:0:
./processModels/SIPEqn.H:9:7: note:   'const volScalarField {aka const Foam::GeometricField<double, Foam::fvPatchField, Foam::volMesh>}' is not derived from 'const Foam::FieldField<Field, Type>'
     + alphaLiquid * fSIPXS * rhoHydrolysis
       ^
In file included from /opt/openfoam5/src/OpenFOAM/lnInclude/FieldField.H:195:0,
                 from /opt/openfoam5/src/OpenFOAM/lnInclude/GeometricField.H:45,
                 from /opt/openfoam5/src/OpenFOAM/lnInclude/GeometricScalarField.H:38,
                 from /opt/openfoam5/src/OpenFOAM/lnInclude/GeometricFields.H:34,
                 from /opt/openfoam5/src/finiteVolume/lnInclude/volFields.H:37,
                 from /opt/openfoam5/src/finiteVolume/lnInclude/surfaceInterpolationScheme.C:27,
                 from /opt/openfoam5/src/finiteVolume/lnInclude/surfaceInterpolationScheme.H:307,
                 from /opt/openfoam5/src/finiteVolume/lnInclude/surfaceInterpolate.H:41,
                 from /opt/openfoam5/src/finiteVolume/lnInclude/fvc.H:39,
                 from /opt/openfoam5/src/finiteVolume/lnInclude/fvCFD.H:8,
                 from pamFoam.C:36:
/opt/openfoam5/src/OpenFOAM/lnInclude/FieldFieldFunctions.H:314:1: note: candidate: template<template<class> class Field1, template<class> class Field2, class Type1, class Type2> Foam::tmp<Foam::FieldField<Field1, typename Foam::typeOfSum<Type1, Type2>::type> > Foam::operator+(const Foam::FieldField<Field, Type1>&, const Foam::tmp<Foam::FieldField<Field2, Type2> >&)
 operator op                                                                    \
 ^
/opt/openfoam5/src/OpenFOAM/lnInclude/FieldFieldFunctions.H:438:1: note: in expansion of macro 'PRODUCT_OPERATOR'
 PRODUCT_OPERATOR(typeOfSum, +, add)
 ^
/opt/openfoam5/src/OpenFOAM/lnInclude/FieldFieldFunctions.H:314:1: note:   template argument deduction/substitution failed:
 operator op                                                                    \
 ^
/opt/openfoam5/src/OpenFOAM/lnInclude/FieldFieldFunctions.H:438:1: note: in expansion of macro 'PRODUCT_OPERATOR'
 PRODUCT_OPERATOR(typeOfSum, +, add)
 ^
In file included from pamFoam.C:144:0:
./processModels/SIPEqn.H:9:7: note:   'const volScalarField {aka const Foam::GeometricField<double, Foam::fvPatchField, Foam::volMesh>}' is not derived from 'const Foam::FieldField<Field, Type1>'
     + alphaLiquid * fSIPXS * rhoHydrolysis
       ^
In file included from /opt/openfoam5/src/OpenFOAM/lnInclude/FieldField.C:390:0,
                 from /opt/openfoam5/src/OpenFOAM/lnInclude/FieldField.H:198,
                 from /opt/openfoam5/src/OpenFOAM/lnInclude/GeometricField.H:45,
                 from /opt/openfoam5/src/OpenFOAM/lnInclude/GeometricScalarField.H:38,
                 from /opt/openfoam5/src/OpenFOAM/lnInclude/GeometricFields.H:34,
                 from /opt/openfoam5/src/finiteVolume/lnInclude/volFields.H:37,
                 from /opt/openfoam5/src/finiteVolume/lnInclude/surfaceInterpolationScheme.C:27,
                 from /opt/openfoam5/src/finiteVolume/lnInclude/surfaceInterpolationScheme.H:307,
                 from /opt/openfoam5/src/finiteVolume/lnInclude/surfaceInterpolate.H:41,
                 from /opt/openfoam5/src/finiteVolume/lnInclude/fvc.H:39,
                 from /opt/openfoam5/src/finiteVolume/lnInclude/fvCFD.H:8,
                 from pamFoam.C:36:
/opt/openfoam5/src/OpenFOAM/lnInclude/FieldFieldFunctions.C:719:1: note: candidate: template<template<class> class Field1, template<class> class Field2, class Type1, class Type2> Foam::tmp<Foam::FieldField<Field1, typename Foam::typeOfSum<Type1, Type2>::type> > Foam::operator+(const Foam::tmp<Foam::FieldField<Field, Type1> >&, const Foam::FieldField<Field2, Type2>&)
 operator op                                                                    \
 ^
/opt/openfoam5/src/OpenFOAM/lnInclude/FieldFieldFunctions.C:901:1: note: in expansion of macro 'PRODUCT_OPERATOR'
 PRODUCT_OPERATOR(typeOfSum, +, add)
 ^
/opt/openfoam5/src/OpenFOAM/lnInclude/FieldFieldFunctions.C:719:1: note:   template argument deduction/substitution failed:
 operator op                                                                    \
 ^
/opt/openfoam5/src/OpenFOAM/lnInclude/FieldFieldFunctions.C:901:1: note: in expansion of macro 'PRODUCT_OPERATOR'
 PRODUCT_OPERATOR(typeOfSum, +, add)
 ^
In file included from pamFoam.C:144:0:
./processModels/SIPEqn.H:9:7: note:   'const volScalarField {aka const Foam::GeometricField<double, Foam::fvPatchField, Foam::volMesh>}' is not derived from 'const Foam::tmp<Foam::FieldField<Field, Type1> >'
     + alphaLiquid * fSIPXS * rhoHydrolysis
       ^
In file included from /opt/openfoam5/src/OpenFOAM/lnInclude/FieldField.C:390:0,
                 from /opt/openfoam5/src/OpenFOAM/lnInclude/FieldField.H:198,
                 from /opt/openfoam5/src/OpenFOAM/lnInclude/GeometricField.H:45,
                 from /opt/openfoam5/src/OpenFOAM/lnInclude/GeometricScalarField.H:38,
                 from /opt/openfoam5/src/OpenFOAM/lnInclude/GeometricFields.H:34,
                 from /opt/openfoam5/src/finiteVolume/lnInclude/volFields.H:37,
                 from /opt/openfoam5/src/finiteVolume/lnInclude/surfaceInterpolationScheme.C:27,
                 from /opt/openfoam5/src/finiteVolume/lnInclude/surfaceInterpolationScheme.H:307,
                 from /opt/openfoam5/src/finiteVolume/lnInclude/surfaceInterpolate.H:41,
                 from /opt/openfoam5/src/finiteVolume/lnInclude/fvc.H:39,
                 from /opt/openfoam5/src/finiteVolume/lnInclude/fvCFD.H:8,
                 from pamFoam.C:36:
/opt/openfoam5/src/OpenFOAM/lnInclude/FieldFieldFunctions.C:743:1: note: candidate: template<template<class> class Field1, template<class> class Field2, class Type1, class Type2> Foam::tmp<Foam::FieldField<Field1, typename Foam::typeOfSum<Type1, Type2>::type> > Foam::operator+(const Foam::tmp<Foam::FieldField<Field, Type1> >&, const Foam::tmp<Foam::FieldField<Field2, Type2> >&)
 operator op                                                                    \
 ^
/opt/openfoam5/src/OpenFOAM/lnInclude/FieldFieldFunctions.C:901:1: note: in expansion of macro 'PRODUCT_OPERATOR'
 PRODUCT_OPERATOR(typeOfSum, +, add)
 ^
/opt/openfoam5/src/OpenFOAM/lnInclude/FieldFieldFunctions.C:743:1: note:   template argument deduction/substitution failed:
 operator op                                                                    \
 ^
/opt/openfoam5/src/OpenFOAM/lnInclude/FieldFieldFunctions.C:901:1: note: in expansion of macro 'PRODUCT_OPERATOR'
 PRODUCT_OPERATOR(typeOfSum, +, add)
 ^
In file included from pamFoam.C:144:0:
./processModels/SIPEqn.H:9:7: note:   'const volScalarField {aka const Foam::GeometricField<double, Foam::fvPatchField, Foam::volMesh>}' is not derived from 'const Foam::tmp<Foam::FieldField<Field, Type1> >'
     + alphaLiquid * fSIPXS * rhoHydrolysis
       ^
In file included from /opt/openfoam5/src/OpenFOAM/lnInclude/FieldField.C:390:0,
                 from /opt/openfoam5/src/OpenFOAM/lnInclude/FieldField.H:198,
                 from /opt/openfoam5/src/OpenFOAM/lnInclude/GeometricField.H:45,
                 from /opt/openfoam5/src/OpenFOAM/lnInclude/GeometricScalarField.H:38,
                 from /opt/openfoam5/src/OpenFOAM/lnInclude/GeometricFields.H:34,
                 from /opt/openfoam5/src/finiteVolume/lnInclude/volFields.H:37,
                 from /opt/openfoam5/src/finiteVolume/lnInclude/surfaceInterpolationScheme.C:27,
                 from /opt/openfoam5/src/finiteVolume/lnInclude/surfaceInterpolationScheme.H:307,
                 from /opt/openfoam5/src/finiteVolume/lnInclude/surfaceInterpolate.H:41,
                 from /opt/openfoam5/src/finiteVolume/lnInclude/fvc.H:39,
                 from /opt/openfoam5/src/finiteVolume/lnInclude/fvCFD.H:8,
                 from pamFoam.C:36:
/opt/openfoam5/src/OpenFOAM/lnInclude/FieldFieldFunctions.C:791:1: note: candidate: template<template<class> class Field, class Type, class Form, class Cmpt, unsigned char nCmpt> Foam::tmp<Foam::FieldField<Field, typename Foam::typeOfSum<Type1, Type2>::type> > Foam::operator+(const Foam::FieldField<Field, Type>&, const Foam::VectorSpace<Form, Cmpt, nCmpt>&)
 operator op                                                                    \
 ^
/opt/openfoam5/src/OpenFOAM/lnInclude/FieldFieldFunctions.C:901:1: note: in expansion of macro 'PRODUCT_OPERATOR'
 PRODUCT_OPERATOR(typeOfSum, +, add)
 ^
/opt/openfoam5/src/OpenFOAM/lnInclude/FieldFieldFunctions.C:791:1: note:   template argument deduction/substitution failed:
 operator op                                                                    \
 ^
/opt/openfoam5/src/OpenFOAM/lnInclude/FieldFieldFunctions.C:901:1: note: in expansion of macro 'PRODUCT_OPERATOR'
 PRODUCT_OPERATOR(typeOfSum, +, add)
 ^
In file included from pamFoam.C:144:0:
./processModels/SIPEqn.H:9:7: note:   'const volScalarField {aka const Foam::GeometricField<double, Foam::fvPatchField, Foam::volMesh>}' is not derived from 'const Foam::FieldField<Field, Type>'
     + alphaLiquid * fSIPXS * rhoHydrolysis
       ^
In file included from /opt/openfoam5/src/OpenFOAM/lnInclude/FieldField.C:390:0,
                 from /opt/openfoam5/src/OpenFOAM/lnInclude/FieldField.H:198,
                 from /opt/openfoam5/src/OpenFOAM/lnInclude/GeometricField.H:45,
                 from /opt/openfoam5/src/OpenFOAM/lnInclude/GeometricScalarField.H:38,
                 from /opt/openfoam5/src/OpenFOAM/lnInclude/GeometricFields.H:34,
                 from /opt/openfoam5/src/finiteVolume/lnInclude/volFields.H:37,
                 from /opt/openfoam5/src/finiteVolume/lnInclude/surfaceInterpolationScheme.C:27,
                 from /opt/openfoam5/src/finiteVolume/lnInclude/surfaceInterpolationScheme.H:307,
                 from /opt/openfoam5/src/finiteVolume/lnInclude/surfaceInterpolate.H:41,
                 from /opt/openfoam5/src/finiteVolume/lnInclude/fvc.H:39,
                 from /opt/openfoam5/src/finiteVolume/lnInclude/fvCFD.H:8,
                 from pamFoam.C:36:
/opt/openfoam5/src/OpenFOAM/lnInclude/FieldFieldFunctions.C:815:1: note: candidate: template<template<class> class Field, class Type, class Form, class Cmpt, unsigned char nCmpt> Foam::tmp<Foam::FieldField<Field, typename Foam::typeOfSum<Type1, Type2>::type> > Foam::operator+(const Foam::tmp<Foam::FieldField<Field, Type> >&, const Foam::VectorSpace<Form, Cmpt, nCmpt>&)
 operator op                                                                    \
 ^
/opt/openfoam5/src/OpenFOAM/lnInclude/FieldFieldFunctions.C:901:1: note: in expansion of macro 'PRODUCT_OPERATOR'
 PRODUCT_OPERATOR(typeOfSum, +, add)
 ^
/opt/openfoam5/src/OpenFOAM/lnInclude/FieldFieldFunctions.C:815:1: note:   template argument deduction/substitution failed:
 operator op                                                                    \
 ^
/opt/openfoam5/src/OpenFOAM/lnInclude/FieldFieldFunctions.C:901:1: note: in expansion of macro 'PRODUCT_OPERATOR'
 PRODUCT_OPERATOR(typeOfSum, +, add)
 ^
In file included from pamFoam.C:144:0:
./processModels/SIPEqn.H:9:7: note:   'const volScalarField {aka const Foam::GeometricField<double, Foam::fvPatchField, Foam::volMesh>}' is not derived from 'const Foam::tmp<Foam::FieldField<Field, Type> >'
     + alphaLiquid * fSIPXS * rhoHydrolysis
       ^
In file included from /opt/openfoam5/src/OpenFOAM/lnInclude/FieldField.C:390:0,
                 from /opt/openfoam5/src/OpenFOAM/lnInclude/FieldField.H:198,
                 from /opt/openfoam5/src/OpenFOAM/lnInclude/GeometricField.H:45,
                 from /opt/openfoam5/src/OpenFOAM/lnInclude/GeometricScalarField.H:38,
                 from /opt/openfoam5/src/OpenFOAM/lnInclude/GeometricFields.H:34,
                 from /opt/openfoam5/src/finiteVolume/lnInclude/volFields.H:37,
                 from /opt/openfoam5/src/finiteVolume/lnInclude/surfaceInterpolationScheme.C:27,
                 from /opt/openfoam5/src/finiteVolume/lnInclude/surfaceInterpolationScheme.H:307,
                 from /opt/openfoam5/src/finiteVolume/lnInclude/surfaceInterpolate.H:41,
                 from /opt/openfoam5/src/finiteVolume/lnInclude/fvc.H:39,
                 from /opt/openfoam5/src/finiteVolume/lnInclude/fvCFD.H:8,
                 from pamFoam.C:36:
/opt/openfoam5/src/OpenFOAM/lnInclude/FieldFieldFunctions.C:861:1: note: candidate: template<template<class> class Field, class Type, class Form, class Cmpt, unsigned char nCmpt> Foam::tmp<Foam::FieldField<Field, typename Foam::typeOfSum<Form, Type>::type> > Foam::operator+(const Foam::VectorSpace<Form, Cmpt, nCmpt>&, const Foam::FieldField<Field, Type>&)
 operator op                                                                    \
 ^
/opt/openfoam5/src/OpenFOAM/lnInclude/FieldFieldFunctions.C:901:1: note: in expansion of macro 'PRODUCT_OPERATOR'
 PRODUCT_OPERATOR(typeOfSum, +, add)
 ^
/opt/openfoam5/src/OpenFOAM/lnInclude/FieldFieldFunctions.C:861:1: note:   template argument deduction/substitution failed:
 operator op                                                                    \
 ^
/opt/openfoam5/src/OpenFOAM/lnInclude/FieldFieldFunctions.C:901:1: note: in expansion of macro 'PRODUCT_OPERATOR'
 PRODUCT_OPERATOR(typeOfSum, +, add)
 ^
In file included from pamFoam.C:144:0:
./processModels/SIPEqn.H:9:7: note:   'const volScalarField {aka const Foam::GeometricField<double, Foam::fvPatchField, Foam::volMesh>}' is not derived from 'const Foam::VectorSpace<Form, Cmpt, nCmpt>'
     + alphaLiquid * fSIPXS * rhoHydrolysis
       ^
In file included from /opt/openfoam5/src/OpenFOAM/lnInclude/FieldField.C:390:0,
                 from /opt/openfoam5/src/OpenFOAM/lnInclude/FieldField.H:198,
                 from /opt/openfoam5/src/OpenFOAM/lnInclude/GeometricField.H:45,
                 from /opt/openfoam5/src/OpenFOAM/lnInclude/GeometricScalarField.H:38,
                 from /opt/openfoam5/src/OpenFOAM/lnInclude/GeometricFields.H:34,
                 from /opt/openfoam5/src/finiteVolume/lnInclude/volFields.H:37,
                 from /opt/openfoam5/src/finiteVolume/lnInclude/surfaceInterpolationScheme.C:27,
                 from /opt/openfoam5/src/finiteVolume/lnInclude/surfaceInterpolationScheme.H:307,
                 from /opt/openfoam5/src/finiteVolume/lnInclude/surfaceInterpolate.H:41,
                 from /opt/openfoam5/src/finiteVolume/lnInclude/fvc.H:39,
                 from /opt/openfoam5/src/finiteVolume/lnInclude/fvCFD.H:8,
                 from pamFoam.C:36:
/opt/openfoam5/src/OpenFOAM/lnInclude/FieldFieldFunctions.C:885:1: note: candidate: template<template<class> class Field, class Type, class Form, class Cmpt, unsigned char nCmpt> Foam::tmp<Foam::FieldField<Field, typename Foam::typeOfSum<Form, Type>::type> > Foam::operator+(const Foam::VectorSpace<Form, Cmpt, nCmpt>&, const Foam::tmp<Foam::FieldField<Field, Type> >&)
 operator op                                                                    \
 ^
/opt/openfoam5/src/OpenFOAM/lnInclude/FieldFieldFunctions.C:901:1: note: in expansion of macro 'PRODUCT_OPERATOR'
 PRODUCT_OPERATOR(typeOfSum, +, add)
 ^
/opt/openfoam5/src/OpenFOAM/lnInclude/FieldFieldFunctions.C:885:1: note:   template argument deduction/substitution failed:
 operator op                                                                    \
 ^
/opt/openfoam5/src/OpenFOAM/lnInclude/FieldFieldFunctions.C:901:1: note: in expansion of macro 'PRODUCT_OPERATOR'
 PRODUCT_OPERATOR(typeOfSum, +, add)
 ^
In file included from pamFoam.C:144:0:
./processModels/SIPEqn.H:9:7: note:   'const volScalarField {aka const Foam::GeometricField<double, Foam::fvPatchField, Foam::volMesh>}' is not derived from 'const Foam::VectorSpace<Form, Cmpt, nCmpt>'
     + alphaLiquid * fSIPXS * rhoHydrolysis
       ^
In file included from /opt/openfoam5/src/OpenFOAM/lnInclude/FieldField.C:390:0,
                 from /opt/openfoam5/src/OpenFOAM/lnInclude/FieldField.H:198,
                 from /opt/openfoam5/src/OpenFOAM/lnInclude/GeometricField.H:45,
                 from /opt/openfoam5/src/OpenFOAM/lnInclude/GeometricScalarField.H:38,
                 from /opt/openfoam5/src/OpenFOAM/lnInclude/GeometricFields.H:34,
                 from /opt/openfoam5/src/finiteVolume/lnInclude/volFields.H:37,
                 from /opt/openfoam5/src/finiteVolume/lnInclude/surfaceInterpolationScheme.C:27,
                 from /opt/openfoam5/src/finiteVolume/lnInclude/surfaceInterpolationScheme.H:307,
                 from /opt/openfoam5/src/finiteVolume/lnInclude/surfaceInterpolate.H:41,
                 from /opt/openfoam5/src/finiteVolume/lnInclude/fvc.H:39,
                 from /opt/openfoam5/src/finiteVolume/lnInclude/fvCFD.H:8,
                 from pamFoam.C:36:
/opt/openfoam5/src/OpenFOAM/lnInclude/FieldFieldFunctions.C:695:1: note: candidate: template<template<class> class Field1, template<class> class Field2, class Type1, class Type2> Foam::tmp<Foam::FieldField<Foam::Field, typename Foam::typeOfSum<Type1, Type2>::type> > Foam::operator+(const Foam::FieldField<Field, Type1>&, const Foam::tmp<Foam::FieldField<Field2, Type2> >&)
 operator op                                                                    \
 ^
/opt/openfoam5/src/OpenFOAM/lnInclude/FieldFieldFunctions.C:901:1: note: in expansion of macro 'PRODUCT_OPERATOR'
 PRODUCT_OPERATOR(typeOfSum, +, add)
 ^
/opt/openfoam5/src/OpenFOAM/lnInclude/FieldFieldFunctions.C:695:1: note:   template argument deduction/substitution failed:
 operator op                                                                    \
 ^
/opt/openfoam5/src/OpenFOAM/lnInclude/FieldFieldFunctions.C:901:1: note: in expansion of macro 'PRODUCT_OPERATOR'
 PRODUCT_OPERATOR(typeOfSum, +, add)
 ^
In file included from pamFoam.C:144:0:
./processModels/SIPEqn.H:9:7: note:   'const volScalarField {aka const Foam::GeometricField<double, Foam::fvPatchField, Foam::volMesh>}' is not derived from 'const Foam::FieldField<Field, Type1>'
     + alphaLiquid * fSIPXS * rhoHydrolysis
       ^
In file included from /opt/openfoam5/src/OpenFOAM/lnInclude/DiagTensor.H:115:0,
                 from /opt/openfoam5/src/OpenFOAM/lnInclude/diagTensor.H:38,
                 from /opt/openfoam5/src/OpenFOAM/lnInclude/diagTensorField.H:39,
                 from /opt/openfoam5/src/OpenFOAM/lnInclude/coupledPolyPatch.H:41,
                 from /opt/openfoam5/src/OpenFOAM/lnInclude/processorPolyPatch.H:42,
                 from /opt/openfoam5/src/OpenFOAM/lnInclude/processorTopology.H:30,
                 from /opt/openfoam5/src/OpenFOAM/lnInclude/globalMeshData.H:84,
                 from /opt/openfoam5/src/OpenFOAM/lnInclude/GeometricBoundaryField.C:28,
                 from /opt/openfoam5/src/OpenFOAM/lnInclude/GeometricField.C:1352,
                 from /opt/openfoam5/src/OpenFOAM/lnInclude/GeometricField.H:660,
                 from /opt/openfoam5/src/OpenFOAM/lnInclude/GeometricScalarField.H:38,
                 from /opt/openfoam5/src/OpenFOAM/lnInclude/GeometricFields.H:34,
                 from /opt/openfoam5/src/finiteVolume/lnInclude/volFields.H:37,
                 from /opt/openfoam5/src/finiteVolume/lnInclude/surfaceInterpolationScheme.C:27,
                 from /opt/openfoam5/src/finiteVolume/lnInclude/surfaceInterpolationScheme.H:307,
                 from /opt/openfoam5/src/finiteVolume/lnInclude/surfaceInterpolate.H:41,
                 from /opt/openfoam5/src/finiteVolume/lnInclude/fvc.H:39,
                 from /opt/openfoam5/src/finiteVolume/lnInclude/fvCFD.H:8,
                 from pamFoam.C:36:
/opt/openfoam5/src/OpenFOAM/lnInclude/DiagTensorI.H:124:1: note: candidate: template<class Cmpt> Foam::Tensor<Cmpt> Foam::operator+(const Foam::DiagTensor<Cmpt>&, const Foam::Tensor<Cmpt>&)
 operator+(const DiagTensor<Cmpt>& dt1, const Tensor<Cmpt>& t2)
 ^
/opt/openfoam5/src/OpenFOAM/lnInclude/DiagTensorI.H:124:1: note:   template argument deduction/substitution failed:
In file included from pamFoam.C:144:0:
./processModels/SIPEqn.H:9:7: note:   'const volScalarField {aka const Foam::GeometricField<double, Foam::fvPatchField, Foam::volMesh>}' is not derived from 'const Foam::DiagTensor<Cmpt>'
     + alphaLiquid * fSIPXS * rhoHydrolysis
       ^
In file included from /opt/openfoam5/src/OpenFOAM/lnInclude/DiagTensor.H:115:0,
                 from /opt/openfoam5/src/OpenFOAM/lnInclude/diagTensor.H:38,
                 from /opt/openfoam5/src/OpenFOAM/lnInclude/diagTensorField.H:39,
                 from /opt/openfoam5/src/OpenFOAM/lnInclude/coupledPolyPatch.H:41,
                 from /opt/openfoam5/src/OpenFOAM/lnInclude/processorPolyPatch.H:42,
                 from /opt/openfoam5/src/OpenFOAM/lnInclude/processorTopology.H:30,
                 from /opt/openfoam5/src/OpenFOAM/lnInclude/globalMeshData.H:84,
                 from /opt/openfoam5/src/OpenFOAM/lnInclude/GeometricBoundaryField.C:28,
                 from /opt/openfoam5/src/OpenFOAM/lnInclude/GeometricField.C:1352,
                 from /opt/openfoam5/src/OpenFOAM/lnInclude/GeometricField.H:660,
                 from /opt/openfoam5/src/OpenFOAM/lnInclude/GeometricScalarField.H:38,
                 from /opt/openfoam5/src/OpenFOAM/lnInclude/GeometricFields.H:34,
                 from /opt/openfoam5/src/finiteVolume/lnInclude/volFields.H:37,
                 from /opt/openfoam5/src/finiteVolume/lnInclude/surfaceInterpolationScheme.C:27,
                 from /opt/openfoam5/src/finiteVolume/lnInclude/surfaceInterpolationScheme.H:307,
                 from /opt/openfoam5/src/finiteVolume/lnInclude/surfaceInterpolate.H:41,
                 from /opt/openfoam5/src/finiteVolume/lnInclude/fvc.H:39,
                 from /opt/openfoam5/src/finiteVolume/lnInclude/fvCFD.H:8,
                 from pamFoam.C:36:
/opt/openfoam5/src/OpenFOAM/lnInclude/DiagTensorI.H:137:1: note: candidate: template<class Cmpt> Foam::Tensor<Cmpt> Foam::operator+(const Foam::Tensor<Cmpt>&, const Foam::DiagTensor<Cmpt>&)
 operator+(const Tensor<Cmpt>& t1, const DiagTensor<Cmpt>& dt2)
 ^
/opt/openfoam5/src/OpenFOAM/lnInclude/DiagTensorI.H:137:1: note:   template argument deduction/substitution failed:
In file included from pamFoam.C:144:0:
./processModels/SIPEqn.H:9:7: note:   'const volScalarField {aka const Foam::GeometricField<double, Foam::fvPatchField, Foam::volMesh>}' is not derived from 'const Foam::Tensor<Cmpt>'
     + alphaLiquid * fSIPXS * rhoHydrolysis
       ^
In file included from /opt/openfoam5/src/OpenFOAM/lnInclude/diagTensorField.H:42:0,
                 from /opt/openfoam5/src/OpenFOAM/lnInclude/coupledPolyPatch.H:41,
                 from /opt/openfoam5/src/OpenFOAM/lnInclude/processorPolyPatch.H:42,
                 from /opt/openfoam5/src/OpenFOAM/lnInclude/processorTopology.H:30,
                 from /opt/openfoam5/src/OpenFOAM/lnInclude/globalMeshData.H:84,
                 from /opt/openfoam5/src/OpenFOAM/lnInclude/GeometricBoundaryField.C:28,
                 from /opt/openfoam5/src/OpenFOAM/lnInclude/GeometricField.C:1352,
                 from /opt/openfoam5/src/OpenFOAM/lnInclude/GeometricField.H:660,
                 from /opt/openfoam5/src/OpenFOAM/lnInclude/GeometricScalarField.H:38,
                 from /opt/openfoam5/src/OpenFOAM/lnInclude/GeometricFields.H:34,
                 from /opt/openfoam5/src/finiteVolume/lnInclude/volFields.H:37,
                 from /opt/openfoam5/src/finiteVolume/lnInclude/surfaceInterpolationScheme.C:27,
                 from /opt/openfoam5/src/finiteVolume/lnInclude/surfaceInterpolationScheme.H:307,
                 from /opt/openfoam5/src/finiteVolume/lnInclude/surfaceInterpolate.H:41,
                 from /opt/openfoam5/src/finiteVolume/lnInclude/fvc.H:39,
                 from /opt/openfoam5/src/finiteVolume/lnInclude/fvCFD.H:8,
                 from pamFoam.C:36:
/opt/openfoam5/src/OpenFOAM/lnInclude/FieldFunctionsM.H:166:24: note: candidate: Foam::tmp<Foam::Field<Foam::Tensor<double> > > Foam::operator+(const Foam::UList<Foam::DiagTensor<double> >&, const Foam::UList<Foam::Tensor<double> >&)
 tmp<Field<ReturnType>> operator Op                                             \
                        ^
/opt/openfoam5/src/OpenFOAM/lnInclude/diagTensorField.H:60:1: note: in expansion of macro 'BINARY_OPERATOR'
 BINARY_OPERATOR(tensor, diagTensor, tensor, +, add)
 ^
/opt/openfoam5/src/OpenFOAM/lnInclude/FieldFunctionsM.H:166:24: note:   candidate expects 2 arguments, 1 provided
 tmp<Field<ReturnType>> operator Op                                             \
                        ^
/opt/openfoam5/src/OpenFOAM/lnInclude/diagTensorField.H:60:1: note: in expansion of macro 'BINARY_OPERATOR'
 BINARY_OPERATOR(tensor, diagTensor, tensor, +, add)
 ^
/opt/openfoam5/src/OpenFOAM/lnInclude/FieldFunctionsM.H:173:24: note: candidate: Foam::tmp<Foam::Field<Foam::Tensor<double> > > Foam::operator+(const Foam::UList<Foam::DiagTensor<double> >&, const Foam::tmp<Foam::Field<Foam::Tensor<double> > >&)
 tmp<Field<ReturnType>> operator Op                                             \
                        ^
/opt/openfoam5/src/OpenFOAM/lnInclude/diagTensorField.H:60:1: note: in expansion of macro 'BINARY_OPERATOR'
 BINARY_OPERATOR(tensor, diagTensor, tensor, +, add)
 ^
/opt/openfoam5/src/OpenFOAM/lnInclude/FieldFunctionsM.H:173:24: note:   candidate expects 2 arguments, 1 provided
 tmp<Field<ReturnType>> operator Op                                             \
                        ^
/opt/openfoam5/src/OpenFOAM/lnInclude/diagTensorField.H:60:1: note: in expansion of macro 'BINARY_OPERATOR'
 BINARY_OPERATOR(tensor, diagTensor, tensor, +, add)
 ^
/opt/openfoam5/src/OpenFOAM/lnInclude/FieldFunctionsM.H:180:24: note: candidate: Foam::tmp<Foam::Field<Foam::Tensor<double> > > Foam::operator+(const Foam::tmp<Foam::Field<Foam::DiagTensor<double> > >&, const Foam::UList<Foam::Tensor<double> >&)
 tmp<Field<ReturnType>> operator Op                                             \
                        ^
/opt/openfoam5/src/OpenFOAM/lnInclude/diagTensorField.H:60:1: note: in expansion of macro 'BINARY_OPERATOR'
 BINARY_OPERATOR(tensor, diagTensor, tensor, +, add)
 ^
/opt/openfoam5/src/OpenFOAM/lnInclude/FieldFunctionsM.H:180:24: note:   candidate expects 2 arguments, 1 provided
 tmp<Field<ReturnType>> operator Op                                             \
                        ^
/opt/openfoam5/src/OpenFOAM/lnInclude/diagTensorField.H:60:1: note: in expansion of macro 'BINARY_OPERATOR'
 BINARY_OPERATOR(tensor, diagTensor, tensor, +, add)
 ^
/opt/openfoam5/src/OpenFOAM/lnInclude/FieldFunctionsM.H:187:24: note: candidate: Foam::tmp<Foam::Field<Foam::Tensor<double> > > Foam::operator+(const Foam::tmp<Foam::Field<Foam::DiagTensor<double> > >&, const Foam::tmp<Foam::Field<Foam::Tensor<double> > >&)
 tmp<Field<ReturnType>> operator Op                                             \
                        ^
/opt/openfoam5/src/OpenFOAM/lnInclude/diagTensorField.H:60:1: note: in expansion of macro 'BINARY_OPERATOR'
 BINARY_OPERATOR(tensor, diagTensor, tensor, +, add)
 ^
/opt/openfoam5/src/OpenFOAM/lnInclude/FieldFunctionsM.H:187:24: note:   candidate expects 2 arguments, 1 provided
 tmp<Field<ReturnType>> operator Op                                             \
                        ^
/opt/openfoam5/src/OpenFOAM/lnInclude/diagTensorField.H:60:1: note: in expansion of macro 'BINARY_OPERATOR'
 BINARY_OPERATOR(tensor, diagTensor, tensor, +, add)
 ^
/opt/openfoam5/src/OpenFOAM/lnInclude/FieldFunctionsM.H:207:24: note: candidate: Foam::tmp<Foam::Field<Foam::Tensor<double> > > Foam::operator+(const diagTensor&, const Foam::UList<Foam::Tensor<double> >&)
 tmp<Field<ReturnType>> operator Op                                             \
                        ^
/opt/openfoam5/src/OpenFOAM/lnInclude/FieldFunctionsM.H:247:5: note: in expansion of macro 'BINARY_TYPE_OPERATOR_SF'
     BINARY_TYPE_OPERATOR_SF(ReturnType, Type1, Type2, Op, OpFunc)              \
     ^
/opt/openfoam5/src/OpenFOAM/lnInclude/diagTensorField.H:63:1: note: in expansion of macro 'BINARY_TYPE_OPERATOR'
 BINARY_TYPE_OPERATOR(tensor, diagTensor, tensor, +, add)
 ^
/opt/openfoam5/src/OpenFOAM/lnInclude/FieldFunctionsM.H:207:24: note:   candidate expects 2 arguments, 1 provided
 tmp<Field<ReturnType>> operator Op                                             \
                        ^
/opt/openfoam5/src/OpenFOAM/lnInclude/FieldFunctionsM.H:247:5: note: in expansion of macro 'BINARY_TYPE_OPERATOR_SF'
     BINARY_TYPE_OPERATOR_SF(ReturnType, Type1, Type2, Op, OpFunc)              \
     ^
/opt/openfoam5/src/OpenFOAM/lnInclude/diagTensorField.H:63:1: note: in expansion of macro 'BINARY_TYPE_OPERATOR'
 BINARY_TYPE_OPERATOR(tensor, diagTensor, tensor, +, add)
 ^
/opt/openfoam5/src/OpenFOAM/lnInclude/FieldFunctionsM.H:214:24: note: candidate: Foam::tmp<Foam::Field<Foam::Tensor<double> > > Foam::operator+(const diagTensor&, const Foam::tmp<Foam::Field<Foam::Tensor<double> > >&)
 tmp<Field<ReturnType>> operator Op                                             \
                        ^
/opt/openfoam5/src/OpenFOAM/lnInclude/FieldFunctionsM.H:247:5: note: in expansion of macro 'BINARY_TYPE_OPERATOR_SF'
     BINARY_TYPE_OPERATOR_SF(ReturnType, Type1, Type2, Op, OpFunc)              \
     ^
/opt/openfoam5/src/OpenFOAM/lnInclude/diagTensorField.H:63:1: note: in expansion of macro 'BINARY_TYPE_OPERATOR'
 BINARY_TYPE_OPERATOR(tensor, diagTensor, tensor, +, add)
 ^
/opt/openfoam5/src/OpenFOAM/lnInclude/FieldFunctionsM.H:214:24: note:   candidate expects 2 arguments, 1 provided
 tmp<Field<ReturnType>> operator Op                                             \
                        ^
/opt/openfoam5/src/OpenFOAM/lnInclude/FieldFunctionsM.H:247:5: note: in expansion of macro 'BINARY_TYPE_OPERATOR_SF'
     BINARY_TYPE_OPERATOR_SF(ReturnType, Type1, Type2, Op, OpFunc)              \
     ^
/opt/openfoam5/src/OpenFOAM/lnInclude/diagTensorField.H:63:1: note: in expansion of macro 'BINARY_TYPE_OPERATOR'
 BINARY_TYPE_OPERATOR(tensor, diagTensor, tensor, +, add)
 ^
/opt/openfoam5/src/OpenFOAM/lnInclude/FieldFunctionsM.H:232:24: note: candidate: Foam::tmp<Foam::Field<Foam::Tensor<double> > > Foam::operator+(const Foam::UList<Foam::DiagTensor<double> >&, const tensor&)
 tmp<Field<ReturnType>> operator Op                                             \
                        ^
/opt/openfoam5/src/OpenFOAM/lnInclude/FieldFunctionsM.H:248:5: note: in expansion of macro 'BINARY_TYPE_OPERATOR_FS'
     BINARY_TYPE_OPERATOR_FS(ReturnType, Type1, Type2, Op, OpFunc)
     ^
/opt/openfoam5/src/OpenFOAM/lnInclude/diagTensorField.H:63:1: note: in expansion of macro 'BINARY_TYPE_OPERATOR'
 BINARY_TYPE_OPERATOR(tensor, diagTensor, tensor, +, add)
 ^
/opt/openfoam5/src/OpenFOAM/lnInclude/FieldFunctionsM.H:232:24: note:   candidate expects 2 arguments, 1 provided
 tmp<Field<ReturnType>> operator Op                                             \
                        ^
/opt/openfoam5/src/OpenFOAM/lnInclude/FieldFunctionsM.H:248:5: note: in expansion of macro 'BINARY_TYPE_OPERATOR_FS'
     BINARY_TYPE_OPERATOR_FS(ReturnType, Type1, Type2, Op, OpFunc)
     ^
/opt/openfoam5/src/OpenFOAM/lnInclude/diagTensorField.H:63:1: note: in expansion of macro 'BINARY_TYPE_OPERATOR'
 BINARY_TYPE_OPERATOR(tensor, diagTensor, tensor, +, add)
 ^
/opt/openfoam5/src/OpenFOAM/lnInclude/FieldFunctionsM.H:239:24: note: candidate: Foam::tmp<Foam::Field<Foam::Tensor<double> > > Foam::operator+(const Foam::tmp<Foam::Field<Foam::DiagTensor<double> > >&, const tensor&)
 tmp<Field<ReturnType>> operator Op                                             \
                        ^
/opt/openfoam5/src/OpenFOAM/lnInclude/FieldFunctionsM.H:248:5: note: in expansion of macro 'BINARY_TYPE_OPERATOR_FS'
     BINARY_TYPE_OPERATOR_FS(ReturnType, Type1, Type2, Op, OpFunc)
     ^
/opt/openfoam5/src/OpenFOAM/lnInclude/diagTensorField.H:63:1: note: in expansion of macro 'BINARY_TYPE_OPERATOR'
 BINARY_TYPE_OPERATOR(tensor, diagTensor, tensor, +, add)
 ^
/opt/openfoam5/src/OpenFOAM/lnInclude/FieldFunctionsM.H:239:24: note:   candidate expects 2 arguments, 1 provided
 tmp<Field<ReturnType>> operator Op                                             \
                        ^
/opt/openfoam5/src/OpenFOAM/lnInclude/FieldFunctionsM.H:248:5: note: in expansion of macro 'BINARY_TYPE_OPERATOR_FS'
     BINARY_TYPE_OPERATOR_FS(ReturnType, Type1, Type2, Op, OpFunc)
     ^
/opt/openfoam5/src/OpenFOAM/lnInclude/diagTensorField.H:63:1: note: in expansion of macro 'BINARY_TYPE_OPERATOR'
 BINARY_TYPE_OPERATOR(tensor, diagTensor, tensor, +, add)
 ^
In file included from /opt/openfoam5/src/OpenFOAM/lnInclude/vectorTensorTransform.H:248:0,
                 from /opt/openfoam5/src/OpenFOAM/lnInclude/mapDistribute.H:138,
                 from /opt/openfoam5/src/OpenFOAM/lnInclude/globalMeshDataTemplates.C:28,
                 from /opt/openfoam5/src/OpenFOAM/lnInclude/globalMeshData.H:627,
                 from /opt/openfoam5/src/OpenFOAM/lnInclude/GeometricBoundaryField.C:28,
                 from /opt/openfoam5/src/OpenFOAM/lnInclude/GeometricField.C:1352,
                 from /opt/openfoam5/src/OpenFOAM/lnInclude/GeometricField.H:660,
                 from /opt/openfoam5/src/OpenFOAM/lnInclude/GeometricScalarField.H:38,
                 from /opt/openfoam5/src/OpenFOAM/lnInclude/GeometricFields.H:34,
                 from /opt/openfoam5/src/finiteVolume/lnInclude/volFields.H:37,
                 from /opt/openfoam5/src/finiteVolume/lnInclude/surfaceInterpolationScheme.C:27,
                 from /opt/openfoam5/src/finiteVolume/lnInclude/surfaceInterpolationScheme.H:307,
                 from /opt/openfoam5/src/finiteVolume/lnInclude/surfaceInterpolate.H:41,
                 from /opt/openfoam5/src/finiteVolume/lnInclude/fvc.H:39,
                 from /opt/openfoam5/src/finiteVolume/lnInclude/fvCFD.H:8,
                 from pamFoam.C:36:
/opt/openfoam5/src/OpenFOAM/lnInclude/vectorTensorTransformI.H:263:36: note: candidate: Foam::vectorTensorTransform Foam::operator+(const Foam::vectorTensorTransform&, const vector&)
 inline Foam::vectorTensorTransform Foam::operator+
                                    ^
/opt/openfoam5/src/OpenFOAM/lnInclude/vectorTensorTransformI.H:263:36: note:   candidate expects 2 arguments, 1 provided
/opt/openfoam5/src/OpenFOAM/lnInclude/vectorTensorTransformI.H:273:36: note: candidate: Foam::vectorTensorTransform Foam::operator+(const vector&, const Foam::vectorTensorTransform&)
 inline Foam::vectorTensorTransform Foam::operator+
                                    ^
/opt/openfoam5/src/OpenFOAM/lnInclude/vectorTensorTransformI.H:273:36: note:   candidate expects 2 arguments, 1 provided
In file included from /opt/openfoam5/src/OpenFOAM/lnInclude/quaternion.H:304:0,
                 from /opt/openfoam5/src/OpenFOAM/lnInclude/transformField.H:39,
                 from /opt/openfoam5/src/OpenFOAM/lnInclude/mapDistributeTemplates.C:30,
                 from /opt/openfoam5/src/OpenFOAM/lnInclude/mapDistribute.H:655,
                 from /opt/openfoam5/src/OpenFOAM/lnInclude/globalMeshDataTemplates.C:28,
                 from /opt/openfoam5/src/OpenFOAM/lnInclude/globalMeshData.H:627,
                 from /opt/openfoam5/src/OpenFOAM/lnInclude/GeometricBoundaryField.C:28,
                 from /opt/openfoam5/src/OpenFOAM/lnInclude/GeometricField.C:1352,
                 from /opt/openfoam5/src/OpenFOAM/lnInclude/GeometricField.H:660,
                 from /opt/openfoam5/src/OpenFOAM/lnInclude/GeometricScalarField.H:38,
                 from /opt/openfoam5/src/OpenFOAM/lnInclude/GeometricFields.H:34,
                 from /opt/openfoam5/src/finiteVolume/lnInclude/volFields.H:37,
                 from /opt/openfoam5/src/finiteVolume/lnInclude/surfaceInterpolationScheme.C:27,
                 from /opt/openfoam5/src/finiteVolume/lnInclude/surfaceInterpolationScheme.H:307,
                 from /opt/openfoam5/src/finiteVolume/lnInclude/surfaceInterpolate.H:41,
                 from /opt/openfoam5/src/finiteVolume/lnInclude/fvc.H:39,
                 from /opt/openfoam5/src/finiteVolume/lnInclude/fvCFD.H:8,
                 from pamFoam.C:36:
/opt/openfoam5/src/OpenFOAM/lnInclude/quaternionI.H:629:25: note: candidate: Foam::quaternion Foam::operator+(const Foam::quaternion&, const Foam::quaternion&)
 inline Foam::quaternion Foam::operator+
                         ^
/opt/openfoam5/src/OpenFOAM/lnInclude/quaternionI.H:629:25: note:   candidate expects 2 arguments, 1 provided
In file included from /opt/openfoam5/src/OpenFOAM/lnInclude/septernion.H:206:0,
                 from /opt/openfoam5/src/OpenFOAM/lnInclude/transformField.H:40,
                 from /opt/openfoam5/src/OpenFOAM/lnInclude/mapDistributeTemplates.C:30,
                 from /opt/openfoam5/src/OpenFOAM/lnInclude/mapDistribute.H:655,
                 from /opt/openfoam5/src/OpenFOAM/lnInclude/globalMeshDataTemplates.C:28,
                 from /opt/openfoam5/src/OpenFOAM/lnInclude/globalMeshData.H:627,
                 from /opt/openfoam5/src/OpenFOAM/lnInclude/GeometricBoundaryField.C:28,
                 from /opt/openfoam5/src/OpenFOAM/lnInclude/GeometricField.C:1352,
                 from /opt/openfoam5/src/OpenFOAM/lnInclude/GeometricField.H:660,
                 from /opt/openfoam5/src/OpenFOAM/lnInclude/GeometricScalarField.H:38,
                 from /opt/openfoam5/src/OpenFOAM/lnInclude/GeometricFields.H:34,
                 from /opt/openfoam5/src/finiteVolume/lnInclude/volFields.H:37,
                 from /opt/openfoam5/src/finiteVolume/lnInclude/surfaceInterpolationScheme.C:27,
                 from /opt/openfoam5/src/finiteVolume/lnInclude/surfaceInterpolationScheme.H:307,
                 from /opt/openfoam5/src/finiteVolume/lnInclude/surfaceInterpolate.H:41,
                 from /opt/openfoam5/src/finiteVolume/lnInclude/fvc.H:39,
                 from /opt/openfoam5/src/finiteVolume/lnInclude/fvCFD.H:8,
                 from pamFoam.C:36:
/opt/openfoam5/src/OpenFOAM/lnInclude/septernionI.H:180:25: note: candidate: Foam::septernion Foam::operator+(const Foam::septernion&, const vector&)
 inline Foam::septernion Foam::operator+
                         ^
/opt/openfoam5/src/OpenFOAM/lnInclude/septernionI.H:180:25: note:   candidate expects 2 arguments, 1 provided
/opt/openfoam5/src/OpenFOAM/lnInclude/septernionI.H:190:25: note: candidate: Foam::septernion Foam::operator+(const vector&, const Foam::septernion&)
 inline Foam::septernion Foam::operator+
                         ^
/opt/openfoam5/src/OpenFOAM/lnInclude/septernionI.H:190:25: note:   candidate expects 2 arguments, 1 provided
In file included from /opt/openfoam5/src/OpenFOAM/lnInclude/GeometricField.C:1353:0,
                 from /opt/openfoam5/src/OpenFOAM/lnInclude/GeometricField.H:660,
                 from /opt/openfoam5/src/OpenFOAM/lnInclude/GeometricScalarField.H:38,
                 from /opt/openfoam5/src/OpenFOAM/lnInclude/GeometricFields.H:34,
                 from /opt/openfoam5/src/finiteVolume/lnInclude/volFields.H:37,
                 from /opt/openfoam5/src/finiteVolume/lnInclude/surfaceInterpolationScheme.C:27,
                 from /opt/openfoam5/src/finiteVolume/lnInclude/surfaceInterpolationScheme.H:307,
                 from /opt/openfoam5/src/finiteVolume/lnInclude/surfaceInterpolate.H:41,
                 from /opt/openfoam5/src/finiteVolume/lnInclude/fvc.H:39,
                 from /opt/openfoam5/src/finiteVolume/lnInclude/fvCFD.H:8,
                 from pamFoam.C:36:
/opt/openfoam5/src/OpenFOAM/lnInclude/GeometricFieldFunctions.C:622:1: note: candidate: template<class Type1, class Type2, template<class> class PatchField, class GeoMesh> Foam::tmp<Foam::GeometricField<typename Foam::typeOfSum<Type1, Type2>::type, PatchField, GeoMesh> > Foam::operator+(const Foam::GeometricField<TypeR, PatchField, GeoMesh>&, const Foam::GeometricField<Type1, PatchField, GeoMesh>&)
 operator op                                                                    \
 ^
/opt/openfoam5/src/OpenFOAM/lnInclude/GeometricFieldFunctions.C:971:1: note: in expansion of macro 'PRODUCT_OPERATOR'
 PRODUCT_OPERATOR(typeOfSum, +, add)
 ^
/opt/openfoam5/src/OpenFOAM/lnInclude/GeometricFieldFunctions.C:622:1: note:   template argument deduction/substitution failed:
 operator op                                                                    \
 ^
/opt/openfoam5/src/OpenFOAM/lnInclude/GeometricFieldFunctions.C:971:1: note: in expansion of macro 'PRODUCT_OPERATOR'
 PRODUCT_OPERATOR(typeOfSum, +, add)
 ^
In file included from pamFoam.C:144:0:
./processModels/SIPEqn.H:9:7: note:   candidate expects 2 arguments, 1 provided
     + alphaLiquid * fSIPXS * rhoHydrolysis
       ^
In file included from /opt/openfoam5/src/OpenFOAM/lnInclude/GeometricField.C:1353:0,
                 from /opt/openfoam5/src/OpenFOAM/lnInclude/GeometricField.H:660,
                 from /opt/openfoam5/src/OpenFOAM/lnInclude/GeometricScalarField.H:38,
                 from /opt/openfoam5/src/OpenFOAM/lnInclude/GeometricFields.H:34,
                 from /opt/openfoam5/src/finiteVolume/lnInclude/volFields.H:37,
                 from /opt/openfoam5/src/finiteVolume/lnInclude/surfaceInterpolationScheme.C:27,
                 from /opt/openfoam5/src/finiteVolume/lnInclude/surfaceInterpolationScheme.H:307,
                 from /opt/openfoam5/src/finiteVolume/lnInclude/surfaceInterpolate.H:41,
                 from /opt/openfoam5/src/finiteVolume/lnInclude/fvc.H:39,
                 from /opt/openfoam5/src/finiteVolume/lnInclude/fvCFD.H:8,
                 from pamFoam.C:36:
/opt/openfoam5/src/OpenFOAM/lnInclude/GeometricFieldFunctions.C:657:1: note: candidate: template<class Type1, class Type2, template<class> class PatchField, class GeoMesh> Foam::tmp<Foam::GeometricField<typename Foam::typeOfSum<Type1, Type2>::type, PatchField, GeoMesh> > Foam::operator+(const Foam::GeometricField<TypeR, PatchField, GeoMesh>&, const Foam::tmp<Foam::GeometricField<Type1, PatchField, GeoMesh> >&)
 operator op                                                                    \
 ^
/opt/openfoam5/src/OpenFOAM/lnInclude/GeometricFieldFunctions.C:971:1: note: in expansion of macro 'PRODUCT_OPERATOR'
 PRODUCT_OPERATOR(typeOfSum, +, add)
 ^
/opt/openfoam5/src/OpenFOAM/lnInclude/GeometricFieldFunctions.C:657:1: note:   template argument deduction/substitution failed:
 operator op                                                                    \
 ^
/opt/openfoam5/src/OpenFOAM/lnInclude/GeometricFieldFunctions.C:971:1: note: in expansion of macro 'PRODUCT_OPERATOR'
 PRODUCT_OPERATOR(typeOfSum, +, add)
 ^
In file included from pamFoam.C:144:0:
./processModels/SIPEqn.H:9:7: note:   candidate expects 2 arguments, 1 provided
     + alphaLiquid * fSIPXS * rhoHydrolysis
       ^
In file included from /opt/openfoam5/src/OpenFOAM/lnInclude/GeometricField.C:1353:0,
                 from /opt/openfoam5/src/OpenFOAM/lnInclude/GeometricField.H:660,
                 from /opt/openfoam5/src/OpenFOAM/lnInclude/GeometricScalarField.H:38,
                 from /opt/openfoam5/src/OpenFOAM/lnInclude/GeometricFields.H:34,
                 from /opt/openfoam5/src/finiteVolume/lnInclude/volFields.H:37,
                 from /opt/openfoam5/src/finiteVolume/lnInclude/surfaceInterpolationScheme.C:27,
                 from /opt/openfoam5/src/finiteVolume/lnInclude/surfaceInterpolationScheme.H:307,
                 from /opt/openfoam5/src/finiteVolume/lnInclude/surfaceInterpolate.H:41,
                 from /opt/openfoam5/src/finiteVolume/lnInclude/fvc.H:39,
                 from /opt/openfoam5/src/finiteVolume/lnInclude/fvCFD.H:8,
                 from pamFoam.C:36:
/opt/openfoam5/src/OpenFOAM/lnInclude/GeometricFieldFunctions.C:688:1: note: candidate: template<class Type1, class Type2, template<class> class PatchField, class GeoMesh> Foam::tmp<Foam::GeometricField<typename Foam::typeOfSum<Type1, Type2>::type, PatchField, GeoMesh> > Foam::operator+(const Foam::tmp<Foam::GeometricField<TypeR, PatchField, GeoMesh> >&, const Foam::GeometricField<Type1, PatchField, GeoMesh>&)
 operator op                                                                    \
 ^
/opt/openfoam5/src/OpenFOAM/lnInclude/GeometricFieldFunctions.C:971:1: note: in expansion of macro 'PRODUCT_OPERATOR'
 PRODUCT_OPERATOR(typeOfSum, +, add)
 ^
/opt/openfoam5/src/OpenFOAM/lnInclude/GeometricFieldFunctions.C:688:1: note:   template argument deduction/substitution failed:
 operator op                                                                    \
 ^
/opt/openfoam5/src/OpenFOAM/lnInclude/GeometricFieldFunctions.C:971:1: note: in expansion of macro 'PRODUCT_OPERATOR'
 PRODUCT_OPERATOR(typeOfSum, +, add)
 ^
In file included from pamFoam.C:144:0:
./processModels/SIPEqn.H:9:7: note:   'const volScalarField {aka const Foam::GeometricField<double, Foam::fvPatchField, Foam::volMesh>}' is not derived from 'const Foam::tmp<Foam::GeometricField<TypeR, PatchField, GeoMesh> >'
     + alphaLiquid * fSIPXS * rhoHydrolysis
       ^
In file included from /opt/openfoam5/src/OpenFOAM/lnInclude/GeometricField.C:1353:0,
                 from /opt/openfoam5/src/OpenFOAM/lnInclude/GeometricField.H:660,
                 from /opt/openfoam5/src/OpenFOAM/lnInclude/GeometricScalarField.H:38,
                 from /opt/openfoam5/src/OpenFOAM/lnInclude/GeometricFields.H:34,
                 from /opt/openfoam5/src/finiteVolume/lnInclude/volFields.H:37,
                 from /opt/openfoam5/src/finiteVolume/lnInclude/surfaceInterpolationScheme.C:27,
                 from /opt/openfoam5/src/finiteVolume/lnInclude/surfaceInterpolationScheme.H:307,
                 from /opt/openfoam5/src/finiteVolume/lnInclude/surfaceInterpolate.H:41,
                 from /opt/openfoam5/src/finiteVolume/lnInclude/fvc.H:39,
                 from /opt/openfoam5/src/finiteVolume/lnInclude/fvCFD.H:8,
                 from pamFoam.C:36:
/opt/openfoam5/src/OpenFOAM/lnInclude/GeometricFieldFunctions.C:719:1: note: candidate: template<class Type1, class Type2, template<class> class PatchField, class GeoMesh> Foam::tmp<Foam::GeometricField<typename Foam::typeOfSum<Type1, Type2>::type, PatchField, GeoMesh> > Foam::operator+(const Foam::tmp<Foam::GeometricField<TypeR, PatchField, GeoMesh> >&, const Foam::tmp<Foam::GeometricField<Type1, PatchField, GeoMesh> >&)
 operator op                                                                    \
 ^
/opt/openfoam5/src/OpenFOAM/lnInclude/GeometricFieldFunctions.C:971:1: note: in expansion of macro 'PRODUCT_OPERATOR'
 PRODUCT_OPERATOR(typeOfSum, +, add)
 ^
/opt/openfoam5/src/OpenFOAM/lnInclude/GeometricFieldFunctions.C:719:1: note:   template argument deduction/substitution failed:
 operator op                                                                    \
 ^
/opt/openfoam5/src/OpenFOAM/lnInclude/GeometricFieldFunctions.C:971:1: note: in expansion of macro 'PRODUCT_OPERATOR'
 PRODUCT_OPERATOR(typeOfSum, +, add)
 ^
In file included from pamFoam.C:144:0:
./processModels/SIPEqn.H:9:7: note:   'const volScalarField {aka const Foam::GeometricField<double, Foam::fvPatchField, Foam::volMesh>}' is not derived from 'const Foam::tmp<Foam::GeometricField<TypeR, PatchField, GeoMesh> >'
     + alphaLiquid * fSIPXS * rhoHydrolysis
       ^
In file included from /opt/openfoam5/src/OpenFOAM/lnInclude/GeometricField.C:1353:0,
                 from /opt/openfoam5/src/OpenFOAM/lnInclude/GeometricField.H:660,
                 from /opt/openfoam5/src/OpenFOAM/lnInclude/GeometricScalarField.H:38,
                 from /opt/openfoam5/src/OpenFOAM/lnInclude/GeometricFields.H:34,
                 from /opt/openfoam5/src/finiteVolume/lnInclude/volFields.H:37,
                 from /opt/openfoam5/src/finiteVolume/lnInclude/surfaceInterpolationScheme.C:27,
                 from /opt/openfoam5/src/finiteVolume/lnInclude/surfaceInterpolationScheme.H:307,
                 from /opt/openfoam5/src/finiteVolume/lnInclude/surfaceInterpolate.H:41,
                 from /opt/openfoam5/src/finiteVolume/lnInclude/fvc.H:39,
                 from /opt/openfoam5/src/finiteVolume/lnInclude/fvCFD.H:8,
                 from pamFoam.C:36:
/opt/openfoam5/src/OpenFOAM/lnInclude/GeometricFieldFunctions.C:765:1: note: candidate: template<class Form, class Type, template<class> class PatchField, class GeoMesh> Foam::tmp<Foam::GeometricField<typename Foam::typeOfSum<Type, Form>::type, PatchField, GeoMesh> > Foam::operator+(const Foam::GeometricField<Type1, PatchField, GeoMesh>&, const Foam::dimensioned<Type>&)
 operator op                                                                    \
 ^
/opt/openfoam5/src/OpenFOAM/lnInclude/GeometricFieldFunctions.C:971:1: note: in expansion of macro 'PRODUCT_OPERATOR'
 PRODUCT_OPERATOR(typeOfSum, +, add)
 ^
/opt/openfoam5/src/OpenFOAM/lnInclude/GeometricFieldFunctions.C:765:1: note:   template argument deduction/substitution failed:
 operator op                                                                    \
 ^
/opt/openfoam5/src/OpenFOAM/lnInclude/GeometricFieldFunctions.C:971:1: note: in expansion of macro 'PRODUCT_OPERATOR'
 PRODUCT_OPERATOR(typeOfSum, +, add)
 ^
In file included from pamFoam.C:144:0:
./processModels/SIPEqn.H:9:7: note:   candidate expects 2 arguments, 1 provided
     + alphaLiquid * fSIPXS * rhoHydrolysis
       ^
In file included from /opt/openfoam5/src/OpenFOAM/lnInclude/GeometricField.C:1353:0,
                 from /opt/openfoam5/src/OpenFOAM/lnInclude/GeometricField.H:660,
                 from /opt/openfoam5/src/OpenFOAM/lnInclude/GeometricScalarField.H:38,
                 from /opt/openfoam5/src/OpenFOAM/lnInclude/GeometricFields.H:34,
                 from /opt/openfoam5/src/finiteVolume/lnInclude/volFields.H:37,
                 from /opt/openfoam5/src/finiteVolume/lnInclude/surfaceInterpolationScheme.C:27,
                 from /opt/openfoam5/src/finiteVolume/lnInclude/surfaceInterpolationScheme.H:307,
                 from /opt/openfoam5/src/finiteVolume/lnInclude/surfaceInterpolate.H:41,
                 from /opt/openfoam5/src/finiteVolume/lnInclude/fvc.H:39,
                 from /opt/openfoam5/src/finiteVolume/lnInclude/fvCFD.H:8,
                 from pamFoam.C:36:
/opt/openfoam5/src/OpenFOAM/lnInclude/GeometricFieldFunctions.C:804:1: note: candidate: template<class Form, class Cmpt, unsigned char nCmpt, class Type, template<class> class PatchField, class GeoMesh> Foam::tmp<Foam::GeometricField<typename Foam::typeOfSum<Form, Type>::type, PatchField, GeoMesh> > Foam::operator+(const Foam::GeometricField<Type2, PatchField, GeoMesh>&, const Foam::VectorSpace<Form, Cmpt, Ncmpts>&)
 operator op                                                                    \
 ^
/opt/openfoam5/src/OpenFOAM/lnInclude/GeometricFieldFunctions.C:971:1: note: in expansion of macro 'PRODUCT_OPERATOR'
 PRODUCT_OPERATOR(typeOfSum, +, add)
 ^
/opt/openfoam5/src/OpenFOAM/lnInclude/GeometricFieldFunctions.C:804:1: note:   template argument deduction/substitution failed:
 operator op                                                                    \
 ^
/opt/openfoam5/src/OpenFOAM/lnInclude/GeometricFieldFunctions.C:971:1: note: in expansion of macro 'PRODUCT_OPERATOR'
 PRODUCT_OPERATOR(typeOfSum, +, add)
 ^
In file included from pamFoam.C:144:0:
./processModels/SIPEqn.H:9:7: note:   candidate expects 2 arguments, 1 provided
     + alphaLiquid * fSIPXS * rhoHydrolysis
       ^
In file included from /opt/openfoam5/src/OpenFOAM/lnInclude/GeometricField.C:1353:0,
                 from /opt/openfoam5/src/OpenFOAM/lnInclude/GeometricField.H:660,
                 from /opt/openfoam5/src/OpenFOAM/lnInclude/GeometricScalarField.H:38,
                 from /opt/openfoam5/src/OpenFOAM/lnInclude/GeometricFields.H:34,
                 from /opt/openfoam5/src/finiteVolume/lnInclude/volFields.H:37,
                 from /opt/openfoam5/src/finiteVolume/lnInclude/surfaceInterpolationScheme.C:27,
                 from /opt/openfoam5/src/finiteVolume/lnInclude/surfaceInterpolationScheme.H:307,
                 from /opt/openfoam5/src/finiteVolume/lnInclude/surfaceInterpolate.H:41,
                 from /opt/openfoam5/src/finiteVolume/lnInclude/fvc.H:39,
                 from /opt/openfoam5/src/finiteVolume/lnInclude/fvCFD.H:8,
                 from pamFoam.C:36:
/opt/openfoam5/src/OpenFOAM/lnInclude/GeometricFieldFunctions.C:817:1: note: candidate: template<class Form, class Type, template<class> class PatchField, class GeoMesh> Foam::tmp<Foam::GeometricField<typename Foam::typeOfSum<Type, Form>::type, PatchField, GeoMesh> > Foam::operator+(const Foam::tmp<Foam::GeometricField<Type1, PatchField, GeoMesh> >&, const Foam::dimensioned<Type>&)
 operator op                                                                    \
 ^
/opt/openfoam5/src/OpenFOAM/lnInclude/GeometricFieldFunctions.C:971:1: note: in expansion of macro 'PRODUCT_OPERATOR'
 PRODUCT_OPERATOR(typeOfSum, +, add)
 ^
/opt/openfoam5/src/OpenFOAM/lnInclude/GeometricFieldFunctions.C:817:1: note:   template argument deduction/substitution failed:
 operator op                                                                    \
 ^
/opt/openfoam5/src/OpenFOAM/lnInclude/GeometricFieldFunctions.C:971:1: note: in expansion of macro 'PRODUCT_OPERATOR'
 PRODUCT_OPERATOR(typeOfSum, +, add)
 ^
In file included from pamFoam.C:144:0:
./processModels/SIPEqn.H:9:7: note:   'const volScalarField {aka const Foam::GeometricField<double, Foam::fvPatchField, Foam::volMesh>}' is not derived from 'const Foam::tmp<Foam::GeometricField<Type1, PatchField, GeoMesh> >'
     + alphaLiquid * fSIPXS * rhoHydrolysis
       ^
In file included from /opt/openfoam5/src/OpenFOAM/lnInclude/GeometricField.C:1353:0,
                 from /opt/openfoam5/src/OpenFOAM/lnInclude/GeometricField.H:660,
                 from /opt/openfoam5/src/OpenFOAM/lnInclude/GeometricScalarField.H:38,
                 from /opt/openfoam5/src/OpenFOAM/lnInclude/GeometricFields.H:34,
                 from /opt/openfoam5/src/finiteVolume/lnInclude/volFields.H:37,
                 from /opt/openfoam5/src/finiteVolume/lnInclude/surfaceInterpolationScheme.C:27,
                 from /opt/openfoam5/src/finiteVolume/lnInclude/surfaceInterpolationScheme.H:307,
                 from /opt/openfoam5/src/finiteVolume/lnInclude/surfaceInterpolate.H:41,
                 from /opt/openfoam5/src/finiteVolume/lnInclude/fvc.H:39,
                 from /opt/openfoam5/src/finiteVolume/lnInclude/fvCFD.H:8,
                 from pamFoam.C:36:
/opt/openfoam5/src/OpenFOAM/lnInclude/GeometricFieldFunctions.C:851:1: note: candidate: template<class Form, class Cmpt, unsigned char nCmpt, class Type, template<class> class PatchField, class GeoMesh> Foam::tmp<Foam::GeometricField<typename Foam::typeOfSum<Form, Type>::type, PatchField, GeoMesh> > Foam::operator+(const Foam::tmp<Foam::GeometricField<Type2, PatchField, GeoMesh> >&, const Foam::VectorSpace<Form, Cmpt, Ncmpts>&)
 operator op                                                                    \
 ^
/opt/openfoam5/src/OpenFOAM/lnInclude/GeometricFieldFunctions.C:971:1: note: in expansion of macro 'PRODUCT_OPERATOR'
 PRODUCT_OPERATOR(typeOfSum, +, add)
 ^
/opt/openfoam5/src/OpenFOAM/lnInclude/GeometricFieldFunctions.C:851:1: note:   template argument deduction/substitution failed:
 operator op                                                                    \
 ^
/opt/openfoam5/src/OpenFOAM/lnInclude/GeometricFieldFunctions.C:971:1: note: in expansion of macro 'PRODUCT_OPERATOR'
 PRODUCT_OPERATOR(typeOfSum, +, add)
 ^
In file included from pamFoam.C:144:0:
./processModels/SIPEqn.H:9:7: note:   'const volScalarField {aka const Foam::GeometricField<double, Foam::fvPatchField, Foam::volMesh>}' is not derived from 'const Foam::tmp<Foam::GeometricField<Type2, PatchField, GeoMesh> >'
     + alphaLiquid * fSIPXS * rhoHydrolysis
       ^
In file included from /opt/openfoam5/src/OpenFOAM/lnInclude/GeometricField.C:1353:0,
                 from /opt/openfoam5/src/OpenFOAM/lnInclude/GeometricField.H:660,
                 from /opt/openfoam5/src/OpenFOAM/lnInclude/GeometricScalarField.H:38,
                 from /opt/openfoam5/src/OpenFOAM/lnInclude/GeometricFields.H:34,
                 from /opt/openfoam5/src/finiteVolume/lnInclude/volFields.H:37,
                 from /opt/openfoam5/src/finiteVolume/lnInclude/surfaceInterpolationScheme.C:27,
                 from /opt/openfoam5/src/finiteVolume/lnInclude/surfaceInterpolationScheme.H:307,
                 from /opt/openfoam5/src/finiteVolume/lnInclude/surfaceInterpolate.H:41,
                 from /opt/openfoam5/src/finiteVolume/lnInclude/fvc.H:39,
                 from /opt/openfoam5/src/finiteVolume/lnInclude/fvCFD.H:8,
                 from pamFoam.C:36:
/opt/openfoam5/src/OpenFOAM/lnInclude/GeometricFieldFunctions.C:878:1: note: candidate: template<class Form, class Type, template<class> class PatchField, class GeoMesh> Foam::tmp<Foam::GeometricField<typename Foam::typeOfSum<Type1, Type2>::type, PatchField, GeoMesh> > Foam::operator+(const Foam::dimensioned<Type>&, const Foam::GeometricField<Type1, PatchField, GeoMesh>&)
 operator op                                                                    \
 ^
/opt/openfoam5/src/OpenFOAM/lnInclude/GeometricFieldFunctions.C:971:1: note: in expansion of macro 'PRODUCT_OPERATOR'
 PRODUCT_OPERATOR(typeOfSum, +, add)
 ^
/opt/openfoam5/src/OpenFOAM/lnInclude/GeometricFieldFunctions.C:878:1: note:   template argument deduction/substitution failed:
 operator op                                                                    \
 ^
/opt/openfoam5/src/OpenFOAM/lnInclude/GeometricFieldFunctions.C:971:1: note: in expansion of macro 'PRODUCT_OPERATOR'
 PRODUCT_OPERATOR(typeOfSum, +, add)
 ^
In file included from pamFoam.C:144:0:
./processModels/SIPEqn.H:9:7: note:   'const volScalarField {aka const Foam::GeometricField<double, Foam::fvPatchField, Foam::volMesh>}' is not derived from 'const Foam::dimensioned<Type>'
     + alphaLiquid * fSIPXS * rhoHydrolysis
       ^
In file included from /opt/openfoam5/src/OpenFOAM/lnInclude/GeometricField.C:1353:0,
                 from /opt/openfoam5/src/OpenFOAM/lnInclude/GeometricField.H:660,
                 from /opt/openfoam5/src/OpenFOAM/lnInclude/GeometricScalarField.H:38,
                 from /opt/openfoam5/src/OpenFOAM/lnInclude/GeometricFields.H:34,
                 from /opt/openfoam5/src/finiteVolume/lnInclude/volFields.H:37,
                 from /opt/openfoam5/src/finiteVolume/lnInclude/surfaceInterpolationScheme.C:27,
                 from /opt/openfoam5/src/finiteVolume/lnInclude/surfaceInterpolationScheme.H:307,
                 from /opt/openfoam5/src/finiteVolume/lnInclude/surfaceInterpolate.H:41,
                 from /opt/openfoam5/src/finiteVolume/lnInclude/fvc.H:39,
                 from /opt/openfoam5/src/finiteVolume/lnInclude/fvCFD.H:8,
                 from pamFoam.C:36:
/opt/openfoam5/src/OpenFOAM/lnInclude/GeometricFieldFunctions.C:916:1: note: candidate: template<class Form, class Cmpt, unsigned char nCmpt, class Type, template<class> class PatchField, class GeoMesh> Foam::tmp<Foam::GeometricField<typename Foam::typeOfSum<Form, Type>::type, PatchField, GeoMesh> > Foam::operator+(const Foam::VectorSpace<Form, Cmpt, Ncmpts>&, const Foam::GeometricField<Type2, PatchField, GeoMesh>&)
 operator op                                                                    \
 ^
/opt/openfoam5/src/OpenFOAM/lnInclude/GeometricFieldFunctions.C:971:1: note: in expansion of macro 'PRODUCT_OPERATOR'
 PRODUCT_OPERATOR(typeOfSum, +, add)
 ^
/opt/openfoam5/src/OpenFOAM/lnInclude/GeometricFieldFunctions.C:916:1: note:   template argument deduction/substitution failed:
 operator op                                                                    \
 ^
/opt/openfoam5/src/OpenFOAM/lnInclude/GeometricFieldFunctions.C:971:1: note: in expansion of macro 'PRODUCT_OPERATOR'
 PRODUCT_OPERATOR(typeOfSum, +, add)
 ^
In file included from pamFoam.C:144:0:
./processModels/SIPEqn.H:9:7: note:   'const volScalarField {aka const Foam::GeometricField<double, Foam::fvPatchField, Foam::volMesh>}' is not derived from 'const Foam::VectorSpace<Form, Cmpt, Ncmpts>'
     + alphaLiquid * fSIPXS * rhoHydrolysis
       ^
In file included from /opt/openfoam5/src/OpenFOAM/lnInclude/GeometricField.C:1353:0,
                 from /opt/openfoam5/src/OpenFOAM/lnInclude/GeometricField.H:660,
                 from /opt/openfoam5/src/OpenFOAM/lnInclude/GeometricScalarField.H:38,
                 from /opt/openfoam5/src/OpenFOAM/lnInclude/GeometricFields.H:34,
                 from /opt/openfoam5/src/finiteVolume/lnInclude/volFields.H:37,
                 from /opt/openfoam5/src/finiteVolume/lnInclude/surfaceInterpolationScheme.C:27,
                 from /opt/openfoam5/src/finiteVolume/lnInclude/surfaceInterpolationScheme.H:307,
                 from /opt/openfoam5/src/finiteVolume/lnInclude/surfaceInterpolate.H:41,
                 from /opt/openfoam5/src/finiteVolume/lnInclude/fvc.H:39,
                 from /opt/openfoam5/src/finiteVolume/lnInclude/fvCFD.H:8,
                 from pamFoam.C:36:
/opt/openfoam5/src/OpenFOAM/lnInclude/GeometricFieldFunctions.C:928:1: note: candidate: template<class Form, class Type, template<class> class PatchField, class GeoMesh> Foam::tmp<Foam::GeometricField<typename Foam::typeOfSum<Type1, Type2>::type, PatchField, GeoMesh> > Foam::operator+(const Foam::dimensioned<Type>&, const Foam::tmp<Foam::GeometricField<Type1, PatchField, GeoMesh> >&)
 operator op                                                                    \
 ^
/opt/openfoam5/src/OpenFOAM/lnInclude/GeometricFieldFunctions.C:971:1: note: in expansion of macro 'PRODUCT_OPERATOR'
 PRODUCT_OPERATOR(typeOfSum, +, add)
 ^
/opt/openfoam5/src/OpenFOAM/lnInclude/GeometricFieldFunctions.C:928:1: note:   template argument deduction/substitution failed:
 operator op                                                                    \
 ^
/opt/openfoam5/src/OpenFOAM/lnInclude/GeometricFieldFunctions.C:971:1: note: in expansion of macro 'PRODUCT_OPERATOR'
 PRODUCT_OPERATOR(typeOfSum, +, add)
 ^
In file included from pamFoam.C:144:0:
./processModels/SIPEqn.H:9:7: note:   'const volScalarField {aka const Foam::GeometricField<double, Foam::fvPatchField, Foam::volMesh>}' is not derived from 'const Foam::dimensioned<Type>'
     + alphaLiquid * fSIPXS * rhoHydrolysis
       ^
In file included from /opt/openfoam5/src/OpenFOAM/lnInclude/GeometricField.C:1353:0,
                 from /opt/openfoam5/src/OpenFOAM/lnInclude/GeometricField.H:660,
                 from /opt/openfoam5/src/OpenFOAM/lnInclude/GeometricScalarField.H:38,
                 from /opt/openfoam5/src/OpenFOAM/lnInclude/GeometricFields.H:34,
                 from /opt/openfoam5/src/finiteVolume/lnInclude/volFields.H:37,
                 from /opt/openfoam5/src/finiteVolume/lnInclude/surfaceInterpolationScheme.C:27,
                 from /opt/openfoam5/src/finiteVolume/lnInclude/surfaceInterpolationScheme.H:307,
                 from /opt/openfoam5/src/finiteVolume/lnInclude/surfaceInterpolate.H:41,
                 from /opt/openfoam5/src/finiteVolume/lnInclude/fvc.H:39,
                 from /opt/openfoam5/src/finiteVolume/lnInclude/fvCFD.H:8,
                 from pamFoam.C:36:
/opt/openfoam5/src/OpenFOAM/lnInclude/GeometricFieldFunctions.C:962:1: note: candidate: template<class Form, class Cmpt, unsigned char nCmpt, class Type, template<class> class PatchField, class GeoMesh> Foam::tmp<Foam::GeometricField<typename Foam::typeOfSum<Form, Type>::type, PatchField, GeoMesh> > Foam::operator+(const Foam::VectorSpace<Form, Cmpt, Ncmpts>&, const Foam::tmp<Foam::GeometricField<Type2, PatchField, GeoMesh> >&)
 operator op                                                                    \
 ^
/opt/openfoam5/src/OpenFOAM/lnInclude/GeometricFieldFunctions.C:971:1: note: in expansion of macro 'PRODUCT_OPERATOR'
 PRODUCT_OPERATOR(typeOfSum, +, add)
 ^
/opt/openfoam5/src/OpenFOAM/lnInclude/GeometricFieldFunctions.C:962:1: note:   template argument deduction/substitution failed:
 operator op                                                                    \
 ^
/opt/openfoam5/src/OpenFOAM/lnInclude/GeometricFieldFunctions.C:971:1: note: in expansion of macro 'PRODUCT_OPERATOR'
 PRODUCT_OPERATOR(typeOfSum, +, add)
 ^
In file included from pamFoam.C:144:0:
./processModels/SIPEqn.H:9:7: note:   'const volScalarField {aka const Foam::GeometricField<double, Foam::fvPatchField, Foam::volMesh>}' is not derived from 'const Foam::VectorSpace<Form, Cmpt, Ncmpts>'
     + alphaLiquid * fSIPXS * rhoHydrolysis
       ^
In file included from /opt/openfoam5/src/OpenFOAM/lnInclude/GeometricScalarField.C:29:0,
                 from /opt/openfoam5/src/OpenFOAM/lnInclude/GeometricScalarField.H:173,
                 from /opt/openfoam5/src/OpenFOAM/lnInclude/GeometricFields.H:34,
                 from /opt/openfoam5/src/finiteVolume/lnInclude/volFields.H:37,
                 from /opt/openfoam5/src/finiteVolume/lnInclude/surfaceInterpolationScheme.C:27,
                 from /opt/openfoam5/src/finiteVolume/lnInclude/surfaceInterpolationScheme.H:307,
                 from /opt/openfoam5/src/finiteVolume/lnInclude/surfaceInterpolate.H:41,
                 from /opt/openfoam5/src/finiteVolume/lnInclude/fvc.H:39,
                 from /opt/openfoam5/src/finiteVolume/lnInclude/fvCFD.H:8,
                 from pamFoam.C:36:
/opt/openfoam5/src/OpenFOAM/lnInclude/GeometricFieldFunctionsM.C:645:54: note: candidate: template<template<class> class PatchField, class GeoMesh> Foam::tmp<Foam::GeometricField<double, PatchField, GeoMesh> > Foam::operator+(const Foam::dimensioned<double>&, const Foam::GeometricField<double, PatchField, GeoMesh>&)
 tmp<GeometricField<ReturnType, PatchField, GeoMesh>> operator Op               \
                                                      ^
/opt/openfoam5/src/OpenFOAM/lnInclude/GeometricFieldFunctionsM.C:813:5: note: in expansion of macro 'BINARY_TYPE_OPERATOR_SF'
     BINARY_TYPE_OPERATOR_SF(ReturnType, Type1, Type2, Op, OpName, OpFunc)      \
     ^
/opt/openfoam5/src/OpenFOAM/lnInclude/GeometricScalarField.C:110:1: note: in expansion of macro 'BINARY_TYPE_OPERATOR'
 BINARY_TYPE_OPERATOR(scalar, scalar, scalar, +, '+', add)
 ^
/opt/openfoam5/src/OpenFOAM/lnInclude/GeometricFieldFunctionsM.C:645:54: note:   template argument deduction/substitution failed:
 tmp<GeometricField<ReturnType, PatchField, GeoMesh>> operator Op               \
                                                      ^
/opt/openfoam5/src/OpenFOAM/lnInclude/GeometricFieldFunctionsM.C:813:5: note: in expansion of macro 'BINARY_TYPE_OPERATOR_SF'
     BINARY_TYPE_OPERATOR_SF(ReturnType, Type1, Type2, Op, OpName, OpFunc)      \
     ^
/opt/openfoam5/src/OpenFOAM/lnInclude/GeometricScalarField.C:110:1: note: in expansion of macro 'BINARY_TYPE_OPERATOR'
 BINARY_TYPE_OPERATOR(scalar, scalar, scalar, +, '+', add)
 ^
In file included from pamFoam.C:144:0:
./processModels/SIPEqn.H:9:7: note:   cannot convert 'alphaLiquid' (type 'const volScalarField {aka const Foam::GeometricField<double, Foam::fvPatchField, Foam::volMesh>}') to type 'const Foam::dimensioned<double>&'
     + alphaLiquid * fSIPXS * rhoHydrolysis
       ^
In file included from /opt/openfoam5/src/OpenFOAM/lnInclude/GeometricScalarField.C:29:0,
                 from /opt/openfoam5/src/OpenFOAM/lnInclude/GeometricScalarField.H:173,
                 from /opt/openfoam5/src/OpenFOAM/lnInclude/GeometricFields.H:34,
                 from /opt/openfoam5/src/finiteVolume/lnInclude/volFields.H:37,
                 from /opt/openfoam5/src/finiteVolume/lnInclude/surfaceInterpolationScheme.C:27,
                 from /opt/openfoam5/src/finiteVolume/lnInclude/surfaceInterpolationScheme.H:307,
                 from /opt/openfoam5/src/finiteVolume/lnInclude/surfaceInterpolate.H:41,
                 from /opt/openfoam5/src/finiteVolume/lnInclude/fvc.H:39,
                 from /opt/openfoam5/src/finiteVolume/lnInclude/fvCFD.H:8,
                 from pamFoam.C:36:
/opt/openfoam5/src/OpenFOAM/lnInclude/GeometricFieldFunctionsM.C:674:54: note: candidate: template<template<class> class PatchField, class GeoMesh> Foam::tmp<Foam::GeometricField<double, PatchField, GeoMesh> > Foam::operator+(const scalar&, const Foam::GeometricField<double, PatchField, GeoMesh>&)
 tmp<GeometricField<ReturnType, PatchField, GeoMesh>> operator Op               \
                                                      ^
/opt/openfoam5/src/OpenFOAM/lnInclude/GeometricFieldFunctionsM.C:813:5: note: in expansion of macro 'BINARY_TYPE_OPERATOR_SF'
     BINARY_TYPE_OPERATOR_SF(ReturnType, Type1, Type2, Op, OpName, OpFunc)      \
     ^
/opt/openfoam5/src/OpenFOAM/lnInclude/GeometricScalarField.C:110:1: note: in expansion of macro 'BINARY_TYPE_OPERATOR'
 BINARY_TYPE_OPERATOR(scalar, scalar, scalar, +, '+', add)
 ^
/opt/openfoam5/src/OpenFOAM/lnInclude/GeometricFieldFunctionsM.C:674:54: note:   template argument deduction/substitution failed:
 tmp<GeometricField<ReturnType, PatchField, GeoMesh>> operator Op               \
                                                      ^
/opt/openfoam5/src/OpenFOAM/lnInclude/GeometricFieldFunctionsM.C:813:5: note: in expansion of macro 'BINARY_TYPE_OPERATOR_SF'
     BINARY_TYPE_OPERATOR_SF(ReturnType, Type1, Type2, Op, OpName, OpFunc)      \
     ^
/opt/openfoam5/src/OpenFOAM/lnInclude/GeometricScalarField.C:110:1: note: in expansion of macro 'BINARY_TYPE_OPERATOR'
 BINARY_TYPE_OPERATOR(scalar, scalar, scalar, +, '+', add)
 ^
In file included from pamFoam.C:144:0:
./processModels/SIPEqn.H:9:7: note:   cannot convert 'alphaLiquid' (type 'const volScalarField {aka const Foam::GeometricField<double, Foam::fvPatchField, Foam::volMesh>}') to type 'const scalar& {aka const double&}'
     + alphaLiquid * fSIPXS * rhoHydrolysis
       ^
In file included from /opt/openfoam5/src/OpenFOAM/lnInclude/GeometricScalarField.C:29:0,
                 from /opt/openfoam5/src/OpenFOAM/lnInclude/GeometricScalarField.H:173,
                 from /opt/openfoam5/src/OpenFOAM/lnInclude/GeometricFields.H:34,
                 from /opt/openfoam5/src/finiteVolume/lnInclude/volFields.H:37,
                 from /opt/openfoam5/src/finiteVolume/lnInclude/surfaceInterpolationScheme.C:27,
                 from /opt/openfoam5/src/finiteVolume/lnInclude/surfaceInterpolationScheme.H:307,
                 from /opt/openfoam5/src/finiteVolume/lnInclude/surfaceInterpolate.H:41,
                 from /opt/openfoam5/src/finiteVolume/lnInclude/fvc.H:39,
                 from /opt/openfoam5/src/finiteVolume/lnInclude/fvCFD.H:8,
                 from pamFoam.C:36:
/opt/openfoam5/src/OpenFOAM/lnInclude/GeometricFieldFunctionsM.C:685:54: note: candidate: template<template<class> class PatchField, class GeoMesh> Foam::tmp<Foam::GeometricField<double, PatchField, GeoMesh> > Foam::operator+(const Foam::dimensioned<double>&, const Foam::tmp<Foam::GeometricField<double, PatchField, GeoMesh> >&)
 tmp<GeometricField<ReturnType, PatchField, GeoMesh>> operator Op               \
                                                      ^
/opt/openfoam5/src/OpenFOAM/lnInclude/GeometricFieldFunctionsM.C:813:5: note: in expansion of macro 'BINARY_TYPE_OPERATOR_SF'
     BINARY_TYPE_OPERATOR_SF(ReturnType, Type1, Type2, Op, OpName, OpFunc)      \
     ^
/opt/openfoam5/src/OpenFOAM/lnInclude/GeometricScalarField.C:110:1: note: in expansion of macro 'BINARY_TYPE_OPERATOR'
 BINARY_TYPE_OPERATOR(scalar, scalar, scalar, +, '+', add)
 ^
/opt/openfoam5/src/OpenFOAM/lnInclude/GeometricFieldFunctionsM.C:685:54: note:   template argument deduction/substitution failed:
 tmp<GeometricField<ReturnType, PatchField, GeoMesh>> operator Op               \
                                                      ^
/opt/openfoam5/src/OpenFOAM/lnInclude/GeometricFieldFunctionsM.C:813:5: note: in expansion of macro 'BINARY_TYPE_OPERATOR_SF'
     BINARY_TYPE_OPERATOR_SF(ReturnType, Type1, Type2, Op, OpName, OpFunc)      \
     ^
/opt/openfoam5/src/OpenFOAM/lnInclude/GeometricScalarField.C:110:1: note: in expansion of macro 'BINARY_TYPE_OPERATOR'
 BINARY_TYPE_OPERATOR(scalar, scalar, scalar, +, '+', add)
 ^
In file included from pamFoam.C:144:0:
./processModels/SIPEqn.H:9:7: note:   cannot convert 'alphaLiquid' (type 'const volScalarField {aka const Foam::GeometricField<double, Foam::fvPatchField, Foam::volMesh>}') to type 'const Foam::dimensioned<double>&'
     + alphaLiquid * fSIPXS * rhoHydrolysis
       ^
In file included from /opt/openfoam5/src/OpenFOAM/lnInclude/GeometricScalarField.C:29:0,
                 from /opt/openfoam5/src/OpenFOAM/lnInclude/GeometricScalarField.H:173,
                 from /opt/openfoam5/src/OpenFOAM/lnInclude/GeometricFields.H:34,
                 from /opt/openfoam5/src/finiteVolume/lnInclude/volFields.H:37,
                 from /opt/openfoam5/src/finiteVolume/lnInclude/surfaceInterpolationScheme.C:27,
                 from /opt/openfoam5/src/finiteVolume/lnInclude/surfaceInterpolationScheme.H:307,
                 from /opt/openfoam5/src/finiteVolume/lnInclude/surfaceInterpolate.H:41,
                 from /opt/openfoam5/src/finiteVolume/lnInclude/fvc.H:39,
                 from /opt/openfoam5/src/finiteVolume/lnInclude/fvCFD.H:8,
                 from pamFoam.C:36:
/opt/openfoam5/src/OpenFOAM/lnInclude/GeometricFieldFunctionsM.C:711:54: note: candidate: template<template<class> class PatchField, class GeoMesh> Foam::tmp<Foam::GeometricField<double, PatchField, GeoMesh> > Foam::operator+(const scalar&, const Foam::tmp<Foam::GeometricField<double, PatchField, GeoMesh> >&)
 tmp<GeometricField<ReturnType, PatchField, GeoMesh>> operator Op               \
                                                      ^
/opt/openfoam5/src/OpenFOAM/lnInclude/GeometricFieldFunctionsM.C:813:5: note: in expansion of macro 'BINARY_TYPE_OPERATOR_SF'
     BINARY_TYPE_OPERATOR_SF(ReturnType, Type1, Type2, Op, OpName, OpFunc)      \
     ^
/opt/openfoam5/src/OpenFOAM/lnInclude/GeometricScalarField.C:110:1: note: in expansion of macro 'BINARY_TYPE_OPERATOR'
 BINARY_TYPE_OPERATOR(scalar, scalar, scalar, +, '+', add)
 ^
/opt/openfoam5/src/OpenFOAM/lnInclude/GeometricFieldFunctionsM.C:711:54: note:   template argument deduction/substitution failed:
 tmp<GeometricField<ReturnType, PatchField, GeoMesh>> operator Op               \
                                                      ^
/opt/openfoam5/src/OpenFOAM/lnInclude/GeometricFieldFunctionsM.C:813:5: note: in expansion of macro 'BINARY_TYPE_OPERATOR_SF'
     BINARY_TYPE_OPERATOR_SF(ReturnType, Type1, Type2, Op, OpName, OpFunc)      \
     ^
/opt/openfoam5/src/OpenFOAM/lnInclude/GeometricScalarField.C:110:1: note: in expansion of macro 'BINARY_TYPE_OPERATOR'
 BINARY_TYPE_OPERATOR(scalar, scalar, scalar, +, '+', add)
 ^
In file included from pamFoam.C:144:0:
./processModels/SIPEqn.H:9:7: note:   cannot convert 'alphaLiquid' (type 'const volScalarField {aka const Foam::GeometricField<double, Foam::fvPatchField, Foam::volMesh>}') to type 'const scalar& {aka const double&}'
     + alphaLiquid * fSIPXS * rhoHydrolysis
       ^
In file included from /opt/openfoam5/src/OpenFOAM/lnInclude/GeometricScalarField.C:29:0,
                 from /opt/openfoam5/src/OpenFOAM/lnInclude/GeometricScalarField.H:173,
                 from /opt/openfoam5/src/OpenFOAM/lnInclude/GeometricFields.H:34,
                 from /opt/openfoam5/src/finiteVolume/lnInclude/volFields.H:37,
                 from /opt/openfoam5/src/finiteVolume/lnInclude/surfaceInterpolationScheme.C:27,
                 from /opt/openfoam5/src/finiteVolume/lnInclude/surfaceInterpolationScheme.H:307,
                 from /opt/openfoam5/src/finiteVolume/lnInclude/surfaceInterpolate.H:41,
                 from /opt/openfoam5/src/finiteVolume/lnInclude/fvc.H:39,
                 from /opt/openfoam5/src/finiteVolume/lnInclude/fvCFD.H:8,
                 from pamFoam.C:36:
/opt/openfoam5/src/OpenFOAM/lnInclude/GeometricFieldFunctionsM.C:736:54: note: candidate: template<template<class> class PatchField, class GeoMesh> Foam::tmp<Foam::GeometricField<double, PatchField, GeoMesh> > Foam::operator+(const Foam::GeometricField<double, PatchField, GeoMesh>&, const Foam::dimensioned<double>&)
 tmp<GeometricField<ReturnType, PatchField, GeoMesh>> operator Op               \
                                                      ^
/opt/openfoam5/src/OpenFOAM/lnInclude/GeometricFieldFunctionsM.C:814:5: note: in expansion of macro 'BINARY_TYPE_OPERATOR_FS'
     BINARY_TYPE_OPERATOR_FS(ReturnType, Type1, Type2, Op, OpName, OpFunc)
     ^
/opt/openfoam5/src/OpenFOAM/lnInclude/GeometricScalarField.C:110:1: note: in expansion of macro 'BINARY_TYPE_OPERATOR'
 BINARY_TYPE_OPERATOR(scalar, scalar, scalar, +, '+', add)
 ^
/opt/openfoam5/src/OpenFOAM/lnInclude/GeometricFieldFunctionsM.C:736:54: note:   template argument deduction/substitution failed:
 tmp<GeometricField<ReturnType, PatchField, GeoMesh>> operator Op               \
                                                      ^
/opt/openfoam5/src/OpenFOAM/lnInclude/GeometricFieldFunctionsM.C:814:5: note: in expansion of macro 'BINARY_TYPE_OPERATOR_FS'
     BINARY_TYPE_OPERATOR_FS(ReturnType, Type1, Type2, Op, OpName, OpFunc)
     ^
/opt/openfoam5/src/OpenFOAM/lnInclude/GeometricScalarField.C:110:1: note: in expansion of macro 'BINARY_TYPE_OPERATOR'
 BINARY_TYPE_OPERATOR(scalar, scalar, scalar, +, '+', add)
 ^
In file included from pamFoam.C:144:0:
./processModels/SIPEqn.H:9:7: note:   candidate expects 2 arguments, 1 provided
     + alphaLiquid * fSIPXS * rhoHydrolysis
       ^
In file included from /opt/openfoam5/src/OpenFOAM/lnInclude/GeometricScalarField.C:29:0,
                 from /opt/openfoam5/src/OpenFOAM/lnInclude/GeometricScalarField.H:173,
                 from /opt/openfoam5/src/OpenFOAM/lnInclude/GeometricFields.H:34,
                 from /opt/openfoam5/src/finiteVolume/lnInclude/volFields.H:37,
                 from /opt/openfoam5/src/finiteVolume/lnInclude/surfaceInterpolationScheme.C:27,
                 from /opt/openfoam5/src/finiteVolume/lnInclude/surfaceInterpolationScheme.H:307,
                 from /opt/openfoam5/src/finiteVolume/lnInclude/surfaceInterpolate.H:41,
                 from /opt/openfoam5/src/finiteVolume/lnInclude/fvc.H:39,
                 from /opt/openfoam5/src/finiteVolume/lnInclude/fvCFD.H:8,
                 from pamFoam.C:36:
/opt/openfoam5/src/OpenFOAM/lnInclude/GeometricFieldFunctionsM.C:765:54: note: candidate: template<template<class> class PatchField, class GeoMesh> Foam::tmp<Foam::GeometricField<double, PatchField, GeoMesh> > Foam::operator+(const Foam::GeometricField<double, PatchField, GeoMesh>&, const scalar&)
 tmp<GeometricField<ReturnType, PatchField, GeoMesh>> operator Op               \
                                                      ^
/opt/openfoam5/src/OpenFOAM/lnInclude/GeometricFieldFunctionsM.C:814:5: note: in expansion of macro 'BINARY_TYPE_OPERATOR_FS'
     BINARY_TYPE_OPERATOR_FS(ReturnType, Type1, Type2, Op, OpName, OpFunc)
     ^
/opt/openfoam5/src/OpenFOAM/lnInclude/GeometricScalarField.C:110:1: note: in expansion of macro 'BINARY_TYPE_OPERATOR'
 BINARY_TYPE_OPERATOR(scalar, scalar, scalar, +, '+', add)
 ^
/opt/openfoam5/src/OpenFOAM/lnInclude/GeometricFieldFunctionsM.C:765:54: note:   template argument deduction/substitution failed:
 tmp<GeometricField<ReturnType, PatchField, GeoMesh>> operator Op               \
                                                      ^
/opt/openfoam5/src/OpenFOAM/lnInclude/GeometricFieldFunctionsM.C:814:5: note: in expansion of macro 'BINARY_TYPE_OPERATOR_FS'
     BINARY_TYPE_OPERATOR_FS(ReturnType, Type1, Type2, Op, OpName, OpFunc)
     ^
/opt/openfoam5/src/OpenFOAM/lnInclude/GeometricScalarField.C:110:1: note: in expansion of macro 'BINARY_TYPE_OPERATOR'
 BINARY_TYPE_OPERATOR(scalar, scalar, scalar, +, '+', add)
 ^
In file included from pamFoam.C:144:0:
./processModels/SIPEqn.H:9:7: note:   candidate expects 2 arguments, 1 provided
     + alphaLiquid * fSIPXS * rhoHydrolysis
       ^
In file included from /opt/openfoam5/src/OpenFOAM/lnInclude/GeometricScalarField.C:29:0,
                 from /opt/openfoam5/src/OpenFOAM/lnInclude/GeometricScalarField.H:173,
                 from /opt/openfoam5/src/OpenFOAM/lnInclude/GeometricFields.H:34,
                 from /opt/openfoam5/src/finiteVolume/lnInclude/volFields.H:37,
                 from /opt/openfoam5/src/finiteVolume/lnInclude/surfaceInterpolationScheme.C:27,
                 from /opt/openfoam5/src/finiteVolume/lnInclude/surfaceInterpolationScheme.H:307,
                 from /opt/openfoam5/src/finiteVolume/lnInclude/surfaceInterpolate.H:41,
                 from /opt/openfoam5/src/finiteVolume/lnInclude/fvc.H:39,
                 from /opt/openfoam5/src/finiteVolume/lnInclude/fvCFD.H:8,
                 from pamFoam.C:36:
/opt/openfoam5/src/OpenFOAM/lnInclude/GeometricFieldFunctionsM.C:776:54: note: candidate: template<template<class> class PatchField, class GeoMesh> Foam::tmp<Foam::GeometricField<double, PatchField, GeoMesh> > Foam::operator+(const Foam::tmp<Foam::GeometricField<double, PatchField, GeoMesh> >&, const Foam::dimensioned<double>&)
 tmp<GeometricField<ReturnType, PatchField, GeoMesh>> operator Op               \
                                                      ^
/opt/openfoam5/src/OpenFOAM/lnInclude/GeometricFieldFunctionsM.C:814:5: note: in expansion of macro 'BINARY_TYPE_OPERATOR_FS'
     BINARY_TYPE_OPERATOR_FS(ReturnType, Type1, Type2, Op, OpName, OpFunc)
     ^
/opt/openfoam5/src/OpenFOAM/lnInclude/GeometricScalarField.C:110:1: note: in expansion of macro 'BINARY_TYPE_OPERATOR'
 BINARY_TYPE_OPERATOR(scalar, scalar, scalar, +, '+', add)
 ^
/opt/openfoam5/src/OpenFOAM/lnInclude/GeometricFieldFunctionsM.C:776:54: note:   template argument deduction/substitution failed:
 tmp<GeometricField<ReturnType, PatchField, GeoMesh>> operator Op               \
                                                      ^
/opt/openfoam5/src/OpenFOAM/lnInclude/GeometricFieldFunctionsM.C:814:5: note: in expansion of macro 'BINARY_TYPE_OPERATOR_FS'
     BINARY_TYPE_OPERATOR_FS(ReturnType, Type1, Type2, Op, OpName, OpFunc)
     ^
/opt/openfoam5/src/OpenFOAM/lnInclude/GeometricScalarField.C:110:1: note: in expansion of macro 'BINARY_TYPE_OPERATOR'
 BINARY_TYPE_OPERATOR(scalar, scalar, scalar, +, '+', add)
 ^
In file included from pamFoam.C:144:0:
./processModels/SIPEqn.H:9:7: note:   'const volScalarField {aka const Foam::GeometricField<double, Foam::fvPatchField, Foam::volMesh>}' is not derived from 'const Foam::tmp<Foam::GeometricField<double, PatchField, GeoMesh> >'
     + alphaLiquid * fSIPXS * rhoHydrolysis
       ^
In file included from /opt/openfoam5/src/OpenFOAM/lnInclude/GeometricScalarField.C:29:0,
                 from /opt/openfoam5/src/OpenFOAM/lnInclude/GeometricScalarField.H:173,
                 from /opt/openfoam5/src/OpenFOAM/lnInclude/GeometricFields.H:34,
                 from /opt/openfoam5/src/finiteVolume/lnInclude/volFields.H:37,
                 from /opt/openfoam5/src/finiteVolume/lnInclude/surfaceInterpolationScheme.C:27,
                 from /opt/openfoam5/src/finiteVolume/lnInclude/surfaceInterpolationScheme.H:307,
                 from /opt/openfoam5/src/finiteVolume/lnInclude/surfaceInterpolate.H:41,
                 from /opt/openfoam5/src/finiteVolume/lnInclude/fvc.H:39,
                 from /opt/openfoam5/src/finiteVolume/lnInclude/fvCFD.H:8,
                 from pamFoam.C:36:
/opt/openfoam5/src/OpenFOAM/lnInclude/GeometricFieldFunctionsM.C:802:54: note: candidate: template<template<class> class PatchField, class GeoMesh> Foam::tmp<Foam::GeometricField<double, PatchField, GeoMesh> > Foam::operator+(const Foam::tmp<Foam::GeometricField<double, PatchField, GeoMesh> >&, const scalar&)
 tmp<GeometricField<ReturnType, PatchField, GeoMesh>> operator Op               \
                                                      ^
/opt/openfoam5/src/OpenFOAM/lnInclude/GeometricFieldFunctionsM.C:814:5: note: in expansion of macro 'BINARY_TYPE_OPERATOR_FS'
     BINARY_TYPE_OPERATOR_FS(ReturnType, Type1, Type2, Op, OpName, OpFunc)
     ^
/opt/openfoam5/src/OpenFOAM/lnInclude/GeometricScalarField.C:110:1: note: in expansion of macro 'BINARY_TYPE_OPERATOR'
 BINARY_TYPE_OPERATOR(scalar, scalar, scalar, +, '+', add)
 ^
/opt/openfoam5/src/OpenFOAM/lnInclude/GeometricFieldFunctionsM.C:802:54: note:   template argument deduction/substitution failed:
 tmp<GeometricField<ReturnType, PatchField, GeoMesh>> operator Op               \
                                                      ^
/opt/openfoam5/src/OpenFOAM/lnInclude/GeometricFieldFunctionsM.C:814:5: note: in expansion of macro 'BINARY_TYPE_OPERATOR_FS'
     BINARY_TYPE_OPERATOR_FS(ReturnType, Type1, Type2, Op, OpName, OpFunc)
     ^
/opt/openfoam5/src/OpenFOAM/lnInclude/GeometricScalarField.C:110:1: note: in expansion of macro 'BINARY_TYPE_OPERATOR'
 BINARY_TYPE_OPERATOR(scalar, scalar, scalar, +, '+', add)
 ^
In file included from pamFoam.C:144:0:
./processModels/SIPEqn.H:9:7: note:   'const volScalarField {aka const Foam::GeometricField<double, Foam::fvPatchField, Foam::volMesh>}' is not derived from 'const Foam::tmp<Foam::GeometricField<double, PatchField, GeoMesh> >'
     + alphaLiquid * fSIPXS * rhoHydrolysis
       ^
In file included from /opt/openfoam5/src/OpenFOAM/lnInclude/zeroField.H:82:0,
                 from /opt/openfoam5/src/OpenFOAM/lnInclude/zeroFieldField.H:40,
                 from /opt/openfoam5/src/OpenFOAM/lnInclude/geometricZeroField.H:40,
                 from /opt/openfoam5/src/finiteVolume/lnInclude/fvcDdt.H:43,
                 from /opt/openfoam5/src/finiteVolume/lnInclude/fvc.H:44,
                 from /opt/openfoam5/src/finiteVolume/lnInclude/fvCFD.H:8,
                 from pamFoam.C:36:
/opt/openfoam5/src/OpenFOAM/lnInclude/zeroFieldI.H:61:24: note: candidate: const Foam::zeroField Foam::operator+(const Foam::zeroField&, const Foam::zeroField&)
 inline const zeroField operator+(const zeroField&, const zeroField&)
                        ^
/opt/openfoam5/src/OpenFOAM/lnInclude/zeroFieldI.H:61:24: note:   candidate expects 2 arguments, 1 provided
/opt/openfoam5/src/OpenFOAM/lnInclude/zeroFieldI.H:67:20: note: candidate: template<class Type> const Type& Foam::operator+(const Type&, const Foam::zeroField&)
 inline const Type& operator+(const Type& t, const zeroField&)
                    ^
/opt/openfoam5/src/OpenFOAM/lnInclude/zeroFieldI.H:67:20: note:   template argument deduction/substitution failed:
In file included from pamFoam.C:144:0:
./processModels/SIPEqn.H:9:7: note:   candidate expects 2 arguments, 1 provided
     + alphaLiquid * fSIPXS * rhoHydrolysis
       ^
In file included from /opt/openfoam5/src/OpenFOAM/lnInclude/zeroField.H:82:0,
                 from /opt/openfoam5/src/OpenFOAM/lnInclude/zeroFieldField.H:40,
                 from /opt/openfoam5/src/OpenFOAM/lnInclude/geometricZeroField.H:40,
                 from /opt/openfoam5/src/finiteVolume/lnInclude/fvcDdt.H:43,
                 from /opt/openfoam5/src/finiteVolume/lnInclude/fvc.H:44,
                 from /opt/openfoam5/src/finiteVolume/lnInclude/fvCFD.H:8,
                 from pamFoam.C:36:
/opt/openfoam5/src/OpenFOAM/lnInclude/zeroFieldI.H:73:20: note: candidate: template<class Type> const Type& Foam::operator+(const Foam::zeroField&, const Type&)
 inline const Type& operator+(const zeroField&, const Type& t)
                    ^
/opt/openfoam5/src/OpenFOAM/lnInclude/zeroFieldI.H:73:20: note:   template argument deduction/substitution failed:
In file included from pamFoam.C:144:0:
./processModels/SIPEqn.H:9:7: note:   cannot convert 'alphaLiquid' (type 'const volScalarField {aka const Foam::GeometricField<double, Foam::fvPatchField, Foam::volMesh>}') to type 'const Foam::zeroField&'
     + alphaLiquid * fSIPXS * rhoHydrolysis
       ^
In file included from /opt/openfoam5/src/finiteVolume/lnInclude/fvMatrix.H:1061:0,
                 from /opt/openfoam5/src/finiteVolume/lnInclude/ddtScheme.C:29,
                 from /opt/openfoam5/src/finiteVolume/lnInclude/ddtScheme.H:342,
                 from /opt/openfoam5/src/finiteVolume/lnInclude/fvcDdt.C:28,
                 from /opt/openfoam5/src/finiteVolume/lnInclude/fvcDdt.H:205,
                 from /opt/openfoam5/src/finiteVolume/lnInclude/fvc.H:44,
                 from /opt/openfoam5/src/finiteVolume/lnInclude/fvCFD.H:8,
                 from pamFoam.C:36:
/opt/openfoam5/src/finiteVolume/lnInclude/fvMatrix.C:1624:33: note: candidate: template<class Type> Foam::tmp<Foam::fvMatrix<Type> > Foam::operator+(const Foam::fvMatrix<Type>&, const Foam::fvMatrix<Type>&)
 Foam::tmp<Foam::fvMatrix<Type>> Foam::operator+
                                 ^
/opt/openfoam5/src/finiteVolume/lnInclude/fvMatrix.C:1624:33: note:   template argument deduction/substitution failed:
In file included from pamFoam.C:144:0:
./processModels/SIPEqn.H:9:7: note:   'const volScalarField {aka const Foam::GeometricField<double, Foam::fvPatchField, Foam::volMesh>}' is not derived from 'const Foam::fvMatrix<Type>'
     + alphaLiquid * fSIPXS * rhoHydrolysis
       ^
In file included from /opt/openfoam5/src/finiteVolume/lnInclude/fvMatrix.H:1061:0,
                 from /opt/openfoam5/src/finiteVolume/lnInclude/ddtScheme.C:29,
                 from /opt/openfoam5/src/finiteVolume/lnInclude/ddtScheme.H:342,
                 from /opt/openfoam5/src/finiteVolume/lnInclude/fvcDdt.C:28,
                 from /opt/openfoam5/src/finiteVolume/lnInclude/fvcDdt.H:205,
                 from /opt/openfoam5/src/finiteVolume/lnInclude/fvc.H:44,
                 from /opt/openfoam5/src/finiteVolume/lnInclude/fvCFD.H:8,
                 from pamFoam.C:36:
/opt/openfoam5/src/finiteVolume/lnInclude/fvMatrix.C:1637:33: note: candidate: template<class Type> Foam::tmp<Foam::fvMatrix<Type> > Foam::operator+(const Foam::tmp<Foam::fvMatrix<Type> >&, const Foam::fvMatrix<Type>&)
 Foam::tmp<Foam::fvMatrix<Type>> Foam::operator+
                                 ^
/opt/openfoam5/src/finiteVolume/lnInclude/fvMatrix.C:1637:33: note:   template argument deduction/substitution failed:
In file included from pamFoam.C:144:0:
./processModels/SIPEqn.H:9:7: note:   'const volScalarField {aka const Foam::GeometricField<double, Foam::fvPatchField, Foam::volMesh>}' is not derived from 'const Foam::tmp<Foam::fvMatrix<Type> >'
     + alphaLiquid * fSIPXS * rhoHydrolysis
       ^
In file included from /opt/openfoam5/src/finiteVolume/lnInclude/fvMatrix.H:1061:0,
                 from /opt/openfoam5/src/finiteVolume/lnInclude/ddtScheme.C:29,
                 from /opt/openfoam5/src/finiteVolume/lnInclude/ddtScheme.H:342,
                 from /opt/openfoam5/src/finiteVolume/lnInclude/fvcDdt.C:28,
                 from /opt/openfoam5/src/finiteVolume/lnInclude/fvcDdt.H:205,
                 from /opt/openfoam5/src/finiteVolume/lnInclude/fvc.H:44,
                 from /opt/openfoam5/src/finiteVolume/lnInclude/fvCFD.H:8,
                 from pamFoam.C:36:
/opt/openfoam5/src/finiteVolume/lnInclude/fvMatrix.C:1650:33: note: candidate: template<class Type> Foam::tmp<Foam::fvMatrix<Type> > Foam::operator+(const Foam::fvMatrix<Type>&, const Foam::tmp<Foam::fvMatrix<Type> >&)
 Foam::tmp<Foam::fvMatrix<Type>> Foam::operator+
                                 ^
/opt/openfoam5/src/finiteVolume/lnInclude/fvMatrix.C:1650:33: note:   template argument deduction/substitution failed:
In file included from pamFoam.C:144:0:
./processModels/SIPEqn.H:9:7: note:   'const volScalarField {aka const Foam::GeometricField<double, Foam::fvPatchField, Foam::volMesh>}' is not derived from 'const Foam::fvMatrix<Type>'
     + alphaLiquid * fSIPXS * rhoHydrolysis
       ^
In file included from /opt/openfoam5/src/finiteVolume/lnInclude/fvMatrix.H:1061:0,
                 from /opt/openfoam5/src/finiteVolume/lnInclude/ddtScheme.C:29,
                 from /opt/openfoam5/src/finiteVolume/lnInclude/ddtScheme.H:342,
                 from /opt/openfoam5/src/finiteVolume/lnInclude/fvcDdt.C:28,
                 from /opt/openfoam5/src/finiteVolume/lnInclude/fvcDdt.H:205,
                 from /opt/openfoam5/src/finiteVolume/lnInclude/fvc.H:44,
                 from /opt/openfoam5/src/finiteVolume/lnInclude/fvCFD.H:8,
                 from pamFoam.C:36:
/opt/openfoam5/src/finiteVolume/lnInclude/fvMatrix.C:1663:33: note: candidate: template<class Type> Foam::tmp<Foam::fvMatrix<Type> > Foam::operator+(const Foam::tmp<Foam::fvMatrix<Type> >&, const Foam::tmp<Foam::fvMatrix<Type> >&)
 Foam::tmp<Foam::fvMatrix<Type>> Foam::operator+
                                 ^
/opt/openfoam5/src/finiteVolume/lnInclude/fvMatrix.C:1663:33: note:   template argument deduction/substitution failed:
In file included from pamFoam.C:144:0:
./processModels/SIPEqn.H:9:7: note:   'const volScalarField {aka const Foam::GeometricField<double, Foam::fvPatchField, Foam::volMesh>}' is not derived from 'const Foam::tmp<Foam::fvMatrix<Type> >'
     + alphaLiquid * fSIPXS * rhoHydrolysis
       ^
In file included from /opt/openfoam5/src/finiteVolume/lnInclude/fvMatrix.H:1061:0,
                 from /opt/openfoam5/src/finiteVolume/lnInclude/ddtScheme.C:29,
                 from /opt/openfoam5/src/finiteVolume/lnInclude/ddtScheme.H:342,
                 from /opt/openfoam5/src/finiteVolume/lnInclude/fvcDdt.C:28,
                 from /opt/openfoam5/src/finiteVolume/lnInclude/fvcDdt.H:205,
                 from /opt/openfoam5/src/finiteVolume/lnInclude/fvc.H:44,
                 from /opt/openfoam5/src/finiteVolume/lnInclude/fvCFD.H:8,
                 from pamFoam.C:36:
/opt/openfoam5/src/finiteVolume/lnInclude/fvMatrix.C:1677:33: note: candidate: template<class Type> Foam::tmp<Foam::fvMatrix<Type> > Foam::operator+(const Foam::fvMatrix<Type>&, const Foam::DimensionedField<Type, Foam::volMesh>&)
 Foam::tmp<Foam::fvMatrix<Type>> Foam::operator+
                                 ^
/opt/openfoam5/src/finiteVolume/lnInclude/fvMatrix.C:1677:33: note:   template argument deduction/substitution failed:
In file included from pamFoam.C:144:0:
./processModels/SIPEqn.H:9:7: note:   'const volScalarField {aka const Foam::GeometricField<double, Foam::fvPatchField, Foam::volMesh>}' is not derived from 'const Foam::fvMatrix<Type>'
     + alphaLiquid * fSIPXS * rhoHydrolysis
       ^
In file included from /opt/openfoam5/src/finiteVolume/lnInclude/fvMatrix.H:1061:0,
                 from /opt/openfoam5/src/finiteVolume/lnInclude/ddtScheme.C:29,
                 from /opt/openfoam5/src/finiteVolume/lnInclude/ddtScheme.H:342,
                 from /opt/openfoam5/src/finiteVolume/lnInclude/fvcDdt.C:28,
                 from /opt/openfoam5/src/finiteVolume/lnInclude/fvcDdt.H:205,
                 from /opt/openfoam5/src/finiteVolume/lnInclude/fvc.H:44,
                 from /opt/openfoam5/src/finiteVolume/lnInclude/fvCFD.H:8,
                 from pamFoam.C:36:
/opt/openfoam5/src/finiteVolume/lnInclude/fvMatrix.C:1690:33: note: candidate: template<class Type> Foam::tmp<Foam::fvMatrix<Type> > Foam::operator+(const Foam::fvMatrix<Type>&, const Foam::tmp<Foam::DimensionedField<Type, Foam::volMesh> >&)
 Foam::tmp<Foam::fvMatrix<Type>> Foam::operator+
                                 ^
/opt/openfoam5/src/finiteVolume/lnInclude/fvMatrix.C:1690:33: note:   template argument deduction/substitution failed:
In file included from pamFoam.C:144:0:
./processModels/SIPEqn.H:9:7: note:   'const volScalarField {aka const Foam::GeometricField<double, Foam::fvPatchField, Foam::volMesh>}' is not derived from 'const Foam::fvMatrix<Type>'
     + alphaLiquid * fSIPXS * rhoHydrolysis
       ^
In file included from /opt/openfoam5/src/finiteVolume/lnInclude/fvMatrix.H:1061:0,
                 from /opt/openfoam5/src/finiteVolume/lnInclude/ddtScheme.C:29,
                 from /opt/openfoam5/src/finiteVolume/lnInclude/ddtScheme.H:342,
                 from /opt/openfoam5/src/finiteVolume/lnInclude/fvcDdt.C:28,
                 from /opt/openfoam5/src/finiteVolume/lnInclude/fvcDdt.H:205,
                 from /opt/openfoam5/src/finiteVolume/lnInclude/fvc.H:44,
                 from /opt/openfoam5/src/finiteVolume/lnInclude/fvCFD.H:8,
                 from pamFoam.C:36:
/opt/openfoam5/src/finiteVolume/lnInclude/fvMatrix.C:1704:33: note: candidate: template<class Type> Foam::tmp<Foam::fvMatrix<Type> > Foam::operator+(const Foam::fvMatrix<Type>&, const Foam::tmp<Foam::GeometricField<Type, Foam::fvPatchField, Foam::volMesh> >&)
 Foam::tmp<Foam::fvMatrix<Type>> Foam::operator+
                                 ^
/opt/openfoam5/src/finiteVolume/lnInclude/fvMatrix.C:1704:33: note:   template argument deduction/substitution failed:
In file included from pamFoam.C:144:0:
./processModels/SIPEqn.H:9:7: note:   'const volScalarField {aka const Foam::GeometricField<double, Foam::fvPatchField, Foam::volMesh>}' is not derived from 'const Foam::fvMatrix<Type>'
     + alphaLiquid * fSIPXS * rhoHydrolysis
       ^
In file included from /opt/openfoam5/src/finiteVolume/lnInclude/fvMatrix.H:1061:0,
                 from /opt/openfoam5/src/finiteVolume/lnInclude/ddtScheme.C:29,
                 from /opt/openfoam5/src/finiteVolume/lnInclude/ddtScheme.H:342,
                 from /opt/openfoam5/src/finiteVolume/lnInclude/fvcDdt.C:28,
                 from /opt/openfoam5/src/finiteVolume/lnInclude/fvcDdt.H:205,
                 from /opt/openfoam5/src/finiteVolume/lnInclude/fvc.H:44,
                 from /opt/openfoam5/src/finiteVolume/lnInclude/fvCFD.H:8,
                 from pamFoam.C:36:
/opt/openfoam5/src/finiteVolume/lnInclude/fvMatrix.C:1718:33: note: candidate: template<class Type> Foam::tmp<Foam::fvMatrix<Type> > Foam::operator+(const Foam::tmp<Foam::fvMatrix<Type> >&, const Foam::DimensionedField<Type, Foam::volMesh>&)
 Foam::tmp<Foam::fvMatrix<Type>> Foam::operator+
                                 ^
/opt/openfoam5/src/finiteVolume/lnInclude/fvMatrix.C:1718:33: note:   template argument deduction/substitution failed:
In file included from pamFoam.C:144:0:
./processModels/SIPEqn.H:9:7: note:   'const volScalarField {aka const Foam::GeometricField<double, Foam::fvPatchField, Foam::volMesh>}' is not derived from 'const Foam::tmp<Foam::fvMatrix<Type> >'
     + alphaLiquid * fSIPXS * rhoHydrolysis
       ^
In file included from /opt/openfoam5/src/finiteVolume/lnInclude/fvMatrix.H:1061:0,
                 from /opt/openfoam5/src/finiteVolume/lnInclude/ddtScheme.C:29,
                 from /opt/openfoam5/src/finiteVolume/lnInclude/ddtScheme.H:342,
                 from /opt/openfoam5/src/finiteVolume/lnInclude/fvcDdt.C:28,
                 from /opt/openfoam5/src/finiteVolume/lnInclude/fvcDdt.H:205,
                 from /opt/openfoam5/src/finiteVolume/lnInclude/fvc.H:44,
                 from /opt/openfoam5/src/finiteVolume/lnInclude/fvCFD.H:8,
                 from pamFoam.C:36:
/opt/openfoam5/src/finiteVolume/lnInclude/fvMatrix.C:1731:33: note: candidate: template<class Type> Foam::tmp<Foam::fvMatrix<Type> > Foam::operator+(const Foam::tmp<Foam::fvMatrix<Type> >&, const Foam::tmp<Foam::DimensionedField<Type, Foam::volMesh> >&)
 Foam::tmp<Foam::fvMatrix<Type>> Foam::operator+
                                 ^
/opt/openfoam5/src/finiteVolume/lnInclude/fvMatrix.C:1731:33: note:   template argument deduction/substitution failed:
In file included from pamFoam.C:144:0:
./processModels/SIPEqn.H:9:7: note:   'const volScalarField {aka const Foam::GeometricField<double, Foam::fvPatchField, Foam::volMesh>}' is not derived from 'const Foam::tmp<Foam::fvMatrix<Type> >'
     + alphaLiquid * fSIPXS * rhoHydrolysis
       ^
In file included from /opt/openfoam5/src/finiteVolume/lnInclude/fvMatrix.H:1061:0,
                 from /opt/openfoam5/src/finiteVolume/lnInclude/ddtScheme.C:29,
                 from /opt/openfoam5/src/finiteVolume/lnInclude/ddtScheme.H:342,
                 from /opt/openfoam5/src/finiteVolume/lnInclude/fvcDdt.C:28,
                 from /opt/openfoam5/src/finiteVolume/lnInclude/fvcDdt.H:205,
                 from /opt/openfoam5/src/finiteVolume/lnInclude/fvc.H:44,
                 from /opt/openfoam5/src/finiteVolume/lnInclude/fvCFD.H:8,
                 from pamFoam.C:36:
/opt/openfoam5/src/finiteVolume/lnInclude/fvMatrix.C:1745:33: note: candidate: template<class Type> Foam::tmp<Foam::fvMatrix<Type> > Foam::operator+(const Foam::tmp<Foam::fvMatrix<Type> >&, const Foam::tmp<Foam::GeometricField<Type, Foam::fvPatchField, Foam::volMesh> >&)
 Foam::tmp<Foam::fvMatrix<Type>> Foam::operator+
                                 ^
/opt/openfoam5/src/finiteVolume/lnInclude/fvMatrix.C:1745:33: note:   template argument deduction/substitution failed:
In file included from pamFoam.C:144:0:
./processModels/SIPEqn.H:9:7: note:   'const volScalarField {aka const Foam::GeometricField<double, Foam::fvPatchField, Foam::volMesh>}' is not derived from 'const Foam::tmp<Foam::fvMatrix<Type> >'
     + alphaLiquid * fSIPXS * rhoHydrolysis
       ^
In file included from /opt/openfoam5/src/finiteVolume/lnInclude/fvMatrix.H:1061:0,
                 from /opt/openfoam5/src/finiteVolume/lnInclude/ddtScheme.C:29,
                 from /opt/openfoam5/src/finiteVolume/lnInclude/ddtScheme.H:342,
                 from /opt/openfoam5/src/finiteVolume/lnInclude/fvcDdt.C:28,
                 from /opt/openfoam5/src/finiteVolume/lnInclude/fvcDdt.H:205,
                 from /opt/openfoam5/src/finiteVolume/lnInclude/fvc.H:44,
                 from /opt/openfoam5/src/finiteVolume/lnInclude/fvCFD.H:8,
                 from pamFoam.C:36:
/opt/openfoam5/src/finiteVolume/lnInclude/fvMatrix.C:1759:33: note: candidate: template<class Type> Foam::tmp<Foam::fvMatrix<Type> > Foam::operator+(const Foam::DimensionedField<Type, Foam::volMesh>&, const Foam::fvMatrix<Type>&)
 Foam::tmp<Foam::fvMatrix<Type>> Foam::operator+
                                 ^
/opt/openfoam5/src/finiteVolume/lnInclude/fvMatrix.C:1759:33: note:   template argument deduction/substitution failed:
In file included from pamFoam.C:144:0:
./processModels/SIPEqn.H:9:7: note:   candidate expects 2 arguments, 1 provided
     + alphaLiquid * fSIPXS * rhoHydrolysis
       ^
In file included from /opt/openfoam5/src/finiteVolume/lnInclude/fvMatrix.H:1061:0,
                 from /opt/openfoam5/src/finiteVolume/lnInclude/ddtScheme.C:29,
                 from /opt/openfoam5/src/finiteVolume/lnInclude/ddtScheme.H:342,
                 from /opt/openfoam5/src/finiteVolume/lnInclude/fvcDdt.C:28,
                 from /opt/openfoam5/src/finiteVolume/lnInclude/fvcDdt.H:205,
                 from /opt/openfoam5/src/finiteVolume/lnInclude/fvc.H:44,
                 from /opt/openfoam5/src/finiteVolume/lnInclude/fvCFD.H:8,
                 from pamFoam.C:36:
/opt/openfoam5/src/finiteVolume/lnInclude/fvMatrix.C:1772:33: note: candidate: template<class Type> Foam::tmp<Foam::fvMatrix<Type> > Foam::operator+(const Foam::tmp<Foam::DimensionedField<Type, Foam::volMesh> >&, const Foam::fvMatrix<Type>&)
 Foam::tmp<Foam::fvMatrix<Type>> Foam::operator+
                                 ^
/opt/openfoam5/src/finiteVolume/lnInclude/fvMatrix.C:1772:33: note:   template argument deduction/substitution failed:
In file included from pamFoam.C:144:0:
./processModels/SIPEqn.H:9:7: note:   'const volScalarField {aka const Foam::GeometricField<double, Foam::fvPatchField, Foam::volMesh>}' is not derived from 'const Foam::tmp<Foam::DimensionedField<Type, Foam::volMesh> >'
     + alphaLiquid * fSIPXS * rhoHydrolysis
       ^
In file included from /opt/openfoam5/src/finiteVolume/lnInclude/fvMatrix.H:1061:0,
                 from /opt/openfoam5/src/finiteVolume/lnInclude/ddtScheme.C:29,
                 from /opt/openfoam5/src/finiteVolume/lnInclude/ddtScheme.H:342,
                 from /opt/openfoam5/src/finiteVolume/lnInclude/fvcDdt.C:28,
                 from /opt/openfoam5/src/finiteVolume/lnInclude/fvcDdt.H:205,
                 from /opt/openfoam5/src/finiteVolume/lnInclude/fvc.H:44,
                 from /opt/openfoam5/src/finiteVolume/lnInclude/fvCFD.H:8,
                 from pamFoam.C:36:
/opt/openfoam5/src/finiteVolume/lnInclude/fvMatrix.C:1786:33: note: candidate: template<class Type> Foam::tmp<Foam::fvMatrix<Type> > Foam::operator+(const Foam::tmp<Foam::GeometricField<Type, Foam::fvPatchField, Foam::volMesh> >&, const Foam::fvMatrix<Type>&)
 Foam::tmp<Foam::fvMatrix<Type>> Foam::operator+
                                 ^
/opt/openfoam5/src/finiteVolume/lnInclude/fvMatrix.C:1786:33: note:   template argument deduction/substitution failed:
In file included from pamFoam.C:144:0:
./processModels/SIPEqn.H:9:7: note:   'const volScalarField {aka const Foam::GeometricField<double, Foam::fvPatchField, Foam::volMesh>}' is not derived from 'const Foam::tmp<Foam::GeometricField<Type, Foam::fvPatchField, Foam::volMesh> >'
     + alphaLiquid * fSIPXS * rhoHydrolysis
       ^
In file included from /opt/openfoam5/src/finiteVolume/lnInclude/fvMatrix.H:1061:0,
                 from /opt/openfoam5/src/finiteVolume/lnInclude/ddtScheme.C:29,
                 from /opt/openfoam5/src/finiteVolume/lnInclude/ddtScheme.H:342,
                 from /opt/openfoam5/src/finiteVolume/lnInclude/fvcDdt.C:28,
                 from /opt/openfoam5/src/finiteVolume/lnInclude/fvcDdt.H:205,
                 from /opt/openfoam5/src/finiteVolume/lnInclude/fvc.H:44,
                 from /opt/openfoam5/src/finiteVolume/lnInclude/fvCFD.H:8,
                 from pamFoam.C:36:
/opt/openfoam5/src/finiteVolume/lnInclude/fvMatrix.C:1800:33: note: candidate: template<class Type> Foam::tmp<Foam::fvMatrix<Type> > Foam::operator+(const Foam::DimensionedField<Type, Foam::volMesh>&, const Foam::tmp<Foam::fvMatrix<Type> >&)
 Foam::tmp<Foam::fvMatrix<Type>> Foam::operator+
                                 ^
/opt/openfoam5/src/finiteVolume/lnInclude/fvMatrix.C:1800:33: note:   template argument deduction/substitution failed:
In file included from pamFoam.C:144:0:
./processModels/SIPEqn.H:9:7: note:   candidate expects 2 arguments, 1 provided
     + alphaLiquid * fSIPXS * rhoHydrolysis
       ^
In file included from /opt/openfoam5/src/finiteVolume/lnInclude/fvMatrix.H:1061:0,
                 from /opt/openfoam5/src/finiteVolume/lnInclude/ddtScheme.C:29,
                 from /opt/openfoam5/src/finiteVolume/lnInclude/ddtScheme.H:342,
                 from /opt/openfoam5/src/finiteVolume/lnInclude/fvcDdt.C:28,
                 from /opt/openfoam5/src/finiteVolume/lnInclude/fvcDdt.H:205,
                 from /opt/openfoam5/src/finiteVolume/lnInclude/fvc.H:44,
                 from /opt/openfoam5/src/finiteVolume/lnInclude/fvCFD.H:8,
                 from pamFoam.C:36:
/opt/openfoam5/src/finiteVolume/lnInclude/fvMatrix.C:1813:33: note: candidate: template<class Type> Foam::tmp<Foam::fvMatrix<Type> > Foam::operator+(const Foam::tmp<Foam::DimensionedField<Type, Foam::volMesh> >&, const Foam::tmp<Foam::fvMatrix<Type> >&)
 Foam::tmp<Foam::fvMatrix<Type>> Foam::operator+
                                 ^
/opt/openfoam5/src/finiteVolume/lnInclude/fvMatrix.C:1813:33: note:   template argument deduction/substitution failed:
In file included from pamFoam.C:144:0:
./processModels/SIPEqn.H:9:7: note:   'const volScalarField {aka const Foam::GeometricField<double, Foam::fvPatchField, Foam::volMesh>}' is not derived from 'const Foam::tmp<Foam::DimensionedField<Type, Foam::volMesh> >'
     + alphaLiquid * fSIPXS * rhoHydrolysis
       ^
In file included from /opt/openfoam5/src/finiteVolume/lnInclude/fvMatrix.H:1061:0,
                 from /opt/openfoam5/src/finiteVolume/lnInclude/ddtScheme.C:29,
                 from /opt/openfoam5/src/finiteVolume/lnInclude/ddtScheme.H:342,
                 from /opt/openfoam5/src/finiteVolume/lnInclude/fvcDdt.C:28,
                 from /opt/openfoam5/src/finiteVolume/lnInclude/fvcDdt.H:205,
                 from /opt/openfoam5/src/finiteVolume/lnInclude/fvc.H:44,
                 from /opt/openfoam5/src/finiteVolume/lnInclude/fvCFD.H:8,
                 from pamFoam.C:36:
/opt/openfoam5/src/finiteVolume/lnInclude/fvMatrix.C:1827:33: note: candidate: template<class Type> Foam::tmp<Foam::fvMatrix<Type> > Foam::operator+(const Foam::tmp<Foam::GeometricField<Type, Foam::fvPatchField, Foam::volMesh> >&, const Foam::tmp<Foam::fvMatrix<Type> >&)
 Foam::tmp<Foam::fvMatrix<Type>> Foam::operator+
                                 ^
/opt/openfoam5/src/finiteVolume/lnInclude/fvMatrix.C:1827:33: note:   template argument deduction/substitution failed:
In file included from pamFoam.C:144:0:
./processModels/SIPEqn.H:9:7: note:   'const volScalarField {aka const Foam::GeometricField<double, Foam::fvPatchField, Foam::volMesh>}' is not derived from 'const Foam::tmp<Foam::GeometricField<Type, Foam::fvPatchField, Foam::volMesh> >'
     + alphaLiquid * fSIPXS * rhoHydrolysis
       ^
In file included from /opt/openfoam5/src/finiteVolume/lnInclude/fvMatrix.H:1061:0,
                 from /opt/openfoam5/src/finiteVolume/lnInclude/ddtScheme.C:29,
                 from /opt/openfoam5/src/finiteVolume/lnInclude/ddtScheme.H:342,
                 from /opt/openfoam5/src/finiteVolume/lnInclude/fvcDdt.C:28,
                 from /opt/openfoam5/src/finiteVolume/lnInclude/fvcDdt.H:205,
                 from /opt/openfoam5/src/finiteVolume/lnInclude/fvc.H:44,
                 from /opt/openfoam5/src/finiteVolume/lnInclude/fvCFD.H:8,
                 from pamFoam.C:36:
/opt/openfoam5/src/finiteVolume/lnInclude/fvMatrix.C:2066:33: note: candidate: template<class Type> Foam::tmp<Foam::fvMatrix<Type> > Foam::operator+(const Foam::fvMatrix<Type>&, const Foam::dimensioned<Type>&)
 Foam::tmp<Foam::fvMatrix<Type>> Foam::operator+
                                 ^
/opt/openfoam5/src/finiteVolume/lnInclude/fvMatrix.C:2066:33: note:   template argument deduction/substitution failed:
In file included from pamFoam.C:144:0:
./processModels/SIPEqn.H:9:7: note:   'const volScalarField {aka const Foam::GeometricField<double, Foam::fvPatchField, Foam::volMesh>}' is not derived from 'const Foam::fvMatrix<Type>'
     + alphaLiquid * fSIPXS * rhoHydrolysis
       ^
In file included from /opt/openfoam5/src/finiteVolume/lnInclude/fvMatrix.H:1061:0,
                 from /opt/openfoam5/src/finiteVolume/lnInclude/ddtScheme.C:29,
                 from /opt/openfoam5/src/finiteVolume/lnInclude/ddtScheme.H:342,
                 from /opt/openfoam5/src/finiteVolume/lnInclude/fvcDdt.C:28,
                 from /opt/openfoam5/src/finiteVolume/lnInclude/fvcDdt.H:205,
                 from /opt/openfoam5/src/finiteVolume/lnInclude/fvc.H:44,
                 from /opt/openfoam5/src/finiteVolume/lnInclude/fvCFD.H:8,
                 from pamFoam.C:36:
/opt/openfoam5/src/finiteVolume/lnInclude/fvMatrix.C:2079:33: note: candidate: template<class Type> Foam::tmp<Foam::fvMatrix<Type> > Foam::operator+(const Foam::tmp<Foam::fvMatrix<Type> >&, const Foam::dimensioned<Type>&)
 Foam::tmp<Foam::fvMatrix<Type>> Foam::operator+
                                 ^
/opt/openfoam5/src/finiteVolume/lnInclude/fvMatrix.C:2079:33: note:   template argument deduction/substitution failed:
In file included from pamFoam.C:144:0:
./processModels/SIPEqn.H:9:7: note:   'const volScalarField {aka const Foam::GeometricField<double, Foam::fvPatchField, Foam::volMesh>}' is not derived from 'const Foam::tmp<Foam::fvMatrix<Type> >'
     + alphaLiquid * fSIPXS * rhoHydrolysis
       ^
In file included from /opt/openfoam5/src/finiteVolume/lnInclude/fvMatrix.H:1061:0,
                 from /opt/openfoam5/src/finiteVolume/lnInclude/ddtScheme.C:29,
                 from /opt/openfoam5/src/finiteVolume/lnInclude/ddtScheme.H:342,
                 from /opt/openfoam5/src/finiteVolume/lnInclude/fvcDdt.C:28,
                 from /opt/openfoam5/src/finiteVolume/lnInclude/fvcDdt.H:205,
                 from /opt/openfoam5/src/finiteVolume/lnInclude/fvc.H:44,
                 from /opt/openfoam5/src/finiteVolume/lnInclude/fvCFD.H:8,
                 from pamFoam.C:36:
/opt/openfoam5/src/finiteVolume/lnInclude/fvMatrix.C:2092:33: note: candidate: template<class Type> Foam::tmp<Foam::fvMatrix<Type> > Foam::operator+(const Foam::dimensioned<Type>&, const Foam::fvMatrix<Type>&)
 Foam::tmp<Foam::fvMatrix<Type>> Foam::operator+
                                 ^
/opt/openfoam5/src/finiteVolume/lnInclude/fvMatrix.C:2092:33: note:   template argument deduction/substitution failed:
In file included from pamFoam.C:144:0:
./processModels/SIPEqn.H:9:7: note:   'const volScalarField {aka const Foam::GeometricField<double, Foam::fvPatchField, Foam::volMesh>}' is not derived from 'const Foam::dimensioned<Type>'
     + alphaLiquid * fSIPXS * rhoHydrolysis
       ^
In file included from /opt/openfoam5/src/finiteVolume/lnInclude/fvMatrix.H:1061:0,
                 from /opt/openfoam5/src/finiteVolume/lnInclude/ddtScheme.C:29,
                 from /opt/openfoam5/src/finiteVolume/lnInclude/ddtScheme.H:342,
                 from /opt/openfoam5/src/finiteVolume/lnInclude/fvcDdt.C:28,
                 from /opt/openfoam5/src/finiteVolume/lnInclude/fvcDdt.H:205,
                 from /opt/openfoam5/src/finiteVolume/lnInclude/fvc.H:44,
                 from /opt/openfoam5/src/finiteVolume/lnInclude/fvCFD.H:8,
                 from pamFoam.C:36:
/opt/openfoam5/src/finiteVolume/lnInclude/fvMatrix.C:2105:33: note: candidate: template<class Type> Foam::tmp<Foam::fvMatrix<Type> > Foam::operator+(const Foam::dimensioned<Type>&, const Foam::tmp<Foam::fvMatrix<Type> >&)
 Foam::tmp<Foam::fvMatrix<Type>> Foam::operator+
                                 ^
/opt/openfoam5/src/finiteVolume/lnInclude/fvMatrix.C:2105:33: note:   template argument deduction/substitution failed:
In file included from pamFoam.C:144:0:
./processModels/SIPEqn.H:9:7: note:   'const volScalarField {aka const Foam::GeometricField<double, Foam::fvPatchField, Foam::volMesh>}' is not derived from 'const Foam::dimensioned<Type>'
     + alphaLiquid * fSIPXS * rhoHydrolysis
       ^
In file included from pamFoam.C:145:0:
./processModels/SIEqn.H:9:5: error: no match for 'operator+' (operand type is 'const volScalarField {aka const Foam::GeometricField<double, Foam::fvPatchField, Foam::volMesh>}')
     + alphaLiquid*fSIXS*rhoHydrolysis
     ^
In file included from /opt/openfoam5/src/OpenFOAM/lnInclude/zero.H:101:0,
                 from /opt/openfoam5/src/OpenFOAM/lnInclude/UList.H:49,
                 from /opt/openfoam5/src/OpenFOAM/lnInclude/List.H:43,
                 from /opt/openfoam5/src/OpenFOAM/lnInclude/labelList.H:48,
                 from /opt/openfoam5/src/OpenFOAM/lnInclude/UPstream.H:42,
                 from /opt/openfoam5/src/OpenFOAM/lnInclude/Pstream.H:42,
                 from /opt/openfoam5/src/OpenFOAM/lnInclude/parRun.H:35,
                 from /opt/openfoam5/src/finiteVolume/lnInclude/fvCFD.H:4,
                 from pamFoam.C:36:
/opt/openfoam5/src/OpenFOAM/lnInclude/zeroI.H:35:13: note: candidate: Foam::zero Foam::operator+(const Foam::zero&, const Foam::zero&)
 inline zero operator+(const zero&, const zero&)
             ^
/opt/openfoam5/src/OpenFOAM/lnInclude/zeroI.H:35:13: note:   candidate expects 2 arguments, 1 provided
/opt/openfoam5/src/OpenFOAM/lnInclude/zeroI.H:41:20: note: candidate: template<class Type> const Type& Foam::operator+(const Type&, const Foam::zero&)
 inline const Type& operator+(const Type& t, const zero&)
                    ^
/opt/openfoam5/src/OpenFOAM/lnInclude/zeroI.H:41:20: note:   template argument deduction/substitution failed:
In file included from pamFoam.C:145:0:
./processModels/SIEqn.H:9:7: note:   candidate expects 2 arguments, 1 provided
     + alphaLiquid*fSIXS*rhoHydrolysis
       ^
In file included from /opt/openfoam5/src/OpenFOAM/lnInclude/zero.H:101:0,
                 from /opt/openfoam5/src/OpenFOAM/lnInclude/UList.H:49,
                 from /opt/openfoam5/src/OpenFOAM/lnInclude/List.H:43,
                 from /opt/openfoam5/src/OpenFOAM/lnInclude/labelList.H:48,
                 from /opt/openfoam5/src/OpenFOAM/lnInclude/UPstream.H:42,
                 from /opt/openfoam5/src/OpenFOAM/lnInclude/Pstream.H:42,
                 from /opt/openfoam5/src/OpenFOAM/lnInclude/parRun.H:35,
                 from /opt/openfoam5/src/finiteVolume/lnInclude/fvCFD.H:4,
                 from pamFoam.C:36:
/opt/openfoam5/src/OpenFOAM/lnInclude/zeroI.H:47:20: note: candidate: template<class Type> const Type& Foam::operator+(const Foam::zero&, const Type&)
 inline const Type& operator+(const zero&, const Type& t)
                    ^
/opt/openfoam5/src/OpenFOAM/lnInclude/zeroI.H:47:20: note:   template argument deduction/substitution failed:
In file included from pamFoam.C:145:0:
./processModels/SIEqn.H:9:7: note:   cannot convert 'alphaLiquid' (type 'const volScalarField {aka const Foam::GeometricField<double, Foam::fvPatchField, Foam::volMesh>}') to type 'const Foam::zero&'
     + alphaLiquid*fSIXS*rhoHydrolysis
       ^
In file included from /opt/openfoam5/src/OpenFOAM/lnInclude/UPtrList.H:393:0,
                 from /opt/openfoam5/src/OpenFOAM/lnInclude/PtrList.H:44,
                 from /opt/openfoam5/src/OpenFOAM/lnInclude/List.C:29,
                 from /opt/openfoam5/src/OpenFOAM/lnInclude/List.H:309,
                 from /opt/openfoam5/src/OpenFOAM/lnInclude/labelList.H:48,
                 from /opt/openfoam5/src/OpenFOAM/lnInclude/UPstream.H:42,
                 from /opt/openfoam5/src/OpenFOAM/lnInclude/Pstream.H:42,
                 from /opt/openfoam5/src/OpenFOAM/lnInclude/parRun.H:35,
                 from /opt/openfoam5/src/finiteVolume/lnInclude/fvCFD.H:4,
                 from pamFoam.C:36:
/opt/openfoam5/src/OpenFOAM/lnInclude/UPtrListI.H:217:1: note: candidate: template<class T> typename Foam::UPtrList<T>::iterator Foam::operator+(const typename Foam::UPtrList<T>::iterator&, Foam::label)
 Foam::operator+(const typename UPtrList<T>::iterator& iter, label n)
 ^
/opt/openfoam5/src/OpenFOAM/lnInclude/UPtrListI.H:217:1: note:   template argument deduction/substitution failed:
In file included from pamFoam.C:145:0:
./processModels/SIEqn.H:9:7: note:   candidate expects 2 arguments, 1 provided
     + alphaLiquid*fSIXS*rhoHydrolysis
       ^
In file included from /opt/openfoam5/src/OpenFOAM/lnInclude/UPtrList.H:393:0,
                 from /opt/openfoam5/src/OpenFOAM/lnInclude/PtrList.H:44,
                 from /opt/openfoam5/src/OpenFOAM/lnInclude/List.C:29,
                 from /opt/openfoam5/src/OpenFOAM/lnInclude/List.H:309,
                 from /opt/openfoam5/src/OpenFOAM/lnInclude/labelList.H:48,
                 from /opt/openfoam5/src/OpenFOAM/lnInclude/UPstream.H:42,
                 from /opt/openfoam5/src/OpenFOAM/lnInclude/Pstream.H:42,
                 from /opt/openfoam5/src/OpenFOAM/lnInclude/parRun.H:35,
                 from /opt/openfoam5/src/finiteVolume/lnInclude/fvCFD.H:4,
                 from pamFoam.C:36:
/opt/openfoam5/src/OpenFOAM/lnInclude/UPtrListI.H:225:1: note: candidate: template<class T> typename Foam::UPtrList<T>::iterator Foam::operator+(Foam::label, const typename Foam::UPtrList<T>::iterator&)
 Foam::operator+(label n, const typename UPtrList<T>::iterator& iter)
 ^
/opt/openfoam5/src/OpenFOAM/lnInclude/UPtrListI.H:225:1: note:   template argument deduction/substitution failed:
In file included from pamFoam.C:145:0:
./processModels/SIEqn.H:9:7: note:   cannot convert 'alphaLiquid' (type 'const volScalarField {aka const Foam::GeometricField<double, Foam::fvPatchField, Foam::volMesh>}') to type 'Foam::label {aka int}'
     + alphaLiquid*fSIXS*rhoHydrolysis
       ^
In file included from /opt/openfoam5/src/OpenFOAM/lnInclude/UPtrList.H:393:0,
                 from /opt/openfoam5/src/OpenFOAM/lnInclude/PtrList.H:44,
                 from /opt/openfoam5/src/OpenFOAM/lnInclude/List.C:29,
                 from /opt/openfoam5/src/OpenFOAM/lnInclude/List.H:309,
                 from /opt/openfoam5/src/OpenFOAM/lnInclude/labelList.H:48,
                 from /opt/openfoam5/src/OpenFOAM/lnInclude/UPstream.H:42,
                 from /opt/openfoam5/src/OpenFOAM/lnInclude/Pstream.H:42,
                 from /opt/openfoam5/src/OpenFOAM/lnInclude/parRun.H:35,
                 from /opt/openfoam5/src/finiteVolume/lnInclude/fvCFD.H:4,
                 from pamFoam.C:36:
/opt/openfoam5/src/OpenFOAM/lnInclude/UPtrListI.H:401:1: note: candidate: template<class T> typename Foam::UPtrList<T>::const_iterator Foam::operator+(const typename Foam::UPtrList<T>::const_iterator&, Foam::label)
 Foam::operator+(const typename UPtrList<T>::const_iterator& iter, label n)
 ^
/opt/openfoam5/src/OpenFOAM/lnInclude/UPtrListI.H:401:1: note:   template argument deduction/substitution failed:
In file included from pamFoam.C:145:0:
./processModels/SIEqn.H:9:7: note:   candidate expects 2 arguments, 1 provided
     + alphaLiquid*fSIXS*rhoHydrolysis
       ^
In file included from /opt/openfoam5/src/OpenFOAM/lnInclude/UPtrList.H:393:0,
                 from /opt/openfoam5/src/OpenFOAM/lnInclude/PtrList.H:44,
                 from /opt/openfoam5/src/OpenFOAM/lnInclude/List.C:29,
                 from /opt/openfoam5/src/OpenFOAM/lnInclude/List.H:309,
                 from /opt/openfoam5/src/OpenFOAM/lnInclude/labelList.H:48,
                 from /opt/openfoam5/src/OpenFOAM/lnInclude/UPstream.H:42,
                 from /opt/openfoam5/src/OpenFOAM/lnInclude/Pstream.H:42,
                 from /opt/openfoam5/src/OpenFOAM/lnInclude/parRun.H:35,
                 from /opt/openfoam5/src/finiteVolume/lnInclude/fvCFD.H:4,
                 from pamFoam.C:36:
/opt/openfoam5/src/OpenFOAM/lnInclude/UPtrListI.H:410:1: note: candidate: template<class T> typename Foam::UPtrList<T>::const_iterator Foam::operator+(Foam::label, const typename Foam::UPtrList<T>::const_iterator&)
 Foam::operator+(label n, const typename UPtrList<T>::const_iterator& iter)
 ^
/opt/openfoam5/src/OpenFOAM/lnInclude/UPtrListI.H:410:1: note:   template argument deduction/substitution failed:
In file included from pamFoam.C:145:0:
./processModels/SIEqn.H:9:7: note:   cannot convert 'alphaLiquid' (type 'const volScalarField {aka const Foam::GeometricField<double, Foam::fvPatchField, Foam::volMesh>}') to type 'Foam::label {aka int}'
     + alphaLiquid*fSIXS*rhoHydrolysis
       ^
In file included from /opt/openfoam5/src/OpenFOAM/lnInclude/baseIOdictionary.H:43:0,
                 from /opt/openfoam5/src/OpenFOAM/lnInclude/unwatchedIOdictionary.H:37,
                 from /opt/openfoam5/src/OpenFOAM/lnInclude/Time.H:43,
                 from /opt/openfoam5/src/finiteVolume/lnInclude/fvCFD.H:6,
                 from pamFoam.C:36:
/opt/openfoam5/src/OpenFOAM/lnInclude/dictionary.H:575:12: note: candidate: Foam::dictionary Foam::operator+(const Foam::dictionary&, const Foam::dictionary&)
 dictionary operator+(const dictionary& dict1, const dictionary& dict2);
            ^
/opt/openfoam5/src/OpenFOAM/lnInclude/dictionary.H:575:12: note:   candidate expects 2 arguments, 1 provided
In file included from /opt/openfoam5/src/OpenFOAM/lnInclude/VectorSpace.H:230:0,
                 from /opt/openfoam5/src/OpenFOAM/lnInclude/Field.H:46,
                 from /opt/openfoam5/src/OpenFOAM/lnInclude/scalarField.H:38,
                 from /opt/openfoam5/src/OpenFOAM/lnInclude/dimensionSet.H:46,
                 from /opt/openfoam5/src/OpenFOAM/lnInclude/dimensionedType.H:40,
                 from /opt/openfoam5/src/OpenFOAM/lnInclude/dimensionedScalar.H:38,
                 from /opt/openfoam5/src/OpenFOAM/lnInclude/TimeState.H:38,
                 from /opt/openfoam5/src/OpenFOAM/lnInclude/Time.H:47,
                 from /opt/openfoam5/src/finiteVolume/lnInclude/fvCFD.H:6,
                 from pamFoam.C:36:
/opt/openfoam5/src/OpenFOAM/lnInclude/VectorSpaceI.H:647:13: note: candidate: template<class Form, class Cmpt, unsigned char Ncmpts> Form Foam::operator+(const Foam::VectorSpace<Form, Cmpt, Ncmpts>&, const Foam::VectorSpace<Form, Cmpt, Ncmpts>&)
 inline Form operator+
             ^
/opt/openfoam5/src/OpenFOAM/lnInclude/VectorSpaceI.H:647:13: note:   template argument deduction/substitution failed:
In file included from pamFoam.C:145:0:
./processModels/SIEqn.H:9:7: note:   'const volScalarField {aka const Foam::GeometricField<double, Foam::fvPatchField, Foam::volMesh>}' is not derived from 'const Foam::VectorSpace<Form, Cmpt, Ncmpts>'
     + alphaLiquid*fSIXS*rhoHydrolysis
       ^
In file included from /opt/openfoam5/src/OpenFOAM/lnInclude/Field.C:877:0,
                 from /opt/openfoam5/src/OpenFOAM/lnInclude/Field.H:408,
                 from /opt/openfoam5/src/OpenFOAM/lnInclude/scalarField.H:38,
                 from /opt/openfoam5/src/OpenFOAM/lnInclude/dimensionSet.H:46,
                 from /opt/openfoam5/src/OpenFOAM/lnInclude/dimensionedType.H:40,
                 from /opt/openfoam5/src/OpenFOAM/lnInclude/dimensionedScalar.H:38,
                 from /opt/openfoam5/src/OpenFOAM/lnInclude/TimeState.H:38,
                 from /opt/openfoam5/src/OpenFOAM/lnInclude/Time.H:47,
                 from /opt/openfoam5/src/finiteVolume/lnInclude/fvCFD.H:6,
                 from pamFoam.C:36:
/opt/openfoam5/src/OpenFOAM/lnInclude/FieldFunctions.C:652:1: note: candidate: template<class Type1, class Type2> Foam::tmp<Foam::Field<typename Foam::typeOfSum<Type1, Type2>::type> > Foam::operator+(const Foam::UList<T>&, const Foam::UList<Key>&)
 operator Op(const UList<Type1>& f1, const UList<Type2>& f2)                    \
 ^
/opt/openfoam5/src/OpenFOAM/lnInclude/FieldFunctions.C:770:1: note: in expansion of macro 'PRODUCT_OPERATOR'
 PRODUCT_OPERATOR(typeOfSum, +, add)
 ^
/opt/openfoam5/src/OpenFOAM/lnInclude/FieldFunctions.C:652:1: note:   template argument deduction/substitution failed:
 operator Op(const UList<Type1>& f1, const UList<Type2>& f2)                    \
 ^
/opt/openfoam5/src/OpenFOAM/lnInclude/FieldFunctions.C:770:1: note: in expansion of macro 'PRODUCT_OPERATOR'
 PRODUCT_OPERATOR(typeOfSum, +, add)
 ^
In file included from pamFoam.C:145:0:
./processModels/SIEqn.H:9:7: note:   candidate expects 2 arguments, 1 provided
     + alphaLiquid*fSIXS*rhoHydrolysis
       ^
In file included from /opt/openfoam5/src/OpenFOAM/lnInclude/Field.C:877:0,
                 from /opt/openfoam5/src/OpenFOAM/lnInclude/Field.H:408,
                 from /opt/openfoam5/src/OpenFOAM/lnInclude/scalarField.H:38,
                 from /opt/openfoam5/src/OpenFOAM/lnInclude/dimensionSet.H:46,
                 from /opt/openfoam5/src/OpenFOAM/lnInclude/dimensionedType.H:40,
                 from /opt/openfoam5/src/OpenFOAM/lnInclude/dimensionedScalar.H:38,
                 from /opt/openfoam5/src/OpenFOAM/lnInclude/TimeState.H:38,
                 from /opt/openfoam5/src/OpenFOAM/lnInclude/Time.H:47,
                 from /opt/openfoam5/src/finiteVolume/lnInclude/fvCFD.H:6,
                 from pamFoam.C:36:
/opt/openfoam5/src/OpenFOAM/lnInclude/FieldFunctions.C:662:1: note: candidate: template<class Type1, class Type2> Foam::tmp<Foam::Field<typename Foam::typeOfSum<Type1, Type2>::type> > Foam::operator+(const Foam::UList<T>&, const Foam::tmp<Foam::Field<Type2> >&)
 operator Op(const UList<Type1>& f1, const tmp<Field<Type2>>& tf2)              \
 ^
/opt/openfoam5/src/OpenFOAM/lnInclude/FieldFunctions.C:770:1: note: in expansion of macro 'PRODUCT_OPERATOR'
 PRODUCT_OPERATOR(typeOfSum, +, add)
 ^
/opt/openfoam5/src/OpenFOAM/lnInclude/FieldFunctions.C:662:1: note:   template argument deduction/substitution failed:
 operator Op(const UList<Type1>& f1, const tmp<Field<Type2>>& tf2)              \
 ^
/opt/openfoam5/src/OpenFOAM/lnInclude/FieldFunctions.C:770:1: note: in expansion of macro 'PRODUCT_OPERATOR'
 PRODUCT_OPERATOR(typeOfSum, +, add)
 ^
In file included from pamFoam.C:145:0:
./processModels/SIEqn.H:9:7: note:   candidate expects 2 arguments, 1 provided
     + alphaLiquid*fSIXS*rhoHydrolysis
       ^
In file included from /opt/openfoam5/src/OpenFOAM/lnInclude/Field.C:877:0,
                 from /opt/openfoam5/src/OpenFOAM/lnInclude/Field.H:408,
                 from /opt/openfoam5/src/OpenFOAM/lnInclude/scalarField.H:38,
                 from /opt/openfoam5/src/OpenFOAM/lnInclude/dimensionSet.H:46,
                 from /opt/openfoam5/src/OpenFOAM/lnInclude/dimensionedType.H:40,
                 from /opt/openfoam5/src/OpenFOAM/lnInclude/dimensionedScalar.H:38,
                 from /opt/openfoam5/src/OpenFOAM/lnInclude/TimeState.H:38,
                 from /opt/openfoam5/src/OpenFOAM/lnInclude/Time.H:47,
                 from /opt/openfoam5/src/finiteVolume/lnInclude/fvCFD.H:6,
                 from pamFoam.C:36:
/opt/openfoam5/src/OpenFOAM/lnInclude/FieldFunctions.C:673:1: note: candidate: template<class Type1, class Type2> Foam::tmp<Foam::Field<typename Foam::typeOfSum<Type1, Type2>::type> > Foam::operator+(const Foam::tmp<Foam::Field<Type> >&, const Foam::UList<Key>&)
 operator Op(const tmp<Field<Type1>>& tf1, const UList<Type2>& f2)              \
 ^
/opt/openfoam5/src/OpenFOAM/lnInclude/FieldFunctions.C:770:1: note: in expansion of macro 'PRODUCT_OPERATOR'
 PRODUCT_OPERATOR(typeOfSum, +, add)
 ^
/opt/openfoam5/src/OpenFOAM/lnInclude/FieldFunctions.C:673:1: note:   template argument deduction/substitution failed:
 operator Op(const tmp<Field<Type1>>& tf1, const UList<Type2>& f2)              \
 ^
/opt/openfoam5/src/OpenFOAM/lnInclude/FieldFunctions.C:770:1: note: in expansion of macro 'PRODUCT_OPERATOR'
 PRODUCT_OPERATOR(typeOfSum, +, add)
 ^
In file included from pamFoam.C:145:0:
./processModels/SIEqn.H:9:7: note:   'const volScalarField {aka const Foam::GeometricField<double, Foam::fvPatchField, Foam::volMesh>}' is not derived from 'const Foam::tmp<Foam::Field<Type> >'
     + alphaLiquid*fSIXS*rhoHydrolysis
       ^
In file included from /opt/openfoam5/src/OpenFOAM/lnInclude/Field.C:877:0,
                 from /opt/openfoam5/src/OpenFOAM/lnInclude/Field.H:408,
                 from /opt/openfoam5/src/OpenFOAM/lnInclude/scalarField.H:38,
                 from /opt/openfoam5/src/OpenFOAM/lnInclude/dimensionSet.H:46,
                 from /opt/openfoam5/src/OpenFOAM/lnInclude/dimensionedType.H:40,
                 from /opt/openfoam5/src/OpenFOAM/lnInclude/dimensionedScalar.H:38,
                 from /opt/openfoam5/src/OpenFOAM/lnInclude/TimeState.H:38,
                 from /opt/openfoam5/src/OpenFOAM/lnInclude/Time.H:47,
                 from /opt/openfoam5/src/finiteVolume/lnInclude/fvCFD.H:6,
                 from pamFoam.C:36:
/opt/openfoam5/src/OpenFOAM/lnInclude/FieldFunctions.C:684:1: note: candidate: template<class Type1, class Type2> Foam::tmp<Foam::Field<typename Foam::typeOfSum<Type1, Type2>::type> > Foam::operator+(const Foam::tmp<Foam::Field<Type> >&, const Foam::tmp<Foam::Field<Type2> >&)
 operator Op(const tmp<Field<Type1>>& tf1, const tmp<Field<Type2>>& tf2)        \
 ^
/opt/openfoam5/src/OpenFOAM/lnInclude/FieldFunctions.C:770:1: note: in expansion of macro 'PRODUCT_OPERATOR'
 PRODUCT_OPERATOR(typeOfSum, +, add)
 ^
/opt/openfoam5/src/OpenFOAM/lnInclude/FieldFunctions.C:684:1: note:   template argument deduction/substitution failed:
 operator Op(const tmp<Field<Type1>>& tf1, const tmp<Field<Type2>>& tf2)        \
 ^
/opt/openfoam5/src/OpenFOAM/lnInclude/FieldFunctions.C:770:1: note: in expansion of macro 'PRODUCT_OPERATOR'
 PRODUCT_OPERATOR(typeOfSum, +, add)
 ^
In file included from pamFoam.C:145:0:
./processModels/SIEqn.H:9:7: note:   'const volScalarField {aka const Foam::GeometricField<double, Foam::fvPatchField, Foam::volMesh>}' is not derived from 'const Foam::tmp<Foam::Field<Type> >'
     + alphaLiquid*fSIXS*rhoHydrolysis
       ^
In file included from /opt/openfoam5/src/OpenFOAM/lnInclude/Field.C:877:0,
                 from /opt/openfoam5/src/OpenFOAM/lnInclude/Field.H:408,
                 from /opt/openfoam5/src/OpenFOAM/lnInclude/scalarField.H:38,
                 from /opt/openfoam5/src/OpenFOAM/lnInclude/dimensionSet.H:46,
                 from /opt/openfoam5/src/OpenFOAM/lnInclude/dimensionedType.H:40,
                 from /opt/openfoam5/src/OpenFOAM/lnInclude/dimensionedScalar.H:38,
                 from /opt/openfoam5/src/OpenFOAM/lnInclude/TimeState.H:38,
                 from /opt/openfoam5/src/OpenFOAM/lnInclude/Time.H:47,
                 from /opt/openfoam5/src/finiteVolume/lnInclude/fvCFD.H:6,
                 from pamFoam.C:36:
/opt/openfoam5/src/OpenFOAM/lnInclude/FieldFunctions.C:710:1: note: candidate: template<class Type, class Form, class Cmpt, unsigned char nCmpt> Foam::tmp<Foam::Field<typename Foam::typeOfSum<Type1, Type2>::type> > Foam::operator+(const Foam::UList<T>&, const Foam::VectorSpace<Form, Cmpt, nCmpt>&)
 operator Op(const UList<Type>& f1, const VectorSpace<Form,Cmpt,nCmpt>& vs)     \
 ^
/opt/openfoam5/src/OpenFOAM/lnInclude/FieldFunctions.C:770:1: note: in expansion of macro 'PRODUCT_OPERATOR'
 PRODUCT_OPERATOR(typeOfSum, +, add)
 ^
/opt/openfoam5/src/OpenFOAM/lnInclude/FieldFunctions.C:710:1: note:   template argument deduction/substitution failed:
 operator Op(const UList<Type>& f1, const VectorSpace<Form,Cmpt,nCmpt>& vs)     \
 ^
/opt/openfoam5/src/OpenFOAM/lnInclude/FieldFunctions.C:770:1: note: in expansion of macro 'PRODUCT_OPERATOR'
 PRODUCT_OPERATOR(typeOfSum, +, add)
 ^
In file included from pamFoam.C:145:0:
./processModels/SIEqn.H:9:7: note:   candidate expects 2 arguments, 1 provided
     + alphaLiquid*fSIXS*rhoHydrolysis
       ^
In file included from /opt/openfoam5/src/OpenFOAM/lnInclude/Field.C:877:0,
                 from /opt/openfoam5/src/OpenFOAM/lnInclude/Field.H:408,
                 from /opt/openfoam5/src/OpenFOAM/lnInclude/scalarField.H:38,
                 from /opt/openfoam5/src/OpenFOAM/lnInclude/dimensionSet.H:46,
                 from /opt/openfoam5/src/OpenFOAM/lnInclude/dimensionedType.H:40,
                 from /opt/openfoam5/src/OpenFOAM/lnInclude/dimensionedScalar.H:38,
                 from /opt/openfoam5/src/OpenFOAM/lnInclude/TimeState.H:38,
                 from /opt/openfoam5/src/OpenFOAM/lnInclude/Time.H:47,
                 from /opt/openfoam5/src/finiteVolume/lnInclude/fvCFD.H:6,
                 from pamFoam.C:36:
/opt/openfoam5/src/OpenFOAM/lnInclude/FieldFunctions.C:720:1: note: candidate: template<class Type, class Form, class Cmpt, unsigned char nCmpt> Foam::tmp<Foam::Field<typename Foam::typeOfSum<Type1, Type2>::type> > Foam::operator+(const Foam::tmp<Foam::Field<Type> >&, const Foam::VectorSpace<Form, Cmpt, nCmpt>&)
 operator Op                                                                    \
 ^
/opt/openfoam5/src/OpenFOAM/lnInclude/FieldFunctions.C:770:1: note: in expansion of macro 'PRODUCT_OPERATOR'
 PRODUCT_OPERATOR(typeOfSum, +, add)
 ^
/opt/openfoam5/src/OpenFOAM/lnInclude/FieldFunctions.C:720:1: note:   template argument deduction/substitution failed:
 operator Op                                                                    \
 ^
/opt/openfoam5/src/OpenFOAM/lnInclude/FieldFunctions.C:770:1: note: in expansion of macro 'PRODUCT_OPERATOR'
 PRODUCT_OPERATOR(typeOfSum, +, add)
 ^
In file included from pamFoam.C:145:0:
./processModels/SIEqn.H:9:7: note:   'const volScalarField {aka const Foam::GeometricField<double, Foam::fvPatchField, Foam::volMesh>}' is not derived from 'const Foam::tmp<Foam::Field<Type> >'
     + alphaLiquid*fSIXS*rhoHydrolysis
       ^
In file included from /opt/openfoam5/src/OpenFOAM/lnInclude/Field.C:877:0,
                 from /opt/openfoam5/src/OpenFOAM/lnInclude/Field.H:408,
                 from /opt/openfoam5/src/OpenFOAM/lnInclude/scalarField.H:38,
                 from /opt/openfoam5/src/OpenFOAM/lnInclude/dimensionSet.H:46,
                 from /opt/openfoam5/src/OpenFOAM/lnInclude/dimensionedType.H:40,
                 from /opt/openfoam5/src/OpenFOAM/lnInclude/dimensionedScalar.H:38,
                 from /opt/openfoam5/src/OpenFOAM/lnInclude/TimeState.H:38,
                 from /opt/openfoam5/src/OpenFOAM/lnInclude/Time.H:47,
                 from /opt/openfoam5/src/finiteVolume/lnInclude/fvCFD.H:6,
                 from pamFoam.C:36:
/opt/openfoam5/src/OpenFOAM/lnInclude/FieldFunctions.C:748:1: note: candidate: template<class Form, class Cmpt, unsigned char nCmpt, class Type> Foam::tmp<Foam::Field<typename Foam::typeOfSum<Form, Type>::type> > Foam::operator+(const Foam::VectorSpace<Form, Cmpt, Ncmpts>&, const Foam::UList<Type>&)
 operator Op(const VectorSpace<Form,Cmpt,nCmpt>& vs, const UList<Type>& f1)     \
 ^
/opt/openfoam5/src/OpenFOAM/lnInclude/FieldFunctions.C:770:1: note: in expansion of macro 'PRODUCT_OPERATOR'
 PRODUCT_OPERATOR(typeOfSum, +, add)
 ^
/opt/openfoam5/src/OpenFOAM/lnInclude/FieldFunctions.C:748:1: note:   template argument deduction/substitution failed:
 operator Op(const VectorSpace<Form,Cmpt,nCmpt>& vs, const UList<Type>& f1)     \
 ^
/opt/openfoam5/src/OpenFOAM/lnInclude/FieldFunctions.C:770:1: note: in expansion of macro 'PRODUCT_OPERATOR'
 PRODUCT_OPERATOR(typeOfSum, +, add)
 ^
In file included from pamFoam.C:145:0:
./processModels/SIEqn.H:9:7: note:   'const volScalarField {aka const Foam::GeometricField<double, Foam::fvPatchField, Foam::volMesh>}' is not derived from 'const Foam::VectorSpace<Form, Cmpt, Ncmpts>'
     + alphaLiquid*fSIXS*rhoHydrolysis
       ^
In file included from /opt/openfoam5/src/OpenFOAM/lnInclude/Field.C:877:0,
                 from /opt/openfoam5/src/OpenFOAM/lnInclude/Field.H:408,
                 from /opt/openfoam5/src/OpenFOAM/lnInclude/scalarField.H:38,
                 from /opt/openfoam5/src/OpenFOAM/lnInclude/dimensionSet.H:46,
                 from /opt/openfoam5/src/OpenFOAM/lnInclude/dimensionedType.H:40,
                 from /opt/openfoam5/src/OpenFOAM/lnInclude/dimensionedScalar.H:38,
                 from /opt/openfoam5/src/OpenFOAM/lnInclude/TimeState.H:38,
                 from /opt/openfoam5/src/OpenFOAM/lnInclude/Time.H:47,
                 from /opt/openfoam5/src/finiteVolume/lnInclude/fvCFD.H:6,
                 from pamFoam.C:36:
/opt/openfoam5/src/OpenFOAM/lnInclude/FieldFunctions.C:758:1: note: candidate: template<class Form, class Cmpt, unsigned char nCmpt, class Type> Foam::tmp<Foam::Field<typename Foam::typeOfSum<Form, Type>::type> > Foam::operator+(const Foam::VectorSpace<Form, Cmpt, Ncmpts>&, const Foam::tmp<Foam::Field<Type> >&)
 operator Op                                                                    \
 ^
/opt/openfoam5/src/OpenFOAM/lnInclude/FieldFunctions.C:770:1: note: in expansion of macro 'PRODUCT_OPERATOR'
 PRODUCT_OPERATOR(typeOfSum, +, add)
 ^
/opt/openfoam5/src/OpenFOAM/lnInclude/FieldFunctions.C:758:1: note:   template argument deduction/substitution failed:
 operator Op                                                                    \
 ^
/opt/openfoam5/src/OpenFOAM/lnInclude/FieldFunctions.C:770:1: note: in expansion of macro 'PRODUCT_OPERATOR'
 PRODUCT_OPERATOR(typeOfSum, +, add)
 ^
In file included from pamFoam.C:145:0:
./processModels/SIEqn.H:9:7: note:   'const volScalarField {aka const Foam::GeometricField<double, Foam::fvPatchField, Foam::volMesh>}' is not derived from 'const Foam::VectorSpace<Form, Cmpt, Ncmpts>'
     + alphaLiquid*fSIXS*rhoHydrolysis
       ^
In file included from /opt/openfoam5/src/OpenFOAM/lnInclude/Tensor.H:231:0,
                 from /opt/openfoam5/src/OpenFOAM/lnInclude/SymmTensorI.H:27,
                 from /opt/openfoam5/src/OpenFOAM/lnInclude/SymmTensor.H:155,
                 from /opt/openfoam5/src/OpenFOAM/lnInclude/symmTensor.H:38,
                 from /opt/openfoam5/src/OpenFOAM/lnInclude/fieldTypes.H:37,
                 from /opt/openfoam5/src/OpenFOAM/lnInclude/flipOp.H:40,
                 from /opt/openfoam5/src/OpenFOAM/lnInclude/mapDistributeBaseTemplates.C:29,
                 from /opt/openfoam5/src/OpenFOAM/lnInclude/mapDistributeBase.H:489,
                 from /opt/openfoam5/src/OpenFOAM/lnInclude/FieldMapper.H:35,
                 from /opt/openfoam5/src/OpenFOAM/lnInclude/Field.C:26,
                 from /opt/openfoam5/src/OpenFOAM/lnInclude/Field.H:408,
                 from /opt/openfoam5/src/OpenFOAM/lnInclude/scalarField.H:38,
                 from /opt/openfoam5/src/OpenFOAM/lnInclude/dimensionSet.H:46,
                 from /opt/openfoam5/src/OpenFOAM/lnInclude/dimensionedType.H:40,
                 from /opt/openfoam5/src/OpenFOAM/lnInclude/dimensionedScalar.H:38,
                 from /opt/openfoam5/src/OpenFOAM/lnInclude/TimeState.H:38,
                 from /opt/openfoam5/src/OpenFOAM/lnInclude/Time.H:47,
                 from /opt/openfoam5/src/finiteVolume/lnInclude/fvCFD.H:6,
                 from pamFoam.C:36:
/opt/openfoam5/src/OpenFOAM/lnInclude/TensorI.H:680:1: note: candidate: template<class Cmpt> Foam::Tensor<Cmpt> Foam::operator+(const Foam::SphericalTensor<Cmpt>&, const Foam::Tensor<Cmpt>&)
 operator+(const SphericalTensor<Cmpt>& st1, const Tensor<Cmpt>& t2)
 ^
/opt/openfoam5/src/OpenFOAM/lnInclude/TensorI.H:680:1: note:   template argument deduction/substitution failed:
In file included from pamFoam.C:145:0:
./processModels/SIEqn.H:9:7: note:   'const volScalarField {aka const Foam::GeometricField<double, Foam::fvPatchField, Foam::volMesh>}' is not derived from 'const Foam::SphericalTensor<Cmpt>'
     + alphaLiquid*fSIXS*rhoHydrolysis
       ^
In file included from /opt/openfoam5/src/OpenFOAM/lnInclude/Tensor.H:231:0,
                 from /opt/openfoam5/src/OpenFOAM/lnInclude/SymmTensorI.H:27,
                 from /opt/openfoam5/src/OpenFOAM/lnInclude/SymmTensor.H:155,
                 from /opt/openfoam5/src/OpenFOAM/lnInclude/symmTensor.H:38,
                 from /opt/openfoam5/src/OpenFOAM/lnInclude/fieldTypes.H:37,
                 from /opt/openfoam5/src/OpenFOAM/lnInclude/flipOp.H:40,
                 from /opt/openfoam5/src/OpenFOAM/lnInclude/mapDistributeBaseTemplates.C:29,
                 from /opt/openfoam5/src/OpenFOAM/lnInclude/mapDistributeBase.H:489,
                 from /opt/openfoam5/src/OpenFOAM/lnInclude/FieldMapper.H:35,
                 from /opt/openfoam5/src/OpenFOAM/lnInclude/Field.C:26,
                 from /opt/openfoam5/src/OpenFOAM/lnInclude/Field.H:408,
                 from /opt/openfoam5/src/OpenFOAM/lnInclude/scalarField.H:38,
                 from /opt/openfoam5/src/OpenFOAM/lnInclude/dimensionSet.H:46,
                 from /opt/openfoam5/src/OpenFOAM/lnInclude/dimensionedType.H:40,
                 from /opt/openfoam5/src/OpenFOAM/lnInclude/dimensionedScalar.H:38,
                 from /opt/openfoam5/src/OpenFOAM/lnInclude/TimeState.H:38,
                 from /opt/openfoam5/src/OpenFOAM/lnInclude/Time.H:47,
                 from /opt/openfoam5/src/finiteVolume/lnInclude/fvCFD.H:6,
                 from pamFoam.C:36:
/opt/openfoam5/src/OpenFOAM/lnInclude/TensorI.H:693:1: note: candidate: template<class Cmpt> Foam::Tensor<Cmpt> Foam::operator+(const Foam::Tensor<Cmpt>&, const Foam::SphericalTensor<Cmpt>&)
 operator+(const Tensor<Cmpt>& t1, const SphericalTensor<Cmpt>& st2)
 ^
/opt/openfoam5/src/OpenFOAM/lnInclude/TensorI.H:693:1: note:   template argument deduction/substitution failed:
In file included from pamFoam.C:145:0:
./processModels/SIEqn.H:9:7: note:   'const volScalarField {aka const Foam::GeometricField<double, Foam::fvPatchField, Foam::volMesh>}' is not derived from 'const Foam::Tensor<Cmpt>'
     + alphaLiquid*fSIXS*rhoHydrolysis
       ^
In file included from /opt/openfoam5/src/OpenFOAM/lnInclude/Tensor.H:231:0,
                 from /opt/openfoam5/src/OpenFOAM/lnInclude/SymmTensorI.H:27,
                 from /opt/openfoam5/src/OpenFOAM/lnInclude/SymmTensor.H:155,
                 from /opt/openfoam5/src/OpenFOAM/lnInclude/symmTensor.H:38,
                 from /opt/openfoam5/src/OpenFOAM/lnInclude/fieldTypes.H:37,
                 from /opt/openfoam5/src/OpenFOAM/lnInclude/flipOp.H:40,
                 from /opt/openfoam5/src/OpenFOAM/lnInclude/mapDistributeBaseTemplates.C:29,
                 from /opt/openfoam5/src/OpenFOAM/lnInclude/mapDistributeBase.H:489,
                 from /opt/openfoam5/src/OpenFOAM/lnInclude/FieldMapper.H:35,
                 from /opt/openfoam5/src/OpenFOAM/lnInclude/Field.C:26,
                 from /opt/openfoam5/src/OpenFOAM/lnInclude/Field.H:408,
                 from /opt/openfoam5/src/OpenFOAM/lnInclude/scalarField.H:38,
                 from /opt/openfoam5/src/OpenFOAM/lnInclude/dimensionSet.H:46,
                 from /opt/openfoam5/src/OpenFOAM/lnInclude/dimensionedType.H:40,
                 from /opt/openfoam5/src/OpenFOAM/lnInclude/dimensionedScalar.H:38,
                 from /opt/openfoam5/src/OpenFOAM/lnInclude/TimeState.H:38,
                 from /opt/openfoam5/src/OpenFOAM/lnInclude/Time.H:47,
                 from /opt/openfoam5/src/finiteVolume/lnInclude/fvCFD.H:6,
                 from pamFoam.C:36:
/opt/openfoam5/src/OpenFOAM/lnInclude/TensorI.H:816:1: note: candidate: template<class Cmpt> Foam::Tensor<Cmpt> Foam::operator+(const Foam::SymmTensor<Cmpt>&, const Foam::Tensor<Cmpt>&)
 operator+(const SymmTensor<Cmpt>& st1, const Tensor<Cmpt>& t2)
 ^
/opt/openfoam5/src/OpenFOAM/lnInclude/TensorI.H:816:1: note:   template argument deduction/substitution failed:
In file included from pamFoam.C:145:0:
./processModels/SIEqn.H:9:7: note:   'const volScalarField {aka const Foam::GeometricField<double, Foam::fvPatchField, Foam::volMesh>}' is not derived from 'const Foam::SymmTensor<Cmpt>'
     + alphaLiquid*fSIXS*rhoHydrolysis
       ^
In file included from /opt/openfoam5/src/OpenFOAM/lnInclude/Tensor.H:231:0,
                 from /opt/openfoam5/src/OpenFOAM/lnInclude/SymmTensorI.H:27,
                 from /opt/openfoam5/src/OpenFOAM/lnInclude/SymmTensor.H:155,
                 from /opt/openfoam5/src/OpenFOAM/lnInclude/symmTensor.H:38,
                 from /opt/openfoam5/src/OpenFOAM/lnInclude/fieldTypes.H:37,
                 from /opt/openfoam5/src/OpenFOAM/lnInclude/flipOp.H:40,
                 from /opt/openfoam5/src/OpenFOAM/lnInclude/mapDistributeBaseTemplates.C:29,
                 from /opt/openfoam5/src/OpenFOAM/lnInclude/mapDistributeBase.H:489,
                 from /opt/openfoam5/src/OpenFOAM/lnInclude/FieldMapper.H:35,
                 from /opt/openfoam5/src/OpenFOAM/lnInclude/Field.C:26,
                 from /opt/openfoam5/src/OpenFOAM/lnInclude/Field.H:408,
                 from /opt/openfoam5/src/OpenFOAM/lnInclude/scalarField.H:38,
                 from /opt/openfoam5/src/OpenFOAM/lnInclude/dimensionSet.H:46,
                 from /opt/openfoam5/src/OpenFOAM/lnInclude/dimensionedType.H:40,
                 from /opt/openfoam5/src/OpenFOAM/lnInclude/dimensionedScalar.H:38,
                 from /opt/openfoam5/src/OpenFOAM/lnInclude/TimeState.H:38,
                 from /opt/openfoam5/src/OpenFOAM/lnInclude/Time.H:47,
                 from /opt/openfoam5/src/finiteVolume/lnInclude/fvCFD.H:6,
                 from pamFoam.C:36:
/opt/openfoam5/src/OpenFOAM/lnInclude/TensorI.H:829:1: note: candidate: template<class Cmpt> Foam::Tensor<Cmpt> Foam::operator+(const Foam::Tensor<Cmpt>&, const Foam::SymmTensor<Cmpt>&)
 operator+(const Tensor<Cmpt>& t1, const SymmTensor<Cmpt>& st2)
 ^
/opt/openfoam5/src/OpenFOAM/lnInclude/TensorI.H:829:1: note:   template argument deduction/substitution failed:
In file included from pamFoam.C:145:0:
./processModels/SIEqn.H:9:7: note:   'const volScalarField {aka const Foam::GeometricField<double, Foam::fvPatchField, Foam::volMesh>}' is not derived from 'const Foam::Tensor<Cmpt>'
     + alphaLiquid*fSIXS*rhoHydrolysis
       ^
In file included from /opt/openfoam5/src/OpenFOAM/lnInclude/SymmTensor.H:155:0,
                 from /opt/openfoam5/src/OpenFOAM/lnInclude/symmTensor.H:38,
                 from /opt/openfoam5/src/OpenFOAM/lnInclude/fieldTypes.H:37,
                 from /opt/openfoam5/src/OpenFOAM/lnInclude/flipOp.H:40,
                 from /opt/openfoam5/src/OpenFOAM/lnInclude/mapDistributeBaseTemplates.C:29,
                 from /opt/openfoam5/src/OpenFOAM/lnInclude/mapDistributeBase.H:489,
                 from /opt/openfoam5/src/OpenFOAM/lnInclude/FieldMapper.H:35,
                 from /opt/openfoam5/src/OpenFOAM/lnInclude/Field.C:26,
                 from /opt/openfoam5/src/OpenFOAM/lnInclude/Field.H:408,
                 from /opt/openfoam5/src/OpenFOAM/lnInclude/scalarField.H:38,
                 from /opt/openfoam5/src/OpenFOAM/lnInclude/dimensionSet.H:46,
                 from /opt/openfoam5/src/OpenFOAM/lnInclude/dimensionedType.H:40,
                 from /opt/openfoam5/src/OpenFOAM/lnInclude/dimensionedScalar.H:38,
                 from /opt/openfoam5/src/OpenFOAM/lnInclude/TimeState.H:38,
                 from /opt/openfoam5/src/OpenFOAM/lnInclude/Time.H:47,
                 from /opt/openfoam5/src/finiteVolume/lnInclude/fvCFD.H:6,
                 from pamFoam.C:36:
/opt/openfoam5/src/OpenFOAM/lnInclude/SymmTensorI.H:423:1: note: candidate: template<class Cmpt> Foam::SymmTensor<Cmpt> Foam::operator+(const Foam::SphericalTensor<Cmpt>&, const Foam::SymmTensor<Cmpt>&)
 operator+(const SphericalTensor<Cmpt>& spt1, const SymmTensor<Cmpt>& st2)
 ^
/opt/openfoam5/src/OpenFOAM/lnInclude/SymmTensorI.H:423:1: note:   template argument deduction/substitution failed:
In file included from pamFoam.C:145:0:
./processModels/SIEqn.H:9:7: note:   'const volScalarField {aka const Foam::GeometricField<double, Foam::fvPatchField, Foam::volMesh>}' is not derived from 'const Foam::SphericalTensor<Cmpt>'
     + alphaLiquid*fSIXS*rhoHydrolysis
       ^
In file included from /opt/openfoam5/src/OpenFOAM/lnInclude/SymmTensor.H:155:0,
                 from /opt/openfoam5/src/OpenFOAM/lnInclude/symmTensor.H:38,
                 from /opt/openfoam5/src/OpenFOAM/lnInclude/fieldTypes.H:37,
                 from /opt/openfoam5/src/OpenFOAM/lnInclude/flipOp.H:40,
                 from /opt/openfoam5/src/OpenFOAM/lnInclude/mapDistributeBaseTemplates.C:29,
                 from /opt/openfoam5/src/OpenFOAM/lnInclude/mapDistributeBase.H:489,
                 from /opt/openfoam5/src/OpenFOAM/lnInclude/FieldMapper.H:35,
                 from /opt/openfoam5/src/OpenFOAM/lnInclude/Field.C:26,
                 from /opt/openfoam5/src/OpenFOAM/lnInclude/Field.H:408,
                 from /opt/openfoam5/src/OpenFOAM/lnInclude/scalarField.H:38,
                 from /opt/openfoam5/src/OpenFOAM/lnInclude/dimensionSet.H:46,
                 from /opt/openfoam5/src/OpenFOAM/lnInclude/dimensionedType.H:40,
                 from /opt/openfoam5/src/OpenFOAM/lnInclude/dimensionedScalar.H:38,
                 from /opt/openfoam5/src/OpenFOAM/lnInclude/TimeState.H:38,
                 from /opt/openfoam5/src/OpenFOAM/lnInclude/Time.H:47,
                 from /opt/openfoam5/src/finiteVolume/lnInclude/fvCFD.H:6,
                 from pamFoam.C:36:
/opt/openfoam5/src/OpenFOAM/lnInclude/SymmTensorI.H:436:1: note: candidate: template<class Cmpt> Foam::SymmTensor<Cmpt> Foam::operator+(const Foam::SymmTensor<Cmpt>&, const Foam::SphericalTensor<Cmpt>&)
 operator+(const SymmTensor<Cmpt>& st1, const SphericalTensor<Cmpt>& spt2)
 ^
/opt/openfoam5/src/OpenFOAM/lnInclude/SymmTensorI.H:436:1: note:   template argument deduction/substitution failed:
In file included from pamFoam.C:145:0:
./processModels/SIEqn.H:9:7: note:   'const volScalarField {aka const Foam::GeometricField<double, Foam::fvPatchField, Foam::volMesh>}' is not derived from 'const Foam::SymmTensor<Cmpt>'
     + alphaLiquid*fSIXS*rhoHydrolysis
       ^
In file included from /opt/openfoam5/src/OpenFOAM/lnInclude/scalarField.H:42:0,
                 from /opt/openfoam5/src/OpenFOAM/lnInclude/dimensionSet.H:46,
                 from /opt/openfoam5/src/OpenFOAM/lnInclude/dimensionedType.H:40,
                 from /opt/openfoam5/src/OpenFOAM/lnInclude/dimensionedScalar.H:38,
                 from /opt/openfoam5/src/OpenFOAM/lnInclude/TimeState.H:38,
                 from /opt/openfoam5/src/OpenFOAM/lnInclude/Time.H:47,
                 from /opt/openfoam5/src/finiteVolume/lnInclude/fvCFD.H:6,
                 from pamFoam.C:36:
/opt/openfoam5/src/OpenFOAM/lnInclude/FieldFunctionsM.H:207:24: note: candidate: Foam::tmp<Foam::Field<double> > Foam::operator+(const scalar&, const Foam::UList<double>&)
 tmp<Field<ReturnType>> operator Op                                             \
                        ^
/opt/openfoam5/src/OpenFOAM/lnInclude/FieldFunctionsM.H:247:5: note: in expansion of macro 'BINARY_TYPE_OPERATOR_SF'
     BINARY_TYPE_OPERATOR_SF(ReturnType, Type1, Type2, Op, OpFunc)              \
     ^
/opt/openfoam5/src/OpenFOAM/lnInclude/scalarField.H:83:1: note: in expansion of macro 'BINARY_TYPE_OPERATOR'
 BINARY_TYPE_OPERATOR(scalar, scalar, scalar, +, add)
 ^
/opt/openfoam5/src/OpenFOAM/lnInclude/FieldFunctionsM.H:207:24: note:   candidate expects 2 arguments, 1 provided
 tmp<Field<ReturnType>> operator Op                                             \
                        ^
/opt/openfoam5/src/OpenFOAM/lnInclude/FieldFunctionsM.H:247:5: note: in expansion of macro 'BINARY_TYPE_OPERATOR_SF'
     BINARY_TYPE_OPERATOR_SF(ReturnType, Type1, Type2, Op, OpFunc)              \
     ^
/opt/openfoam5/src/OpenFOAM/lnInclude/scalarField.H:83:1: note: in expansion of macro 'BINARY_TYPE_OPERATOR'
 BINARY_TYPE_OPERATOR(scalar, scalar, scalar, +, add)
 ^
/opt/openfoam5/src/OpenFOAM/lnInclude/FieldFunctionsM.H:214:24: note: candidate: Foam::tmp<Foam::Field<double> > Foam::operator+(const scalar&, const Foam::tmp<Foam::Field<double> >&)
 tmp<Field<ReturnType>> operator Op                                             \
                        ^
/opt/openfoam5/src/OpenFOAM/lnInclude/FieldFunctionsM.H:247:5: note: in expansion of macro 'BINARY_TYPE_OPERATOR_SF'
     BINARY_TYPE_OPERATOR_SF(ReturnType, Type1, Type2, Op, OpFunc)              \
     ^
/opt/openfoam5/src/OpenFOAM/lnInclude/scalarField.H:83:1: note: in expansion of macro 'BINARY_TYPE_OPERATOR'
 BINARY_TYPE_OPERATOR(scalar, scalar, scalar, +, add)
 ^
/opt/openfoam5/src/OpenFOAM/lnInclude/FieldFunctionsM.H:214:24: note:   candidate expects 2 arguments, 1 provided
 tmp<Field<ReturnType>> operator Op                                             \
                        ^
/opt/openfoam5/src/OpenFOAM/lnInclude/FieldFunctionsM.H:247:5: note: in expansion of macro 'BINARY_TYPE_OPERATOR_SF'
     BINARY_TYPE_OPERATOR_SF(ReturnType, Type1, Type2, Op, OpFunc)              \
     ^
/opt/openfoam5/src/OpenFOAM/lnInclude/scalarField.H:83:1: note: in expansion of macro 'BINARY_TYPE_OPERATOR'
 BINARY_TYPE_OPERATOR(scalar, scalar, scalar, +, add)
 ^
/opt/openfoam5/src/OpenFOAM/lnInclude/FieldFunctionsM.H:232:24: note: candidate: Foam::tmp<Foam::Field<double> > Foam::operator+(const Foam::UList<double>&, const scalar&)
 tmp<Field<ReturnType>> operator Op                                             \
                        ^
/opt/openfoam5/src/OpenFOAM/lnInclude/FieldFunctionsM.H:248:5: note: in expansion of macro 'BINARY_TYPE_OPERATOR_FS'
     BINARY_TYPE_OPERATOR_FS(ReturnType, Type1, Type2, Op, OpFunc)
     ^
/opt/openfoam5/src/OpenFOAM/lnInclude/scalarField.H:83:1: note: in expansion of macro 'BINARY_TYPE_OPERATOR'
 BINARY_TYPE_OPERATOR(scalar, scalar, scalar, +, add)
 ^
/opt/openfoam5/src/OpenFOAM/lnInclude/FieldFunctionsM.H:232:24: note:   candidate expects 2 arguments, 1 provided
 tmp<Field<ReturnType>> operator Op                                             \
                        ^
/opt/openfoam5/src/OpenFOAM/lnInclude/FieldFunctionsM.H:248:5: note: in expansion of macro 'BINARY_TYPE_OPERATOR_FS'
     BINARY_TYPE_OPERATOR_FS(ReturnType, Type1, Type2, Op, OpFunc)
     ^
/opt/openfoam5/src/OpenFOAM/lnInclude/scalarField.H:83:1: note: in expansion of macro 'BINARY_TYPE_OPERATOR'
 BINARY_TYPE_OPERATOR(scalar, scalar, scalar, +, add)
 ^
/opt/openfoam5/src/OpenFOAM/lnInclude/FieldFunctionsM.H:239:24: note: candidate: Foam::tmp<Foam::Field<double> > Foam::operator+(const Foam::tmp<Foam::Field<double> >&, const scalar&)
 tmp<Field<ReturnType>> operator Op                                             \
                        ^
/opt/openfoam5/src/OpenFOAM/lnInclude/FieldFunctionsM.H:248:5: note: in expansion of macro 'BINARY_TYPE_OPERATOR_FS'
     BINARY_TYPE_OPERATOR_FS(ReturnType, Type1, Type2, Op, OpFunc)
     ^
/opt/openfoam5/src/OpenFOAM/lnInclude/scalarField.H:83:1: note: in expansion of macro 'BINARY_TYPE_OPERATOR'
 BINARY_TYPE_OPERATOR(scalar, scalar, scalar, +, add)
 ^
/opt/openfoam5/src/OpenFOAM/lnInclude/FieldFunctionsM.H:239:24: note:   candidate expects 2 arguments, 1 provided
 tmp<Field<ReturnType>> operator Op                                             \
                        ^
/opt/openfoam5/src/OpenFOAM/lnInclude/FieldFunctionsM.H:248:5: note: in expansion of macro 'BINARY_TYPE_OPERATOR_FS'
     BINARY_TYPE_OPERATOR_FS(ReturnType, Type1, Type2, Op, OpFunc)
     ^
/opt/openfoam5/src/OpenFOAM/lnInclude/scalarField.H:83:1: note: in expansion of macro 'BINARY_TYPE_OPERATOR'
 BINARY_TYPE_OPERATOR(scalar, scalar, scalar, +, add)
 ^
In file included from /opt/openfoam5/src/OpenFOAM/lnInclude/dimensionedType.H:40:0,
                 from /opt/openfoam5/src/OpenFOAM/lnInclude/dimensionedScalar.H:38,
                 from /opt/openfoam5/src/OpenFOAM/lnInclude/TimeState.H:38,
                 from /opt/openfoam5/src/OpenFOAM/lnInclude/Time.H:47,
                 from /opt/openfoam5/src/finiteVolume/lnInclude/fvCFD.H:6,
                 from pamFoam.C:36:
/opt/openfoam5/src/OpenFOAM/lnInclude/dimensionSet.H:383:29: note: candidate: Foam::dimensionSet Foam::operator+(const Foam::dimensionSet&, const Foam::dimensionSet&)
         friend dimensionSet operator+
                             ^
/opt/openfoam5/src/OpenFOAM/lnInclude/dimensionSet.H:383:29: note:   candidate expects 2 arguments, 1 provided
In file included from /opt/openfoam5/src/OpenFOAM/lnInclude/Matrix.H:383:0,
                 from /opt/openfoam5/src/OpenFOAM/lnInclude/RectangularMatrix.H:41,
                 from /opt/openfoam5/src/OpenFOAM/lnInclude/scalarMatrices.H:43,
                 from /opt/openfoam5/src/OpenFOAM/lnInclude/dimensionSets.H:39,
                 from /opt/openfoam5/src/OpenFOAM/lnInclude/dimensionSet.H:439,
                 from /opt/openfoam5/src/OpenFOAM/lnInclude/dimensionedType.H:40,
                 from /opt/openfoam5/src/OpenFOAM/lnInclude/dimensionedScalar.H:38,
                 from /opt/openfoam5/src/OpenFOAM/lnInclude/TimeState.H:38,
                 from /opt/openfoam5/src/OpenFOAM/lnInclude/Time.H:47,
                 from /opt/openfoam5/src/finiteVolume/lnInclude/fvCFD.H:6,
                 from pamFoam.C:36:
/opt/openfoam5/src/OpenFOAM/lnInclude/Matrix.C:464:6: note: candidate: template<class Form, class Type> Form Foam::operator+(const Foam::Matrix<Form, Type>&, const Foam::Matrix<Form, Type>&)
 Form Foam::operator+(const Matrix<Form, Type>& A, const Matrix<Form, Type>& B)
      ^
/opt/openfoam5/src/OpenFOAM/lnInclude/Matrix.C:464:6: note:   template argument deduction/substitution failed:
In file included from pamFoam.C:145:0:
./processModels/SIEqn.H:9:7: note:   'const volScalarField {aka const Foam::GeometricField<double, Foam::fvPatchField, Foam::volMesh>}' is not derived from 'const Foam::Matrix<Form, Type>'
     + alphaLiquid*fSIXS*rhoHydrolysis
       ^
In file included from /opt/openfoam5/src/OpenFOAM/lnInclude/dimensionedType.H:340:0,
                 from /opt/openfoam5/src/OpenFOAM/lnInclude/dimensionedScalar.H:38,
                 from /opt/openfoam5/src/OpenFOAM/lnInclude/TimeState.H:38,
                 from /opt/openfoam5/src/OpenFOAM/lnInclude/Time.H:47,
                 from /opt/openfoam5/src/finiteVolume/lnInclude/fvCFD.H:6,
                 from pamFoam.C:36:
/opt/openfoam5/src/OpenFOAM/lnInclude/dimensionedType.C:657:25: note: candidate: template<class Type> Foam::dimensioned<Type> Foam::operator+(const Foam::dimensioned<Type>&, const Foam::dimensioned<Type>&)
 Foam::dimensioned<Type> Foam::operator+
                         ^
/opt/openfoam5/src/OpenFOAM/lnInclude/dimensionedType.C:657:25: note:   template argument deduction/substitution failed:
In file included from pamFoam.C:145:0:
./processModels/SIEqn.H:9:7: note:   'const volScalarField {aka const Foam::GeometricField<double, Foam::fvPatchField, Foam::volMesh>}' is not derived from 'const Foam::dimensioned<Type>'
     + alphaLiquid*fSIXS*rhoHydrolysis
       ^
In file included from /opt/openfoam5/src/OpenFOAM/lnInclude/TimeState.H:38:0,
                 from /opt/openfoam5/src/OpenFOAM/lnInclude/Time.H:47,
                 from /opt/openfoam5/src/finiteVolume/lnInclude/fvCFD.H:6,
                 from pamFoam.C:36:
/opt/openfoam5/src/OpenFOAM/lnInclude/dimensionedScalar.H:49:19: note: candidate: Foam::dimensionedScalar Foam::operator+(const dimensionedScalar&, Foam::scalar)
 dimensionedScalar operator+(const dimensionedScalar&, const scalar);
                   ^
/opt/openfoam5/src/OpenFOAM/lnInclude/dimensionedScalar.H:49:19: note:   candidate expects 2 arguments, 1 provided
/opt/openfoam5/src/OpenFOAM/lnInclude/dimensionedScalar.H:50:19: note: candidate: Foam::dimensionedScalar Foam::operator+(Foam::scalar, const dimensionedScalar&)
 dimensionedScalar operator+(const scalar, const dimensionedScalar&);
                   ^
/opt/openfoam5/src/OpenFOAM/lnInclude/dimensionedScalar.H:50:19: note:   candidate expects 2 arguments, 1 provided
In file included from /opt/openfoam5/src/OpenFOAM/lnInclude/labelField.H:42:0,
                 from /opt/openfoam5/src/OpenFOAM/lnInclude/primitiveFields.H:37,
                 from /opt/openfoam5/src/OpenFOAM/lnInclude/pointField.H:36,
                 from /opt/openfoam5/src/OpenFOAM/lnInclude/edge.H:40,
                 from /opt/openfoam5/src/OpenFOAM/lnInclude/edgeList.H:32,
                 from /opt/openfoam5/src/OpenFOAM/lnInclude/primitiveMesh.H:54,
                 from /opt/openfoam5/src/OpenFOAM/lnInclude/polyMesh.H:45,
                 from /opt/openfoam5/src/finiteVolume/lnInclude/fvMesh.H:50,
                 from /opt/openfoam5/src/finiteVolume/lnInclude/fvCFD.H:7,
                 from pamFoam.C:36:
/opt/openfoam5/src/OpenFOAM/lnInclude/FieldFunctionsM.H:207:24: note: candidate: Foam::tmp<Foam::Field<int> > Foam::operator+(const label&, const Foam::UList<int>&)
 tmp<Field<ReturnType>> operator Op                                             \
                        ^
/opt/openfoam5/src/OpenFOAM/lnInclude/FieldFunctionsM.H:247:5: note: in expansion of macro 'BINARY_TYPE_OPERATOR_SF'
     BINARY_TYPE_OPERATOR_SF(ReturnType, Type1, Type2, Op, OpFunc)              \
     ^
/opt/openfoam5/src/OpenFOAM/lnInclude/labelField.H:53:1: note: in expansion of macro 'BINARY_TYPE_OPERATOR'
 BINARY_TYPE_OPERATOR(label, label, label, +, add)
 ^
/opt/openfoam5/src/OpenFOAM/lnInclude/FieldFunctionsM.H:207:24: note:   candidate expects 2 arguments, 1 provided
 tmp<Field<ReturnType>> operator Op                                             \
                        ^
/opt/openfoam5/src/OpenFOAM/lnInclude/FieldFunctionsM.H:247:5: note: in expansion of macro 'BINARY_TYPE_OPERATOR_SF'
     BINARY_TYPE_OPERATOR_SF(ReturnType, Type1, Type2, Op, OpFunc)              \
     ^
/opt/openfoam5/src/OpenFOAM/lnInclude/labelField.H:53:1: note: in expansion of macro 'BINARY_TYPE_OPERATOR'
 BINARY_TYPE_OPERATOR(label, label, label, +, add)
 ^
/opt/openfoam5/src/OpenFOAM/lnInclude/FieldFunctionsM.H:214:24: note: candidate: Foam::tmp<Foam::Field<int> > Foam::operator+(const label&, const Foam::tmp<Foam::Field<int> >&)
 tmp<Field<ReturnType>> operator Op                                             \
                        ^
/opt/openfoam5/src/OpenFOAM/lnInclude/FieldFunctionsM.H:247:5: note: in expansion of macro 'BINARY_TYPE_OPERATOR_SF'
     BINARY_TYPE_OPERATOR_SF(ReturnType, Type1, Type2, Op, OpFunc)              \
     ^
/opt/openfoam5/src/OpenFOAM/lnInclude/labelField.H:53:1: note: in expansion of macro 'BINARY_TYPE_OPERATOR'
 BINARY_TYPE_OPERATOR(label, label, label, +, add)
 ^
/opt/openfoam5/src/OpenFOAM/lnInclude/FieldFunctionsM.H:214:24: note:   candidate expects 2 arguments, 1 provided
 tmp<Field<ReturnType>> operator Op                                             \
                        ^
/opt/openfoam5/src/OpenFOAM/lnInclude/FieldFunctionsM.H:247:5: note: in expansion of macro 'BINARY_TYPE_OPERATOR_SF'
     BINARY_TYPE_OPERATOR_SF(ReturnType, Type1, Type2, Op, OpFunc)              \
     ^
/opt/openfoam5/src/OpenFOAM/lnInclude/labelField.H:53:1: note: in expansion of macro 'BINARY_TYPE_OPERATOR'
 BINARY_TYPE_OPERATOR(label, label, label, +, add)
 ^
/opt/openfoam5/src/OpenFOAM/lnInclude/FieldFunctionsM.H:232:24: note: candidate: Foam::tmp<Foam::Field<int> > Foam::operator+(const Foam::UList<int>&, const label&)
 tmp<Field<ReturnType>> operator Op                                             \
                        ^
/opt/openfoam5/src/OpenFOAM/lnInclude/FieldFunctionsM.H:248:5: note: in expansion of macro 'BINARY_TYPE_OPERATOR_FS'
     BINARY_TYPE_OPERATOR_FS(ReturnType, Type1, Type2, Op, OpFunc)
     ^
/opt/openfoam5/src/OpenFOAM/lnInclude/labelField.H:53:1: note: in expansion of macro 'BINARY_TYPE_OPERATOR'
 BINARY_TYPE_OPERATOR(label, label, label, +, add)
 ^
/opt/openfoam5/src/OpenFOAM/lnInclude/FieldFunctionsM.H:232:24: note:   candidate expects 2 arguments, 1 provided
 tmp<Field<ReturnType>> operator Op                                             \
                        ^
/opt/openfoam5/src/OpenFOAM/lnInclude/FieldFunctionsM.H:248:5: note: in expansion of macro 'BINARY_TYPE_OPERATOR_FS'
     BINARY_TYPE_OPERATOR_FS(ReturnType, Type1, Type2, Op, OpFunc)
     ^
/opt/openfoam5/src/OpenFOAM/lnInclude/labelField.H:53:1: note: in expansion of macro 'BINARY_TYPE_OPERATOR'
 BINARY_TYPE_OPERATOR(label, label, label, +, add)
 ^
/opt/openfoam5/src/OpenFOAM/lnInclude/FieldFunctionsM.H:239:24: note: candidate: Foam::tmp<Foam::Field<int> > Foam::operator+(const Foam::tmp<Foam::Field<int> >&, const label&)
 tmp<Field<ReturnType>> operator Op                                             \
                        ^
/opt/openfoam5/src/OpenFOAM/lnInclude/FieldFunctionsM.H:248:5: note: in expansion of macro 'BINARY_TYPE_OPERATOR_FS'
     BINARY_TYPE_OPERATOR_FS(ReturnType, Type1, Type2, Op, OpFunc)
     ^
/opt/openfoam5/src/OpenFOAM/lnInclude/labelField.H:53:1: note: in expansion of macro 'BINARY_TYPE_OPERATOR'
 BINARY_TYPE_OPERATOR(label, label, label, +, add)
 ^
/opt/openfoam5/src/OpenFOAM/lnInclude/FieldFunctionsM.H:239:24: note:   candidate expects 2 arguments, 1 provided
 tmp<Field<ReturnType>> operator Op                                             \
                        ^
/opt/openfoam5/src/OpenFOAM/lnInclude/FieldFunctionsM.H:248:5: note: in expansion of macro 'BINARY_TYPE_OPERATOR_FS'
     BINARY_TYPE_OPERATOR_FS(ReturnType, Type1, Type2, Op, OpFunc)
     ^
/opt/openfoam5/src/OpenFOAM/lnInclude/labelField.H:53:1: note: in expansion of macro 'BINARY_TYPE_OPERATOR'
 BINARY_TYPE_OPERATOR(label, label, label, +, add)
 ^
In file included from /opt/openfoam5/src/OpenFOAM/lnInclude/DimensionedScalarField.C:29:0,
                 from /opt/openfoam5/src/OpenFOAM/lnInclude/DimensionedScalarField.H:157,
                 from /opt/openfoam5/src/OpenFOAM/lnInclude/DimensionedFieldFunctions.H:26,
                 from /opt/openfoam5/src/OpenFOAM/lnInclude/DimensionedField.H:363,
                 from /opt/openfoam5/src/finiteVolume/lnInclude/fvMesh.H:58,
                 from /opt/openfoam5/src/finiteVolume/lnInclude/fvCFD.H:7,
                 from pamFoam.C:36:
/opt/openfoam5/src/OpenFOAM/lnInclude/DimensionedFieldFunctionsM.C:534:44: note: candidate: template<class GeoMesh> Foam::tmp<Foam::DimensionedField<double, GeoMesh> > Foam::operator+(const Foam::dimensioned<double>&, const Foam::DimensionedField<double, GeoMesh>&)
 tmp<DimensionedField<ReturnType, GeoMesh>> operator Op                         \
                                            ^
/opt/openfoam5/src/OpenFOAM/lnInclude/DimensionedFieldFunctionsM.C:685:5: note: in expansion of macro 'BINARY_TYPE_OPERATOR_SF'
     BINARY_TYPE_OPERATOR_SF(ReturnType, Type1, Type2, Op, OpName, OpFunc)      \
     ^
/opt/openfoam5/src/OpenFOAM/lnInclude/DimensionedScalarField.C:92:1: note: in expansion of macro 'BINARY_TYPE_OPERATOR'
 BINARY_TYPE_OPERATOR(scalar, scalar, scalar, +, '+', add)
 ^
/opt/openfoam5/src/OpenFOAM/lnInclude/DimensionedFieldFunctionsM.C:534:44: note:   template argument deduction/substitution failed:
 tmp<DimensionedField<ReturnType, GeoMesh>> operator Op                         \
                                            ^
/opt/openfoam5/src/OpenFOAM/lnInclude/DimensionedFieldFunctionsM.C:685:5: note: in expansion of macro 'BINARY_TYPE_OPERATOR_SF'
     BINARY_TYPE_OPERATOR_SF(ReturnType, Type1, Type2, Op, OpName, OpFunc)      \
     ^
/opt/openfoam5/src/OpenFOAM/lnInclude/DimensionedScalarField.C:92:1: note: in expansion of macro 'BINARY_TYPE_OPERATOR'
 BINARY_TYPE_OPERATOR(scalar, scalar, scalar, +, '+', add)
 ^
In file included from pamFoam.C:145:0:
./processModels/SIEqn.H:9:7: note:   cannot convert 'alphaLiquid' (type 'const volScalarField {aka const Foam::GeometricField<double, Foam::fvPatchField, Foam::volMesh>}') to type 'const Foam::dimensioned<double>&'
     + alphaLiquid*fSIXS*rhoHydrolysis
       ^
In file included from /opt/openfoam5/src/OpenFOAM/lnInclude/DimensionedScalarField.C:29:0,
                 from /opt/openfoam5/src/OpenFOAM/lnInclude/DimensionedScalarField.H:157,
                 from /opt/openfoam5/src/OpenFOAM/lnInclude/DimensionedFieldFunctions.H:26,
                 from /opt/openfoam5/src/OpenFOAM/lnInclude/DimensionedField.H:363,
                 from /opt/openfoam5/src/finiteVolume/lnInclude/fvMesh.H:58,
                 from /opt/openfoam5/src/finiteVolume/lnInclude/fvCFD.H:7,
                 from pamFoam.C:36:
/opt/openfoam5/src/OpenFOAM/lnInclude/DimensionedFieldFunctionsM.C:561:44: note: candidate: template<class GeoMesh> Foam::tmp<Foam::DimensionedField<double, GeoMesh> > Foam::operator+(const scalar&, const Foam::DimensionedField<double, GeoMesh>&)
 tmp<DimensionedField<ReturnType, GeoMesh>> operator Op                         \
                                            ^
/opt/openfoam5/src/OpenFOAM/lnInclude/DimensionedFieldFunctionsM.C:685:5: note: in expansion of macro 'BINARY_TYPE_OPERATOR_SF'
     BINARY_TYPE_OPERATOR_SF(ReturnType, Type1, Type2, Op, OpName, OpFunc)      \
     ^
/opt/openfoam5/src/OpenFOAM/lnInclude/DimensionedScalarField.C:92:1: note: in expansion of macro 'BINARY_TYPE_OPERATOR'
 BINARY_TYPE_OPERATOR(scalar, scalar, scalar, +, '+', add)
 ^
/opt/openfoam5/src/OpenFOAM/lnInclude/DimensionedFieldFunctionsM.C:561:44: note:   template argument deduction/substitution failed:
 tmp<DimensionedField<ReturnType, GeoMesh>> operator Op                         \
                                            ^
/opt/openfoam5/src/OpenFOAM/lnInclude/DimensionedFieldFunctionsM.C:685:5: note: in expansion of macro 'BINARY_TYPE_OPERATOR_SF'
     BINARY_TYPE_OPERATOR_SF(ReturnType, Type1, Type2, Op, OpName, OpFunc)      \
     ^
/opt/openfoam5/src/OpenFOAM/lnInclude/DimensionedScalarField.C:92:1: note: in expansion of macro 'BINARY_TYPE_OPERATOR'
 BINARY_TYPE_OPERATOR(scalar, scalar, scalar, +, '+', add)
 ^
In file included from pamFoam.C:145:0:
./processModels/SIEqn.H:9:7: note:   cannot convert 'alphaLiquid' (type 'const volScalarField {aka const Foam::GeometricField<double, Foam::fvPatchField, Foam::volMesh>}') to type 'const scalar& {aka const double&}'
     + alphaLiquid*fSIXS*rhoHydrolysis
       ^
In file included from /opt/openfoam5/src/OpenFOAM/lnInclude/DimensionedScalarField.C:29:0,
                 from /opt/openfoam5/src/OpenFOAM/lnInclude/DimensionedScalarField.H:157,
                 from /opt/openfoam5/src/OpenFOAM/lnInclude/DimensionedFieldFunctions.H:26,
                 from /opt/openfoam5/src/OpenFOAM/lnInclude/DimensionedField.H:363,
                 from /opt/openfoam5/src/finiteVolume/lnInclude/fvMesh.H:58,
                 from /opt/openfoam5/src/finiteVolume/lnInclude/fvCFD.H:7,
                 from pamFoam.C:36:
/opt/openfoam5/src/OpenFOAM/lnInclude/DimensionedFieldFunctionsM.C:572:44: note: candidate: template<class GeoMesh> Foam::tmp<Foam::DimensionedField<double, GeoMesh> > Foam::operator+(const Foam::dimensioned<double>&, const Foam::tmp<Foam::DimensionedField<double, GeoMesh> >&)
 tmp<DimensionedField<ReturnType, GeoMesh>> operator Op                         \
                                            ^
/opt/openfoam5/src/OpenFOAM/lnInclude/DimensionedFieldFunctionsM.C:685:5: note: in expansion of macro 'BINARY_TYPE_OPERATOR_SF'
     BINARY_TYPE_OPERATOR_SF(ReturnType, Type1, Type2, Op, OpName, OpFunc)      \
     ^
/opt/openfoam5/src/OpenFOAM/lnInclude/DimensionedScalarField.C:92:1: note: in expansion of macro 'BINARY_TYPE_OPERATOR'
 BINARY_TYPE_OPERATOR(scalar, scalar, scalar, +, '+', add)
 ^
/opt/openfoam5/src/OpenFOAM/lnInclude/DimensionedFieldFunctionsM.C:572:44: note:   template argument deduction/substitution failed:
 tmp<DimensionedField<ReturnType, GeoMesh>> operator Op                         \
                                            ^
/opt/openfoam5/src/OpenFOAM/lnInclude/DimensionedFieldFunctionsM.C:685:5: note: in expansion of macro 'BINARY_TYPE_OPERATOR_SF'
     BINARY_TYPE_OPERATOR_SF(ReturnType, Type1, Type2, Op, OpName, OpFunc)      \
     ^
/opt/openfoam5/src/OpenFOAM/lnInclude/DimensionedScalarField.C:92:1: note: in expansion of macro 'BINARY_TYPE_OPERATOR'
 BINARY_TYPE_OPERATOR(scalar, scalar, scalar, +, '+', add)
 ^
In file included from pamFoam.C:145:0:
./processModels/SIEqn.H:9:7: note:   cannot convert 'alphaLiquid' (type 'const volScalarField {aka const Foam::GeometricField<double, Foam::fvPatchField, Foam::volMesh>}') to type 'const Foam::dimensioned<double>&'
     + alphaLiquid*fSIXS*rhoHydrolysis
       ^
In file included from /opt/openfoam5/src/OpenFOAM/lnInclude/DimensionedScalarField.C:29:0,
                 from /opt/openfoam5/src/OpenFOAM/lnInclude/DimensionedScalarField.H:157,
                 from /opt/openfoam5/src/OpenFOAM/lnInclude/DimensionedFieldFunctions.H:26,
                 from /opt/openfoam5/src/OpenFOAM/lnInclude/DimensionedField.H:363,
                 from /opt/openfoam5/src/finiteVolume/lnInclude/fvMesh.H:58,
                 from /opt/openfoam5/src/finiteVolume/lnInclude/fvCFD.H:7,
                 from pamFoam.C:36:
/opt/openfoam5/src/OpenFOAM/lnInclude/DimensionedFieldFunctionsM.C:598:44: note: candidate: template<class GeoMesh> Foam::tmp<Foam::DimensionedField<double, GeoMesh> > Foam::operator+(const scalar&, const Foam::tmp<Foam::DimensionedField<double, GeoMesh> >&)
 tmp<DimensionedField<ReturnType, GeoMesh>> operator Op                         \
                                            ^
/opt/openfoam5/src/OpenFOAM/lnInclude/DimensionedFieldFunctionsM.C:685:5: note: in expansion of macro 'BINARY_TYPE_OPERATOR_SF'
     BINARY_TYPE_OPERATOR_SF(ReturnType, Type1, Type2, Op, OpName, OpFunc)      \
     ^
/opt/openfoam5/src/OpenFOAM/lnInclude/DimensionedScalarField.C:92:1: note: in expansion of macro 'BINARY_TYPE_OPERATOR'
 BINARY_TYPE_OPERATOR(scalar, scalar, scalar, +, '+', add)
 ^
/opt/openfoam5/src/OpenFOAM/lnInclude/DimensionedFieldFunctionsM.C:598:44: note:   template argument deduction/substitution failed:
 tmp<DimensionedField<ReturnType, GeoMesh>> operator Op                         \
                                            ^
/opt/openfoam5/src/OpenFOAM/lnInclude/DimensionedFieldFunctionsM.C:685:5: note: in expansion of macro 'BINARY_TYPE_OPERATOR_SF'
     BINARY_TYPE_OPERATOR_SF(ReturnType, Type1, Type2, Op, OpName, OpFunc)      \
     ^
/opt/openfoam5/src/OpenFOAM/lnInclude/DimensionedScalarField.C:92:1: note: in expansion of macro 'BINARY_TYPE_OPERATOR'
 BINARY_TYPE_OPERATOR(scalar, scalar, scalar, +, '+', add)
 ^
In file included from pamFoam.C:145:0:
./processModels/SIEqn.H:9:7: note:   cannot convert 'alphaLiquid' (type 'const volScalarField {aka const Foam::GeometricField<double, Foam::fvPatchField, Foam::volMesh>}') to type 'const scalar& {aka const double&}'
     + alphaLiquid*fSIXS*rhoHydrolysis
       ^
In file included from /opt/openfoam5/src/OpenFOAM/lnInclude/DimensionedScalarField.C:29:0,
                 from /opt/openfoam5/src/OpenFOAM/lnInclude/DimensionedScalarField.H:157,
                 from /opt/openfoam5/src/OpenFOAM/lnInclude/DimensionedFieldFunctions.H:26,
                 from /opt/openfoam5/src/OpenFOAM/lnInclude/DimensionedField.H:363,
                 from /opt/openfoam5/src/finiteVolume/lnInclude/fvMesh.H:58,
                 from /opt/openfoam5/src/finiteVolume/lnInclude/fvCFD.H:7,
                 from pamFoam.C:36:
/opt/openfoam5/src/OpenFOAM/lnInclude/DimensionedFieldFunctionsM.C:611:44: note: candidate: template<class GeoMesh> Foam::tmp<Foam::DimensionedField<double, GeoMesh> > Foam::operator+(const Foam::DimensionedField<double, GeoMesh>&, const Foam::dimensioned<double>&)
 tmp<DimensionedField<ReturnType, GeoMesh>> operator Op                         \
                                            ^
/opt/openfoam5/src/OpenFOAM/lnInclude/DimensionedFieldFunctionsM.C:686:5: note: in expansion of macro 'BINARY_TYPE_OPERATOR_FS'
     BINARY_TYPE_OPERATOR_FS(ReturnType, Type1, Type2, Op, OpName, OpFunc)
     ^
/opt/openfoam5/src/OpenFOAM/lnInclude/DimensionedScalarField.C:92:1: note: in expansion of macro 'BINARY_TYPE_OPERATOR'
 BINARY_TYPE_OPERATOR(scalar, scalar, scalar, +, '+', add)
 ^
/opt/openfoam5/src/OpenFOAM/lnInclude/DimensionedFieldFunctionsM.C:611:44: note:   template argument deduction/substitution failed:
 tmp<DimensionedField<ReturnType, GeoMesh>> operator Op                         \
                                            ^
/opt/openfoam5/src/OpenFOAM/lnInclude/DimensionedFieldFunctionsM.C:686:5: note: in expansion of macro 'BINARY_TYPE_OPERATOR_FS'
     BINARY_TYPE_OPERATOR_FS(ReturnType, Type1, Type2, Op, OpName, OpFunc)
     ^
/opt/openfoam5/src/OpenFOAM/lnInclude/DimensionedScalarField.C:92:1: note: in expansion of macro 'BINARY_TYPE_OPERATOR'
 BINARY_TYPE_OPERATOR(scalar, scalar, scalar, +, '+', add)
 ^
In file included from pamFoam.C:145:0:
./processModels/SIEqn.H:9:7: note:   candidate expects 2 arguments, 1 provided
     + alphaLiquid*fSIXS*rhoHydrolysis
       ^
In file included from /opt/openfoam5/src/OpenFOAM/lnInclude/DimensionedScalarField.C:29:0,
                 from /opt/openfoam5/src/OpenFOAM/lnInclude/DimensionedScalarField.H:157,
                 from /opt/openfoam5/src/OpenFOAM/lnInclude/DimensionedFieldFunctions.H:26,
                 from /opt/openfoam5/src/OpenFOAM/lnInclude/DimensionedField.H:363,
                 from /opt/openfoam5/src/finiteVolume/lnInclude/fvMesh.H:58,
                 from /opt/openfoam5/src/finiteVolume/lnInclude/fvCFD.H:7,
                 from pamFoam.C:36:
/opt/openfoam5/src/OpenFOAM/lnInclude/DimensionedFieldFunctionsM.C:638:44: note: candidate: template<class GeoMesh> Foam::tmp<Foam::DimensionedField<double, GeoMesh> > Foam::operator+(const Foam::DimensionedField<double, GeoMesh>&, const scalar&)
 tmp<DimensionedField<ReturnType, GeoMesh>> operator Op                         \
                                            ^
/opt/openfoam5/src/OpenFOAM/lnInclude/DimensionedFieldFunctionsM.C:686:5: note: in expansion of macro 'BINARY_TYPE_OPERATOR_FS'
     BINARY_TYPE_OPERATOR_FS(ReturnType, Type1, Type2, Op, OpName, OpFunc)
     ^
/opt/openfoam5/src/OpenFOAM/lnInclude/DimensionedScalarField.C:92:1: note: in expansion of macro 'BINARY_TYPE_OPERATOR'
 BINARY_TYPE_OPERATOR(scalar, scalar, scalar, +, '+', add)
 ^
/opt/openfoam5/src/OpenFOAM/lnInclude/DimensionedFieldFunctionsM.C:638:44: note:   template argument deduction/substitution failed:
 tmp<DimensionedField<ReturnType, GeoMesh>> operator Op                         \
                                            ^
/opt/openfoam5/src/OpenFOAM/lnInclude/DimensionedFieldFunctionsM.C:686:5: note: in expansion of macro 'BINARY_TYPE_OPERATOR_FS'
     BINARY_TYPE_OPERATOR_FS(ReturnType, Type1, Type2, Op, OpName, OpFunc)
     ^
/opt/openfoam5/src/OpenFOAM/lnInclude/DimensionedScalarField.C:92:1: note: in expansion of macro 'BINARY_TYPE_OPERATOR'
 BINARY_TYPE_OPERATOR(scalar, scalar, scalar, +, '+', add)
 ^
In file included from pamFoam.C:145:0:
./processModels/SIEqn.H:9:7: note:   candidate expects 2 arguments, 1 provided
     + alphaLiquid*fSIXS*rhoHydrolysis
       ^
In file included from /opt/openfoam5/src/OpenFOAM/lnInclude/DimensionedScalarField.C:29:0,
                 from /opt/openfoam5/src/OpenFOAM/lnInclude/DimensionedScalarField.H:157,
                 from /opt/openfoam5/src/OpenFOAM/lnInclude/DimensionedFieldFunctions.H:26,
                 from /opt/openfoam5/src/OpenFOAM/lnInclude/DimensionedField.H:363,
                 from /opt/openfoam5/src/finiteVolume/lnInclude/fvMesh.H:58,
                 from /opt/openfoam5/src/finiteVolume/lnInclude/fvCFD.H:7,
                 from pamFoam.C:36:
/opt/openfoam5/src/OpenFOAM/lnInclude/DimensionedFieldFunctionsM.C:649:44: note: candidate: template<class GeoMesh> Foam::tmp<Foam::DimensionedField<double, GeoMesh> > Foam::operator+(const Foam::tmp<Foam::DimensionedField<double, GeoMesh> >&, const Foam::dimensioned<double>&)
 tmp<DimensionedField<ReturnType, GeoMesh>> operator Op                         \
                                            ^
/opt/openfoam5/src/OpenFOAM/lnInclude/DimensionedFieldFunctionsM.C:686:5: note: in expansion of macro 'BINARY_TYPE_OPERATOR_FS'
     BINARY_TYPE_OPERATOR_FS(ReturnType, Type1, Type2, Op, OpName, OpFunc)
     ^
/opt/openfoam5/src/OpenFOAM/lnInclude/DimensionedScalarField.C:92:1: note: in expansion of macro 'BINARY_TYPE_OPERATOR'
 BINARY_TYPE_OPERATOR(scalar, scalar, scalar, +, '+', add)
 ^
/opt/openfoam5/src/OpenFOAM/lnInclude/DimensionedFieldFunctionsM.C:649:44: note:   template argument deduction/substitution failed:
 tmp<DimensionedField<ReturnType, GeoMesh>> operator Op                         \
                                            ^
/opt/openfoam5/src/OpenFOAM/lnInclude/DimensionedFieldFunctionsM.C:686:5: note: in expansion of macro 'BINARY_TYPE_OPERATOR_FS'
     BINARY_TYPE_OPERATOR_FS(ReturnType, Type1, Type2, Op, OpName, OpFunc)
     ^
/opt/openfoam5/src/OpenFOAM/lnInclude/DimensionedScalarField.C:92:1: note: in expansion of macro 'BINARY_TYPE_OPERATOR'
 BINARY_TYPE_OPERATOR(scalar, scalar, scalar, +, '+', add)
 ^
In file included from pamFoam.C:145:0:
./processModels/SIEqn.H:9:7: note:   'const volScalarField {aka const Foam::GeometricField<double, Foam::fvPatchField, Foam::volMesh>}' is not derived from 'const Foam::tmp<Foam::DimensionedField<double, GeoMesh> >'
     + alphaLiquid*fSIXS*rhoHydrolysis
       ^
In file included from /opt/openfoam5/src/OpenFOAM/lnInclude/DimensionedScalarField.C:29:0,
                 from /opt/openfoam5/src/OpenFOAM/lnInclude/DimensionedScalarField.H:157,
                 from /opt/openfoam5/src/OpenFOAM/lnInclude/DimensionedFieldFunctions.H:26,
                 from /opt/openfoam5/src/OpenFOAM/lnInclude/DimensionedField.H:363,
                 from /opt/openfoam5/src/finiteVolume/lnInclude/fvMesh.H:58,
                 from /opt/openfoam5/src/finiteVolume/lnInclude/fvCFD.H:7,
                 from pamFoam.C:36:
/opt/openfoam5/src/OpenFOAM/lnInclude/DimensionedFieldFunctionsM.C:675:44: note: candidate: template<class GeoMesh> Foam::tmp<Foam::DimensionedField<double, GeoMesh> > Foam::operator+(const Foam::tmp<Foam::DimensionedField<double, GeoMesh> >&, const scalar&)
 tmp<DimensionedField<ReturnType, GeoMesh>> operator Op                         \
                                            ^
/opt/openfoam5/src/OpenFOAM/lnInclude/DimensionedFieldFunctionsM.C:686:5: note: in expansion of macro 'BINARY_TYPE_OPERATOR_FS'
     BINARY_TYPE_OPERATOR_FS(ReturnType, Type1, Type2, Op, OpName, OpFunc)
     ^
/opt/openfoam5/src/OpenFOAM/lnInclude/DimensionedScalarField.C:92:1: note: in expansion of macro 'BINARY_TYPE_OPERATOR'
 BINARY_TYPE_OPERATOR(scalar, scalar, scalar, +, '+', add)
 ^
/opt/openfoam5/src/OpenFOAM/lnInclude/DimensionedFieldFunctionsM.C:675:44: note:   template argument deduction/substitution failed:
 tmp<DimensionedField<ReturnType, GeoMesh>> operator Op                         \
                                            ^
/opt/openfoam5/src/OpenFOAM/lnInclude/DimensionedFieldFunctionsM.C:686:5: note: in expansion of macro 'BINARY_TYPE_OPERATOR_FS'
     BINARY_TYPE_OPERATOR_FS(ReturnType, Type1, Type2, Op, OpName, OpFunc)
     ^
/opt/openfoam5/src/OpenFOAM/lnInclude/DimensionedScalarField.C:92:1: note: in expansion of macro 'BINARY_TYPE_OPERATOR'
 BINARY_TYPE_OPERATOR(scalar, scalar, scalar, +, '+', add)
 ^
In file included from pamFoam.C:145:0:
./processModels/SIEqn.H:9:7: note:   'const volScalarField {aka const Foam::GeometricField<double, Foam::fvPatchField, Foam::volMesh>}' is not derived from 'const Foam::tmp<Foam::DimensionedField<double, GeoMesh> >'
     + alphaLiquid*fSIXS*rhoHydrolysis
       ^
In file included from /opt/openfoam5/src/OpenFOAM/lnInclude/DimensionedField.C:532:0,
                 from /opt/openfoam5/src/OpenFOAM/lnInclude/DimensionedField.H:366,
                 from /opt/openfoam5/src/finiteVolume/lnInclude/fvMesh.H:58,
                 from /opt/openfoam5/src/finiteVolume/lnInclude/fvCFD.H:7,
                 from pamFoam.C:36:
/opt/openfoam5/src/OpenFOAM/lnInclude/DimensionedFieldFunctions.C:371:1: note: candidate: template<class Type1, class Type2, class GeoMesh> Foam::tmp<Foam::DimensionedField<typename Foam::typeOfSum<arg1, arg2>::type, GeoMesh> > Foam::operator+(const Foam::DimensionedField<TypeR, GeoMesh>&, const Foam::DimensionedField<Type1, GeoMesh>&)
 operator op                                                                    \
 ^
/opt/openfoam5/src/OpenFOAM/lnInclude/DimensionedFieldFunctions.C:642:1: note: in expansion of macro 'PRODUCT_OPERATOR'
 PRODUCT_OPERATOR(typeOfSum, +, add)
 ^
/opt/openfoam5/src/OpenFOAM/lnInclude/DimensionedFieldFunctions.C:371:1: note:   template argument deduction/substitution failed:
 operator op                                                                    \
 ^
/opt/openfoam5/src/OpenFOAM/lnInclude/DimensionedFieldFunctions.C:642:1: note: in expansion of macro 'PRODUCT_OPERATOR'
 PRODUCT_OPERATOR(typeOfSum, +, add)
 ^
In file included from pamFoam.C:145:0:
./processModels/SIEqn.H:9:7: note:   candidate expects 2 arguments, 1 provided
     + alphaLiquid*fSIXS*rhoHydrolysis
       ^
In file included from /opt/openfoam5/src/OpenFOAM/lnInclude/DimensionedField.C:532:0,
                 from /opt/openfoam5/src/OpenFOAM/lnInclude/DimensionedField.H:366,
                 from /opt/openfoam5/src/finiteVolume/lnInclude/fvMesh.H:58,
                 from /opt/openfoam5/src/finiteVolume/lnInclude/fvCFD.H:7,
                 from pamFoam.C:36:
/opt/openfoam5/src/OpenFOAM/lnInclude/DimensionedFieldFunctions.C:400:1: note: candidate: template<class Type1, class Type2, class GeoMesh> Foam::tmp<Foam::DimensionedField<typename Foam::typeOfSum<arg1, arg2>::type, GeoMesh> > Foam::operator+(const Foam::DimensionedField<TypeR, GeoMesh>&, const Foam::tmp<Foam::DimensionedField<Type1, GeoMesh> >&)
 operator op                                                                    \
 ^
/opt/openfoam5/src/OpenFOAM/lnInclude/DimensionedFieldFunctions.C:642:1: note: in expansion of macro 'PRODUCT_OPERATOR'
 PRODUCT_OPERATOR(typeOfSum, +, add)
 ^
/opt/openfoam5/src/OpenFOAM/lnInclude/DimensionedFieldFunctions.C:400:1: note:   template argument deduction/substitution failed:
 operator op                                                                    \
 ^
/opt/openfoam5/src/OpenFOAM/lnInclude/DimensionedFieldFunctions.C:642:1: note: in expansion of macro 'PRODUCT_OPERATOR'
 PRODUCT_OPERATOR(typeOfSum, +, add)
 ^
In file included from pamFoam.C:145:0:
./processModels/SIEqn.H:9:7: note:   candidate expects 2 arguments, 1 provided
     + alphaLiquid*fSIXS*rhoHydrolysis
       ^
In file included from /opt/openfoam5/src/OpenFOAM/lnInclude/DimensionedField.C:532:0,
                 from /opt/openfoam5/src/OpenFOAM/lnInclude/DimensionedField.H:366,
                 from /opt/openfoam5/src/finiteVolume/lnInclude/fvMesh.H:58,
                 from /opt/openfoam5/src/finiteVolume/lnInclude/fvCFD.H:7,
                 from pamFoam.C:36:
/opt/openfoam5/src/OpenFOAM/lnInclude/DimensionedFieldFunctions.C:427:1: note: candidate: template<class Type1, class Type2, class GeoMesh> Foam::tmp<Foam::DimensionedField<typename Foam::typeOfSum<arg1, arg2>::type, GeoMesh> > Foam::operator+(const Foam::tmp<Foam::DimensionedField<TypeR, GeoMesh> >&, const Foam::DimensionedField<Type1, GeoMesh>&)
 operator op                                                                    \
 ^
/opt/openfoam5/src/OpenFOAM/lnInclude/DimensionedFieldFunctions.C:642:1: note: in expansion of macro 'PRODUCT_OPERATOR'
 PRODUCT_OPERATOR(typeOfSum, +, add)
 ^
/opt/openfoam5/src/OpenFOAM/lnInclude/DimensionedFieldFunctions.C:427:1: note:   template argument deduction/substitution failed:
 operator op                                                                    \
 ^
/opt/openfoam5/src/OpenFOAM/lnInclude/DimensionedFieldFunctions.C:642:1: note: in expansion of macro 'PRODUCT_OPERATOR'
 PRODUCT_OPERATOR(typeOfSum, +, add)
 ^
In file included from pamFoam.C:145:0:
./processModels/SIEqn.H:9:7: note:   'const volScalarField {aka const Foam::GeometricField<double, Foam::fvPatchField, Foam::volMesh>}' is not derived from 'const Foam::tmp<Foam::DimensionedField<TypeR, GeoMesh> >'
     + alphaLiquid*fSIXS*rhoHydrolysis
       ^
In file included from /opt/openfoam5/src/OpenFOAM/lnInclude/DimensionedField.C:532:0,
                 from /opt/openfoam5/src/OpenFOAM/lnInclude/DimensionedField.H:366,
                 from /opt/openfoam5/src/finiteVolume/lnInclude/fvMesh.H:58,
                 from /opt/openfoam5/src/finiteVolume/lnInclude/fvCFD.H:7,
                 from pamFoam.C:36:
/opt/openfoam5/src/OpenFOAM/lnInclude/DimensionedFieldFunctions.C:454:1: note: candidate: template<class Type1, class Type2, class GeoMesh> Foam::tmp<Foam::DimensionedField<typename Foam::typeOfSum<arg1, arg2>::type, GeoMesh> > Foam::operator+(const Foam::tmp<Foam::DimensionedField<TypeR, GeoMesh> >&, const Foam::tmp<Foam::DimensionedField<Type1, GeoMesh> >&)
 operator op                                                                    \
 ^
/opt/openfoam5/src/OpenFOAM/lnInclude/DimensionedFieldFunctions.C:642:1: note: in expansion of macro 'PRODUCT_OPERATOR'
 PRODUCT_OPERATOR(typeOfSum, +, add)
 ^
/opt/openfoam5/src/OpenFOAM/lnInclude/DimensionedFieldFunctions.C:454:1: note:   template argument deduction/substitution failed:
 operator op                                                                    \
 ^
/opt/openfoam5/src/OpenFOAM/lnInclude/DimensionedFieldFunctions.C:642:1: note: in expansion of macro 'PRODUCT_OPERATOR'
 PRODUCT_OPERATOR(typeOfSum, +, add)
 ^
In file included from pamFoam.C:145:0:
./processModels/SIEqn.H:9:7: note:   'const volScalarField {aka const Foam::GeometricField<double, Foam::fvPatchField, Foam::volMesh>}' is not derived from 'const Foam::tmp<Foam::DimensionedField<TypeR, GeoMesh> >'
     + alphaLiquid*fSIXS*rhoHydrolysis
       ^
In file included from /opt/openfoam5/src/OpenFOAM/lnInclude/DimensionedField.C:532:0,
                 from /opt/openfoam5/src/OpenFOAM/lnInclude/DimensionedField.H:366,
                 from /opt/openfoam5/src/finiteVolume/lnInclude/fvMesh.H:58,
                 from /opt/openfoam5/src/finiteVolume/lnInclude/fvCFD.H:7,
                 from pamFoam.C:36:
/opt/openfoam5/src/OpenFOAM/lnInclude/DimensionedFieldFunctions.C:485:1: note: candidate: template<class Form, class Type, class GeoMesh> Foam::tmp<Foam::DimensionedField<typename Foam::typeOfSum<Type, Form>::type, GeoMesh> > Foam::operator+(const Foam::DimensionedField<Type1, GeoMesh>&, const Foam::dimensioned<Type>&)
 operator op                                                                    \
 ^
/opt/openfoam5/src/OpenFOAM/lnInclude/DimensionedFieldFunctions.C:642:1: note: in expansion of macro 'PRODUCT_OPERATOR'
 PRODUCT_OPERATOR(typeOfSum, +, add)
 ^
/opt/openfoam5/src/OpenFOAM/lnInclude/DimensionedFieldFunctions.C:485:1: note:   template argument deduction/substitution failed:
 operator op                                                                    \
 ^
/opt/openfoam5/src/OpenFOAM/lnInclude/DimensionedFieldFunctions.C:642:1: note: in expansion of macro 'PRODUCT_OPERATOR'
 PRODUCT_OPERATOR(typeOfSum, +, add)
 ^
In file included from pamFoam.C:145:0:
./processModels/SIEqn.H:9:7: note:   candidate expects 2 arguments, 1 provided
     + alphaLiquid*fSIXS*rhoHydrolysis
       ^
In file included from /opt/openfoam5/src/OpenFOAM/lnInclude/DimensionedField.C:532:0,
                 from /opt/openfoam5/src/OpenFOAM/lnInclude/DimensionedField.H:366,
                 from /opt/openfoam5/src/finiteVolume/lnInclude/fvMesh.H:58,
                 from /opt/openfoam5/src/finiteVolume/lnInclude/fvCFD.H:7,
                 from pamFoam.C:36:
/opt/openfoam5/src/OpenFOAM/lnInclude/DimensionedFieldFunctions.C:515:1: note: candidate: template<class Form, class Cmpt, unsigned char nCmpt, class Type, class GeoMesh> Foam::tmp<Foam::DimensionedField<typename Foam::typeOfSum<Form, Type>::type, GeoMesh> > Foam::operator+(const Foam::DimensionedField<Type2, GeoMesh>&, const Foam::VectorSpace<Form, Cmpt, Ncmpts>&)
 operator op                                                                    \
 ^
/opt/openfoam5/src/OpenFOAM/lnInclude/DimensionedFieldFunctions.C:642:1: note: in expansion of macro 'PRODUCT_OPERATOR'
 PRODUCT_OPERATOR(typeOfSum, +, add)
 ^
/opt/openfoam5/src/OpenFOAM/lnInclude/DimensionedFieldFunctions.C:515:1: note:   template argument deduction/substitution failed:
 operator op                                                                    \
 ^
/opt/openfoam5/src/OpenFOAM/lnInclude/DimensionedFieldFunctions.C:642:1: note: in expansion of macro 'PRODUCT_OPERATOR'
 PRODUCT_OPERATOR(typeOfSum, +, add)
 ^
In file included from pamFoam.C:145:0:
./processModels/SIEqn.H:9:7: note:   candidate expects 2 arguments, 1 provided
     + alphaLiquid*fSIXS*rhoHydrolysis
       ^
In file included from /opt/openfoam5/src/OpenFOAM/lnInclude/DimensionedField.C:532:0,
                 from /opt/openfoam5/src/OpenFOAM/lnInclude/DimensionedField.H:366,
                 from /opt/openfoam5/src/finiteVolume/lnInclude/fvMesh.H:58,
                 from /opt/openfoam5/src/finiteVolume/lnInclude/fvCFD.H:7,
                 from pamFoam.C:36:
/opt/openfoam5/src/OpenFOAM/lnInclude/DimensionedFieldFunctions.C:527:1: note: candidate: template<class Form, class Type, class GeoMesh> Foam::tmp<Foam::DimensionedField<typename Foam::typeOfSum<Type, Form>::type, GeoMesh> > Foam::operator+(const Foam::tmp<Foam::DimensionedField<Type1, GeoMesh> >&, const Foam::dimensioned<Type>&)
 operator op                                                                    \
 ^
/opt/openfoam5/src/OpenFOAM/lnInclude/DimensionedFieldFunctions.C:642:1: note: in expansion of macro 'PRODUCT_OPERATOR'
 PRODUCT_OPERATOR(typeOfSum, +, add)
 ^
/opt/openfoam5/src/OpenFOAM/lnInclude/DimensionedFieldFunctions.C:527:1: note:   template argument deduction/substitution failed:
 operator op                                                                    \
 ^
/opt/openfoam5/src/OpenFOAM/lnInclude/DimensionedFieldFunctions.C:642:1: note: in expansion of macro 'PRODUCT_OPERATOR'
 PRODUCT_OPERATOR(typeOfSum, +, add)
 ^
In file included from pamFoam.C:145:0:
./processModels/SIEqn.H:9:7: note:   'const volScalarField {aka const Foam::GeometricField<double, Foam::fvPatchField, Foam::volMesh>}' is not derived from 'const Foam::tmp<Foam::DimensionedField<Type1, GeoMesh> >'
     + alphaLiquid*fSIXS*rhoHydrolysis
       ^
In file included from /opt/openfoam5/src/OpenFOAM/lnInclude/DimensionedField.C:532:0,
                 from /opt/openfoam5/src/OpenFOAM/lnInclude/DimensionedField.H:366,
                 from /opt/openfoam5/src/finiteVolume/lnInclude/fvMesh.H:58,
                 from /opt/openfoam5/src/finiteVolume/lnInclude/fvCFD.H:7,
                 from pamFoam.C:36:
/opt/openfoam5/src/OpenFOAM/lnInclude/DimensionedFieldFunctions.C:554:1: note: candidate: template<class Form, class Cmpt, unsigned char nCmpt, class Type, class GeoMesh> Foam::tmp<Foam::DimensionedField<typename Foam::typeOfSum<Form, Type>::type, GeoMesh> > Foam::operator+(const Foam::tmp<Foam::DimensionedField<Type2, GeoMesh> >&, const Foam::VectorSpace<Form, Cmpt, Ncmpts>&)
 operator op                                                                    \
 ^
/opt/openfoam5/src/OpenFOAM/lnInclude/DimensionedFieldFunctions.C:642:1: note: in expansion of macro 'PRODUCT_OPERATOR'
 PRODUCT_OPERATOR(typeOfSum, +, add)
 ^
/opt/openfoam5/src/OpenFOAM/lnInclude/DimensionedFieldFunctions.C:554:1: note:   template argument deduction/substitution failed:
 operator op                                                                    \
 ^
/opt/openfoam5/src/OpenFOAM/lnInclude/DimensionedFieldFunctions.C:642:1: note: in expansion of macro 'PRODUCT_OPERATOR'
 PRODUCT_OPERATOR(typeOfSum, +, add)
 ^
In file included from pamFoam.C:145:0:
./processModels/SIEqn.H:9:7: note:   'const volScalarField {aka const Foam::GeometricField<double, Foam::fvPatchField, Foam::volMesh>}' is not derived from 'const Foam::tmp<Foam::DimensionedField<Type2, GeoMesh> >'
     + alphaLiquid*fSIXS*rhoHydrolysis
       ^
In file included from /opt/openfoam5/src/OpenFOAM/lnInclude/DimensionedField.C:532:0,
                 from /opt/openfoam5/src/OpenFOAM/lnInclude/DimensionedField.H:366,
                 from /opt/openfoam5/src/finiteVolume/lnInclude/fvMesh.H:58,
                 from /opt/openfoam5/src/finiteVolume/lnInclude/fvCFD.H:7,
                 from pamFoam.C:36:
/opt/openfoam5/src/OpenFOAM/lnInclude/DimensionedFieldFunctions.C:566:1: note: candidate: template<class Form, class Type, class GeoMesh> Foam::tmp<Foam::DimensionedField<typename Foam::typeOfSum<arg1, arg2>::type, GeoMesh> > Foam::operator+(const Foam::dimensioned<Type>&, const Foam::DimensionedField<Type1, GeoMesh>&)
 operator op                                                                    \
 ^
/opt/openfoam5/src/OpenFOAM/lnInclude/DimensionedFieldFunctions.C:642:1: note: in expansion of macro 'PRODUCT_OPERATOR'
 PRODUCT_OPERATOR(typeOfSum, +, add)
 ^
/opt/openfoam5/src/OpenFOAM/lnInclude/DimensionedFieldFunctions.C:566:1: note:   template argument deduction/substitution failed:
 operator op                                                                    \
 ^
/opt/openfoam5/src/OpenFOAM/lnInclude/DimensionedFieldFunctions.C:642:1: note: in expansion of macro 'PRODUCT_OPERATOR'
 PRODUCT_OPERATOR(typeOfSum, +, add)
 ^
In file included from pamFoam.C:145:0:
./processModels/SIEqn.H:9:7: note:   'const volScalarField {aka const Foam::GeometricField<double, Foam::fvPatchField, Foam::volMesh>}' is not derived from 'const Foam::dimensioned<Type>'
     + alphaLiquid*fSIXS*rhoHydrolysis
       ^
In file included from /opt/openfoam5/src/OpenFOAM/lnInclude/DimensionedField.C:532:0,
                 from /opt/openfoam5/src/OpenFOAM/lnInclude/DimensionedField.H:366,
                 from /opt/openfoam5/src/finiteVolume/lnInclude/fvMesh.H:58,
                 from /opt/openfoam5/src/finiteVolume/lnInclude/fvCFD.H:7,
                 from pamFoam.C:36:
/opt/openfoam5/src/OpenFOAM/lnInclude/DimensionedFieldFunctions.C:595:1: note: candidate: template<class Form, class Cmpt, unsigned char nCmpt, class Type, class GeoMesh> Foam::tmp<Foam::DimensionedField<typename Foam::typeOfSum<Form, Type>::type, GeoMesh> > Foam::operator+(const Foam::VectorSpace<Form, Cmpt, Ncmpts>&, const Foam::DimensionedField<Type2, GeoMesh>&)
 operator op                                                                    \
 ^
/opt/openfoam5/src/OpenFOAM/lnInclude/DimensionedFieldFunctions.C:642:1: note: in expansion of macro 'PRODUCT_OPERATOR'
 PRODUCT_OPERATOR(typeOfSum, +, add)
 ^
/opt/openfoam5/src/OpenFOAM/lnInclude/DimensionedFieldFunctions.C:595:1: note:   template argument deduction/substitution failed:
 operator op                                                                    \
 ^
/opt/openfoam5/src/OpenFOAM/lnInclude/DimensionedFieldFunctions.C:642:1: note: in expansion of macro 'PRODUCT_OPERATOR'
 PRODUCT_OPERATOR(typeOfSum, +, add)
 ^
In file included from pamFoam.C:145:0:
./processModels/SIEqn.H:9:7: note:   'const volScalarField {aka const Foam::GeometricField<double, Foam::fvPatchField, Foam::volMesh>}' is not derived from 'const Foam::VectorSpace<Form, Cmpt, Ncmpts>'
     + alphaLiquid*fSIXS*rhoHydrolysis
       ^
In file included from /opt/openfoam5/src/OpenFOAM/lnInclude/DimensionedField.C:532:0,
                 from /opt/openfoam5/src/OpenFOAM/lnInclude/DimensionedField.H:366,
                 from /opt/openfoam5/src/finiteVolume/lnInclude/fvMesh.H:58,
                 from /opt/openfoam5/src/finiteVolume/lnInclude/fvCFD.H:7,
                 from pamFoam.C:36:
/opt/openfoam5/src/OpenFOAM/lnInclude/DimensionedFieldFunctions.C:606:1: note: candidate: template<class Form, class Type, class GeoMesh> Foam::tmp<Foam::DimensionedField<typename Foam::typeOfSum<arg1, arg2>::type, GeoMesh> > Foam::operator+(const Foam::dimensioned<Type>&, const Foam::tmp<Foam::DimensionedField<Type1, GeoMesh> >&)
 operator op                                                                    \
 ^
/opt/openfoam5/src/OpenFOAM/lnInclude/DimensionedFieldFunctions.C:642:1: note: in expansion of macro 'PRODUCT_OPERATOR'
 PRODUCT_OPERATOR(typeOfSum, +, add)
 ^
/opt/openfoam5/src/OpenFOAM/lnInclude/DimensionedFieldFunctions.C:606:1: note:   template argument deduction/substitution failed:
 operator op                                                                    \
 ^
/opt/openfoam5/src/OpenFOAM/lnInclude/DimensionedFieldFunctions.C:642:1: note: in expansion of macro 'PRODUCT_OPERATOR'
 PRODUCT_OPERATOR(typeOfSum, +, add)
 ^
In file included from pamFoam.C:145:0:
./processModels/SIEqn.H:9:7: note:   'const volScalarField {aka const Foam::GeometricField<double, Foam::fvPatchField, Foam::volMesh>}' is not derived from 'const Foam::dimensioned<Type>'
     + alphaLiquid*fSIXS*rhoHydrolysis
       ^
In file included from /opt/openfoam5/src/OpenFOAM/lnInclude/DimensionedField.C:532:0,
                 from /opt/openfoam5/src/OpenFOAM/lnInclude/DimensionedField.H:366,
                 from /opt/openfoam5/src/finiteVolume/lnInclude/fvMesh.H:58,
                 from /opt/openfoam5/src/finiteVolume/lnInclude/fvCFD.H:7,
                 from pamFoam.C:36:
/opt/openfoam5/src/OpenFOAM/lnInclude/DimensionedFieldFunctions.C:633:1: note: candidate: template<class Form, class Cmpt, unsigned char nCmpt, class Type, class GeoMesh> Foam::tmp<Foam::DimensionedField<typename Foam::typeOfSum<Form, Type>::type, GeoMesh> > Foam::operator+(const Foam::VectorSpace<Form, Cmpt, Ncmpts>&, const Foam::tmp<Foam::DimensionedField<Type2, GeoMesh> >&)
 operator op                                                                    \
 ^
/opt/openfoam5/src/OpenFOAM/lnInclude/DimensionedFieldFunctions.C:642:1: note: in expansion of macro 'PRODUCT_OPERATOR'
 PRODUCT_OPERATOR(typeOfSum, +, add)
 ^
/opt/openfoam5/src/OpenFOAM/lnInclude/DimensionedFieldFunctions.C:633:1: note:   template argument deduction/substitution failed:
 operator op                                                                    \
 ^
/opt/openfoam5/src/OpenFOAM/lnInclude/DimensionedFieldFunctions.C:642:1: note: in expansion of macro 'PRODUCT_OPERATOR'
 PRODUCT_OPERATOR(typeOfSum, +, add)
 ^
In file included from pamFoam.C:145:0:
./processModels/SIEqn.H:9:7: note:   'const volScalarField {aka const Foam::GeometricField<double, Foam::fvPatchField, Foam::volMesh>}' is not derived from 'const Foam::VectorSpace<Form, Cmpt, Ncmpts>'
     + alphaLiquid*fSIXS*rhoHydrolysis
       ^
In file included from /opt/openfoam5/src/OpenFOAM/lnInclude/scalarFieldField.C:32:0,
                 from /opt/openfoam5/src/OpenFOAM/lnInclude/scalarFieldField.H:158,
                 from /opt/openfoam5/src/OpenFOAM/lnInclude/FieldFieldFunctions.H:26,
                 from /opt/openfoam5/src/OpenFOAM/lnInclude/FieldField.H:195,
                 from /opt/openfoam5/src/OpenFOAM/lnInclude/GeometricField.H:45,
                 from /opt/openfoam5/src/OpenFOAM/lnInclude/GeometricScalarField.H:38,
                 from /opt/openfoam5/src/OpenFOAM/lnInclude/GeometricFields.H:34,
                 from /opt/openfoam5/src/finiteVolume/lnInclude/volFields.H:37,
                 from /opt/openfoam5/src/finiteVolume/lnInclude/surfaceInterpolationScheme.C:27,
                 from /opt/openfoam5/src/finiteVolume/lnInclude/surfaceInterpolationScheme.H:307,
                 from /opt/openfoam5/src/finiteVolume/lnInclude/surfaceInterpolate.H:41,
                 from /opt/openfoam5/src/finiteVolume/lnInclude/fvc.H:39,
                 from /opt/openfoam5/src/finiteVolume/lnInclude/fvCFD.H:8,
                 from pamFoam.C:36:
/opt/openfoam5/src/OpenFOAM/lnInclude/FieldFieldFunctionsM.C:407:36: note: candidate: template<template<class> class Field> Foam::tmp<Foam::FieldField<Field, double> > Foam::operator+(const scalar&, const Foam::FieldField<Field, double>&)
 tmp<FieldField<Field, ReturnType>> operator Op                                 \
                                    ^
/opt/openfoam5/src/OpenFOAM/lnInclude/FieldFieldFunctionsM.C:487:5: note: in expansion of macro 'BINARY_TYPE_OPERATOR_SF'
     BINARY_TYPE_OPERATOR_SF(ReturnType, Type1, Type2, Op, OpFunc)              \
     ^
/opt/openfoam5/src/OpenFOAM/lnInclude/scalarFieldField.C:85:1: note: in expansion of macro 'BINARY_TYPE_OPERATOR'
 BINARY_TYPE_OPERATOR(scalar, scalar, scalar, +, add)
 ^
/opt/openfoam5/src/OpenFOAM/lnInclude/FieldFieldFunctionsM.C:407:36: note:   template argument deduction/substitution failed:
 tmp<FieldField<Field, ReturnType>> operator Op                                 \
                                    ^
/opt/openfoam5/src/OpenFOAM/lnInclude/FieldFieldFunctionsM.C:487:5: note: in expansion of macro 'BINARY_TYPE_OPERATOR_SF'
     BINARY_TYPE_OPERATOR_SF(ReturnType, Type1, Type2, Op, OpFunc)              \
     ^
/opt/openfoam5/src/OpenFOAM/lnInclude/scalarFieldField.C:85:1: note: in expansion of macro 'BINARY_TYPE_OPERATOR'
 BINARY_TYPE_OPERATOR(scalar, scalar, scalar, +, add)
 ^
In file included from pamFoam.C:145:0:
./processModels/SIEqn.H:9:7: note:   cannot convert 'alphaLiquid' (type 'const volScalarField {aka const Foam::GeometricField<double, Foam::fvPatchField, Foam::volMesh>}') to type 'const scalar& {aka const double&}'
     + alphaLiquid*fSIXS*rhoHydrolysis
       ^
In file included from /opt/openfoam5/src/OpenFOAM/lnInclude/scalarFieldField.C:32:0,
                 from /opt/openfoam5/src/OpenFOAM/lnInclude/scalarFieldField.H:158,
                 from /opt/openfoam5/src/OpenFOAM/lnInclude/FieldFieldFunctions.H:26,
                 from /opt/openfoam5/src/OpenFOAM/lnInclude/FieldField.H:195,
                 from /opt/openfoam5/src/OpenFOAM/lnInclude/GeometricField.H:45,
                 from /opt/openfoam5/src/OpenFOAM/lnInclude/GeometricScalarField.H:38,
                 from /opt/openfoam5/src/OpenFOAM/lnInclude/GeometricFields.H:34,
                 from /opt/openfoam5/src/finiteVolume/lnInclude/volFields.H:37,
                 from /opt/openfoam5/src/finiteVolume/lnInclude/surfaceInterpolationScheme.C:27,
                 from /opt/openfoam5/src/finiteVolume/lnInclude/surfaceInterpolationScheme.H:307,
                 from /opt/openfoam5/src/finiteVolume/lnInclude/surfaceInterpolate.H:41,
                 from /opt/openfoam5/src/finiteVolume/lnInclude/fvc.H:39,
                 from /opt/openfoam5/src/finiteVolume/lnInclude/fvCFD.H:8,
                 from pamFoam.C:36:
/opt/openfoam5/src/OpenFOAM/lnInclude/FieldFieldFunctionsM.C:422:36: note: candidate: template<template<class> class Field> Foam::tmp<Foam::FieldField<Field, double> > Foam::operator+(const scalar&, const Foam::tmp<Foam::FieldField<Field, double> >&)
 tmp<FieldField<Field, ReturnType>> operator Op                                 \
                                    ^
/opt/openfoam5/src/OpenFOAM/lnInclude/FieldFieldFunctionsM.C:487:5: note: in expansion of macro 'BINARY_TYPE_OPERATOR_SF'
     BINARY_TYPE_OPERATOR_SF(ReturnType, Type1, Type2, Op, OpFunc)              \
     ^
/opt/openfoam5/src/OpenFOAM/lnInclude/scalarFieldField.C:85:1: note: in expansion of macro 'BINARY_TYPE_OPERATOR'
 BINARY_TYPE_OPERATOR(scalar, scalar, scalar, +, add)
 ^
/opt/openfoam5/src/OpenFOAM/lnInclude/FieldFieldFunctionsM.C:422:36: note:   template argument deduction/substitution failed:
 tmp<FieldField<Field, ReturnType>> operator Op                                 \
                                    ^
/opt/openfoam5/src/OpenFOAM/lnInclude/FieldFieldFunctionsM.C:487:5: note: in expansion of macro 'BINARY_TYPE_OPERATOR_SF'
     BINARY_TYPE_OPERATOR_SF(ReturnType, Type1, Type2, Op, OpFunc)              \
     ^
/opt/openfoam5/src/OpenFOAM/lnInclude/scalarFieldField.C:85:1: note: in expansion of macro 'BINARY_TYPE_OPERATOR'
 BINARY_TYPE_OPERATOR(scalar, scalar, scalar, +, add)
 ^
In file included from pamFoam.C:145:0:
./processModels/SIEqn.H:9:7: note:   cannot convert 'alphaLiquid' (type 'const volScalarField {aka const Foam::GeometricField<double, Foam::fvPatchField, Foam::volMesh>}') to type 'const scalar& {aka const double&}'
     + alphaLiquid*fSIXS*rhoHydrolysis
       ^
In file included from /opt/openfoam5/src/OpenFOAM/lnInclude/scalarFieldField.C:32:0,
                 from /opt/openfoam5/src/OpenFOAM/lnInclude/scalarFieldField.H:158,
                 from /opt/openfoam5/src/OpenFOAM/lnInclude/FieldFieldFunctions.H:26,
                 from /opt/openfoam5/src/OpenFOAM/lnInclude/FieldField.H:195,
                 from /opt/openfoam5/src/OpenFOAM/lnInclude/GeometricField.H:45,
                 from /opt/openfoam5/src/OpenFOAM/lnInclude/GeometricScalarField.H:38,
                 from /opt/openfoam5/src/OpenFOAM/lnInclude/GeometricFields.H:34,
                 from /opt/openfoam5/src/finiteVolume/lnInclude/volFields.H:37,
                 from /opt/openfoam5/src/finiteVolume/lnInclude/surfaceInterpolationScheme.C:27,
                 from /opt/openfoam5/src/finiteVolume/lnInclude/surfaceInterpolationScheme.H:307,
                 from /opt/openfoam5/src/finiteVolume/lnInclude/surfaceInterpolate.H:41,
                 from /opt/openfoam5/src/finiteVolume/lnInclude/fvc.H:39,
                 from /opt/openfoam5/src/finiteVolume/lnInclude/fvCFD.H:8,
                 from pamFoam.C:36:
/opt/openfoam5/src/OpenFOAM/lnInclude/FieldFieldFunctionsM.C:455:36: note: candidate: template<template<class> class Field> Foam::tmp<Foam::FieldField<Field, double> > Foam::operator+(const Foam::FieldField<Field, double>&, const scalar&)
 tmp<FieldField<Field, ReturnType>> operator Op                                 \
                                    ^
/opt/openfoam5/src/OpenFOAM/lnInclude/FieldFieldFunctionsM.C:488:5: note: in expansion of macro 'BINARY_TYPE_OPERATOR_FS'
     BINARY_TYPE_OPERATOR_FS(ReturnType, Type1, Type2, Op, OpFunc)
     ^
/opt/openfoam5/src/OpenFOAM/lnInclude/scalarFieldField.C:85:1: note: in expansion of macro 'BINARY_TYPE_OPERATOR'
 BINARY_TYPE_OPERATOR(scalar, scalar, scalar, +, add)
 ^
/opt/openfoam5/src/OpenFOAM/lnInclude/FieldFieldFunctionsM.C:455:36: note:   template argument deduction/substitution failed:
 tmp<FieldField<Field, ReturnType>> operator Op                                 \
                                    ^
/opt/openfoam5/src/OpenFOAM/lnInclude/FieldFieldFunctionsM.C:488:5: note: in expansion of macro 'BINARY_TYPE_OPERATOR_FS'
     BINARY_TYPE_OPERATOR_FS(ReturnType, Type1, Type2, Op, OpFunc)
     ^
/opt/openfoam5/src/OpenFOAM/lnInclude/scalarFieldField.C:85:1: note: in expansion of macro 'BINARY_TYPE_OPERATOR'
 BINARY_TYPE_OPERATOR(scalar, scalar, scalar, +, add)
 ^
In file included from pamFoam.C:145:0:
./processModels/SIEqn.H:9:7: note:   'const volScalarField {aka const Foam::GeometricField<double, Foam::fvPatchField, Foam::volMesh>}' is not derived from 'const Foam::FieldField<Field, double>'
     + alphaLiquid*fSIXS*rhoHydrolysis
       ^
In file included from /opt/openfoam5/src/OpenFOAM/lnInclude/scalarFieldField.C:32:0,
                 from /opt/openfoam5/src/OpenFOAM/lnInclude/scalarFieldField.H:158,
                 from /opt/openfoam5/src/OpenFOAM/lnInclude/FieldFieldFunctions.H:26,
                 from /opt/openfoam5/src/OpenFOAM/lnInclude/FieldField.H:195,
                 from /opt/openfoam5/src/OpenFOAM/lnInclude/GeometricField.H:45,
                 from /opt/openfoam5/src/OpenFOAM/lnInclude/GeometricScalarField.H:38,
                 from /opt/openfoam5/src/OpenFOAM/lnInclude/GeometricFields.H:34,
                 from /opt/openfoam5/src/finiteVolume/lnInclude/volFields.H:37,
                 from /opt/openfoam5/src/finiteVolume/lnInclude/surfaceInterpolationScheme.C:27,
                 from /opt/openfoam5/src/finiteVolume/lnInclude/surfaceInterpolationScheme.H:307,
                 from /opt/openfoam5/src/finiteVolume/lnInclude/surfaceInterpolate.H:41,
                 from /opt/openfoam5/src/finiteVolume/lnInclude/fvc.H:39,
                 from /opt/openfoam5/src/finiteVolume/lnInclude/fvCFD.H:8,
                 from pamFoam.C:36:
/opt/openfoam5/src/OpenFOAM/lnInclude/FieldFieldFunctionsM.C:470:36: note: candidate: template<template<class> class Field> Foam::tmp<Foam::FieldField<Field, double> > Foam::operator+(const Foam::tmp<Foam::FieldField<Field, double> >&, const scalar&)
 tmp<FieldField<Field, ReturnType>> operator Op                                 \
                                    ^
/opt/openfoam5/src/OpenFOAM/lnInclude/FieldFieldFunctionsM.C:488:5: note: in expansion of macro 'BINARY_TYPE_OPERATOR_FS'
     BINARY_TYPE_OPERATOR_FS(ReturnType, Type1, Type2, Op, OpFunc)
     ^
/opt/openfoam5/src/OpenFOAM/lnInclude/scalarFieldField.C:85:1: note: in expansion of macro 'BINARY_TYPE_OPERATOR'
 BINARY_TYPE_OPERATOR(scalar, scalar, scalar, +, add)
 ^
/opt/openfoam5/src/OpenFOAM/lnInclude/FieldFieldFunctionsM.C:470:36: note:   template argument deduction/substitution failed:
 tmp<FieldField<Field, ReturnType>> operator Op                                 \
                                    ^
/opt/openfoam5/src/OpenFOAM/lnInclude/FieldFieldFunctionsM.C:488:5: note: in expansion of macro 'BINARY_TYPE_OPERATOR_FS'
     BINARY_TYPE_OPERATOR_FS(ReturnType, Type1, Type2, Op, OpFunc)
     ^
/opt/openfoam5/src/OpenFOAM/lnInclude/scalarFieldField.C:85:1: note: in expansion of macro 'BINARY_TYPE_OPERATOR'
 BINARY_TYPE_OPERATOR(scalar, scalar, scalar, +, add)
 ^
In file included from pamFoam.C:145:0:
./processModels/SIEqn.H:9:7: note:   'const volScalarField {aka const Foam::GeometricField<double, Foam::fvPatchField, Foam::volMesh>}' is not derived from 'const Foam::tmp<Foam::FieldField<Field, double> >'
     + alphaLiquid*fSIXS*rhoHydrolysis
       ^
In file included from /opt/openfoam5/src/OpenFOAM/lnInclude/FieldField.C:390:0,
                 from /opt/openfoam5/src/OpenFOAM/lnInclude/FieldField.H:198,
                 from /opt/openfoam5/src/OpenFOAM/lnInclude/GeometricField.H:45,
                 from /opt/openfoam5/src/OpenFOAM/lnInclude/GeometricScalarField.H:38,
                 from /opt/openfoam5/src/OpenFOAM/lnInclude/GeometricFields.H:34,
                 from /opt/openfoam5/src/finiteVolume/lnInclude/volFields.H:37,
                 from /opt/openfoam5/src/finiteVolume/lnInclude/surfaceInterpolationScheme.C:27,
                 from /opt/openfoam5/src/finiteVolume/lnInclude/surfaceInterpolationScheme.H:307,
                 from /opt/openfoam5/src/finiteVolume/lnInclude/surfaceInterpolate.H:41,
                 from /opt/openfoam5/src/finiteVolume/lnInclude/fvc.H:39,
                 from /opt/openfoam5/src/finiteVolume/lnInclude/fvCFD.H:8,
                 from pamFoam.C:36:
/opt/openfoam5/src/OpenFOAM/lnInclude/FieldFieldFunctions.C:654:1: note: candidate: template<template<class> class Field1, template<class> class Field2, class Type1, class Type2> Foam::tmp<Foam::FieldField<Field1, typename Foam::typeOfSum<Type1, Type2>::type> > Foam::operator+(const Foam::FieldField<Field, Type1>&, const Foam::FieldField<Field2, Type2>&)
 operator op                                                                    \
 ^
/opt/openfoam5/src/OpenFOAM/lnInclude/FieldFieldFunctions.C:901:1: note: in expansion of macro 'PRODUCT_OPERATOR'
 PRODUCT_OPERATOR(typeOfSum, +, add)
 ^
/opt/openfoam5/src/OpenFOAM/lnInclude/FieldFieldFunctions.C:654:1: note:   template argument deduction/substitution failed:
 operator op                                                                    \
 ^
/opt/openfoam5/src/OpenFOAM/lnInclude/FieldFieldFunctions.C:901:1: note: in expansion of macro 'PRODUCT_OPERATOR'
 PRODUCT_OPERATOR(typeOfSum, +, add)
 ^
In file included from pamFoam.C:145:0:
./processModels/SIEqn.H:9:7: note:   'const volScalarField {aka const Foam::GeometricField<double, Foam::fvPatchField, Foam::volMesh>}' is not derived from 'const Foam::FieldField<Field, Type1>'
     + alphaLiquid*fSIXS*rhoHydrolysis
       ^
In file included from /opt/openfoam5/src/OpenFOAM/lnInclude/FieldField.C:390:0,
                 from /opt/openfoam5/src/OpenFOAM/lnInclude/FieldField.H:198,
                 from /opt/openfoam5/src/OpenFOAM/lnInclude/GeometricField.H:45,
                 from /opt/openfoam5/src/OpenFOAM/lnInclude/GeometricScalarField.H:38,
                 from /opt/openfoam5/src/OpenFOAM/lnInclude/GeometricFields.H:34,
                 from /opt/openfoam5/src/finiteVolume/lnInclude/volFields.H:37,
                 from /opt/openfoam5/src/finiteVolume/lnInclude/surfaceInterpolationScheme.C:27,
                 from /opt/openfoam5/src/finiteVolume/lnInclude/surfaceInterpolationScheme.H:307,
                 from /opt/openfoam5/src/finiteVolume/lnInclude/surfaceInterpolate.H:41,
                 from /opt/openfoam5/src/finiteVolume/lnInclude/fvc.H:39,
                 from /opt/openfoam5/src/finiteVolume/lnInclude/fvCFD.H:8,
                 from pamFoam.C:36:
/opt/openfoam5/src/OpenFOAM/lnInclude/FieldFieldFunctions.C:671:1: note: candidate: template<template<class> class Field, class Type1, class Type2> Foam::tmp<Foam::FieldField<Field, typename Foam::typeOfSum<Type1, Type2>::type> > Foam::operator+(const Foam::FieldField<Field, Type>&, const Foam::tmp<Foam::FieldField<Field, Type1> >&)
 operator op                                                                    \
 ^
/opt/openfoam5/src/OpenFOAM/lnInclude/FieldFieldFunctions.C:901:1: note: in expansion of macro 'PRODUCT_OPERATOR'
 PRODUCT_OPERATOR(typeOfSum, +, add)
 ^
/opt/openfoam5/src/OpenFOAM/lnInclude/FieldFieldFunctions.C:671:1: note:   template argument deduction/substitution failed:
 operator op                                                                    \
 ^
/opt/openfoam5/src/OpenFOAM/lnInclude/FieldFieldFunctions.C:901:1: note: in expansion of macro 'PRODUCT_OPERATOR'
 PRODUCT_OPERATOR(typeOfSum, +, add)
 ^
In file included from pamFoam.C:145:0:
./processModels/SIEqn.H:9:7: note:   'const volScalarField {aka const Foam::GeometricField<double, Foam::fvPatchField, Foam::volMesh>}' is not derived from 'const Foam::FieldField<Field, Type>'
     + alphaLiquid*fSIXS*rhoHydrolysis
       ^
In file included from /opt/openfoam5/src/OpenFOAM/lnInclude/FieldField.H:195:0,
                 from /opt/openfoam5/src/OpenFOAM/lnInclude/GeometricField.H:45,
                 from /opt/openfoam5/src/OpenFOAM/lnInclude/GeometricScalarField.H:38,
                 from /opt/openfoam5/src/OpenFOAM/lnInclude/GeometricFields.H:34,
                 from /opt/openfoam5/src/finiteVolume/lnInclude/volFields.H:37,
                 from /opt/openfoam5/src/finiteVolume/lnInclude/surfaceInterpolationScheme.C:27,
                 from /opt/openfoam5/src/finiteVolume/lnInclude/surfaceInterpolationScheme.H:307,
                 from /opt/openfoam5/src/finiteVolume/lnInclude/surfaceInterpolate.H:41,
                 from /opt/openfoam5/src/finiteVolume/lnInclude/fvc.H:39,
                 from /opt/openfoam5/src/finiteVolume/lnInclude/fvCFD.H:8,
                 from pamFoam.C:36:
/opt/openfoam5/src/OpenFOAM/lnInclude/FieldFieldFunctions.H:314:1: note: candidate: template<template<class> class Field1, template<class> class Field2, class Type1, class Type2> Foam::tmp<Foam::FieldField<Field1, typename Foam::typeOfSum<Type1, Type2>::type> > Foam::operator+(const Foam::FieldField<Field, Type1>&, const Foam::tmp<Foam::FieldField<Field2, Type2> >&)
 operator op                                                                    \
 ^
/opt/openfoam5/src/OpenFOAM/lnInclude/FieldFieldFunctions.H:438:1: note: in expansion of macro 'PRODUCT_OPERATOR'
 PRODUCT_OPERATOR(typeOfSum, +, add)
 ^
/opt/openfoam5/src/OpenFOAM/lnInclude/FieldFieldFunctions.H:314:1: note:   template argument deduction/substitution failed:
 operator op                                                                    \
 ^
/opt/openfoam5/src/OpenFOAM/lnInclude/FieldFieldFunctions.H:438:1: note: in expansion of macro 'PRODUCT_OPERATOR'
 PRODUCT_OPERATOR(typeOfSum, +, add)
 ^
In file included from pamFoam.C:145:0:
./processModels/SIEqn.H:9:7: note:   'const volScalarField {aka const Foam::GeometricField<double, Foam::fvPatchField, Foam::volMesh>}' is not derived from 'const Foam::FieldField<Field, Type1>'
     + alphaLiquid*fSIXS*rhoHydrolysis
       ^
In file included from /opt/openfoam5/src/OpenFOAM/lnInclude/FieldField.C:390:0,
                 from /opt/openfoam5/src/OpenFOAM/lnInclude/FieldField.H:198,
                 from /opt/openfoam5/src/OpenFOAM/lnInclude/GeometricField.H:45,
                 from /opt/openfoam5/src/OpenFOAM/lnInclude/GeometricScalarField.H:38,
                 from /opt/openfoam5/src/OpenFOAM/lnInclude/GeometricFields.H:34,
                 from /opt/openfoam5/src/finiteVolume/lnInclude/volFields.H:37,
                 from /opt/openfoam5/src/finiteVolume/lnInclude/surfaceInterpolationScheme.C:27,
                 from /opt/openfoam5/src/finiteVolume/lnInclude/surfaceInterpolationScheme.H:307,
                 from /opt/openfoam5/src/finiteVolume/lnInclude/surfaceInterpolate.H:41,
                 from /opt/openfoam5/src/finiteVolume/lnInclude/fvc.H:39,
                 from /opt/openfoam5/src/finiteVolume/lnInclude/fvCFD.H:8,
                 from pamFoam.C:36:
/opt/openfoam5/src/OpenFOAM/lnInclude/FieldFieldFunctions.C:719:1: note: candidate: template<template<class> class Field1, template<class> class Field2, class Type1, class Type2> Foam::tmp<Foam::FieldField<Field1, typename Foam::typeOfSum<Type1, Type2>::type> > Foam::operator+(const Foam::tmp<Foam::FieldField<Field, Type1> >&, const Foam::FieldField<Field2, Type2>&)
 operator op                                                                    \
 ^
/opt/openfoam5/src/OpenFOAM/lnInclude/FieldFieldFunctions.C:901:1: note: in expansion of macro 'PRODUCT_OPERATOR'
 PRODUCT_OPERATOR(typeOfSum, +, add)
 ^
/opt/openfoam5/src/OpenFOAM/lnInclude/FieldFieldFunctions.C:719:1: note:   template argument deduction/substitution failed:
 operator op                                                                    \
 ^
/opt/openfoam5/src/OpenFOAM/lnInclude/FieldFieldFunctions.C:901:1: note: in expansion of macro 'PRODUCT_OPERATOR'
 PRODUCT_OPERATOR(typeOfSum, +, add)
 ^
In file included from pamFoam.C:145:0:
./processModels/SIEqn.H:9:7: note:   'const volScalarField {aka const Foam::GeometricField<double, Foam::fvPatchField, Foam::volMesh>}' is not derived from 'const Foam::tmp<Foam::FieldField<Field, Type1> >'
     + alphaLiquid*fSIXS*rhoHydrolysis
       ^
In file included from /opt/openfoam5/src/OpenFOAM/lnInclude/FieldField.C:390:0,
                 from /opt/openfoam5/src/OpenFOAM/lnInclude/FieldField.H:198,
                 from /opt/openfoam5/src/OpenFOAM/lnInclude/GeometricField.H:45,
                 from /opt/openfoam5/src/OpenFOAM/lnInclude/GeometricScalarField.H:38,
                 from /opt/openfoam5/src/OpenFOAM/lnInclude/GeometricFields.H:34,
                 from /opt/openfoam5/src/finiteVolume/lnInclude/volFields.H:37,
                 from /opt/openfoam5/src/finiteVolume/lnInclude/surfaceInterpolationScheme.C:27,
                 from /opt/openfoam5/src/finiteVolume/lnInclude/surfaceInterpolationScheme.H:307,
                 from /opt/openfoam5/src/finiteVolume/lnInclude/surfaceInterpolate.H:41,
                 from /opt/openfoam5/src/finiteVolume/lnInclude/fvc.H:39,
                 from /opt/openfoam5/src/finiteVolume/lnInclude/fvCFD.H:8,
                 from pamFoam.C:36:
/opt/openfoam5/src/OpenFOAM/lnInclude/FieldFieldFunctions.C:743:1: note: candidate: template<template<class> class Field1, template<class> class Field2, class Type1, class Type2> Foam::tmp<Foam::FieldField<Field1, typename Foam::typeOfSum<Type1, Type2>::type> > Foam::operator+(const Foam::tmp<Foam::FieldField<Field, Type1> >&, const Foam::tmp<Foam::FieldField<Field2, Type2> >&)
 operator op                                                                    \
 ^
/opt/openfoam5/src/OpenFOAM/lnInclude/FieldFieldFunctions.C:901:1: note: in expansion of macro 'PRODUCT_OPERATOR'
 PRODUCT_OPERATOR(typeOfSum, +, add)
 ^
/opt/openfoam5/src/OpenFOAM/lnInclude/FieldFieldFunctions.C:743:1: note:   template argument deduction/substitution failed:
 operator op                                                                    \
 ^
/opt/openfoam5/src/OpenFOAM/lnInclude/FieldFieldFunctions.C:901:1: note: in expansion of macro 'PRODUCT_OPERATOR'
 PRODUCT_OPERATOR(typeOfSum, +, add)
 ^
In file included from pamFoam.C:145:0:
./processModels/SIEqn.H:9:7: note:   'const volScalarField {aka const Foam::GeometricField<double, Foam::fvPatchField, Foam::volMesh>}' is not derived from 'const Foam::tmp<Foam::FieldField<Field, Type1> >'
     + alphaLiquid*fSIXS*rhoHydrolysis
       ^
In file included from /opt/openfoam5/src/OpenFOAM/lnInclude/FieldField.C:390:0,
                 from /opt/openfoam5/src/OpenFOAM/lnInclude/FieldField.H:198,
                 from /opt/openfoam5/src/OpenFOAM/lnInclude/GeometricField.H:45,
                 from /opt/openfoam5/src/OpenFOAM/lnInclude/GeometricScalarField.H:38,
                 from /opt/openfoam5/src/OpenFOAM/lnInclude/GeometricFields.H:34,
                 from /opt/openfoam5/src/finiteVolume/lnInclude/volFields.H:37,
                 from /opt/openfoam5/src/finiteVolume/lnInclude/surfaceInterpolationScheme.C:27,
                 from /opt/openfoam5/src/finiteVolume/lnInclude/surfaceInterpolationScheme.H:307,
                 from /opt/openfoam5/src/finiteVolume/lnInclude/surfaceInterpolate.H:41,
                 from /opt/openfoam5/src/finiteVolume/lnInclude/fvc.H:39,
                 from /opt/openfoam5/src/finiteVolume/lnInclude/fvCFD.H:8,
                 from pamFoam.C:36:
/opt/openfoam5/src/OpenFOAM/lnInclude/FieldFieldFunctions.C:791:1: note: candidate: template<template<class> class Field, class Type, class Form, class Cmpt, unsigned char nCmpt> Foam::tmp<Foam::FieldField<Field, typename Foam::typeOfSum<Type1, Type2>::type> > Foam::operator+(const Foam::FieldField<Field, Type>&, const Foam::VectorSpace<Form, Cmpt, nCmpt>&)
 operator op                                                                    \
 ^
/opt/openfoam5/src/OpenFOAM/lnInclude/FieldFieldFunctions.C:901:1: note: in expansion of macro 'PRODUCT_OPERATOR'
 PRODUCT_OPERATOR(typeOfSum, +, add)
 ^
/opt/openfoam5/src/OpenFOAM/lnInclude/FieldFieldFunctions.C:791:1: note:   template argument deduction/substitution failed:
 operator op                                                                    \
 ^
/opt/openfoam5/src/OpenFOAM/lnInclude/FieldFieldFunctions.C:901:1: note: in expansion of macro 'PRODUCT_OPERATOR'
 PRODUCT_OPERATOR(typeOfSum, +, add)
 ^
In file included from pamFoam.C:145:0:
./processModels/SIEqn.H:9:7: note:   'const volScalarField {aka const Foam::GeometricField<double, Foam::fvPatchField, Foam::volMesh>}' is not derived from 'const Foam::FieldField<Field, Type>'
     + alphaLiquid*fSIXS*rhoHydrolysis
       ^
In file included from /opt/openfoam5/src/OpenFOAM/lnInclude/FieldField.C:390:0,
                 from /opt/openfoam5/src/OpenFOAM/lnInclude/FieldField.H:198,
                 from /opt/openfoam5/src/OpenFOAM/lnInclude/GeometricField.H:45,
                 from /opt/openfoam5/src/OpenFOAM/lnInclude/GeometricScalarField.H:38,
                 from /opt/openfoam5/src/OpenFOAM/lnInclude/GeometricFields.H:34,
                 from /opt/openfoam5/src/finiteVolume/lnInclude/volFields.H:37,
                 from /opt/openfoam5/src/finiteVolume/lnInclude/surfaceInterpolationScheme.C:27,
                 from /opt/openfoam5/src/finiteVolume/lnInclude/surfaceInterpolationScheme.H:307,
                 from /opt/openfoam5/src/finiteVolume/lnInclude/surfaceInterpolate.H:41,
                 from /opt/openfoam5/src/finiteVolume/lnInclude/fvc.H:39,
                 from /opt/openfoam5/src/finiteVolume/lnInclude/fvCFD.H:8,
                 from pamFoam.C:36:
/opt/openfoam5/src/OpenFOAM/lnInclude/FieldFieldFunctions.C:815:1: note: candidate: template<template<class> class Field, class Type, class Form, class Cmpt, unsigned char nCmpt> Foam::tmp<Foam::FieldField<Field, typename Foam::typeOfSum<Type1, Type2>::type> > Foam::operator+(const Foam::tmp<Foam::FieldField<Field, Type> >&, const Foam::VectorSpace<Form, Cmpt, nCmpt>&)
 operator op                                                                    \
 ^
/opt/openfoam5/src/OpenFOAM/lnInclude/FieldFieldFunctions.C:901:1: note: in expansion of macro 'PRODUCT_OPERATOR'
 PRODUCT_OPERATOR(typeOfSum, +, add)
 ^
/opt/openfoam5/src/OpenFOAM/lnInclude/FieldFieldFunctions.C:815:1: note:   template argument deduction/substitution failed:
 operator op                                                                    \
 ^
/opt/openfoam5/src/OpenFOAM/lnInclude/FieldFieldFunctions.C:901:1: note: in expansion of macro 'PRODUCT_OPERATOR'
 PRODUCT_OPERATOR(typeOfSum, +, add)
 ^
In file included from pamFoam.C:145:0:
./processModels/SIEqn.H:9:7: note:   'const volScalarField {aka const Foam::GeometricField<double, Foam::fvPatchField, Foam::volMesh>}' is not derived from 'const Foam::tmp<Foam::FieldField<Field, Type> >'
     + alphaLiquid*fSIXS*rhoHydrolysis
       ^
In file included from /opt/openfoam5/src/OpenFOAM/lnInclude/FieldField.C:390:0,
                 from /opt/openfoam5/src/OpenFOAM/lnInclude/FieldField.H:198,
                 from /opt/openfoam5/src/OpenFOAM/lnInclude/GeometricField.H:45,
                 from /opt/openfoam5/src/OpenFOAM/lnInclude/GeometricScalarField.H:38,
                 from /opt/openfoam5/src/OpenFOAM/lnInclude/GeometricFields.H:34,
                 from /opt/openfoam5/src/finiteVolume/lnInclude/volFields.H:37,
                 from /opt/openfoam5/src/finiteVolume/lnInclude/surfaceInterpolationScheme.C:27,
                 from /opt/openfoam5/src/finiteVolume/lnInclude/surfaceInterpolationScheme.H:307,
                 from /opt/openfoam5/src/finiteVolume/lnInclude/surfaceInterpolate.H:41,
                 from /opt/openfoam5/src/finiteVolume/lnInclude/fvc.H:39,
                 from /opt/openfoam5/src/finiteVolume/lnInclude/fvCFD.H:8,
                 from pamFoam.C:36:
/opt/openfoam5/src/OpenFOAM/lnInclude/FieldFieldFunctions.C:861:1: note: candidate: template<template<class> class Field, class Type, class Form, class Cmpt, unsigned char nCmpt> Foam::tmp<Foam::FieldField<Field, typename Foam::typeOfSum<Form, Type>::type> > Foam::operator+(const Foam::VectorSpace<Form, Cmpt, nCmpt>&, const Foam::FieldField<Field, Type>&)
 operator op                                                                    \
 ^
/opt/openfoam5/src/OpenFOAM/lnInclude/FieldFieldFunctions.C:901:1: note: in expansion of macro 'PRODUCT_OPERATOR'
 PRODUCT_OPERATOR(typeOfSum, +, add)
 ^
/opt/openfoam5/src/OpenFOAM/lnInclude/FieldFieldFunctions.C:861:1: note:   template argument deduction/substitution failed:
 operator op                                                                    \
 ^
/opt/openfoam5/src/OpenFOAM/lnInclude/FieldFieldFunctions.C:901:1: note: in expansion of macro 'PRODUCT_OPERATOR'
 PRODUCT_OPERATOR(typeOfSum, +, add)
 ^
In file included from pamFoam.C:145:0:
./processModels/SIEqn.H:9:7: note:   'const volScalarField {aka const Foam::GeometricField<double, Foam::fvPatchField, Foam::volMesh>}' is not derived from 'const Foam::VectorSpace<Form, Cmpt, nCmpt>'
     + alphaLiquid*fSIXS*rhoHydrolysis
       ^
In file included from /opt/openfoam5/src/OpenFOAM/lnInclude/FieldField.C:390:0,
                 from /opt/openfoam5/src/OpenFOAM/lnInclude/FieldField.H:198,
                 from /opt/openfoam5/src/OpenFOAM/lnInclude/GeometricField.H:45,
                 from /opt/openfoam5/src/OpenFOAM/lnInclude/GeometricScalarField.H:38,
                 from /opt/openfoam5/src/OpenFOAM/lnInclude/GeometricFields.H:34,
                 from /opt/openfoam5/src/finiteVolume/lnInclude/volFields.H:37,
                 from /opt/openfoam5/src/finiteVolume/lnInclude/surfaceInterpolationScheme.C:27,
                 from /opt/openfoam5/src/finiteVolume/lnInclude/surfaceInterpolationScheme.H:307,
                 from /opt/openfoam5/src/finiteVolume/lnInclude/surfaceInterpolate.H:41,
                 from /opt/openfoam5/src/finiteVolume/lnInclude/fvc.H:39,
                 from /opt/openfoam5/src/finiteVolume/lnInclude/fvCFD.H:8,
                 from pamFoam.C:36:
/opt/openfoam5/src/OpenFOAM/lnInclude/FieldFieldFunctions.C:885:1: note: candidate: template<template<class> class Field, class Type, class Form, class Cmpt, unsigned char nCmpt> Foam::tmp<Foam::FieldField<Field, typename Foam::typeOfSum<Form, Type>::type> > Foam::operator+(const Foam::VectorSpace<Form, Cmpt, nCmpt>&, const Foam::tmp<Foam::FieldField<Field, Type> >&)
 operator op                                                                    \
 ^
/opt/openfoam5/src/OpenFOAM/lnInclude/FieldFieldFunctions.C:901:1: note: in expansion of macro 'PRODUCT_OPERATOR'
 PRODUCT_OPERATOR(typeOfSum, +, add)
 ^
/opt/openfoam5/src/OpenFOAM/lnInclude/FieldFieldFunctions.C:885:1: note:   template argument deduction/substitution failed:
 operator op                                                                    \
 ^
/opt/openfoam5/src/OpenFOAM/lnInclude/FieldFieldFunctions.C:901:1: note: in expansion of macro 'PRODUCT_OPERATOR'
 PRODUCT_OPERATOR(typeOfSum, +, add)
 ^
In file included from pamFoam.C:145:0:
./processModels/SIEqn.H:9:7: note:   'const volScalarField {aka const Foam::GeometricField<double, Foam::fvPatchField, Foam::volMesh>}' is not derived from 'const Foam::VectorSpace<Form, Cmpt, nCmpt>'
     + alphaLiquid*fSIXS*rhoHydrolysis
       ^
In file included from /opt/openfoam5/src/OpenFOAM/lnInclude/FieldField.C:390:0,
                 from /opt/openfoam5/src/OpenFOAM/lnInclude/FieldField.H:198,
                 from /opt/openfoam5/src/OpenFOAM/lnInclude/GeometricField.H:45,
                 from /opt/openfoam5/src/OpenFOAM/lnInclude/GeometricScalarField.H:38,
                 from /opt/openfoam5/src/OpenFOAM/lnInclude/GeometricFields.H:34,
                 from /opt/openfoam5/src/finiteVolume/lnInclude/volFields.H:37,
                 from /opt/openfoam5/src/finiteVolume/lnInclude/surfaceInterpolationScheme.C:27,
                 from /opt/openfoam5/src/finiteVolume/lnInclude/surfaceInterpolationScheme.H:307,
                 from /opt/openfoam5/src/finiteVolume/lnInclude/surfaceInterpolate.H:41,
                 from /opt/openfoam5/src/finiteVolume/lnInclude/fvc.H:39,
                 from /opt/openfoam5/src/finiteVolume/lnInclude/fvCFD.H:8,
                 from pamFoam.C:36:
/opt/openfoam5/src/OpenFOAM/lnInclude/FieldFieldFunctions.C:695:1: note: candidate: template<template<class> class Field1, template<class> class Field2, class Type1, class Type2> Foam::tmp<Foam::FieldField<Foam::Field, typename Foam::typeOfSum<Type1, Type2>::type> > Foam::operator+(const Foam::FieldField<Field, Type1>&, const Foam::tmp<Foam::FieldField<Field2, Type2> >&)
 operator op                                                                    \
 ^
/opt/openfoam5/src/OpenFOAM/lnInclude/FieldFieldFunctions.C:901:1: note: in expansion of macro 'PRODUCT_OPERATOR'
 PRODUCT_OPERATOR(typeOfSum, +, add)
 ^
/opt/openfoam5/src/OpenFOAM/lnInclude/FieldFieldFunctions.C:695:1: note:   template argument deduction/substitution failed:
 operator op                                                                    \
 ^
/opt/openfoam5/src/OpenFOAM/lnInclude/FieldFieldFunctions.C:901:1: note: in expansion of macro 'PRODUCT_OPERATOR'
 PRODUCT_OPERATOR(typeOfSum, +, add)
 ^
In file included from pamFoam.C:145:0:
./processModels/SIEqn.H:9:7: note:   'const volScalarField {aka const Foam::GeometricField<double, Foam::fvPatchField, Foam::volMesh>}' is not derived from 'const Foam::FieldField<Field, Type1>'
     + alphaLiquid*fSIXS*rhoHydrolysis
       ^
In file included from /opt/openfoam5/src/OpenFOAM/lnInclude/DiagTensor.H:115:0,
                 from /opt/openfoam5/src/OpenFOAM/lnInclude/diagTensor.H:38,
                 from /opt/openfoam5/src/OpenFOAM/lnInclude/diagTensorField.H:39,
                 from /opt/openfoam5/src/OpenFOAM/lnInclude/coupledPolyPatch.H:41,
                 from /opt/openfoam5/src/OpenFOAM/lnInclude/processorPolyPatch.H:42,
                 from /opt/openfoam5/src/OpenFOAM/lnInclude/processorTopology.H:30,
                 from /opt/openfoam5/src/OpenFOAM/lnInclude/globalMeshData.H:84,
                 from /opt/openfoam5/src/OpenFOAM/lnInclude/GeometricBoundaryField.C:28,
                 from /opt/openfoam5/src/OpenFOAM/lnInclude/GeometricField.C:1352,
                 from /opt/openfoam5/src/OpenFOAM/lnInclude/GeometricField.H:660,
                 from /opt/openfoam5/src/OpenFOAM/lnInclude/GeometricScalarField.H:38,
                 from /opt/openfoam5/src/OpenFOAM/lnInclude/GeometricFields.H:34,
                 from /opt/openfoam5/src/finiteVolume/lnInclude/volFields.H:37,
                 from /opt/openfoam5/src/finiteVolume/lnInclude/surfaceInterpolationScheme.C:27,
                 from /opt/openfoam5/src/finiteVolume/lnInclude/surfaceInterpolationScheme.H:307,
                 from /opt/openfoam5/src/finiteVolume/lnInclude/surfaceInterpolate.H:41,
                 from /opt/openfoam5/src/finiteVolume/lnInclude/fvc.H:39,
                 from /opt/openfoam5/src/finiteVolume/lnInclude/fvCFD.H:8,
                 from pamFoam.C:36:
/opt/openfoam5/src/OpenFOAM/lnInclude/DiagTensorI.H:124:1: note: candidate: template<class Cmpt> Foam::Tensor<Cmpt> Foam::operator+(const Foam::DiagTensor<Cmpt>&, const Foam::Tensor<Cmpt>&)
 operator+(const DiagTensor<Cmpt>& dt1, const Tensor<Cmpt>& t2)
 ^
/opt/openfoam5/src/OpenFOAM/lnInclude/DiagTensorI.H:124:1: note:   template argument deduction/substitution failed:
In file included from pamFoam.C:145:0:
./processModels/SIEqn.H:9:7: note:   'const volScalarField {aka const Foam::GeometricField<double, Foam::fvPatchField, Foam::volMesh>}' is not derived from 'const Foam::DiagTensor<Cmpt>'
     + alphaLiquid*fSIXS*rhoHydrolysis
       ^
In file included from /opt/openfoam5/src/OpenFOAM/lnInclude/DiagTensor.H:115:0,
                 from /opt/openfoam5/src/OpenFOAM/lnInclude/diagTensor.H:38,
                 from /opt/openfoam5/src/OpenFOAM/lnInclude/diagTensorField.H:39,
                 from /opt/openfoam5/src/OpenFOAM/lnInclude/coupledPolyPatch.H:41,
                 from /opt/openfoam5/src/OpenFOAM/lnInclude/processorPolyPatch.H:42,
                 from /opt/openfoam5/src/OpenFOAM/lnInclude/processorTopology.H:30,
                 from /opt/openfoam5/src/OpenFOAM/lnInclude/globalMeshData.H:84,
                 from /opt/openfoam5/src/OpenFOAM/lnInclude/GeometricBoundaryField.C:28,
                 from /opt/openfoam5/src/OpenFOAM/lnInclude/GeometricField.C:1352,
                 from /opt/openfoam5/src/OpenFOAM/lnInclude/GeometricField.H:660,
                 from /opt/openfoam5/src/OpenFOAM/lnInclude/GeometricScalarField.H:38,
                 from /opt/openfoam5/src/OpenFOAM/lnInclude/GeometricFields.H:34,
                 from /opt/openfoam5/src/finiteVolume/lnInclude/volFields.H:37,
                 from /opt/openfoam5/src/finiteVolume/lnInclude/surfaceInterpolationScheme.C:27,
                 from /opt/openfoam5/src/finiteVolume/lnInclude/surfaceInterpolationScheme.H:307,
                 from /opt/openfoam5/src/finiteVolume/lnInclude/surfaceInterpolate.H:41,
                 from /opt/openfoam5/src/finiteVolume/lnInclude/fvc.H:39,
                 from /opt/openfoam5/src/finiteVolume/lnInclude/fvCFD.H:8,
                 from pamFoam.C:36:
/opt/openfoam5/src/OpenFOAM/lnInclude/DiagTensorI.H:137:1: note: candidate: template<class Cmpt> Foam::Tensor<Cmpt> Foam::operator+(const Foam::Tensor<Cmpt>&, const Foam::DiagTensor<Cmpt>&)
 operator+(const Tensor<Cmpt>& t1, const DiagTensor<Cmpt>& dt2)
 ^
/opt/openfoam5/src/OpenFOAM/lnInclude/DiagTensorI.H:137:1: note:   template argument deduction/substitution failed:
In file included from pamFoam.C:145:0:
./processModels/SIEqn.H:9:7: note:   'const volScalarField {aka const Foam::GeometricField<double, Foam::fvPatchField, Foam::volMesh>}' is not derived from 'const Foam::Tensor<Cmpt>'
     + alphaLiquid*fSIXS*rhoHydrolysis
       ^
In file included from /opt/openfoam5/src/OpenFOAM/lnInclude/diagTensorField.H:42:0,
                 from /opt/openfoam5/src/OpenFOAM/lnInclude/coupledPolyPatch.H:41,
                 from /opt/openfoam5/src/OpenFOAM/lnInclude/processorPolyPatch.H:42,
                 from /opt/openfoam5/src/OpenFOAM/lnInclude/processorTopology.H:30,
                 from /opt/openfoam5/src/OpenFOAM/lnInclude/globalMeshData.H:84,
                 from /opt/openfoam5/src/OpenFOAM/lnInclude/GeometricBoundaryField.C:28,
                 from /opt/openfoam5/src/OpenFOAM/lnInclude/GeometricField.C:1352,
                 from /opt/openfoam5/src/OpenFOAM/lnInclude/GeometricField.H:660,
                 from /opt/openfoam5/src/OpenFOAM/lnInclude/GeometricScalarField.H:38,
                 from /opt/openfoam5/src/OpenFOAM/lnInclude/GeometricFields.H:34,
                 from /opt/openfoam5/src/finiteVolume/lnInclude/volFields.H:37,
                 from /opt/openfoam5/src/finiteVolume/lnInclude/surfaceInterpolationScheme.C:27,
                 from /opt/openfoam5/src/finiteVolume/lnInclude/surfaceInterpolationScheme.H:307,
                 from /opt/openfoam5/src/finiteVolume/lnInclude/surfaceInterpolate.H:41,
                 from /opt/openfoam5/src/finiteVolume/lnInclude/fvc.H:39,
                 from /opt/openfoam5/src/finiteVolume/lnInclude/fvCFD.H:8,
                 from pamFoam.C:36:
/opt/openfoam5/src/OpenFOAM/lnInclude/FieldFunctionsM.H:166:24: note: candidate: Foam::tmp<Foam::Field<Foam::Tensor<double> > > Foam::operator+(const Foam::UList<Foam::DiagTensor<double> >&, const Foam::UList<Foam::Tensor<double> >&)
 tmp<Field<ReturnType>> operator Op                                             \
                        ^
/opt/openfoam5/src/OpenFOAM/lnInclude/diagTensorField.H:60:1: note: in expansion of macro 'BINARY_OPERATOR'
 BINARY_OPERATOR(tensor, diagTensor, tensor, +, add)
 ^
/opt/openfoam5/src/OpenFOAM/lnInclude/FieldFunctionsM.H:166:24: note:   candidate expects 2 arguments, 1 provided
 tmp<Field<ReturnType>> operator Op                                             \
                        ^
/opt/openfoam5/src/OpenFOAM/lnInclude/diagTensorField.H:60:1: note: in expansion of macro 'BINARY_OPERATOR'
 BINARY_OPERATOR(tensor, diagTensor, tensor, +, add)
 ^
/opt/openfoam5/src/OpenFOAM/lnInclude/FieldFunctionsM.H:173:24: note: candidate: Foam::tmp<Foam::Field<Foam::Tensor<double> > > Foam::operator+(const Foam::UList<Foam::DiagTensor<double> >&, const Foam::tmp<Foam::Field<Foam::Tensor<double> > >&)
 tmp<Field<ReturnType>> operator Op                                             \
                        ^
/opt/openfoam5/src/OpenFOAM/lnInclude/diagTensorField.H:60:1: note: in expansion of macro 'BINARY_OPERATOR'
 BINARY_OPERATOR(tensor, diagTensor, tensor, +, add)
 ^
/opt/openfoam5/src/OpenFOAM/lnInclude/FieldFunctionsM.H:173:24: note:   candidate expects 2 arguments, 1 provided
 tmp<Field<ReturnType>> operator Op                                             \
                        ^
/opt/openfoam5/src/OpenFOAM/lnInclude/diagTensorField.H:60:1: note: in expansion of macro 'BINARY_OPERATOR'
 BINARY_OPERATOR(tensor, diagTensor, tensor, +, add)
 ^
/opt/openfoam5/src/OpenFOAM/lnInclude/FieldFunctionsM.H:180:24: note: candidate: Foam::tmp<Foam::Field<Foam::Tensor<double> > > Foam::operator+(const Foam::tmp<Foam::Field<Foam::DiagTensor<double> > >&, const Foam::UList<Foam::Tensor<double> >&)
 tmp<Field<ReturnType>> operator Op                                             \
                        ^
/opt/openfoam5/src/OpenFOAM/lnInclude/diagTensorField.H:60:1: note: in expansion of macro 'BINARY_OPERATOR'
 BINARY_OPERATOR(tensor, diagTensor, tensor, +, add)
 ^
/opt/openfoam5/src/OpenFOAM/lnInclude/FieldFunctionsM.H:180:24: note:   candidate expects 2 arguments, 1 provided
 tmp<Field<ReturnType>> operator Op                                             \
                        ^
/opt/openfoam5/src/OpenFOAM/lnInclude/diagTensorField.H:60:1: note: in expansion of macro 'BINARY_OPERATOR'
 BINARY_OPERATOR(tensor, diagTensor, tensor, +, add)
 ^
/opt/openfoam5/src/OpenFOAM/lnInclude/FieldFunctionsM.H:187:24: note: candidate: Foam::tmp<Foam::Field<Foam::Tensor<double> > > Foam::operator+(const Foam::tmp<Foam::Field<Foam::DiagTensor<double> > >&, const Foam::tmp<Foam::Field<Foam::Tensor<double> > >&)
 tmp<Field<ReturnType>> operator Op                                             \
                        ^
/opt/openfoam5/src/OpenFOAM/lnInclude/diagTensorField.H:60:1: note: in expansion of macro 'BINARY_OPERATOR'
 BINARY_OPERATOR(tensor, diagTensor, tensor, +, add)
 ^
/opt/openfoam5/src/OpenFOAM/lnInclude/FieldFunctionsM.H:187:24: note:   candidate expects 2 arguments, 1 provided
 tmp<Field<ReturnType>> operator Op                                             \
                        ^
/opt/openfoam5/src/OpenFOAM/lnInclude/diagTensorField.H:60:1: note: in expansion of macro 'BINARY_OPERATOR'
 BINARY_OPERATOR(tensor, diagTensor, tensor, +, add)
 ^
/opt/openfoam5/src/OpenFOAM/lnInclude/FieldFunctionsM.H:207:24: note: candidate: Foam::tmp<Foam::Field<Foam::Tensor<double> > > Foam::operator+(const diagTensor&, const Foam::UList<Foam::Tensor<double> >&)
 tmp<Field<ReturnType>> operator Op                                             \
                        ^
/opt/openfoam5/src/OpenFOAM/lnInclude/FieldFunctionsM.H:247:5: note: in expansion of macro 'BINARY_TYPE_OPERATOR_SF'
     BINARY_TYPE_OPERATOR_SF(ReturnType, Type1, Type2, Op, OpFunc)              \
     ^
/opt/openfoam5/src/OpenFOAM/lnInclude/diagTensorField.H:63:1: note: in expansion of macro 'BINARY_TYPE_OPERATOR'
 BINARY_TYPE_OPERATOR(tensor, diagTensor, tensor, +, add)
 ^
/opt/openfoam5/src/OpenFOAM/lnInclude/FieldFunctionsM.H:207:24: note:   candidate expects 2 arguments, 1 provided
 tmp<Field<ReturnType>> operator Op                                             \
                        ^
/opt/openfoam5/src/OpenFOAM/lnInclude/FieldFunctionsM.H:247:5: note: in expansion of macro 'BINARY_TYPE_OPERATOR_SF'
     BINARY_TYPE_OPERATOR_SF(ReturnType, Type1, Type2, Op, OpFunc)              \
     ^
/opt/openfoam5/src/OpenFOAM/lnInclude/diagTensorField.H:63:1: note: in expansion of macro 'BINARY_TYPE_OPERATOR'
 BINARY_TYPE_OPERATOR(tensor, diagTensor, tensor, +, add)
 ^
/opt/openfoam5/src/OpenFOAM/lnInclude/FieldFunctionsM.H:214:24: note: candidate: Foam::tmp<Foam::Field<Foam::Tensor<double> > > Foam::operator+(const diagTensor&, const Foam::tmp<Foam::Field<Foam::Tensor<double> > >&)
 tmp<Field<ReturnType>> operator Op                                             \
                        ^
/opt/openfoam5/src/OpenFOAM/lnInclude/FieldFunctionsM.H:247:5: note: in expansion of macro 'BINARY_TYPE_OPERATOR_SF'
     BINARY_TYPE_OPERATOR_SF(ReturnType, Type1, Type2, Op, OpFunc)              \
     ^
/opt/openfoam5/src/OpenFOAM/lnInclude/diagTensorField.H:63:1: note: in expansion of macro 'BINARY_TYPE_OPERATOR'
 BINARY_TYPE_OPERATOR(tensor, diagTensor, tensor, +, add)
 ^
/opt/openfoam5/src/OpenFOAM/lnInclude/FieldFunctionsM.H:214:24: note:   candidate expects 2 arguments, 1 provided
 tmp<Field<ReturnType>> operator Op                                             \
                        ^
/opt/openfoam5/src/OpenFOAM/lnInclude/FieldFunctionsM.H:247:5: note: in expansion of macro 'BINARY_TYPE_OPERATOR_SF'
     BINARY_TYPE_OPERATOR_SF(ReturnType, Type1, Type2, Op, OpFunc)              \
     ^
/opt/openfoam5/src/OpenFOAM/lnInclude/diagTensorField.H:63:1: note: in expansion of macro 'BINARY_TYPE_OPERATOR'
 BINARY_TYPE_OPERATOR(tensor, diagTensor, tensor, +, add)
 ^
/opt/openfoam5/src/OpenFOAM/lnInclude/FieldFunctionsM.H:232:24: note: candidate: Foam::tmp<Foam::Field<Foam::Tensor<double> > > Foam::operator+(const Foam::UList<Foam::DiagTensor<double> >&, const tensor&)
 tmp<Field<ReturnType>> operator Op                                             \
                        ^
/opt/openfoam5/src/OpenFOAM/lnInclude/FieldFunctionsM.H:248:5: note: in expansion of macro 'BINARY_TYPE_OPERATOR_FS'
     BINARY_TYPE_OPERATOR_FS(ReturnType, Type1, Type2, Op, OpFunc)
     ^
/opt/openfoam5/src/OpenFOAM/lnInclude/diagTensorField.H:63:1: note: in expansion of macro 'BINARY_TYPE_OPERATOR'
 BINARY_TYPE_OPERATOR(tensor, diagTensor, tensor, +, add)
 ^
/opt/openfoam5/src/OpenFOAM/lnInclude/FieldFunctionsM.H:232:24: note:   candidate expects 2 arguments, 1 provided
 tmp<Field<ReturnType>> operator Op                                             \
                        ^
/opt/openfoam5/src/OpenFOAM/lnInclude/FieldFunctionsM.H:248:5: note: in expansion of macro 'BINARY_TYPE_OPERATOR_FS'
     BINARY_TYPE_OPERATOR_FS(ReturnType, Type1, Type2, Op, OpFunc)
     ^
/opt/openfoam5/src/OpenFOAM/lnInclude/diagTensorField.H:63:1: note: in expansion of macro 'BINARY_TYPE_OPERATOR'
 BINARY_TYPE_OPERATOR(tensor, diagTensor, tensor, +, add)
 ^
/opt/openfoam5/src/OpenFOAM/lnInclude/FieldFunctionsM.H:239:24: note: candidate: Foam::tmp<Foam::Field<Foam::Tensor<double> > > Foam::operator+(const Foam::tmp<Foam::Field<Foam::DiagTensor<double> > >&, const tensor&)
 tmp<Field<ReturnType>> operator Op                                             \
                        ^
/opt/openfoam5/src/OpenFOAM/lnInclude/FieldFunctionsM.H:248:5: note: in expansion of macro 'BINARY_TYPE_OPERATOR_FS'
     BINARY_TYPE_OPERATOR_FS(ReturnType, Type1, Type2, Op, OpFunc)
     ^
/opt/openfoam5/src/OpenFOAM/lnInclude/diagTensorField.H:63:1: note: in expansion of macro 'BINARY_TYPE_OPERATOR'
 BINARY_TYPE_OPERATOR(tensor, diagTensor, tensor, +, add)
 ^
/opt/openfoam5/src/OpenFOAM/lnInclude/FieldFunctionsM.H:239:24: note:   candidate expects 2 arguments, 1 provided
 tmp<Field<ReturnType>> operator Op                                             \
                        ^
/opt/openfoam5/src/OpenFOAM/lnInclude/FieldFunctionsM.H:248:5: note: in expansion of macro 'BINARY_TYPE_OPERATOR_FS'
     BINARY_TYPE_OPERATOR_FS(ReturnType, Type1, Type2, Op, OpFunc)
     ^
/opt/openfoam5/src/OpenFOAM/lnInclude/diagTensorField.H:63:1: note: in expansion of macro 'BINARY_TYPE_OPERATOR'
 BINARY_TYPE_OPERATOR(tensor, diagTensor, tensor, +, add)
 ^
In file included from /opt/openfoam5/src/OpenFOAM/lnInclude/vectorTensorTransform.H:248:0,
                 from /opt/openfoam5/src/OpenFOAM/lnInclude/mapDistribute.H:138,
                 from /opt/openfoam5/src/OpenFOAM/lnInclude/globalMeshDataTemplates.C:28,
                 from /opt/openfoam5/src/OpenFOAM/lnInclude/globalMeshData.H:627,
                 from /opt/openfoam5/src/OpenFOAM/lnInclude/GeometricBoundaryField.C:28,
                 from /opt/openfoam5/src/OpenFOAM/lnInclude/GeometricField.C:1352,
                 from /opt/openfoam5/src/OpenFOAM/lnInclude/GeometricField.H:660,
                 from /opt/openfoam5/src/OpenFOAM/lnInclude/GeometricScalarField.H:38,
                 from /opt/openfoam5/src/OpenFOAM/lnInclude/GeometricFields.H:34,
                 from /opt/openfoam5/src/finiteVolume/lnInclude/volFields.H:37,
                 from /opt/openfoam5/src/finiteVolume/lnInclude/surfaceInterpolationScheme.C:27,
                 from /opt/openfoam5/src/finiteVolume/lnInclude/surfaceInterpolationScheme.H:307,
                 from /opt/openfoam5/src/finiteVolume/lnInclude/surfaceInterpolate.H:41,
                 from /opt/openfoam5/src/finiteVolume/lnInclude/fvc.H:39,
                 from /opt/openfoam5/src/finiteVolume/lnInclude/fvCFD.H:8,
                 from pamFoam.C:36:
/opt/openfoam5/src/OpenFOAM/lnInclude/vectorTensorTransformI.H:263:36: note: candidate: Foam::vectorTensorTransform Foam::operator+(const Foam::vectorTensorTransform&, const vector&)
 inline Foam::vectorTensorTransform Foam::operator+
                                    ^
/opt/openfoam5/src/OpenFOAM/lnInclude/vectorTensorTransformI.H:263:36: note:   candidate expects 2 arguments, 1 provided
/opt/openfoam5/src/OpenFOAM/lnInclude/vectorTensorTransformI.H:273:36: note: candidate: Foam::vectorTensorTransform Foam::operator+(const vector&, const Foam::vectorTensorTransform&)
 inline Foam::vectorTensorTransform Foam::operator+
                                    ^
/opt/openfoam5/src/OpenFOAM/lnInclude/vectorTensorTransformI.H:273:36: note:   candidate expects 2 arguments, 1 provided
In file included from /opt/openfoam5/src/OpenFOAM/lnInclude/quaternion.H:304:0,
                 from /opt/openfoam5/src/OpenFOAM/lnInclude/transformField.H:39,
                 from /opt/openfoam5/src/OpenFOAM/lnInclude/mapDistributeTemplates.C:30,
                 from /opt/openfoam5/src/OpenFOAM/lnInclude/mapDistribute.H:655,
                 from /opt/openfoam5/src/OpenFOAM/lnInclude/globalMeshDataTemplates.C:28,
                 from /opt/openfoam5/src/OpenFOAM/lnInclude/globalMeshData.H:627,
                 from /opt/openfoam5/src/OpenFOAM/lnInclude/GeometricBoundaryField.C:28,
                 from /opt/openfoam5/src/OpenFOAM/lnInclude/GeometricField.C:1352,
                 from /opt/openfoam5/src/OpenFOAM/lnInclude/GeometricField.H:660,
                 from /opt/openfoam5/src/OpenFOAM/lnInclude/GeometricScalarField.H:38,
                 from /opt/openfoam5/src/OpenFOAM/lnInclude/GeometricFields.H:34,
                 from /opt/openfoam5/src/finiteVolume/lnInclude/volFields.H:37,
                 from /opt/openfoam5/src/finiteVolume/lnInclude/surfaceInterpolationScheme.C:27,
                 from /opt/openfoam5/src/finiteVolume/lnInclude/surfaceInterpolationScheme.H:307,
                 from /opt/openfoam5/src/finiteVolume/lnInclude/surfaceInterpolate.H:41,
                 from /opt/openfoam5/src/finiteVolume/lnInclude/fvc.H:39,
                 from /opt/openfoam5/src/finiteVolume/lnInclude/fvCFD.H:8,
                 from pamFoam.C:36:
/opt/openfoam5/src/OpenFOAM/lnInclude/quaternionI.H:629:25: note: candidate: Foam::quaternion Foam::operator+(const Foam::quaternion&, const Foam::quaternion&)
 inline Foam::quaternion Foam::operator+
                         ^
/opt/openfoam5/src/OpenFOAM/lnInclude/quaternionI.H:629:25: note:   candidate expects 2 arguments, 1 provided
In file included from /opt/openfoam5/src/OpenFOAM/lnInclude/septernion.H:206:0,
                 from /opt/openfoam5/src/OpenFOAM/lnInclude/transformField.H:40,
                 from /opt/openfoam5/src/OpenFOAM/lnInclude/mapDistributeTemplates.C:30,
                 from /opt/openfoam5/src/OpenFOAM/lnInclude/mapDistribute.H:655,
                 from /opt/openfoam5/src/OpenFOAM/lnInclude/globalMeshDataTemplates.C:28,
                 from /opt/openfoam5/src/OpenFOAM/lnInclude/globalMeshData.H:627,
                 from /opt/openfoam5/src/OpenFOAM/lnInclude/GeometricBoundaryField.C:28,
                 from /opt/openfoam5/src/OpenFOAM/lnInclude/GeometricField.C:1352,
                 from /opt/openfoam5/src/OpenFOAM/lnInclude/GeometricField.H:660,
                 from /opt/openfoam5/src/OpenFOAM/lnInclude/GeometricScalarField.H:38,
                 from /opt/openfoam5/src/OpenFOAM/lnInclude/GeometricFields.H:34,
                 from /opt/openfoam5/src/finiteVolume/lnInclude/volFields.H:37,
                 from /opt/openfoam5/src/finiteVolume/lnInclude/surfaceInterpolationScheme.C:27,
                 from /opt/openfoam5/src/finiteVolume/lnInclude/surfaceInterpolationScheme.H:307,
                 from /opt/openfoam5/src/finiteVolume/lnInclude/surfaceInterpolate.H:41,
                 from /opt/openfoam5/src/finiteVolume/lnInclude/fvc.H:39,
                 from /opt/openfoam5/src/finiteVolume/lnInclude/fvCFD.H:8,
                 from pamFoam.C:36:
/opt/openfoam5/src/OpenFOAM/lnInclude/septernionI.H:180:25: note: candidate: Foam::septernion Foam::operator+(const Foam::septernion&, const vector&)
 inline Foam::septernion Foam::operator+
                         ^
/opt/openfoam5/src/OpenFOAM/lnInclude/septernionI.H:180:25: note:   candidate expects 2 arguments, 1 provided
/opt/openfoam5/src/OpenFOAM/lnInclude/septernionI.H:190:25: note: candidate: Foam::septernion Foam::operator+(const vector&, const Foam::septernion&)
 inline Foam::septernion Foam::operator+
                         ^
/opt/openfoam5/src/OpenFOAM/lnInclude/septernionI.H:190:25: note:   candidate expects 2 arguments, 1 provided
In file included from /opt/openfoam5/src/OpenFOAM/lnInclude/GeometricField.C:1353:0,
                 from /opt/openfoam5/src/OpenFOAM/lnInclude/GeometricField.H:660,
                 from /opt/openfoam5/src/OpenFOAM/lnInclude/GeometricScalarField.H:38,
                 from /opt/openfoam5/src/OpenFOAM/lnInclude/GeometricFields.H:34,
                 from /opt/openfoam5/src/finiteVolume/lnInclude/volFields.H:37,
                 from /opt/openfoam5/src/finiteVolume/lnInclude/surfaceInterpolationScheme.C:27,
                 from /opt/openfoam5/src/finiteVolume/lnInclude/surfaceInterpolationScheme.H:307,
                 from /opt/openfoam5/src/finiteVolume/lnInclude/surfaceInterpolate.H:41,
                 from /opt/openfoam5/src/finiteVolume/lnInclude/fvc.H:39,
                 from /opt/openfoam5/src/finiteVolume/lnInclude/fvCFD.H:8,
                 from pamFoam.C:36:
/opt/openfoam5/src/OpenFOAM/lnInclude/GeometricFieldFunctions.C:622:1: note: candidate: template<class Type1, class Type2, template<class> class PatchField, class GeoMesh> Foam::tmp<Foam::GeometricField<typename Foam::typeOfSum<Type1, Type2>::type, PatchField, GeoMesh> > Foam::operator+(const Foam::GeometricField<TypeR, PatchField, GeoMesh>&, const Foam::GeometricField<Type1, PatchField, GeoMesh>&)
 operator op                                                                    \
 ^
/opt/openfoam5/src/OpenFOAM/lnInclude/GeometricFieldFunctions.C:971:1: note: in expansion of macro 'PRODUCT_OPERATOR'
 PRODUCT_OPERATOR(typeOfSum, +, add)
 ^
/opt/openfoam5/src/OpenFOAM/lnInclude/GeometricFieldFunctions.C:622:1: note:   template argument deduction/substitution failed:
 operator op                                                                    \
 ^
/opt/openfoam5/src/OpenFOAM/lnInclude/GeometricFieldFunctions.C:971:1: note: in expansion of macro 'PRODUCT_OPERATOR'
 PRODUCT_OPERATOR(typeOfSum, +, add)
 ^
In file included from pamFoam.C:145:0:
./processModels/SIEqn.H:9:7: note:   candidate expects 2 arguments, 1 provided
     + alphaLiquid*fSIXS*rhoHydrolysis
       ^
In file included from /opt/openfoam5/src/OpenFOAM/lnInclude/GeometricField.C:1353:0,
                 from /opt/openfoam5/src/OpenFOAM/lnInclude/GeometricField.H:660,
                 from /opt/openfoam5/src/OpenFOAM/lnInclude/GeometricScalarField.H:38,
                 from /opt/openfoam5/src/OpenFOAM/lnInclude/GeometricFields.H:34,
                 from /opt/openfoam5/src/finiteVolume/lnInclude/volFields.H:37,
                 from /opt/openfoam5/src/finiteVolume/lnInclude/surfaceInterpolationScheme.C:27,
                 from /opt/openfoam5/src/finiteVolume/lnInclude/surfaceInterpolationScheme.H:307,
                 from /opt/openfoam5/src/finiteVolume/lnInclude/surfaceInterpolate.H:41,
                 from /opt/openfoam5/src/finiteVolume/lnInclude/fvc.H:39,
                 from /opt/openfoam5/src/finiteVolume/lnInclude/fvCFD.H:8,
                 from pamFoam.C:36:
/opt/openfoam5/src/OpenFOAM/lnInclude/GeometricFieldFunctions.C:657:1: note: candidate: template<class Type1, class Type2, template<class> class PatchField, class GeoMesh> Foam::tmp<Foam::GeometricField<typename Foam::typeOfSum<Type1, Type2>::type, PatchField, GeoMesh> > Foam::operator+(const Foam::GeometricField<TypeR, PatchField, GeoMesh>&, const Foam::tmp<Foam::GeometricField<Type1, PatchField, GeoMesh> >&)
 operator op                                                                    \
 ^
/opt/openfoam5/src/OpenFOAM/lnInclude/GeometricFieldFunctions.C:971:1: note: in expansion of macro 'PRODUCT_OPERATOR'
 PRODUCT_OPERATOR(typeOfSum, +, add)
 ^
/opt/openfoam5/src/OpenFOAM/lnInclude/GeometricFieldFunctions.C:657:1: note:   template argument deduction/substitution failed:
 operator op                                                                    \
 ^
/opt/openfoam5/src/OpenFOAM/lnInclude/GeometricFieldFunctions.C:971:1: note: in expansion of macro 'PRODUCT_OPERATOR'
 PRODUCT_OPERATOR(typeOfSum, +, add)
 ^
In file included from pamFoam.C:145:0:
./processModels/SIEqn.H:9:7: note:   candidate expects 2 arguments, 1 provided
     + alphaLiquid*fSIXS*rhoHydrolysis
       ^
In file included from /opt/openfoam5/src/OpenFOAM/lnInclude/GeometricField.C:1353:0,
                 from /opt/openfoam5/src/OpenFOAM/lnInclude/GeometricField.H:660,
                 from /opt/openfoam5/src/OpenFOAM/lnInclude/GeometricScalarField.H:38,
                 from /opt/openfoam5/src/OpenFOAM/lnInclude/GeometricFields.H:34,
                 from /opt/openfoam5/src/finiteVolume/lnInclude/volFields.H:37,
                 from /opt/openfoam5/src/finiteVolume/lnInclude/surfaceInterpolationScheme.C:27,
                 from /opt/openfoam5/src/finiteVolume/lnInclude/surfaceInterpolationScheme.H:307,
                 from /opt/openfoam5/src/finiteVolume/lnInclude/surfaceInterpolate.H:41,
                 from /opt/openfoam5/src/finiteVolume/lnInclude/fvc.H:39,
                 from /opt/openfoam5/src/finiteVolume/lnInclude/fvCFD.H:8,
                 from pamFoam.C:36:
/opt/openfoam5/src/OpenFOAM/lnInclude/GeometricFieldFunctions.C:688:1: note: candidate: template<class Type1, class Type2, template<class> class PatchField, class GeoMesh> Foam::tmp<Foam::GeometricField<typename Foam::typeOfSum<Type1, Type2>::type, PatchField, GeoMesh> > Foam::operator+(const Foam::tmp<Foam::GeometricField<TypeR, PatchField, GeoMesh> >&, const Foam::GeometricField<Type1, PatchField, GeoMesh>&)
 operator op                                                                    \
 ^
/opt/openfoam5/src/OpenFOAM/lnInclude/GeometricFieldFunctions.C:971:1: note: in expansion of macro 'PRODUCT_OPERATOR'
 PRODUCT_OPERATOR(typeOfSum, +, add)
 ^
/opt/openfoam5/src/OpenFOAM/lnInclude/GeometricFieldFunctions.C:688:1: note:   template argument deduction/substitution failed:
 operator op                                                                    \
 ^
/opt/openfoam5/src/OpenFOAM/lnInclude/GeometricFieldFunctions.C:971:1: note: in expansion of macro 'PRODUCT_OPERATOR'
 PRODUCT_OPERATOR(typeOfSum, +, add)
 ^
In file included from pamFoam.C:145:0:
./processModels/SIEqn.H:9:7: note:   'const volScalarField {aka const Foam::GeometricField<double, Foam::fvPatchField, Foam::volMesh>}' is not derived from 'const Foam::tmp<Foam::GeometricField<TypeR, PatchField, GeoMesh> >'
     + alphaLiquid*fSIXS*rhoHydrolysis
       ^
In file included from /opt/openfoam5/src/OpenFOAM/lnInclude/GeometricField.C:1353:0,
                 from /opt/openfoam5/src/OpenFOAM/lnInclude/GeometricField.H:660,
                 from /opt/openfoam5/src/OpenFOAM/lnInclude/GeometricScalarField.H:38,
                 from /opt/openfoam5/src/OpenFOAM/lnInclude/GeometricFields.H:34,
                 from /opt/openfoam5/src/finiteVolume/lnInclude/volFields.H:37,
                 from /opt/openfoam5/src/finiteVolume/lnInclude/surfaceInterpolationScheme.C:27,
                 from /opt/openfoam5/src/finiteVolume/lnInclude/surfaceInterpolationScheme.H:307,
                 from /opt/openfoam5/src/finiteVolume/lnInclude/surfaceInterpolate.H:41,
                 from /opt/openfoam5/src/finiteVolume/lnInclude/fvc.H:39,
                 from /opt/openfoam5/src/finiteVolume/lnInclude/fvCFD.H:8,
                 from pamFoam.C:36:
/opt/openfoam5/src/OpenFOAM/lnInclude/GeometricFieldFunctions.C:719:1: note: candidate: template<class Type1, class Type2, template<class> class PatchField, class GeoMesh> Foam::tmp<Foam::GeometricField<typename Foam::typeOfSum<Type1, Type2>::type, PatchField, GeoMesh> > Foam::operator+(const Foam::tmp<Foam::GeometricField<TypeR, PatchField, GeoMesh> >&, const Foam::tmp<Foam::GeometricField<Type1, PatchField, GeoMesh> >&)
 operator op                                                                    \
 ^
/opt/openfoam5/src/OpenFOAM/lnInclude/GeometricFieldFunctions.C:971:1: note: in expansion of macro 'PRODUCT_OPERATOR'
 PRODUCT_OPERATOR(typeOfSum, +, add)
 ^
/opt/openfoam5/src/OpenFOAM/lnInclude/GeometricFieldFunctions.C:719:1: note:   template argument deduction/substitution failed:
 operator op                                                                    \
 ^
/opt/openfoam5/src/OpenFOAM/lnInclude/GeometricFieldFunctions.C:971:1: note: in expansion of macro 'PRODUCT_OPERATOR'
 PRODUCT_OPERATOR(typeOfSum, +, add)
 ^
In file included from pamFoam.C:145:0:
./processModels/SIEqn.H:9:7: note:   'const volScalarField {aka const Foam::GeometricField<double, Foam::fvPatchField, Foam::volMesh>}' is not derived from 'const Foam::tmp<Foam::GeometricField<TypeR, PatchField, GeoMesh> >'
     + alphaLiquid*fSIXS*rhoHydrolysis
       ^
In file included from /opt/openfoam5/src/OpenFOAM/lnInclude/GeometricField.C:1353:0,
                 from /opt/openfoam5/src/OpenFOAM/lnInclude/GeometricField.H:660,
                 from /opt/openfoam5/src/OpenFOAM/lnInclude/GeometricScalarField.H:38,
                 from /opt/openfoam5/src/OpenFOAM/lnInclude/GeometricFields.H:34,
                 from /opt/openfoam5/src/finiteVolume/lnInclude/volFields.H:37,
                 from /opt/openfoam5/src/finiteVolume/lnInclude/surfaceInterpolationScheme.C:27,
                 from /opt/openfoam5/src/finiteVolume/lnInclude/surfaceInterpolationScheme.H:307,
                 from /opt/openfoam5/src/finiteVolume/lnInclude/surfaceInterpolate.H:41,
                 from /opt/openfoam5/src/finiteVolume/lnInclude/fvc.H:39,
                 from /opt/openfoam5/src/finiteVolume/lnInclude/fvCFD.H:8,
                 from pamFoam.C:36:
/opt/openfoam5/src/OpenFOAM/lnInclude/GeometricFieldFunctions.C:765:1: note: candidate: template<class Form, class Type, template<class> class PatchField, class GeoMesh> Foam::tmp<Foam::GeometricField<typename Foam::typeOfSum<Type, Form>::type, PatchField, GeoMesh> > Foam::operator+(const Foam::GeometricField<Type1, PatchField, GeoMesh>&, const Foam::dimensioned<Type>&)
 operator op                                                                    \
 ^
/opt/openfoam5/src/OpenFOAM/lnInclude/GeometricFieldFunctions.C:971:1: note: in expansion of macro 'PRODUCT_OPERATOR'
 PRODUCT_OPERATOR(typeOfSum, +, add)
 ^
/opt/openfoam5/src/OpenFOAM/lnInclude/GeometricFieldFunctions.C:765:1: note:   template argument deduction/substitution failed:
 operator op                                                                    \
 ^
/opt/openfoam5/src/OpenFOAM/lnInclude/GeometricFieldFunctions.C:971:1: note: in expansion of macro 'PRODUCT_OPERATOR'
 PRODUCT_OPERATOR(typeOfSum, +, add)
 ^
In file included from pamFoam.C:145:0:
./processModels/SIEqn.H:9:7: note:   candidate expects 2 arguments, 1 provided
     + alphaLiquid*fSIXS*rhoHydrolysis
       ^
In file included from /opt/openfoam5/src/OpenFOAM/lnInclude/GeometricField.C:1353:0,
                 from /opt/openfoam5/src/OpenFOAM/lnInclude/GeometricField.H:660,
                 from /opt/openfoam5/src/OpenFOAM/lnInclude/GeometricScalarField.H:38,
                 from /opt/openfoam5/src/OpenFOAM/lnInclude/GeometricFields.H:34,
                 from /opt/openfoam5/src/finiteVolume/lnInclude/volFields.H:37,
                 from /opt/openfoam5/src/finiteVolume/lnInclude/surfaceInterpolationScheme.C:27,
                 from /opt/openfoam5/src/finiteVolume/lnInclude/surfaceInterpolationScheme.H:307,
                 from /opt/openfoam5/src/finiteVolume/lnInclude/surfaceInterpolate.H:41,
                 from /opt/openfoam5/src/finiteVolume/lnInclude/fvc.H:39,
                 from /opt/openfoam5/src/finiteVolume/lnInclude/fvCFD.H:8,
                 from pamFoam.C:36:
/opt/openfoam5/src/OpenFOAM/lnInclude/GeometricFieldFunctions.C:804:1: note: candidate: template<class Form, class Cmpt, unsigned char nCmpt, class Type, template<class> class PatchField, class GeoMesh> Foam::tmp<Foam::GeometricField<typename Foam::typeOfSum<Form, Type>::type, PatchField, GeoMesh> > Foam::operator+(const Foam::GeometricField<Type2, PatchField, GeoMesh>&, const Foam::VectorSpace<Form, Cmpt, Ncmpts>&)
 operator op                                                                    \
 ^
/opt/openfoam5/src/OpenFOAM/lnInclude/GeometricFieldFunctions.C:971:1: note: in expansion of macro 'PRODUCT_OPERATOR'
 PRODUCT_OPERATOR(typeOfSum, +, add)
 ^
/opt/openfoam5/src/OpenFOAM/lnInclude/GeometricFieldFunctions.C:804:1: note:   template argument deduction/substitution failed:
 operator op                                                                    \
 ^
/opt/openfoam5/src/OpenFOAM/lnInclude/GeometricFieldFunctions.C:971:1: note: in expansion of macro 'PRODUCT_OPERATOR'
 PRODUCT_OPERATOR(typeOfSum, +, add)
 ^
In file included from pamFoam.C:145:0:
./processModels/SIEqn.H:9:7: note:   candidate expects 2 arguments, 1 provided
     + alphaLiquid*fSIXS*rhoHydrolysis
       ^
In file included from /opt/openfoam5/src/OpenFOAM/lnInclude/GeometricField.C:1353:0,
                 from /opt/openfoam5/src/OpenFOAM/lnInclude/GeometricField.H:660,
                 from /opt/openfoam5/src/OpenFOAM/lnInclude/GeometricScalarField.H:38,
                 from /opt/openfoam5/src/OpenFOAM/lnInclude/GeometricFields.H:34,
                 from /opt/openfoam5/src/finiteVolume/lnInclude/volFields.H:37,
                 from /opt/openfoam5/src/finiteVolume/lnInclude/surfaceInterpolationScheme.C:27,
                 from /opt/openfoam5/src/finiteVolume/lnInclude/surfaceInterpolationScheme.H:307,
                 from /opt/openfoam5/src/finiteVolume/lnInclude/surfaceInterpolate.H:41,
                 from /opt/openfoam5/src/finiteVolume/lnInclude/fvc.H:39,
                 from /opt/openfoam5/src/finiteVolume/lnInclude/fvCFD.H:8,
                 from pamFoam.C:36:
/opt/openfoam5/src/OpenFOAM/lnInclude/GeometricFieldFunctions.C:817:1: note: candidate: template<class Form, class Type, template<class> class PatchField, class GeoMesh> Foam::tmp<Foam::GeometricField<typename Foam::typeOfSum<Type, Form>::type, PatchField, GeoMesh> > Foam::operator+(const Foam::tmp<Foam::GeometricField<Type1, PatchField, GeoMesh> >&, const Foam::dimensioned<Type>&)
 operator op                                                                    \
 ^
/opt/openfoam5/src/OpenFOAM/lnInclude/GeometricFieldFunctions.C:971:1: note: in expansion of macro 'PRODUCT_OPERATOR'
 PRODUCT_OPERATOR(typeOfSum, +, add)
 ^
/opt/openfoam5/src/OpenFOAM/lnInclude/GeometricFieldFunctions.C:817:1: note:   template argument deduction/substitution failed:
 operator op                                                                    \
 ^
/opt/openfoam5/src/OpenFOAM/lnInclude/GeometricFieldFunctions.C:971:1: note: in expansion of macro 'PRODUCT_OPERATOR'
 PRODUCT_OPERATOR(typeOfSum, +, add)
 ^
In file included from pamFoam.C:145:0:
./processModels/SIEqn.H:9:7: note:   'const volScalarField {aka const Foam::GeometricField<double, Foam::fvPatchField, Foam::volMesh>}' is not derived from 'const Foam::tmp<Foam::GeometricField<Type1, PatchField, GeoMesh> >'
     + alphaLiquid*fSIXS*rhoHydrolysis
       ^
In file included from /opt/openfoam5/src/OpenFOAM/lnInclude/GeometricField.C:1353:0,
                 from /opt/openfoam5/src/OpenFOAM/lnInclude/GeometricField.H:660,
                 from /opt/openfoam5/src/OpenFOAM/lnInclude/GeometricScalarField.H:38,
                 from /opt/openfoam5/src/OpenFOAM/lnInclude/GeometricFields.H:34,
                 from /opt/openfoam5/src/finiteVolume/lnInclude/volFields.H:37,
                 from /opt/openfoam5/src/finiteVolume/lnInclude/surfaceInterpolationScheme.C:27,
                 from /opt/openfoam5/src/finiteVolume/lnInclude/surfaceInterpolationScheme.H:307,
                 from /opt/openfoam5/src/finiteVolume/lnInclude/surfaceInterpolate.H:41,
                 from /opt/openfoam5/src/finiteVolume/lnInclude/fvc.H:39,
                 from /opt/openfoam5/src/finiteVolume/lnInclude/fvCFD.H:8,
                 from pamFoam.C:36:
/opt/openfoam5/src/OpenFOAM/lnInclude/GeometricFieldFunctions.C:851:1: note: candidate: template<class Form, class Cmpt, unsigned char nCmpt, class Type, template<class> class PatchField, class GeoMesh> Foam::tmp<Foam::GeometricField<typename Foam::typeOfSum<Form, Type>::type, PatchField, GeoMesh> > Foam::operator+(const Foam::tmp<Foam::GeometricField<Type2, PatchField, GeoMesh> >&, const Foam::VectorSpace<Form, Cmpt, Ncmpts>&)
 operator op                                                                    \
 ^
/opt/openfoam5/src/OpenFOAM/lnInclude/GeometricFieldFunctions.C:971:1: note: in expansion of macro 'PRODUCT_OPERATOR'
 PRODUCT_OPERATOR(typeOfSum, +, add)
 ^
/opt/openfoam5/src/OpenFOAM/lnInclude/GeometricFieldFunctions.C:851:1: note:   template argument deduction/substitution failed:
 operator op                                                                    \
 ^
/opt/openfoam5/src/OpenFOAM/lnInclude/GeometricFieldFunctions.C:971:1: note: in expansion of macro 'PRODUCT_OPERATOR'
 PRODUCT_OPERATOR(typeOfSum, +, add)
 ^
In file included from pamFoam.C:145:0:
./processModels/SIEqn.H:9:7: note:   'const volScalarField {aka const Foam::GeometricField<double, Foam::fvPatchField, Foam::volMesh>}' is not derived from 'const Foam::tmp<Foam::GeometricField<Type2, PatchField, GeoMesh> >'
     + alphaLiquid*fSIXS*rhoHydrolysis
       ^
In file included from /opt/openfoam5/src/OpenFOAM/lnInclude/GeometricField.C:1353:0,
                 from /opt/openfoam5/src/OpenFOAM/lnInclude/GeometricField.H:660,
                 from /opt/openfoam5/src/OpenFOAM/lnInclude/GeometricScalarField.H:38,
                 from /opt/openfoam5/src/OpenFOAM/lnInclude/GeometricFields.H:34,
                 from /opt/openfoam5/src/finiteVolume/lnInclude/volFields.H:37,
                 from /opt/openfoam5/src/finiteVolume/lnInclude/surfaceInterpolationScheme.C:27,
                 from /opt/openfoam5/src/finiteVolume/lnInclude/surfaceInterpolationScheme.H:307,
                 from /opt/openfoam5/src/finiteVolume/lnInclude/surfaceInterpolate.H:41,
                 from /opt/openfoam5/src/finiteVolume/lnInclude/fvc.H:39,
                 from /opt/openfoam5/src/finiteVolume/lnInclude/fvCFD.H:8,
                 from pamFoam.C:36:
/opt/openfoam5/src/OpenFOAM/lnInclude/GeometricFieldFunctions.C:878:1: note: candidate: template<class Form, class Type, template<class> class PatchField, class GeoMesh> Foam::tmp<Foam::GeometricField<typename Foam::typeOfSum<Type1, Type2>::type, PatchField, GeoMesh> > Foam::operator+(const Foam::dimensioned<Type>&, const Foam::GeometricField<Type1, PatchField, GeoMesh>&)
 operator op                                                                    \
 ^
/opt/openfoam5/src/OpenFOAM/lnInclude/GeometricFieldFunctions.C:971:1: note: in expansion of macro 'PRODUCT_OPERATOR'
 PRODUCT_OPERATOR(typeOfSum, +, add)
 ^
/opt/openfoam5/src/OpenFOAM/lnInclude/GeometricFieldFunctions.C:878:1: note:   template argument deduction/substitution failed:
 operator op                                                                    \
 ^
/opt/openfoam5/src/OpenFOAM/lnInclude/GeometricFieldFunctions.C:971:1: note: in expansion of macro 'PRODUCT_OPERATOR'
 PRODUCT_OPERATOR(typeOfSum, +, add)
 ^
In file included from pamFoam.C:145:0:
./processModels/SIEqn.H:9:7: note:   'const volScalarField {aka const Foam::GeometricField<double, Foam::fvPatchField, Foam::volMesh>}' is not derived from 'const Foam::dimensioned<Type>'
     + alphaLiquid*fSIXS*rhoHydrolysis
       ^
In file included from /opt/openfoam5/src/OpenFOAM/lnInclude/GeometricField.C:1353:0,
                 from /opt/openfoam5/src/OpenFOAM/lnInclude/GeometricField.H:660,
                 from /opt/openfoam5/src/OpenFOAM/lnInclude/GeometricScalarField.H:38,
                 from /opt/openfoam5/src/OpenFOAM/lnInclude/GeometricFields.H:34,
                 from /opt/openfoam5/src/finiteVolume/lnInclude/volFields.H:37,
                 from /opt/openfoam5/src/finiteVolume/lnInclude/surfaceInterpolationScheme.C:27,
                 from /opt/openfoam5/src/finiteVolume/lnInclude/surfaceInterpolationScheme.H:307,
                 from /opt/openfoam5/src/finiteVolume/lnInclude/surfaceInterpolate.H:41,
                 from /opt/openfoam5/src/finiteVolume/lnInclude/fvc.H:39,
                 from /opt/openfoam5/src/finiteVolume/lnInclude/fvCFD.H:8,
                 from pamFoam.C:36:
/opt/openfoam5/src/OpenFOAM/lnInclude/GeometricFieldFunctions.C:916:1: note: candidate: template<class Form, class Cmpt, unsigned char nCmpt, class Type, template<class> class PatchField, class GeoMesh> Foam::tmp<Foam::GeometricField<typename Foam::typeOfSum<Form, Type>::type, PatchField, GeoMesh> > Foam::operator+(const Foam::VectorSpace<Form, Cmpt, Ncmpts>&, const Foam::GeometricField<Type2, PatchField, GeoMesh>&)
 operator op                                                                    \
 ^
/opt/openfoam5/src/OpenFOAM/lnInclude/GeometricFieldFunctions.C:971:1: note: in expansion of macro 'PRODUCT_OPERATOR'
 PRODUCT_OPERATOR(typeOfSum, +, add)
 ^
/opt/openfoam5/src/OpenFOAM/lnInclude/GeometricFieldFunctions.C:916:1: note:   template argument deduction/substitution failed:
 operator op                                                                    \
 ^
/opt/openfoam5/src/OpenFOAM/lnInclude/GeometricFieldFunctions.C:971:1: note: in expansion of macro 'PRODUCT_OPERATOR'
 PRODUCT_OPERATOR(typeOfSum, +, add)
 ^
In file included from pamFoam.C:145:0:
./processModels/SIEqn.H:9:7: note:   'const volScalarField {aka const Foam::GeometricField<double, Foam::fvPatchField, Foam::volMesh>}' is not derived from 'const Foam::VectorSpace<Form, Cmpt, Ncmpts>'
     + alphaLiquid*fSIXS*rhoHydrolysis
       ^
In file included from /opt/openfoam5/src/OpenFOAM/lnInclude/GeometricField.C:1353:0,
                 from /opt/openfoam5/src/OpenFOAM/lnInclude/GeometricField.H:660,
                 from /opt/openfoam5/src/OpenFOAM/lnInclude/GeometricScalarField.H:38,
                 from /opt/openfoam5/src/OpenFOAM/lnInclude/GeometricFields.H:34,
                 from /opt/openfoam5/src/finiteVolume/lnInclude/volFields.H:37,
                 from /opt/openfoam5/src/finiteVolume/lnInclude/surfaceInterpolationScheme.C:27,
                 from /opt/openfoam5/src/finiteVolume/lnInclude/surfaceInterpolationScheme.H:307,
                 from /opt/openfoam5/src/finiteVolume/lnInclude/surfaceInterpolate.H:41,
                 from /opt/openfoam5/src/finiteVolume/lnInclude/fvc.H:39,
                 from /opt/openfoam5/src/finiteVolume/lnInclude/fvCFD.H:8,
                 from pamFoam.C:36:
/opt/openfoam5/src/OpenFOAM/lnInclude/GeometricFieldFunctions.C:928:1: note: candidate: template<class Form, class Type, template<class> class PatchField, class GeoMesh> Foam::tmp<Foam::GeometricField<typename Foam::typeOfSum<Type1, Type2>::type, PatchField, GeoMesh> > Foam::operator+(const Foam::dimensioned<Type>&, const Foam::tmp<Foam::GeometricField<Type1, PatchField, GeoMesh> >&)
 operator op                                                                    \
 ^
/opt/openfoam5/src/OpenFOAM/lnInclude/GeometricFieldFunctions.C:971:1: note: in expansion of macro 'PRODUCT_OPERATOR'
 PRODUCT_OPERATOR(typeOfSum, +, add)
 ^
/opt/openfoam5/src/OpenFOAM/lnInclude/GeometricFieldFunctions.C:928:1: note:   template argument deduction/substitution failed:
 operator op                                                                    \
 ^
/opt/openfoam5/src/OpenFOAM/lnInclude/GeometricFieldFunctions.C:971:1: note: in expansion of macro 'PRODUCT_OPERATOR'
 PRODUCT_OPERATOR(typeOfSum, +, add)
 ^
In file included from pamFoam.C:145:0:
./processModels/SIEqn.H:9:7: note:   'const volScalarField {aka const Foam::GeometricField<double, Foam::fvPatchField, Foam::volMesh>}' is not derived from 'const Foam::dimensioned<Type>'
     + alphaLiquid*fSIXS*rhoHydrolysis
       ^
In file included from /opt/openfoam5/src/OpenFOAM/lnInclude/GeometricField.C:1353:0,
                 from /opt/openfoam5/src/OpenFOAM/lnInclude/GeometricField.H:660,
                 from /opt/openfoam5/src/OpenFOAM/lnInclude/GeometricScalarField.H:38,
                 from /opt/openfoam5/src/OpenFOAM/lnInclude/GeometricFields.H:34,
                 from /opt/openfoam5/src/finiteVolume/lnInclude/volFields.H:37,
                 from /opt/openfoam5/src/finiteVolume/lnInclude/surfaceInterpolationScheme.C:27,
                 from /opt/openfoam5/src/finiteVolume/lnInclude/surfaceInterpolationScheme.H:307,
                 from /opt/openfoam5/src/finiteVolume/lnInclude/surfaceInterpolate.H:41,
                 from /opt/openfoam5/src/finiteVolume/lnInclude/fvc.H:39,
                 from /opt/openfoam5/src/finiteVolume/lnInclude/fvCFD.H:8,
                 from pamFoam.C:36:
/opt/openfoam5/src/OpenFOAM/lnInclude/GeometricFieldFunctions.C:962:1: note: candidate: template<class Form, class Cmpt, unsigned char nCmpt, class Type, template<class> class PatchField, class GeoMesh> Foam::tmp<Foam::GeometricField<typename Foam::typeOfSum<Form, Type>::type, PatchField, GeoMesh> > Foam::operator+(const Foam::VectorSpace<Form, Cmpt, Ncmpts>&, const Foam::tmp<Foam::GeometricField<Type2, PatchField, GeoMesh> >&)
 operator op                                                                    \
 ^
/opt/openfoam5/src/OpenFOAM/lnInclude/GeometricFieldFunctions.C:971:1: note: in expansion of macro 'PRODUCT_OPERATOR'
 PRODUCT_OPERATOR(typeOfSum, +, add)
 ^
/opt/openfoam5/src/OpenFOAM/lnInclude/GeometricFieldFunctions.C:962:1: note:   template argument deduction/substitution failed:
 operator op                                                                    \
 ^
/opt/openfoam5/src/OpenFOAM/lnInclude/GeometricFieldFunctions.C:971:1: note: in expansion of macro 'PRODUCT_OPERATOR'
 PRODUCT_OPERATOR(typeOfSum, +, add)
 ^
In file included from pamFoam.C:145:0:
./processModels/SIEqn.H:9:7: note:   'const volScalarField {aka const Foam::GeometricField<double, Foam::fvPatchField, Foam::volMesh>}' is not derived from 'const Foam::VectorSpace<Form, Cmpt, Ncmpts>'
     + alphaLiquid*fSIXS*rhoHydrolysis
       ^
In file included from /opt/openfoam5/src/OpenFOAM/lnInclude/GeometricScalarField.C:29:0,
                 from /opt/openfoam5/src/OpenFOAM/lnInclude/GeometricScalarField.H:173,
                 from /opt/openfoam5/src/OpenFOAM/lnInclude/GeometricFields.H:34,
                 from /opt/openfoam5/src/finiteVolume/lnInclude/volFields.H:37,
                 from /opt/openfoam5/src/finiteVolume/lnInclude/surfaceInterpolationScheme.C:27,
                 from /opt/openfoam5/src/finiteVolume/lnInclude/surfaceInterpolationScheme.H:307,
                 from /opt/openfoam5/src/finiteVolume/lnInclude/surfaceInterpolate.H:41,
                 from /opt/openfoam5/src/finiteVolume/lnInclude/fvc.H:39,
                 from /opt/openfoam5/src/finiteVolume/lnInclude/fvCFD.H:8,
                 from pamFoam.C:36:
/opt/openfoam5/src/OpenFOAM/lnInclude/GeometricFieldFunctionsM.C:645:54: note: candidate: template<template<class> class PatchField, class GeoMesh> Foam::tmp<Foam::GeometricField<double, PatchField, GeoMesh> > Foam::operator+(const Foam::dimensioned<double>&, const Foam::GeometricField<double, PatchField, GeoMesh>&)
 tmp<GeometricField<ReturnType, PatchField, GeoMesh>> operator Op               \
                                                      ^
/opt/openfoam5/src/OpenFOAM/lnInclude/GeometricFieldFunctionsM.C:813:5: note: in expansion of macro 'BINARY_TYPE_OPERATOR_SF'
     BINARY_TYPE_OPERATOR_SF(ReturnType, Type1, Type2, Op, OpName, OpFunc)      \
     ^
/opt/openfoam5/src/OpenFOAM/lnInclude/GeometricScalarField.C:110:1: note: in expansion of macro 'BINARY_TYPE_OPERATOR'
 BINARY_TYPE_OPERATOR(scalar, scalar, scalar, +, '+', add)
 ^
/opt/openfoam5/src/OpenFOAM/lnInclude/GeometricFieldFunctionsM.C:645:54: note:   template argument deduction/substitution failed:
 tmp<GeometricField<ReturnType, PatchField, GeoMesh>> operator Op               \
                                                      ^
/opt/openfoam5/src/OpenFOAM/lnInclude/GeometricFieldFunctionsM.C:813:5: note: in expansion of macro 'BINARY_TYPE_OPERATOR_SF'
     BINARY_TYPE_OPERATOR_SF(ReturnType, Type1, Type2, Op, OpName, OpFunc)      \
     ^
/opt/openfoam5/src/OpenFOAM/lnInclude/GeometricScalarField.C:110:1: note: in expansion of macro 'BINARY_TYPE_OPERATOR'
 BINARY_TYPE_OPERATOR(scalar, scalar, scalar, +, '+', add)
 ^
In file included from pamFoam.C:145:0:
./processModels/SIEqn.H:9:7: note:   cannot convert 'alphaLiquid' (type 'const volScalarField {aka const Foam::GeometricField<double, Foam::fvPatchField, Foam::volMesh>}') to type 'const Foam::dimensioned<double>&'
     + alphaLiquid*fSIXS*rhoHydrolysis
       ^
In file included from /opt/openfoam5/src/OpenFOAM/lnInclude/GeometricScalarField.C:29:0,
                 from /opt/openfoam5/src/OpenFOAM/lnInclude/GeometricScalarField.H:173,
                 from /opt/openfoam5/src/OpenFOAM/lnInclude/GeometricFields.H:34,
                 from /opt/openfoam5/src/finiteVolume/lnInclude/volFields.H:37,
                 from /opt/openfoam5/src/finiteVolume/lnInclude/surfaceInterpolationScheme.C:27,
                 from /opt/openfoam5/src/finiteVolume/lnInclude/surfaceInterpolationScheme.H:307,
                 from /opt/openfoam5/src/finiteVolume/lnInclude/surfaceInterpolate.H:41,
                 from /opt/openfoam5/src/finiteVolume/lnInclude/fvc.H:39,
                 from /opt/openfoam5/src/finiteVolume/lnInclude/fvCFD.H:8,
                 from pamFoam.C:36:
/opt/openfoam5/src/OpenFOAM/lnInclude/GeometricFieldFunctionsM.C:674:54: note: candidate: template<template<class> class PatchField, class GeoMesh> Foam::tmp<Foam::GeometricField<double, PatchField, GeoMesh> > Foam::operator+(const scalar&, const Foam::GeometricField<double, PatchField, GeoMesh>&)
 tmp<GeometricField<ReturnType, PatchField, GeoMesh>> operator Op               \
                                                      ^
/opt/openfoam5/src/OpenFOAM/lnInclude/GeometricFieldFunctionsM.C:813:5: note: in expansion of macro 'BINARY_TYPE_OPERATOR_SF'
     BINARY_TYPE_OPERATOR_SF(ReturnType, Type1, Type2, Op, OpName, OpFunc)      \
     ^
/opt/openfoam5/src/OpenFOAM/lnInclude/GeometricScalarField.C:110:1: note: in expansion of macro 'BINARY_TYPE_OPERATOR'
 BINARY_TYPE_OPERATOR(scalar, scalar, scalar, +, '+', add)
 ^
/opt/openfoam5/src/OpenFOAM/lnInclude/GeometricFieldFunctionsM.C:674:54: note:   template argument deduction/substitution failed:
 tmp<GeometricField<ReturnType, PatchField, GeoMesh>> operator Op               \
                                                      ^
/opt/openfoam5/src/OpenFOAM/lnInclude/GeometricFieldFunctionsM.C:813:5: note: in expansion of macro 'BINARY_TYPE_OPERATOR_SF'
     BINARY_TYPE_OPERATOR_SF(ReturnType, Type1, Type2, Op, OpName, OpFunc)      \
     ^
/opt/openfoam5/src/OpenFOAM/lnInclude/GeometricScalarField.C:110:1: note: in expansion of macro 'BINARY_TYPE_OPERATOR'
 BINARY_TYPE_OPERATOR(scalar, scalar, scalar, +, '+', add)
 ^
In file included from pamFoam.C:145:0:
./processModels/SIEqn.H:9:7: note:   cannot convert 'alphaLiquid' (type 'const volScalarField {aka const Foam::GeometricField<double, Foam::fvPatchField, Foam::volMesh>}') to type 'const scalar& {aka const double&}'
     + alphaLiquid*fSIXS*rhoHydrolysis
       ^
In file included from /opt/openfoam5/src/OpenFOAM/lnInclude/GeometricScalarField.C:29:0,
                 from /opt/openfoam5/src/OpenFOAM/lnInclude/GeometricScalarField.H:173,
                 from /opt/openfoam5/src/OpenFOAM/lnInclude/GeometricFields.H:34,
                 from /opt/openfoam5/src/finiteVolume/lnInclude/volFields.H:37,
                 from /opt/openfoam5/src/finiteVolume/lnInclude/surfaceInterpolationScheme.C:27,
                 from /opt/openfoam5/src/finiteVolume/lnInclude/surfaceInterpolationScheme.H:307,
                 from /opt/openfoam5/src/finiteVolume/lnInclude/surfaceInterpolate.H:41,
                 from /opt/openfoam5/src/finiteVolume/lnInclude/fvc.H:39,
                 from /opt/openfoam5/src/finiteVolume/lnInclude/fvCFD.H:8,
                 from pamFoam.C:36:
/opt/openfoam5/src/OpenFOAM/lnInclude/GeometricFieldFunctionsM.C:685:54: note: candidate: template<template<class> class PatchField, class GeoMesh> Foam::tmp<Foam::GeometricField<double, PatchField, GeoMesh> > Foam::operator+(const Foam::dimensioned<double>&, const Foam::tmp<Foam::GeometricField<double, PatchField, GeoMesh> >&)
 tmp<GeometricField<ReturnType, PatchField, GeoMesh>> operator Op               \
                                                      ^
/opt/openfoam5/src/OpenFOAM/lnInclude/GeometricFieldFunctionsM.C:813:5: note: in expansion of macro 'BINARY_TYPE_OPERATOR_SF'
     BINARY_TYPE_OPERATOR_SF(ReturnType, Type1, Type2, Op, OpName, OpFunc)      \
     ^
/opt/openfoam5/src/OpenFOAM/lnInclude/GeometricScalarField.C:110:1: note: in expansion of macro 'BINARY_TYPE_OPERATOR'
 BINARY_TYPE_OPERATOR(scalar, scalar, scalar, +, '+', add)
 ^
/opt/openfoam5/src/OpenFOAM/lnInclude/GeometricFieldFunctionsM.C:685:54: note:   template argument deduction/substitution failed:
 tmp<GeometricField<ReturnType, PatchField, GeoMesh>> operator Op               \
                                                      ^
/opt/openfoam5/src/OpenFOAM/lnInclude/GeometricFieldFunctionsM.C:813:5: note: in expansion of macro 'BINARY_TYPE_OPERATOR_SF'
     BINARY_TYPE_OPERATOR_SF(ReturnType, Type1, Type2, Op, OpName, OpFunc)      \
     ^
/opt/openfoam5/src/OpenFOAM/lnInclude/GeometricScalarField.C:110:1: note: in expansion of macro 'BINARY_TYPE_OPERATOR'
 BINARY_TYPE_OPERATOR(scalar, scalar, scalar, +, '+', add)
 ^
In file included from pamFoam.C:145:0:
./processModels/SIEqn.H:9:7: note:   cannot convert 'alphaLiquid' (type 'const volScalarField {aka const Foam::GeometricField<double, Foam::fvPatchField, Foam::volMesh>}') to type 'const Foam::dimensioned<double>&'
     + alphaLiquid*fSIXS*rhoHydrolysis
       ^
In file included from /opt/openfoam5/src/OpenFOAM/lnInclude/GeometricScalarField.C:29:0,
                 from /opt/openfoam5/src/OpenFOAM/lnInclude/GeometricScalarField.H:173,
                 from /opt/openfoam5/src/OpenFOAM/lnInclude/GeometricFields.H:34,
                 from /opt/openfoam5/src/finiteVolume/lnInclude/volFields.H:37,
                 from /opt/openfoam5/src/finiteVolume/lnInclude/surfaceInterpolationScheme.C:27,
                 from /opt/openfoam5/src/finiteVolume/lnInclude/surfaceInterpolationScheme.H:307,
                 from /opt/openfoam5/src/finiteVolume/lnInclude/surfaceInterpolate.H:41,
                 from /opt/openfoam5/src/finiteVolume/lnInclude/fvc.H:39,
                 from /opt/openfoam5/src/finiteVolume/lnInclude/fvCFD.H:8,
                 from pamFoam.C:36:
/opt/openfoam5/src/OpenFOAM/lnInclude/GeometricFieldFunctionsM.C:711:54: note: candidate: template<template<class> class PatchField, class GeoMesh> Foam::tmp<Foam::GeometricField<double, PatchField, GeoMesh> > Foam::operator+(const scalar&, const Foam::tmp<Foam::GeometricField<double, PatchField, GeoMesh> >&)
 tmp<GeometricField<ReturnType, PatchField, GeoMesh>> operator Op               \
                                                      ^
/opt/openfoam5/src/OpenFOAM/lnInclude/GeometricFieldFunctionsM.C:813:5: note: in expansion of macro 'BINARY_TYPE_OPERATOR_SF'
     BINARY_TYPE_OPERATOR_SF(ReturnType, Type1, Type2, Op, OpName, OpFunc)      \
     ^
/opt/openfoam5/src/OpenFOAM/lnInclude/GeometricScalarField.C:110:1: note: in expansion of macro 'BINARY_TYPE_OPERATOR'
 BINARY_TYPE_OPERATOR(scalar, scalar, scalar, +, '+', add)
 ^
/opt/openfoam5/src/OpenFOAM/lnInclude/GeometricFieldFunctionsM.C:711:54: note:   template argument deduction/substitution failed:
 tmp<GeometricField<ReturnType, PatchField, GeoMesh>> operator Op               \
                                                      ^
/opt/openfoam5/src/OpenFOAM/lnInclude/GeometricFieldFunctionsM.C:813:5: note: in expansion of macro 'BINARY_TYPE_OPERATOR_SF'
     BINARY_TYPE_OPERATOR_SF(ReturnType, Type1, Type2, Op, OpName, OpFunc)      \
     ^
/opt/openfoam5/src/OpenFOAM/lnInclude/GeometricScalarField.C:110:1: note: in expansion of macro 'BINARY_TYPE_OPERATOR'
 BINARY_TYPE_OPERATOR(scalar, scalar, scalar, +, '+', add)
 ^
In file included from pamFoam.C:145:0:
./processModels/SIEqn.H:9:7: note:   cannot convert 'alphaLiquid' (type 'const volScalarField {aka const Foam::GeometricField<double, Foam::fvPatchField, Foam::volMesh>}') to type 'const scalar& {aka const double&}'
     + alphaLiquid*fSIXS*rhoHydrolysis
       ^
In file included from /opt/openfoam5/src/OpenFOAM/lnInclude/GeometricScalarField.C:29:0,
                 from /opt/openfoam5/src/OpenFOAM/lnInclude/GeometricScalarField.H:173,
                 from /opt/openfoam5/src/OpenFOAM/lnInclude/GeometricFields.H:34,
                 from /opt/openfoam5/src/finiteVolume/lnInclude/volFields.H:37,
                 from /opt/openfoam5/src/finiteVolume/lnInclude/surfaceInterpolationScheme.C:27,
                 from /opt/openfoam5/src/finiteVolume/lnInclude/surfaceInterpolationScheme.H:307,
                 from /opt/openfoam5/src/finiteVolume/lnInclude/surfaceInterpolate.H:41,
                 from /opt/openfoam5/src/finiteVolume/lnInclude/fvc.H:39,
                 from /opt/openfoam5/src/finiteVolume/lnInclude/fvCFD.H:8,
                 from pamFoam.C:36:
/opt/openfoam5/src/OpenFOAM/lnInclude/GeometricFieldFunctionsM.C:736:54: note: candidate: template<template<class> class PatchField, class GeoMesh> Foam::tmp<Foam::GeometricField<double, PatchField, GeoMesh> > Foam::operator+(const Foam::GeometricField<double, PatchField, GeoMesh>&, const Foam::dimensioned<double>&)
 tmp<GeometricField<ReturnType, PatchField, GeoMesh>> operator Op               \
                                                      ^
/opt/openfoam5/src/OpenFOAM/lnInclude/GeometricFieldFunctionsM.C:814:5: note: in expansion of macro 'BINARY_TYPE_OPERATOR_FS'
     BINARY_TYPE_OPERATOR_FS(ReturnType, Type1, Type2, Op, OpName, OpFunc)
     ^
/opt/openfoam5/src/OpenFOAM/lnInclude/GeometricScalarField.C:110:1: note: in expansion of macro 'BINARY_TYPE_OPERATOR'
 BINARY_TYPE_OPERATOR(scalar, scalar, scalar, +, '+', add)
 ^
/opt/openfoam5/src/OpenFOAM/lnInclude/GeometricFieldFunctionsM.C:736:54: note:   template argument deduction/substitution failed:
 tmp<GeometricField<ReturnType, PatchField, GeoMesh>> operator Op               \
                                                      ^
/opt/openfoam5/src/OpenFOAM/lnInclude/GeometricFieldFunctionsM.C:814:5: note: in expansion of macro 'BINARY_TYPE_OPERATOR_FS'
     BINARY_TYPE_OPERATOR_FS(ReturnType, Type1, Type2, Op, OpName, OpFunc)
     ^
/opt/openfoam5/src/OpenFOAM/lnInclude/GeometricScalarField.C:110:1: note: in expansion of macro 'BINARY_TYPE_OPERATOR'
 BINARY_TYPE_OPERATOR(scalar, scalar, scalar, +, '+', add)
 ^
In file included from pamFoam.C:145:0:
./processModels/SIEqn.H:9:7: note:   candidate expects 2 arguments, 1 provided
     + alphaLiquid*fSIXS*rhoHydrolysis
       ^
In file included from /opt/openfoam5/src/OpenFOAM/lnInclude/GeometricScalarField.C:29:0,
                 from /opt/openfoam5/src/OpenFOAM/lnInclude/GeometricScalarField.H:173,
                 from /opt/openfoam5/src/OpenFOAM/lnInclude/GeometricFields.H:34,
                 from /opt/openfoam5/src/finiteVolume/lnInclude/volFields.H:37,
                 from /opt/openfoam5/src/finiteVolume/lnInclude/surfaceInterpolationScheme.C:27,
                 from /opt/openfoam5/src/finiteVolume/lnInclude/surfaceInterpolationScheme.H:307,
                 from /opt/openfoam5/src/finiteVolume/lnInclude/surfaceInterpolate.H:41,
                 from /opt/openfoam5/src/finiteVolume/lnInclude/fvc.H:39,
                 from /opt/openfoam5/src/finiteVolume/lnInclude/fvCFD.H:8,
                 from pamFoam.C:36:
/opt/openfoam5/src/OpenFOAM/lnInclude/GeometricFieldFunctionsM.C:765:54: note: candidate: template<template<class> class PatchField, class GeoMesh> Foam::tmp<Foam::GeometricField<double, PatchField, GeoMesh> > Foam::operator+(const Foam::GeometricField<double, PatchField, GeoMesh>&, const scalar&)
 tmp<GeometricField<ReturnType, PatchField, GeoMesh>> operator Op               \
                                                      ^
/opt/openfoam5/src/OpenFOAM/lnInclude/GeometricFieldFunctionsM.C:814:5: note: in expansion of macro 'BINARY_TYPE_OPERATOR_FS'
     BINARY_TYPE_OPERATOR_FS(ReturnType, Type1, Type2, Op, OpName, OpFunc)
     ^
/opt/openfoam5/src/OpenFOAM/lnInclude/GeometricScalarField.C:110:1: note: in expansion of macro 'BINARY_TYPE_OPERATOR'
 BINARY_TYPE_OPERATOR(scalar, scalar, scalar, +, '+', add)
 ^
/opt/openfoam5/src/OpenFOAM/lnInclude/GeometricFieldFunctionsM.C:765:54: note:   template argument deduction/substitution failed:
 tmp<GeometricField<ReturnType, PatchField, GeoMesh>> operator Op               \
                                                      ^
/opt/openfoam5/src/OpenFOAM/lnInclude/GeometricFieldFunctionsM.C:814:5: note: in expansion of macro 'BINARY_TYPE_OPERATOR_FS'
     BINARY_TYPE_OPERATOR_FS(ReturnType, Type1, Type2, Op, OpName, OpFunc)
     ^
/opt/openfoam5/src/OpenFOAM/lnInclude/GeometricScalarField.C:110:1: note: in expansion of macro 'BINARY_TYPE_OPERATOR'
 BINARY_TYPE_OPERATOR(scalar, scalar, scalar, +, '+', add)
 ^
In file included from pamFoam.C:145:0:
./processModels/SIEqn.H:9:7: note:   candidate expects 2 arguments, 1 provided
     + alphaLiquid*fSIXS*rhoHydrolysis
       ^
In file included from /opt/openfoam5/src/OpenFOAM/lnInclude/GeometricScalarField.C:29:0,
                 from /opt/openfoam5/src/OpenFOAM/lnInclude/GeometricScalarField.H:173,
                 from /opt/openfoam5/src/OpenFOAM/lnInclude/GeometricFields.H:34,
                 from /opt/openfoam5/src/finiteVolume/lnInclude/volFields.H:37,
                 from /opt/openfoam5/src/finiteVolume/lnInclude/surfaceInterpolationScheme.C:27,
                 from /opt/openfoam5/src/finiteVolume/lnInclude/surfaceInterpolationScheme.H:307,
                 from /opt/openfoam5/src/finiteVolume/lnInclude/surfaceInterpolate.H:41,
                 from /opt/openfoam5/src/finiteVolume/lnInclude/fvc.H:39,
                 from /opt/openfoam5/src/finiteVolume/lnInclude/fvCFD.H:8,
                 from pamFoam.C:36:
/opt/openfoam5/src/OpenFOAM/lnInclude/GeometricFieldFunctionsM.C:776:54: note: candidate: template<template<class> class PatchField, class GeoMesh> Foam::tmp<Foam::GeometricField<double, PatchField, GeoMesh> > Foam::operator+(const Foam::tmp<Foam::GeometricField<double, PatchField, GeoMesh> >&, const Foam::dimensioned<double>&)
 tmp<GeometricField<ReturnType, PatchField, GeoMesh>> operator Op               \
                                                      ^
/opt/openfoam5/src/OpenFOAM/lnInclude/GeometricFieldFunctionsM.C:814:5: note: in expansion of macro 'BINARY_TYPE_OPERATOR_FS'
     BINARY_TYPE_OPERATOR_FS(ReturnType, Type1, Type2, Op, OpName, OpFunc)
     ^
/opt/openfoam5/src/OpenFOAM/lnInclude/GeometricScalarField.C:110:1: note: in expansion of macro 'BINARY_TYPE_OPERATOR'
 BINARY_TYPE_OPERATOR(scalar, scalar, scalar, +, '+', add)
 ^
/opt/openfoam5/src/OpenFOAM/lnInclude/GeometricFieldFunctionsM.C:776:54: note:   template argument deduction/substitution failed:
 tmp<GeometricField<ReturnType, PatchField, GeoMesh>> operator Op               \
                                                      ^
/opt/openfoam5/src/OpenFOAM/lnInclude/GeometricFieldFunctionsM.C:814:5: note: in expansion of macro 'BINARY_TYPE_OPERATOR_FS'
     BINARY_TYPE_OPERATOR_FS(ReturnType, Type1, Type2, Op, OpName, OpFunc)
     ^
/opt/openfoam5/src/OpenFOAM/lnInclude/GeometricScalarField.C:110:1: note: in expansion of macro 'BINARY_TYPE_OPERATOR'
 BINARY_TYPE_OPERATOR(scalar, scalar, scalar, +, '+', add)
 ^
In file included from pamFoam.C:145:0:
./processModels/SIEqn.H:9:7: note:   'const volScalarField {aka const Foam::GeometricField<double, Foam::fvPatchField, Foam::volMesh>}' is not derived from 'const Foam::tmp<Foam::GeometricField<double, PatchField, GeoMesh> >'
     + alphaLiquid*fSIXS*rhoHydrolysis
       ^
In file included from /opt/openfoam5/src/OpenFOAM/lnInclude/GeometricScalarField.C:29:0,
                 from /opt/openfoam5/src/OpenFOAM/lnInclude/GeometricScalarField.H:173,
                 from /opt/openfoam5/src/OpenFOAM/lnInclude/GeometricFields.H:34,
                 from /opt/openfoam5/src/finiteVolume/lnInclude/volFields.H:37,
                 from /opt/openfoam5/src/finiteVolume/lnInclude/surfaceInterpolationScheme.C:27,
                 from /opt/openfoam5/src/finiteVolume/lnInclude/surfaceInterpolationScheme.H:307,
                 from /opt/openfoam5/src/finiteVolume/lnInclude/surfaceInterpolate.H:41,
                 from /opt/openfoam5/src/finiteVolume/lnInclude/fvc.H:39,
                 from /opt/openfoam5/src/finiteVolume/lnInclude/fvCFD.H:8,
                 from pamFoam.C:36:
/opt/openfoam5/src/OpenFOAM/lnInclude/GeometricFieldFunctionsM.C:802:54: note: candidate: template<template<class> class PatchField, class GeoMesh> Foam::tmp<Foam::GeometricField<double, PatchField, GeoMesh> > Foam::operator+(const Foam::tmp<Foam::GeometricField<double, PatchField, GeoMesh> >&, const scalar&)
 tmp<GeometricField<ReturnType, PatchField, GeoMesh>> operator Op               \
                                                      ^
/opt/openfoam5/src/OpenFOAM/lnInclude/GeometricFieldFunctionsM.C:814:5: note: in expansion of macro 'BINARY_TYPE_OPERATOR_FS'
     BINARY_TYPE_OPERATOR_FS(ReturnType, Type1, Type2, Op, OpName, OpFunc)
     ^
/opt/openfoam5/src/OpenFOAM/lnInclude/GeometricScalarField.C:110:1: note: in expansion of macro 'BINARY_TYPE_OPERATOR'
 BINARY_TYPE_OPERATOR(scalar, scalar, scalar, +, '+', add)
 ^
/opt/openfoam5/src/OpenFOAM/lnInclude/GeometricFieldFunctionsM.C:802:54: note:   template argument deduction/substitution failed:
 tmp<GeometricField<ReturnType, PatchField, GeoMesh>> operator Op               \
                                                      ^
/opt/openfoam5/src/OpenFOAM/lnInclude/GeometricFieldFunctionsM.C:814:5: note: in expansion of macro 'BINARY_TYPE_OPERATOR_FS'
     BINARY_TYPE_OPERATOR_FS(ReturnType, Type1, Type2, Op, OpName, OpFunc)
     ^
/opt/openfoam5/src/OpenFOAM/lnInclude/GeometricScalarField.C:110:1: note: in expansion of macro 'BINARY_TYPE_OPERATOR'
 BINARY_TYPE_OPERATOR(scalar, scalar, scalar, +, '+', add)
 ^
In file included from pamFoam.C:145:0:
./processModels/SIEqn.H:9:7: note:   'const volScalarField {aka const Foam::GeometricField<double, Foam::fvPatchField, Foam::volMesh>}' is not derived from 'const Foam::tmp<Foam::GeometricField<double, PatchField, GeoMesh> >'
     + alphaLiquid*fSIXS*rhoHydrolysis
       ^
In file included from /opt/openfoam5/src/OpenFOAM/lnInclude/zeroField.H:82:0,
                 from /opt/openfoam5/src/OpenFOAM/lnInclude/zeroFieldField.H:40,
                 from /opt/openfoam5/src/OpenFOAM/lnInclude/geometricZeroField.H:40,
                 from /opt/openfoam5/src/finiteVolume/lnInclude/fvcDdt.H:43,
                 from /opt/openfoam5/src/finiteVolume/lnInclude/fvc.H:44,
                 from /opt/openfoam5/src/finiteVolume/lnInclude/fvCFD.H:8,
                 from pamFoam.C:36:
/opt/openfoam5/src/OpenFOAM/lnInclude/zeroFieldI.H:61:24: note: candidate: const Foam::zeroField Foam::operator+(const Foam::zeroField&, const Foam::zeroField&)
 inline const zeroField operator+(const zeroField&, const zeroField&)
                        ^
/opt/openfoam5/src/OpenFOAM/lnInclude/zeroFieldI.H:61:24: note:   candidate expects 2 arguments, 1 provided
/opt/openfoam5/src/OpenFOAM/lnInclude/zeroFieldI.H:67:20: note: candidate: template<class Type> const Type& Foam::operator+(const Type&, const Foam::zeroField&)
 inline const Type& operator+(const Type& t, const zeroField&)
                    ^
/opt/openfoam5/src/OpenFOAM/lnInclude/zeroFieldI.H:67:20: note:   template argument deduction/substitution failed:
In file included from pamFoam.C:145:0:
./processModels/SIEqn.H:9:7: note:   candidate expects 2 arguments, 1 provided
     + alphaLiquid*fSIXS*rhoHydrolysis
       ^
In file included from /opt/openfoam5/src/OpenFOAM/lnInclude/zeroField.H:82:0,
                 from /opt/openfoam5/src/OpenFOAM/lnInclude/zeroFieldField.H:40,
                 from /opt/openfoam5/src/OpenFOAM/lnInclude/geometricZeroField.H:40,
                 from /opt/openfoam5/src/finiteVolume/lnInclude/fvcDdt.H:43,
                 from /opt/openfoam5/src/finiteVolume/lnInclude/fvc.H:44,
                 from /opt/openfoam5/src/finiteVolume/lnInclude/fvCFD.H:8,
                 from pamFoam.C:36:
/opt/openfoam5/src/OpenFOAM/lnInclude/zeroFieldI.H:73:20: note: candidate: template<class Type> const Type& Foam::operator+(const Foam::zeroField&, const Type&)
 inline const Type& operator+(const zeroField&, const Type& t)
                    ^
/opt/openfoam5/src/OpenFOAM/lnInclude/zeroFieldI.H:73:20: note:   template argument deduction/substitution failed:
In file included from pamFoam.C:145:0:
./processModels/SIEqn.H:9:7: note:   cannot convert 'alphaLiquid' (type 'const volScalarField {aka const Foam::GeometricField<double, Foam::fvPatchField, Foam::volMesh>}') to type 'const Foam::zeroField&'
     + alphaLiquid*fSIXS*rhoHydrolysis
       ^
In file included from /opt/openfoam5/src/finiteVolume/lnInclude/fvMatrix.H:1061:0,
                 from /opt/openfoam5/src/finiteVolume/lnInclude/ddtScheme.C:29,
                 from /opt/openfoam5/src/finiteVolume/lnInclude/ddtScheme.H:342,
                 from /opt/openfoam5/src/finiteVolume/lnInclude/fvcDdt.C:28,
                 from /opt/openfoam5/src/finiteVolume/lnInclude/fvcDdt.H:205,
                 from /opt/openfoam5/src/finiteVolume/lnInclude/fvc.H:44,
                 from /opt/openfoam5/src/finiteVolume/lnInclude/fvCFD.H:8,
                 from pamFoam.C:36:
/opt/openfoam5/src/finiteVolume/lnInclude/fvMatrix.C:1624:33: note: candidate: template<class Type> Foam::tmp<Foam::fvMatrix<Type> > Foam::operator+(const Foam::fvMatrix<Type>&, const Foam::fvMatrix<Type>&)
 Foam::tmp<Foam::fvMatrix<Type>> Foam::operator+
                                 ^
/opt/openfoam5/src/finiteVolume/lnInclude/fvMatrix.C:1624:33: note:   template argument deduction/substitution failed:
In file included from pamFoam.C:145:0:
./processModels/SIEqn.H:9:7: note:   'const volScalarField {aka const Foam::GeometricField<double, Foam::fvPatchField, Foam::volMesh>}' is not derived from 'const Foam::fvMatrix<Type>'
     + alphaLiquid*fSIXS*rhoHydrolysis
       ^
In file included from /opt/openfoam5/src/finiteVolume/lnInclude/fvMatrix.H:1061:0,
                 from /opt/openfoam5/src/finiteVolume/lnInclude/ddtScheme.C:29,
                 from /opt/openfoam5/src/finiteVolume/lnInclude/ddtScheme.H:342,
                 from /opt/openfoam5/src/finiteVolume/lnInclude/fvcDdt.C:28,
                 from /opt/openfoam5/src/finiteVolume/lnInclude/fvcDdt.H:205,
                 from /opt/openfoam5/src/finiteVolume/lnInclude/fvc.H:44,
                 from /opt/openfoam5/src/finiteVolume/lnInclude/fvCFD.H:8,
                 from pamFoam.C:36:
/opt/openfoam5/src/finiteVolume/lnInclude/fvMatrix.C:1637:33: note: candidate: template<class Type> Foam::tmp<Foam::fvMatrix<Type> > Foam::operator+(const Foam::tmp<Foam::fvMatrix<Type> >&, const Foam::fvMatrix<Type>&)
 Foam::tmp<Foam::fvMatrix<Type>> Foam::operator+
                                 ^
/opt/openfoam5/src/finiteVolume/lnInclude/fvMatrix.C:1637:33: note:   template argument deduction/substitution failed:
In file included from pamFoam.C:145:0:
./processModels/SIEqn.H:9:7: note:   'const volScalarField {aka const Foam::GeometricField<double, Foam::fvPatchField, Foam::volMesh>}' is not derived from 'const Foam::tmp<Foam::fvMatrix<Type> >'
     + alphaLiquid*fSIXS*rhoHydrolysis
       ^
In file included from /opt/openfoam5/src/finiteVolume/lnInclude/fvMatrix.H:1061:0,
                 from /opt/openfoam5/src/finiteVolume/lnInclude/ddtScheme.C:29,
                 from /opt/openfoam5/src/finiteVolume/lnInclude/ddtScheme.H:342,
                 from /opt/openfoam5/src/finiteVolume/lnInclude/fvcDdt.C:28,
                 from /opt/openfoam5/src/finiteVolume/lnInclude/fvcDdt.H:205,
                 from /opt/openfoam5/src/finiteVolume/lnInclude/fvc.H:44,
                 from /opt/openfoam5/src/finiteVolume/lnInclude/fvCFD.H:8,
                 from pamFoam.C:36:
/opt/openfoam5/src/finiteVolume/lnInclude/fvMatrix.C:1650:33: note: candidate: template<class Type> Foam::tmp<Foam::fvMatrix<Type> > Foam::operator+(const Foam::fvMatrix<Type>&, const Foam::tmp<Foam::fvMatrix<Type> >&)
 Foam::tmp<Foam::fvMatrix<Type>> Foam::operator+
                                 ^
/opt/openfoam5/src/finiteVolume/lnInclude/fvMatrix.C:1650:33: note:   template argument deduction/substitution failed:
In file included from pamFoam.C:145:0:
./processModels/SIEqn.H:9:7: note:   'const volScalarField {aka const Foam::GeometricField<double, Foam::fvPatchField, Foam::volMesh>}' is not derived from 'const Foam::fvMatrix<Type>'
     + alphaLiquid*fSIXS*rhoHydrolysis
       ^
In file included from /opt/openfoam5/src/finiteVolume/lnInclude/fvMatrix.H:1061:0,
                 from /opt/openfoam5/src/finiteVolume/lnInclude/ddtScheme.C:29,
                 from /opt/openfoam5/src/finiteVolume/lnInclude/ddtScheme.H:342,
                 from /opt/openfoam5/src/finiteVolume/lnInclude/fvcDdt.C:28,
                 from /opt/openfoam5/src/finiteVolume/lnInclude/fvcDdt.H:205,
                 from /opt/openfoam5/src/finiteVolume/lnInclude/fvc.H:44,
                 from /opt/openfoam5/src/finiteVolume/lnInclude/fvCFD.H:8,
                 from pamFoam.C:36:
/opt/openfoam5/src/finiteVolume/lnInclude/fvMatrix.C:1663:33: note: candidate: template<class Type> Foam::tmp<Foam::fvMatrix<Type> > Foam::operator+(const Foam::tmp<Foam::fvMatrix<Type> >&, const Foam::tmp<Foam::fvMatrix<Type> >&)
 Foam::tmp<Foam::fvMatrix<Type>> Foam::operator+
                                 ^
/opt/openfoam5/src/finiteVolume/lnInclude/fvMatrix.C:1663:33: note:   template argument deduction/substitution failed:
In file included from pamFoam.C:145:0:
./processModels/SIEqn.H:9:7: note:   'const volScalarField {aka const Foam::GeometricField<double, Foam::fvPatchField, Foam::volMesh>}' is not derived from 'const Foam::tmp<Foam::fvMatrix<Type> >'
     + alphaLiquid*fSIXS*rhoHydrolysis
       ^
In file included from /opt/openfoam5/src/finiteVolume/lnInclude/fvMatrix.H:1061:0,
                 from /opt/openfoam5/src/finiteVolume/lnInclude/ddtScheme.C:29,
                 from /opt/openfoam5/src/finiteVolume/lnInclude/ddtScheme.H:342,
                 from /opt/openfoam5/src/finiteVolume/lnInclude/fvcDdt.C:28,
                 from /opt/openfoam5/src/finiteVolume/lnInclude/fvcDdt.H:205,
                 from /opt/openfoam5/src/finiteVolume/lnInclude/fvc.H:44,
                 from /opt/openfoam5/src/finiteVolume/lnInclude/fvCFD.H:8,
                 from pamFoam.C:36:
/opt/openfoam5/src/finiteVolume/lnInclude/fvMatrix.C:1677:33: note: candidate: template<class Type> Foam::tmp<Foam::fvMatrix<Type> > Foam::operator+(const Foam::fvMatrix<Type>&, const Foam::DimensionedField<Type, Foam::volMesh>&)
 Foam::tmp<Foam::fvMatrix<Type>> Foam::operator+
                                 ^
/opt/openfoam5/src/finiteVolume/lnInclude/fvMatrix.C:1677:33: note:   template argument deduction/substitution failed:
In file included from pamFoam.C:145:0:
./processModels/SIEqn.H:9:7: note:   'const volScalarField {aka const Foam::GeometricField<double, Foam::fvPatchField, Foam::volMesh>}' is not derived from 'const Foam::fvMatrix<Type>'
     + alphaLiquid*fSIXS*rhoHydrolysis
       ^
In file included from /opt/openfoam5/src/finiteVolume/lnInclude/fvMatrix.H:1061:0,
                 from /opt/openfoam5/src/finiteVolume/lnInclude/ddtScheme.C:29,
                 from /opt/openfoam5/src/finiteVolume/lnInclude/ddtScheme.H:342,
                 from /opt/openfoam5/src/finiteVolume/lnInclude/fvcDdt.C:28,
                 from /opt/openfoam5/src/finiteVolume/lnInclude/fvcDdt.H:205,
                 from /opt/openfoam5/src/finiteVolume/lnInclude/fvc.H:44,
                 from /opt/openfoam5/src/finiteVolume/lnInclude/fvCFD.H:8,
                 from pamFoam.C:36:
/opt/openfoam5/src/finiteVolume/lnInclude/fvMatrix.C:1690:33: note: candidate: template<class Type> Foam::tmp<Foam::fvMatrix<Type> > Foam::operator+(const Foam::fvMatrix<Type>&, const Foam::tmp<Foam::DimensionedField<Type, Foam::volMesh> >&)
 Foam::tmp<Foam::fvMatrix<Type>> Foam::operator+
                                 ^
/opt/openfoam5/src/finiteVolume/lnInclude/fvMatrix.C:1690:33: note:   template argument deduction/substitution failed:
In file included from pamFoam.C:145:0:
./processModels/SIEqn.H:9:7: note:   'const volScalarField {aka const Foam::GeometricField<double, Foam::fvPatchField, Foam::volMesh>}' is not derived from 'const Foam::fvMatrix<Type>'
     + alphaLiquid*fSIXS*rhoHydrolysis
       ^
In file included from /opt/openfoam5/src/finiteVolume/lnInclude/fvMatrix.H:1061:0,
                 from /opt/openfoam5/src/finiteVolume/lnInclude/ddtScheme.C:29,
                 from /opt/openfoam5/src/finiteVolume/lnInclude/ddtScheme.H:342,
                 from /opt/openfoam5/src/finiteVolume/lnInclude/fvcDdt.C:28,
                 from /opt/openfoam5/src/finiteVolume/lnInclude/fvcDdt.H:205,
                 from /opt/openfoam5/src/finiteVolume/lnInclude/fvc.H:44,
                 from /opt/openfoam5/src/finiteVolume/lnInclude/fvCFD.H:8,
                 from pamFoam.C:36:
/opt/openfoam5/src/finiteVolume/lnInclude/fvMatrix.C:1704:33: note: candidate: template<class Type> Foam::tmp<Foam::fvMatrix<Type> > Foam::operator+(const Foam::fvMatrix<Type>&, const Foam::tmp<Foam::GeometricField<Type, Foam::fvPatchField, Foam::volMesh> >&)
 Foam::tmp<Foam::fvMatrix<Type>> Foam::operator+
                                 ^
/opt/openfoam5/src/finiteVolume/lnInclude/fvMatrix.C:1704:33: note:   template argument deduction/substitution failed:
In file included from pamFoam.C:145:0:
./processModels/SIEqn.H:9:7: note:   'const volScalarField {aka const Foam::GeometricField<double, Foam::fvPatchField, Foam::volMesh>}' is not derived from 'const Foam::fvMatrix<Type>'
     + alphaLiquid*fSIXS*rhoHydrolysis
       ^
In file included from /opt/openfoam5/src/finiteVolume/lnInclude/fvMatrix.H:1061:0,
                 from /opt/openfoam5/src/finiteVolume/lnInclude/ddtScheme.C:29,
                 from /opt/openfoam5/src/finiteVolume/lnInclude/ddtScheme.H:342,
                 from /opt/openfoam5/src/finiteVolume/lnInclude/fvcDdt.C:28,
                 from /opt/openfoam5/src/finiteVolume/lnInclude/fvcDdt.H:205,
                 from /opt/openfoam5/src/finiteVolume/lnInclude/fvc.H:44,
                 from /opt/openfoam5/src/finiteVolume/lnInclude/fvCFD.H:8,
                 from pamFoam.C:36:
/opt/openfoam5/src/finiteVolume/lnInclude/fvMatrix.C:1718:33: note: candidate: template<class Type> Foam::tmp<Foam::fvMatrix<Type> > Foam::operator+(const Foam::tmp<Foam::fvMatrix<Type> >&, const Foam::DimensionedField<Type, Foam::volMesh>&)
 Foam::tmp<Foam::fvMatrix<Type>> Foam::operator+
                                 ^
/opt/openfoam5/src/finiteVolume/lnInclude/fvMatrix.C:1718:33: note:   template argument deduction/substitution failed:
In file included from pamFoam.C:145:0:
./processModels/SIEqn.H:9:7: note:   'const volScalarField {aka const Foam::GeometricField<double, Foam::fvPatchField, Foam::volMesh>}' is not derived from 'const Foam::tmp<Foam::fvMatrix<Type> >'
     + alphaLiquid*fSIXS*rhoHydrolysis
       ^
In file included from /opt/openfoam5/src/finiteVolume/lnInclude/fvMatrix.H:1061:0,
                 from /opt/openfoam5/src/finiteVolume/lnInclude/ddtScheme.C:29,
                 from /opt/openfoam5/src/finiteVolume/lnInclude/ddtScheme.H:342,
                 from /opt/openfoam5/src/finiteVolume/lnInclude/fvcDdt.C:28,
                 from /opt/openfoam5/src/finiteVolume/lnInclude/fvcDdt.H:205,
                 from /opt/openfoam5/src/finiteVolume/lnInclude/fvc.H:44,
                 from /opt/openfoam5/src/finiteVolume/lnInclude/fvCFD.H:8,
                 from pamFoam.C:36:
/opt/openfoam5/src/finiteVolume/lnInclude/fvMatrix.C:1731:33: note: candidate: template<class Type> Foam::tmp<Foam::fvMatrix<Type> > Foam::operator+(const Foam::tmp<Foam::fvMatrix<Type> >&, const Foam::tmp<Foam::DimensionedField<Type, Foam::volMesh> >&)
 Foam::tmp<Foam::fvMatrix<Type>> Foam::operator+
                                 ^
/opt/openfoam5/src/finiteVolume/lnInclude/fvMatrix.C:1731:33: note:   template argument deduction/substitution failed:
In file included from pamFoam.C:145:0:
./processModels/SIEqn.H:9:7: note:   'const volScalarField {aka const Foam::GeometricField<double, Foam::fvPatchField, Foam::volMesh>}' is not derived from 'const Foam::tmp<Foam::fvMatrix<Type> >'
     + alphaLiquid*fSIXS*rhoHydrolysis
       ^
In file included from /opt/openfoam5/src/finiteVolume/lnInclude/fvMatrix.H:1061:0,
                 from /opt/openfoam5/src/finiteVolume/lnInclude/ddtScheme.C:29,
                 from /opt/openfoam5/src/finiteVolume/lnInclude/ddtScheme.H:342,
                 from /opt/openfoam5/src/finiteVolume/lnInclude/fvcDdt.C:28,
                 from /opt/openfoam5/src/finiteVolume/lnInclude/fvcDdt.H:205,
                 from /opt/openfoam5/src/finiteVolume/lnInclude/fvc.H:44,
                 from /opt/openfoam5/src/finiteVolume/lnInclude/fvCFD.H:8,
                 from pamFoam.C:36:
/opt/openfoam5/src/finiteVolume/lnInclude/fvMatrix.C:1745:33: note: candidate: template<class Type> Foam::tmp<Foam::fvMatrix<Type> > Foam::operator+(const Foam::tmp<Foam::fvMatrix<Type> >&, const Foam::tmp<Foam::GeometricField<Type, Foam::fvPatchField, Foam::volMesh> >&)
 Foam::tmp<Foam::fvMatrix<Type>> Foam::operator+
                                 ^
/opt/openfoam5/src/finiteVolume/lnInclude/fvMatrix.C:1745:33: note:   template argument deduction/substitution failed:
In file included from pamFoam.C:145:0:
./processModels/SIEqn.H:9:7: note:   'const volScalarField {aka const Foam::GeometricField<double, Foam::fvPatchField, Foam::volMesh>}' is not derived from 'const Foam::tmp<Foam::fvMatrix<Type> >'
     + alphaLiquid*fSIXS*rhoHydrolysis
       ^
In file included from /opt/openfoam5/src/finiteVolume/lnInclude/fvMatrix.H:1061:0,
                 from /opt/openfoam5/src/finiteVolume/lnInclude/ddtScheme.C:29,
                 from /opt/openfoam5/src/finiteVolume/lnInclude/ddtScheme.H:342,
                 from /opt/openfoam5/src/finiteVolume/lnInclude/fvcDdt.C:28,
                 from /opt/openfoam5/src/finiteVolume/lnInclude/fvcDdt.H:205,
                 from /opt/openfoam5/src/finiteVolume/lnInclude/fvc.H:44,
                 from /opt/openfoam5/src/finiteVolume/lnInclude/fvCFD.H:8,
                 from pamFoam.C:36:
/opt/openfoam5/src/finiteVolume/lnInclude/fvMatrix.C:1759:33: note: candidate: template<class Type> Foam::tmp<Foam::fvMatrix<Type> > Foam::operator+(const Foam::DimensionedField<Type, Foam::volMesh>&, const Foam::fvMatrix<Type>&)
 Foam::tmp<Foam::fvMatrix<Type>> Foam::operator+
                                 ^
/opt/openfoam5/src/finiteVolume/lnInclude/fvMatrix.C:1759:33: note:   template argument deduction/substitution failed:
In file included from pamFoam.C:145:0:
./processModels/SIEqn.H:9:7: note:   candidate expects 2 arguments, 1 provided
     + alphaLiquid*fSIXS*rhoHydrolysis
       ^
In file included from /opt/openfoam5/src/finiteVolume/lnInclude/fvMatrix.H:1061:0,
                 from /opt/openfoam5/src/finiteVolume/lnInclude/ddtScheme.C:29,
                 from /opt/openfoam5/src/finiteVolume/lnInclude/ddtScheme.H:342,
                 from /opt/openfoam5/src/finiteVolume/lnInclude/fvcDdt.C:28,
                 from /opt/openfoam5/src/finiteVolume/lnInclude/fvcDdt.H:205,
                 from /opt/openfoam5/src/finiteVolume/lnInclude/fvc.H:44,
                 from /opt/openfoam5/src/finiteVolume/lnInclude/fvCFD.H:8,
                 from pamFoam.C:36:
/opt/openfoam5/src/finiteVolume/lnInclude/fvMatrix.C:1772:33: note: candidate: template<class Type> Foam::tmp<Foam::fvMatrix<Type> > Foam::operator+(const Foam::tmp<Foam::DimensionedField<Type, Foam::volMesh> >&, const Foam::fvMatrix<Type>&)
 Foam::tmp<Foam::fvMatrix<Type>> Foam::operator+
                                 ^
/opt/openfoam5/src/finiteVolume/lnInclude/fvMatrix.C:1772:33: note:   template argument deduction/substitution failed:
In file included from pamFoam.C:145:0:
./processModels/SIEqn.H:9:7: note:   'const volScalarField {aka const Foam::GeometricField<double, Foam::fvPatchField, Foam::volMesh>}' is not derived from 'const Foam::tmp<Foam::DimensionedField<Type, Foam::volMesh> >'
     + alphaLiquid*fSIXS*rhoHydrolysis
       ^
In file included from /opt/openfoam5/src/finiteVolume/lnInclude/fvMatrix.H:1061:0,
                 from /opt/openfoam5/src/finiteVolume/lnInclude/ddtScheme.C:29,
                 from /opt/openfoam5/src/finiteVolume/lnInclude/ddtScheme.H:342,
                 from /opt/openfoam5/src/finiteVolume/lnInclude/fvcDdt.C:28,
                 from /opt/openfoam5/src/finiteVolume/lnInclude/fvcDdt.H:205,
                 from /opt/openfoam5/src/finiteVolume/lnInclude/fvc.H:44,
                 from /opt/openfoam5/src/finiteVolume/lnInclude/fvCFD.H:8,
                 from pamFoam.C:36:
/opt/openfoam5/src/finiteVolume/lnInclude/fvMatrix.C:1786:33: note: candidate: template<class Type> Foam::tmp<Foam::fvMatrix<Type> > Foam::operator+(const Foam::tmp<Foam::GeometricField<Type, Foam::fvPatchField, Foam::volMesh> >&, const Foam::fvMatrix<Type>&)
 Foam::tmp<Foam::fvMatrix<Type>> Foam::operator+
                                 ^
/opt/openfoam5/src/finiteVolume/lnInclude/fvMatrix.C:1786:33: note:   template argument deduction/substitution failed:
In file included from pamFoam.C:145:0:
./processModels/SIEqn.H:9:7: note:   'const volScalarField {aka const Foam::GeometricField<double, Foam::fvPatchField, Foam::volMesh>}' is not derived from 'const Foam::tmp<Foam::GeometricField<Type, Foam::fvPatchField, Foam::volMesh> >'
     + alphaLiquid*fSIXS*rhoHydrolysis
       ^
In file included from /opt/openfoam5/src/finiteVolume/lnInclude/fvMatrix.H:1061:0,
                 from /opt/openfoam5/src/finiteVolume/lnInclude/ddtScheme.C:29,
                 from /opt/openfoam5/src/finiteVolume/lnInclude/ddtScheme.H:342,
                 from /opt/openfoam5/src/finiteVolume/lnInclude/fvcDdt.C:28,
                 from /opt/openfoam5/src/finiteVolume/lnInclude/fvcDdt.H:205,
                 from /opt/openfoam5/src/finiteVolume/lnInclude/fvc.H:44,
                 from /opt/openfoam5/src/finiteVolume/lnInclude/fvCFD.H:8,
                 from pamFoam.C:36:
/opt/openfoam5/src/finiteVolume/lnInclude/fvMatrix.C:1800:33: note: candidate: template<class Type> Foam::tmp<Foam::fvMatrix<Type> > Foam::operator+(const Foam::DimensionedField<Type, Foam::volMesh>&, const Foam::tmp<Foam::fvMatrix<Type> >&)
 Foam::tmp<Foam::fvMatrix<Type>> Foam::operator+
                                 ^
/opt/openfoam5/src/finiteVolume/lnInclude/fvMatrix.C:1800:33: note:   template argument deduction/substitution failed:
In file included from pamFoam.C:145:0:
./processModels/SIEqn.H:9:7: note:   candidate expects 2 arguments, 1 provided
     + alphaLiquid*fSIXS*rhoHydrolysis
       ^
In file included from /opt/openfoam5/src/finiteVolume/lnInclude/fvMatrix.H:1061:0,
                 from /opt/openfoam5/src/finiteVolume/lnInclude/ddtScheme.C:29,
                 from /opt/openfoam5/src/finiteVolume/lnInclude/ddtScheme.H:342,
                 from /opt/openfoam5/src/finiteVolume/lnInclude/fvcDdt.C:28,
                 from /opt/openfoam5/src/finiteVolume/lnInclude/fvcDdt.H:205,
                 from /opt/openfoam5/src/finiteVolume/lnInclude/fvc.H:44,
                 from /opt/openfoam5/src/finiteVolume/lnInclude/fvCFD.H:8,
                 from pamFoam.C:36:
/opt/openfoam5/src/finiteVolume/lnInclude/fvMatrix.C:1813:33: note: candidate: template<class Type> Foam::tmp<Foam::fvMatrix<Type> > Foam::operator+(const Foam::tmp<Foam::DimensionedField<Type, Foam::volMesh> >&, const Foam::tmp<Foam::fvMatrix<Type> >&)
 Foam::tmp<Foam::fvMatrix<Type>> Foam::operator+
                                 ^
/opt/openfoam5/src/finiteVolume/lnInclude/fvMatrix.C:1813:33: note:   template argument deduction/substitution failed:
In file included from pamFoam.C:145:0:
./processModels/SIEqn.H:9:7: note:   'const volScalarField {aka const Foam::GeometricField<double, Foam::fvPatchField, Foam::volMesh>}' is not derived from 'const Foam::tmp<Foam::DimensionedField<Type, Foam::volMesh> >'
     + alphaLiquid*fSIXS*rhoHydrolysis
       ^
In file included from /opt/openfoam5/src/finiteVolume/lnInclude/fvMatrix.H:1061:0,
                 from /opt/openfoam5/src/finiteVolume/lnInclude/ddtScheme.C:29,
                 from /opt/openfoam5/src/finiteVolume/lnInclude/ddtScheme.H:342,
                 from /opt/openfoam5/src/finiteVolume/lnInclude/fvcDdt.C:28,
                 from /opt/openfoam5/src/finiteVolume/lnInclude/fvcDdt.H:205,
                 from /opt/openfoam5/src/finiteVolume/lnInclude/fvc.H:44,
                 from /opt/openfoam5/src/finiteVolume/lnInclude/fvCFD.H:8,
                 from pamFoam.C:36:
/opt/openfoam5/src/finiteVolume/lnInclude/fvMatrix.C:1827:33: note: candidate: template<class Type> Foam::tmp<Foam::fvMatrix<Type> > Foam::operator+(const Foam::tmp<Foam::GeometricField<Type, Foam::fvPatchField, Foam::volMesh> >&, const Foam::tmp<Foam::fvMatrix<Type> >&)
 Foam::tmp<Foam::fvMatrix<Type>> Foam::operator+
                                 ^
/opt/openfoam5/src/finiteVolume/lnInclude/fvMatrix.C:1827:33: note:   template argument deduction/substitution failed:
In file included from pamFoam.C:145:0:
./processModels/SIEqn.H:9:7: note:   'const volScalarField {aka const Foam::GeometricField<double, Foam::fvPatchField, Foam::volMesh>}' is not derived from 'const Foam::tmp<Foam::GeometricField<Type, Foam::fvPatchField, Foam::volMesh> >'
     + alphaLiquid*fSIXS*rhoHydrolysis
       ^
In file included from /opt/openfoam5/src/finiteVolume/lnInclude/fvMatrix.H:1061:0,
                 from /opt/openfoam5/src/finiteVolume/lnInclude/ddtScheme.C:29,
                 from /opt/openfoam5/src/finiteVolume/lnInclude/ddtScheme.H:342,
                 from /opt/openfoam5/src/finiteVolume/lnInclude/fvcDdt.C:28,
                 from /opt/openfoam5/src/finiteVolume/lnInclude/fvcDdt.H:205,
                 from /opt/openfoam5/src/finiteVolume/lnInclude/fvc.H:44,
                 from /opt/openfoam5/src/finiteVolume/lnInclude/fvCFD.H:8,
                 from pamFoam.C:36:
/opt/openfoam5/src/finiteVolume/lnInclude/fvMatrix.C:2066:33: note: candidate: template<class Type> Foam::tmp<Foam::fvMatrix<Type> > Foam::operator+(const Foam::fvMatrix<Type>&, const Foam::dimensioned<Type>&)
 Foam::tmp<Foam::fvMatrix<Type>> Foam::operator+
                                 ^
/opt/openfoam5/src/finiteVolume/lnInclude/fvMatrix.C:2066:33: note:   template argument deduction/substitution failed:
In file included from pamFoam.C:145:0:
./processModels/SIEqn.H:9:7: note:   'const volScalarField {aka const Foam::GeometricField<double, Foam::fvPatchField, Foam::volMesh>}' is not derived from 'const Foam::fvMatrix<Type>'
     + alphaLiquid*fSIXS*rhoHydrolysis
       ^
In file included from /opt/openfoam5/src/finiteVolume/lnInclude/fvMatrix.H:1061:0,
                 from /opt/openfoam5/src/finiteVolume/lnInclude/ddtScheme.C:29,
                 from /opt/openfoam5/src/finiteVolume/lnInclude/ddtScheme.H:342,
                 from /opt/openfoam5/src/finiteVolume/lnInclude/fvcDdt.C:28,
                 from /opt/openfoam5/src/finiteVolume/lnInclude/fvcDdt.H:205,
                 from /opt/openfoam5/src/finiteVolume/lnInclude/fvc.H:44,
                 from /opt/openfoam5/src/finiteVolume/lnInclude/fvCFD.H:8,
                 from pamFoam.C:36:
/opt/openfoam5/src/finiteVolume/lnInclude/fvMatrix.C:2079:33: note: candidate: template<class Type> Foam::tmp<Foam::fvMatrix<Type> > Foam::operator+(const Foam::tmp<Foam::fvMatrix<Type> >&, const Foam::dimensioned<Type>&)
 Foam::tmp<Foam::fvMatrix<Type>> Foam::operator+
                                 ^
/opt/openfoam5/src/finiteVolume/lnInclude/fvMatrix.C:2079:33: note:   template argument deduction/substitution failed:
In file included from pamFoam.C:145:0:
./processModels/SIEqn.H:9:7: note:   'const volScalarField {aka const Foam::GeometricField<double, Foam::fvPatchField, Foam::volMesh>}' is not derived from 'const Foam::tmp<Foam::fvMatrix<Type> >'
     + alphaLiquid*fSIXS*rhoHydrolysis
       ^
In file included from /opt/openfoam5/src/finiteVolume/lnInclude/fvMatrix.H:1061:0,
                 from /opt/openfoam5/src/finiteVolume/lnInclude/ddtScheme.C:29,
                 from /opt/openfoam5/src/finiteVolume/lnInclude/ddtScheme.H:342,
                 from /opt/openfoam5/src/finiteVolume/lnInclude/fvcDdt.C:28,
                 from /opt/openfoam5/src/finiteVolume/lnInclude/fvcDdt.H:205,
                 from /opt/openfoam5/src/finiteVolume/lnInclude/fvc.H:44,
                 from /opt/openfoam5/src/finiteVolume/lnInclude/fvCFD.H:8,
                 from pamFoam.C:36:
/opt/openfoam5/src/finiteVolume/lnInclude/fvMatrix.C:2092:33: note: candidate: template<class Type> Foam::tmp<Foam::fvMatrix<Type> > Foam::operator+(const Foam::dimensioned<Type>&, const Foam::fvMatrix<Type>&)
 Foam::tmp<Foam::fvMatrix<Type>> Foam::operator+
                                 ^
/opt/openfoam5/src/finiteVolume/lnInclude/fvMatrix.C:2092:33: note:   template argument deduction/substitution failed:
In file included from pamFoam.C:145:0:
./processModels/SIEqn.H:9:7: note:   'const volScalarField {aka const Foam::GeometricField<double, Foam::fvPatchField, Foam::volMesh>}' is not derived from 'const Foam::dimensioned<Type>'
     + alphaLiquid*fSIXS*rhoHydrolysis
       ^
In file included from /opt/openfoam5/src/finiteVolume/lnInclude/fvMatrix.H:1061:0,
                 from /opt/openfoam5/src/finiteVolume/lnInclude/ddtScheme.C:29,
                 from /opt/openfoam5/src/finiteVolume/lnInclude/ddtScheme.H:342,
                 from /opt/openfoam5/src/finiteVolume/lnInclude/fvcDdt.C:28,
                 from /opt/openfoam5/src/finiteVolume/lnInclude/fvcDdt.H:205,
                 from /opt/openfoam5/src/finiteVolume/lnInclude/fvc.H:44,
                 from /opt/openfoam5/src/finiteVolume/lnInclude/fvCFD.H:8,
                 from pamFoam.C:36:
/opt/openfoam5/src/finiteVolume/lnInclude/fvMatrix.C:2105:33: note: candidate: template<class Type> Foam::tmp<Foam::fvMatrix<Type> > Foam::operator+(const Foam::dimensioned<Type>&, const Foam::tmp<Foam::fvMatrix<Type> >&)
 Foam::tmp<Foam::fvMatrix<Type>> Foam::operator+
                                 ^
/opt/openfoam5/src/finiteVolume/lnInclude/fvMatrix.C:2105:33: note:   template argument deduction/substitution failed:
In file included from pamFoam.C:145:0:
./processModels/SIEqn.H:9:7: note:   'const volScalarField {aka const Foam::GeometricField<double, Foam::fvPatchField, Foam::volMesh>}' is not derived from 'const Foam::dimensioned<Type>'
     + alphaLiquid*fSIXS*rhoHydrolysis
       ^
In file included from pamFoam.C:147:0:
solveRadiativeField.H:20:5: error: 'photoBioModel' was not declared in this scope
     photoBioModel->correct();
     ^
solveRadiativeField.H:20:5: note: suggested alternative:
In file included from pamFoam.C:47:0:
/home/openfoam/src/photoBio/lnInclude/photoBioModel.H:67:7: note:   'Foam::photoBio::photoBioModel'
 class photoBioModel
       ^
/opt/openfoam5/wmake/rules/General/transform:25: recipe for target 'Make/linux64GccDPInt32Opt/pamFoam.o' failed
make: *** [Make/linux64GccDPInt32Opt/pamFoam.o] Error 1
